07-26 20:53:33.004   745  9959 D AudioPolicyService: UidPolicy::onUidStateChanged() UID=10056 procState=12
07-26 20:53:33.005 12833 12833 I CBReceiverApp: isHasCellBroadcast: true
07-26 20:53:33.005 12833 12833 D CBReceiver: onReceiveWithPrivilege(), action: android.intent.action.SERVICE_STATE
07-26 20:53:33.007 12833 12833 D CBReceiver: onReceiveWithPrivilege: ACTION_SERVICE_STATE_CHANGED--> onReceive  newState = 0
07-26 20:53:33.007 12833 12833 D CBReceiver: onReceiveWithPrivilege, same state, return.
07-26 20:53:33.010 22636  6690 E SubscriptionManagerWrapper: java.lang.NoSuchMethodException: android.telephony.SubscriptionManager.getActiveDataSubscriptionId []
07-26 20:53:33.022 22636 22920 E SubscriptionManagerWrapper: java.lang.NoSuchMethodException: android.telephony.SubscriptionManager.getActiveDataSubscriptionId []
07-26 20:53:33.033 22636 22920 E SubscriptionManagerWrapper: java.lang.NoSuchMethodException: android.telephony.SubscriptionManager.getActiveDataSubscriptionId []
07-26 20:53:33.033 22636  6690 E SubscriptionManagerWrapper: java.lang.NoSuchMethodException: android.telephony.SubscriptionManager.getActiveDataSubscriptionId []
07-26 20:53:33.038 22636 22920 E SubscriptionManagerWrapper: java.lang.NoSuchMethodException: android.telephony.SubscriptionManager.getActiveDataSubscriptionId []
07-26 20:53:33.042 22636  6690 E SubscriptionManagerWrapper: java.lang.NoSuchMethodException: android.telephony.SubscriptionManager.getActiveDataSubscriptionId []
07-26 20:53:33.045 22636 22920 E SubscriptionManagerWrapper: java.lang.NoSuchMethodException: android.telephony.SubscriptionManager.getActiveDataSubscriptionId []
07-26 20:53:33.046 22636  6690 E SubscriptionManagerWrapper: java.lang.NoSuchMethodException: android.telephony.SubscriptionManager.getActiveDataSubscriptionId []
07-26 20:53:33.054 22636  6690 E SubscriptionManagerWrapper: java.lang.NoSuchMethodException: android.telephony.SubscriptionManager.getActiveDataSubscriptionId []
07-26 20:53:33.376  1537  1699 E WifiVendorHal: getWifiLinkLayerStats_1_3_Internal(l.936) failed {.code = ERROR_NOT_SUPPORTED, .description = }
07-26 20:53:33.471   907 12672 E lsc_nvram: [do_mkdir] fail to mkdir [/sdcard/shading_otp]: 13[Permission denied] (do_mkdir){#65:vendor/mediatek/proprietary/hardware/mtkcam/aaa/source/isp_40/lsc_mgr/LscUtil.h}
07-26 20:53:33.466   907   907 W HwBinder:907_3: type=1400 audit(0.0:278475): avc: denied { search } for name="0" dev="mmcblk0p45" ino=85 scontext=u:r:mtk_hal_camera:s0 tcontext=u:object_r:media_rw_data_file:s0 tclass=dir permissive=0
07-26 20:53:33.466   907   907 W HwBinder:907_3: type=1400 audit(0.0:278476): avc: denied { search } for name="0" dev="mmcblk0p45" ino=85 scontext=u:r:mtk_hal_camera:s0 tcontext=u:object_r:media_rw_data_file:s0 tclass=dir permissive=0
07-26 20:53:34.068 22636 22920 E SubscriptionManagerWrapper: java.lang.NoSuchMethodException: android.telephony.SubscriptionManager.getActiveDataSubscriptionId []
07-26 20:53:34.077 22636 22920 E SubscriptionManagerWrapper: java.lang.NoSuchMethodException: android.telephony.SubscriptionManager.getActiveDataSubscriptionId []
07-26 20:53:34.471   907 12672 E lsc_nvram: [do_mkdir] fail to mkdir [/sdcard/shading_otp]: 13[Permission denied] (do_mkdir){#65:vendor/mediatek/proprietary/hardware/mtkcam/aaa/source/isp_40/lsc_mgr/LscUtil.h}
07-26 20:53:34.466   907   907 W HwBinder:907_3: type=1400 audit(0.0:278477): avc: denied { search } for name="0" dev="mmcblk0p45" ino=85 scontext=u:r:mtk_hal_camera:s0 tcontext=u:object_r:media_rw_data_file:s0 tclass=dir permissive=0
07-26 20:53:34.466   907   907 W HwBinder:907_3: type=1400 audit(0.0:278478): avc: denied { search } for name="0" dev="mmcblk0p45" ino=85 scontext=u:r:mtk_hal_camera:s0 tcontext=u:object_r:media_rw_data_file:s0 tclass=dir permissive=0
07-26 20:53:35.472   907 12672 E lsc_nvram: [do_mkdir] fail to mkdir [/sdcard/shading_otp]: 13[Permission denied] (do_mkdir){#65:vendor/mediatek/proprietary/hardware/mtkcam/aaa/source/isp_40/lsc_mgr/LscUtil.h}
07-26 20:53:35.466   907   907 W HwBinder:907_3: type=1400 audit(0.0:278479): avc: denied { search } for name="0" dev="mmcblk0p45" ino=85 scontext=u:r:mtk_hal_camera:s0 tcontext=u:object_r:media_rw_data_file:s0 tclass=dir permissive=0
07-26 20:53:35.466   907   907 W HwBinder:907_3: type=1400 audit(0.0:278480): avc: denied { search } for name="0" dev="mmcblk0p45" ino=85 scontext=u:r:mtk_hal_camera:s0 tcontext=u:object_r:media_rw_data_file:s0 tclass=dir permissive=0
07-26 20:53:36.045 22636 22636 I ndroid.systemu: Explicit concurrent copying GC freed 15872(692KB) AllocSpace objects, 0(0B) LOS objects, 66% free, 17MB/51MB, paused 205us total 290.471ms
07-26 20:53:36.046 22636 22636 I wangcan : 123#GC after keyguard gone
07-26 20:53:36.384  1537  1699 E WifiVendorHal: getWifiLinkLayerStats_1_3_Internal(l.936) failed {.code = ERROR_NOT_SUPPORTED, .description = }
07-26 20:53:36.470   907   907 W HwBinder:907_3: type=1400 audit(0.0:278481): avc: denied { search } for name="0" dev="mmcblk0p45" ino=85 scontext=u:r:mtk_hal_camera:s0 tcontext=u:object_r:media_rw_data_file:s0 tclass=dir permissive=0
07-26 20:53:36.472   907 12672 E lsc_nvram: [do_mkdir] fail to mkdir [/sdcard/shading_otp]: 13[Permission denied] (do_mkdir){#65:vendor/mediatek/proprietary/hardware/mtkcam/aaa/source/isp_40/lsc_mgr/LscUtil.h}
07-26 20:53:36.470   907   907 W HwBinder:907_3: type=1400 audit(0.0:278482): avc: denied { search } for name="0" dev="mmcblk0p45" ino=85 scontext=u:r:mtk_hal_camera:s0 tcontext=u:object_r:media_rw_data_file:s0 tclass=dir permissive=0
07-26 20:53:36.496  1537  1565 D AES     : AEEIOCTL_GET/SET_SF_STATE IOCTL,cmd= 1074294797, lParam=0. 
07-26 20:53:24.831  1537  1537 I chatty  : uid=1000 system_server identical 3 lines
07-26 20:53:30.977  1537  1537 D TorchManagerService: temperature: 310, bTorchMode: false, switchOn: true, threshold: 460, showing: false, mbIsSafetyTemperatureScene: false
07-26 20:53:36.496  1537  1565 W Watchdog: **Get SF Time **0
07-26 20:53:36.496  1537  1565 D AES     : AEEIOCTL_RT_MON_Kick IOCTL,cmd= 2147774474, lParam=300. 
07-26 20:53:36.537   919   919 D AALLightSensor: newLux = 110, [115, 113] -> 110
07-26 20:53:37.473   907 12672 E lsc_nvram: [do_mkdir] fail to mkdir [/sdcard/shading_otp]: 13[Permission denied] (do_mkdir){#65:vendor/mediatek/proprietary/hardware/mtkcam/aaa/source/isp_40/lsc_mgr/LscUtil.h}
07-26 20:53:37.470   907   907 W HwBinder:907_3: type=1400 audit(0.0:278483): avc: denied { search } for name="0" dev="mmcblk0p45" ino=85 scontext=u:r:mtk_hal_camera:s0 tcontext=u:object_r:media_rw_data_file:s0 tclass=dir permissive=0
07-26 20:53:37.470   907   907 W HwBinder:907_3: type=1400 audit(0.0:278484): avc: denied { search } for name="0" dev="mmcblk0p45" ino=85 scontext=u:r:mtk_hal_camera:s0 tcontext=u:object_r:media_rw_data_file:s0 tclass=dir permissive=0
07-26 20:53:38.474   907 12672 E lsc_nvram: [do_mkdir] fail to mkdir [/sdcard/shading_otp]: 13[Permission denied] (do_mkdir){#65:vendor/mediatek/proprietary/hardware/mtkcam/aaa/source/isp_40/lsc_mgr/LscUtil.h}
07-26 20:53:38.470   907   907 W HwBinder:907_3: type=1400 audit(0.0:278485): avc: denied { search } for name="0" dev="mmcblk0p45" ino=85 scontext=u:r:mtk_hal_camera:s0 tcontext=u:object_r:media_rw_data_file:s0 tclass=dir permissive=0
07-26 20:53:38.470   907   907 W HwBinder:907_3: type=1400 audit(0.0:278486): avc: denied { search } for name="0" dev="mmcblk0p45" ino=85 scontext=u:r:mtk_hal_camera:s0 tcontext=u:object_r:media_rw_data_file:s0 tclass=dir permissive=0
07-26 20:53:38.695   721   721 W         : thermal_hal: mtk_get_temperatures: failed to open directory /proc/mtktz/mtktsbattery: Unknown error -2
07-26 20:53:38.702   721   721 I chatty  : uid=1000(system) thermal@1.0-ser identical 4 lines
07-26 20:53:38.703   721   721 W         : thermal_hal: mtk_get_temperatures: failed to open directory /proc/mtktz/mtktsbattery: Unknown error -2
07-26 20:53:39.393  1537  1699 E WifiVendorHal: getWifiLinkLayerStats_1_3_Internal(l.936) failed {.code = ERROR_NOT_SUPPORTED, .description = }
07-26 20:53:39.474   907 12672 E lsc_nvram: [do_mkdir] fail to mkdir [/sdcard/shading_otp]: 13[Permission denied] (do_mkdir){#65:vendor/mediatek/proprietary/hardware/mtkcam/aaa/source/isp_40/lsc_mgr/LscUtil.h}
07-26 20:53:39.470   907   907 W HwBinder:907_3: type=1400 audit(0.0:278487): avc: denied { search } for name="0" dev="mmcblk0p45" ino=85 scontext=u:r:mtk_hal_camera:s0 tcontext=u:object_r:media_rw_data_file:s0 tclass=dir permissive=0
07-26 20:53:39.470   907   907 W HwBinder:907_3: type=1400 audit(0.0:278488): avc: denied { search } for name="0" dev="mmcblk0p45" ino=85 scontext=u:r:mtk_hal_camera:s0 tcontext=u:object_r:media_rw_data_file:s0 tclass=dir permissive=0
07-26 20:53:39.954   870   870 W bspCriticalLog: type=1400 audit(0.0:278489): avc: denied { search } for name="power_supply" dev="sysfs" ino=34704 scontext=u:r:bspCriticalLog:s0 tcontext=u:object_r:sysfs_battery_supply:s0 tclass=dir permissive=0
07-26 20:53:39.954   870   870 I chatty  : uid=1000(system) /system/bin/bspCriticalLog identical 1 line
07-26 20:53:39.954   870   870 W bspCriticalLog: type=1400 audit(0.0:278491): avc: denied { search } for name="power_supply" dev="sysfs" ino=34704 scontext=u:r:bspCriticalLog:s0 tcontext=u:object_r:sysfs_battery_supply:s0 tclass=dir permissive=0
07-26 20:53:40.048 22636 22636 I ndroid.systemu: Explicit concurrent copying GC freed 2403(111KB) AllocSpace objects, 0(0B) LOS objects, 66% free, 17MB/51MB, paused 294us total 289.408ms
07-26 20:53:40.048 22636 22636 I wangcan : 123#GC after keyguard gone
07-26 20:53:40.475   907 12672 E lsc_nvram: [do_mkdir] fail to mkdir [/sdcard/shading_otp]: 13[Permission denied] (do_mkdir){#65:vendor/mediatek/proprietary/hardware/mtkcam/aaa/source/isp_40/lsc_mgr/LscUtil.h}
07-26 20:53:41.475   907 12672 E lsc_nvram: [do_mkdir] fail to mkdir [/sdcard/shading_otp]: 13[Permission denied] (do_mkdir){#65:vendor/mediatek/proprietary/hardware/mtkcam/aaa/source/isp_40/lsc_mgr/LscUtil.h}
07-26 20:53:41.474   907   907 W HwBinder:907_3: type=1400 audit(0.0:278494): avc: denied { search } for name="0" dev="mmcblk0p45" ino=85 scontext=u:r:mtk_hal_camera:s0 tcontext=u:object_r:media_rw_data_file:s0 tclass=dir permissive=0
07-26 20:53:41.474   907   907 W HwBinder:907_3: type=1400 audit(0.0:278495): avc: denied { search } for name="0" dev="mmcblk0p45" ino=85 scontext=u:r:mtk_hal_camera:s0 tcontext=u:object_r:media_rw_data_file:s0 tclass=dir permissive=0
07-26 20:53:41.536   919   919 D AALLightSensor: newLux = 110, [113, 113] -> 110
07-26 20:53:42.401  1537  1699 E WifiVendorHal: getWifiLinkLayerStats_1_3_Internal(l.936) failed {.code = ERROR_NOT_SUPPORTED, .description = }
07-26 20:53:42.476   907 12672 E lsc_nvram: [do_mkdir] fail to mkdir [/sdcard/shading_otp]: 13[Permission denied] (do_mkdir){#65:vendor/mediatek/proprietary/hardware/mtkcam/aaa/source/isp_40/lsc_mgr/LscUtil.h}
07-26 20:53:42.470   907   907 W HwBinder:907_3: type=1400 audit(0.0:278496): avc: denied { search } for name="0" dev="mmcblk0p45" ino=85 scontext=u:r:mtk_hal_camera:s0 tcontext=u:object_r:media_rw_data_file:s0 tclass=dir permissive=0
07-26 20:53:43.008  1537  1537 D TorchManagerService: temperature: 310, bTorchMode: false, switchOn: true, threshold: 460, showing: false, mbIsSafetyTemperatureScene: false
07-26 20:53:42.470   907   907 W HwBinder:907_3: type=1400 audit(0.0:278497): avc: denied { search } for name="0" dev="mmcblk0p45" ino=85 scontext=u:r:mtk_hal_camera:s0 tcontext=u:object_r:media_rw_data_file:s0 tclass=dir permissive=0
07-26 20:53:43.017 27645 27645 W FileManager::BaseActivity: mChangedReceiver onReceive action = android.intent.action.BATTERY_CHANGED
07-26 20:53:43.470 22636 22920 E SubscriptionManagerWrapper: java.lang.NoSuchMethodException: android.telephony.SubscriptionManager.getActiveDataSubscriptionId []
07-26 20:53:43.477   907 12672 E lsc_nvram: [do_mkdir] fail to mkdir [/sdcard/shading_otp]: 13[Permission denied] (do_mkdir){#65:vendor/mediatek/proprietary/hardware/mtkcam/aaa/source/isp_40/lsc_mgr/LscUtil.h}
07-26 20:53:43.474   907   907 W HwBinder:907_3: type=1400 audit(0.0:278498): avc: denied { search } for name="0" dev="mmcblk0p45" ino=85 scontext=u:r:mtk_hal_camera:s0 tcontext=u:object_r:media_rw_data_file:s0 tclass=dir permissive=0
07-26 20:53:43.474   907   907 W HwBinder:907_3: type=1400 audit(0.0:278499): avc: denied { search } for name="0" dev="mmcblk0p45" ino=85 scontext=u:r:mtk_hal_camera:s0 tcontext=u:object_r:media_rw_data_file:s0 tclass=dir permissive=0
07-26 20:53:43.481 22636 22920 E SubscriptionManagerWrapper: java.lang.NoSuchMethodException: android.telephony.SubscriptionManager.getActiveDataSubscriptionId []
07-26 20:53:43.492 22636 22920 I chatty  : uid=10083(com.android.systemui) SysUiBg identical 1 line
07-26 20:53:43.501 22636 22920 E SubscriptionManagerWrapper: java.lang.NoSuchMethodException: android.telephony.SubscriptionManager.getActiveDataSubscriptionId []
07-26 20:53:44.007  7447  7585 I BistoHotwordHelper: (REDACTED) getHotwordActive::active query: %s, watch: %s, devices connected: %s
07-26 20:53:44.055 22636 22636 I ndroid.systemu: Explicit concurrent copying GC freed 3750(267KB) AllocSpace objects, 2(40KB) LOS objects, 66% free, 17MB/51MB, paused 196us total 284.788ms
07-26 20:53:44.055 22636 22636 I wangcan : 123#GC after keyguard gone
07-26 20:53:44.477   907 12672 E lsc_nvram: [do_mkdir] fail to mkdir [/sdcard/shading_otp]: 13[Permission denied] (do_mkdir){#65:vendor/mediatek/proprietary/hardware/mtkcam/aaa/source/isp_40/lsc_mgr/LscUtil.h}
07-26 20:53:44.474   907   907 W HwBinder:907_3: type=1400 audit(0.0:278500): avc: denied { search } for name="0" dev="mmcblk0p45" ino=85 scontext=u:r:mtk_hal_camera:s0 tcontext=u:object_r:media_rw_data_file:s0 tclass=dir permissive=0
07-26 20:53:44.474   907   907 W HwBinder:907_3: type=1400 audit(0.0:278501): avc: denied { search } for name="0" dev="mmcblk0p45" ino=85 scontext=u:r:mtk_hal_camera:s0 tcontext=u:object_r:media_rw_data_file:s0 tclass=dir permissive=0
07-26 20:53:45.409  1537  1699 E WifiVendorHal: getWifiLinkLayerStats_1_3_Internal(l.936) failed {.code = ERROR_NOT_SUPPORTED, .description = }
07-26 20:53:45.478   907 12672 E lsc_nvram: [do_mkdir] fail to mkdir [/sdcard/shading_otp]: 13[Permission denied] (do_mkdir){#65:vendor/mediatek/proprietary/hardware/mtkcam/aaa/source/isp_40/lsc_mgr/LscUtil.h}
07-26 20:53:45.474   907   907 W HwBinder:907_3: type=1400 audit(0.0:278502): avc: denied { search } for name="0" dev="mmcblk0p45" ino=85 scontext=u:r:mtk_hal_camera:s0 tcontext=u:object_r:media_rw_data_file:s0 tclass=dir permissive=0
07-26 20:53:45.474   907   907 W HwBinder:907_3: type=1400 audit(0.0:278503): avc: denied { search } for name="0" dev="mmcblk0p45" ino=85 scontext=u:r:mtk_hal_camera:s0 tcontext=u:object_r:media_rw_data_file:s0 tclass=dir permissive=0
07-26 20:53:46.479   907 12672 E lsc_nvram: [do_mkdir] fail to mkdir [/sdcard/shading_otp]: 13[Permission denied] (do_mkdir){#65:vendor/mediatek/proprietary/hardware/mtkcam/aaa/source/isp_40/lsc_mgr/LscUtil.h}
07-26 20:53:46.474   907   907 W HwBinder:907_3: type=1400 audit(0.0:278504): avc: denied { search } for name="0" dev="mmcblk0p45" ino=85 scontext=u:r:mtk_hal_camera:s0 tcontext=u:object_r:media_rw_data_file:s0 tclass=dir permissive=0
07-26 20:53:46.474   907   907 W HwBinder:907_3: type=1400 audit(0.0:278505): avc: denied { search } for name="0" dev="mmcblk0p45" ino=85 scontext=u:r:mtk_hal_camera:s0 tcontext=u:object_r:media_rw_data_file:s0 tclass=dir permissive=0
07-26 20:53:46.536   919   919 D AALLightSensor: newLux = 110, [113, 111] -> 110
07-26 20:53:46.870 22636 22920 E SubscriptionManagerWrapper: java.lang.NoSuchMethodException: android.telephony.SubscriptionManager.getActiveDataSubscriptionId []
07-26 20:53:46.881 22636 22920 E SubscriptionManagerWrapper: java.lang.NoSuchMethodException: android.telephony.SubscriptionManager.getActiveDataSubscriptionId []
07-26 20:53:47.479   907 12672 E lsc_nvram: [do_mkdir] fail to mkdir [/sdcard/shading_otp]: 13[Permission denied] (do_mkdir){#65:vendor/mediatek/proprietary/hardware/mtkcam/aaa/source/isp_40/lsc_mgr/LscUtil.h}
07-26 20:53:47.474   907   907 W HwBinder:907_3: type=1400 audit(0.0:278506): avc: denied { search } for name="0" dev="mmcblk0p45" ino=85 scontext=u:r:mtk_hal_camera:s0 tcontext=u:object_r:media_rw_data_file:s0 tclass=dir permissive=0
07-26 20:53:47.474   907   907 W HwBinder:907_3: type=1400 audit(0.0:278507): avc: denied { search } for name="0" dev="mmcblk0p45" ino=85 scontext=u:r:mtk_hal_camera:s0 tcontext=u:object_r:media_rw_data_file:s0 tclass=dir permissive=0
07-26 20:53:48.059 22636 22636 I ndroid.systemu: Explicit concurrent copying GC freed 3304(193KB) AllocSpace objects, 0(0B) LOS objects, 66% free, 17MB/51MB, paused 204us total 285.789ms
07-26 20:53:48.059 22636 22636 I wangcan : 123#GC after keyguard gone
07-26 20:53:48.416  1537  1699 E WifiVendorHal: getWifiLinkLayerStats_1_3_Internal(l.936) failed {.code = ERROR_NOT_SUPPORTED, .description = }
07-26 20:53:48.480   907 12672 E lsc_nvram: [do_mkdir] fail to mkdir [/sdcard/shading_otp]: 13[Permission denied] (do_mkdir){#65:vendor/mediatek/proprietary/hardware/mtkcam/aaa/source/isp_40/lsc_mgr/LscUtil.h}
07-26 20:53:48.474   907   907 W HwBinder:907_3: type=1400 audit(0.0:278508): avc: denied { search } for name="0" dev="mmcblk0p45" ino=85 scontext=u:r:mtk_hal_camera:s0 tcontext=u:object_r:media_rw_data_file:s0 tclass=dir permissive=0
07-26 20:53:48.474   907   907 W HwBinder:907_3: type=1400 audit(0.0:278509): avc: denied { search } for name="0" dev="mmcblk0p45" ino=85 scontext=u:r:mtk_hal_camera:s0 tcontext=u:object_r:media_rw_data_file:s0 tclass=dir permissive=0
07-26 20:53:48.695   721   721 W         : thermal_hal: mtk_get_temperatures: failed to open directory /proc/mtktz/mtktsbattery: Unknown error -2
07-26 20:53:48.702   721   721 I chatty  : uid=1000(system) thermal@1.0-ser identical 4 lines
07-26 20:53:48.703   721   721 W         : thermal_hal: mtk_get_temperatures: failed to open directory /proc/mtktz/mtktsbattery: Unknown error -2
07-26 20:53:48.905 27645 27645 W FileManager::BaseActivity: mChangedReceiver onReceive action = android.intent.action.BATTERY_CHANGED
07-26 20:53:49.481   907 12672 E lsc_nvram: [do_mkdir] fail to mkdir [/sdcard/shading_otp]: 13[Permission denied] (do_mkdir){#65:vendor/mediatek/proprietary/hardware/mtkcam/aaa/source/isp_40/lsc_mgr/LscUtil.h}
07-26 20:53:49.474   907   907 W HwBinder:907_3: type=1400 audit(0.0:278510): avc: denied { search } for name="0" dev="mmcblk0p45" ino=85 scontext=u:r:mtk_hal_camera:s0 tcontext=u:object_r:media_rw_data_file:s0 tclass=dir permissive=0
07-26 20:53:49.478   907   907 W HwBinder:907_3: type=1400 audit(0.0:278511): avc: denied { search } for name="0" dev="mmcblk0p45" ino=85 scontext=u:r:mtk_hal_camera:s0 tcontext=u:object_r:media_rw_data_file:s0 tclass=dir permissive=0
07-26 20:53:50.481   907 12672 E lsc_nvram: [do_mkdir] fail to mkdir [/sdcard/shading_otp]: 13[Permission denied] (do_mkdir){#65:vendor/mediatek/proprietary/hardware/mtkcam/aaa/source/isp_40/lsc_mgr/LscUtil.h}
07-26 20:53:50.478   907   907 W HwBinder:907_3: type=1400 audit(0.0:278512): avc: denied { search } for name="0" dev="mmcblk0p45" ino=85 scontext=u:r:mtk_hal_camera:s0 tcontext=u:object_r:media_rw_data_file:s0 tclass=dir permissive=0
07-26 20:53:50.478   907   907 W HwBinder:907_3: type=1400 audit(0.0:278513): avc: denied { search } for name="0" dev="mmcblk0p45" ino=85 scontext=u:r:mtk_hal_camera:s0 tcontext=u:object_r:media_rw_data_file:s0 tclass=dir permissive=0
07-26 20:53:51.425  1537  1699 E WifiVendorHal: getWifiLinkLayerStats_1_3_Internal(l.936) failed {.code = ERROR_NOT_SUPPORTED, .description = }
07-26 20:53:51.482   907 12672 E lsc_nvram: [do_mkdir] fail to mkdir [/sdcard/shading_otp]: 13[Permission denied] (do_mkdir){#65:vendor/mediatek/proprietary/hardware/mtkcam/aaa/source/isp_40/lsc_mgr/LscUtil.h}
07-26 20:53:51.478   907   907 W HwBinder:907_3: type=1400 audit(0.0:278514): avc: denied { search } for name="0" dev="mmcblk0p45" ino=85 scontext=u:r:mtk_hal_camera:s0 tcontext=u:object_r:media_rw_data_file:s0 tclass=dir permissive=0
07-26 20:53:51.478   907   907 W HwBinder:907_3: type=1400 audit(0.0:278515): avc: denied { search } for name="0" dev="mmcblk0p45" ino=85 scontext=u:r:mtk_hal_camera:s0 tcontext=u:object_r:media_rw_data_file:s0 tclass=dir permissive=0
07-26 20:53:51.537   919   919 D AALLightSensor: newLux = 110, [115, 112] -> 110
07-26 20:53:52.047 22636 22636 I ndroid.systemu: Explicit concurrent copying GC freed 3042(177KB) AllocSpace objects, 2(40KB) LOS objects, 66% free, 17MB/51MB, paused 165us total 289.678ms
07-26 20:53:52.047 22636 22636 I wangcan : 123#GC after keyguard gone
07-26 20:53:52.294  2979  3016 I /vendor/bin/charon: 16[IKE] [send_dpd()  886] sending DPD request
07-26 20:53:52.296  2979  3016 I /vendor/bin/charon: 16[KNL] [get_interface_address()  701] ============================ ip: 192.168.1.8, scope:0
07-26 20:53:52.297  2979  3016 I /vendor/bin/charon: 16[KNL] [get_route() 1718] using 192.168.1.8 as address to reach 106.201.214.98
07-26 20:53:52.298  2979  3016 I /vendor/bin/charon: 16[ENC] [generate_message() 1737] generating INFORMATIONAL request 33 [ N(NATD_S_IP) N(NATD_D_IP) ]
07-26 20:53:52.299  2979  3016 I /vendor/bin/charon: 16[KNL] [get_interface_address()  701] ============================ ip: 192.168.1.8, scope:0
07-26 20:53:52.300  2979  3016 I /vendor/bin/charon: 16[KNL] [get_route() 1718] using 192.168.1.8 as address to reach 106.201.214.98
07-26 20:53:52.300  2979  3016 I /vendor/bin/charon: 16[NET] [send_()  101] sending packet: from 192.168.1.8[14500] to 106.201.214.98[4500] (128 bytes)
07-26 20:53:52.341  2979  3015 I /vendor/bin/charon: 15[NET] [execute()   73] received packet: from 106.201.214.98[4500] to 192.168.1.8[14500] (128 bytes)
07-26 20:53:52.342  2979  3015 I /vendor/bin/charon: 15[ENC] [parse_body() 2654] parsed INFORMATIONAL response 33 [ N(NATD_D_IP) N(NATD_S_IP) ]
07-26 20:53:52.482   907 12672 E lsc_nvram: [do_mkdir] fail to mkdir [/sdcard/shading_otp]: 13[Permission denied] (do_mkdir){#65:vendor/mediatek/proprietary/hardware/mtkcam/aaa/source/isp_40/lsc_mgr/LscUtil.h}
07-26 20:53:52.478   907   907 W HwBinder:907_3: type=1400 audit(0.0:278516): avc: denied { search } for name="0" dev="mmcblk0p45" ino=85 scontext=u:r:mtk_hal_camera:s0 tcontext=u:object_r:media_rw_data_file:s0 tclass=dir permissive=0
07-26 20:53:52.478   907   907 W HwBinder:907_3: type=1400 audit(0.0:278517): avc: denied { search } for name="0" dev="mmcblk0p45" ino=85 scontext=u:r:mtk_hal_camera:s0 tcontext=u:object_r:media_rw_data_file:s0 tclass=dir permissive=0
07-26 20:53:53.483   907 12672 E lsc_nvram: [do_mkdir] fail to mkdir [/sdcard/shading_otp]: 13[Permission denied] (do_mkdir){#65:vendor/mediatek/proprietary/hardware/mtkcam/aaa/source/isp_40/lsc_mgr/LscUtil.h}
07-26 20:53:53.478   907   907 W HwBinder:907_3: type=1400 audit(0.0:278518): avc: denied { search } for name="0" dev="mmcblk0p45" ino=85 scontext=u:r:mtk_hal_camera:s0 tcontext=u:object_r:media_rw_data_file:s0 tclass=dir permissive=0
07-26 20:53:53.478   907   907 W HwBinder:907_3: type=1400 audit(0.0:278519): avc: denied { search } for name="0" dev="mmcblk0p45" ino=85 scontext=u:r:mtk_hal_camera:s0 tcontext=u:object_r:media_rw_data_file:s0 tclass=dir permissive=0
07-26 20:53:54.435  1537  1699 E WifiVendorHal: getWifiLinkLayerStats_1_3_Internal(l.936) failed {.code = ERROR_NOT_SUPPORTED, .description = }
07-26 20:53:54.484   907 12672 E lsc_nvram: [do_mkdir] fail to mkdir [/sdcard/shading_otp]: 13[Permission denied] (do_mkdir){#65:vendor/mediatek/proprietary/hardware/mtkcam/aaa/source/isp_40/lsc_mgr/LscUtil.h}
07-26 20:53:54.478   907   907 W HwBinder:907_3: type=1400 audit(0.0:278520): avc: denied { search } for name="0" dev="mmcblk0p45" ino=85 scontext=u:r:mtk_hal_camera:s0 tcontext=u:object_r:media_rw_data_file:s0 tclass=dir permissive=0
07-26 20:53:54.478   907   907 W HwBinder:907_3: type=1400 audit(0.0:278521): avc: denied { search } for name="0" dev="mmcblk0p45" ino=85 scontext=u:r:mtk_hal_camera:s0 tcontext=u:object_r:media_rw_data_file:s0 tclass=dir permissive=0
07-26 20:53:55.050 27645 27645 W FileManager::BaseActivity: mChangedReceiver onReceive action = android.intent.action.BATTERY_CHANGED
07-26 20:53:55.484   907 12672 E lsc_nvram: [do_mkdir] fail to mkdir [/sdcard/shading_otp]: 13[Permission denied] (do_mkdir){#65:vendor/mediatek/proprietary/hardware/mtkcam/aaa/source/isp_40/lsc_mgr/LscUtil.h}
07-26 20:53:55.478   907   907 W HwBinder:907_3: type=1400 audit(0.0:278522): avc: denied { search } for name="0" dev="mmcblk0p45" ino=85 scontext=u:r:mtk_hal_camera:s0 tcontext=u:object_r:media_rw_data_file:s0 tclass=dir permissive=0
07-26 20:53:55.478   907   907 W HwBinder:907_3: type=1400 audit(0.0:278523): avc: denied { search } for name="0" dev="mmcblk0p45" ino=85 scontext=u:r:mtk_hal_camera:s0 tcontext=u:object_r:media_rw_data_file:s0 tclass=dir permissive=0
07-26 20:53:56.026 22636 22636 I ndroid.systemu: Explicit concurrent copying GC freed 2426(161KB) AllocSpace objects, 2(40KB) LOS objects, 66% free, 17MB/51MB, paused 172us total 268.798ms
07-26 20:53:56.026 22636 22636 I wangcan : 123#GC after keyguard gone
07-26 20:53:48.897  1537  1537 I chatty  : uid=1000 system_server identical 1 line
07-26 20:53:55.040  1537  1537 D TorchManagerService: temperature: 310, bTorchMode: false, switchOn: true, threshold: 460, showing: false, mbIsSafetyTemperatureScene: false
07-26 20:53:56.181  1537  1592 V DisplayPowerController: Brightness [35] reason changing to: 'manual [ dim ]', previous reason: 'manual'.
07-26 20:53:56.183  1537  1592 E BiometricWakeupManagerService: return mBrightness != 0
07-26 20:53:56.184  1537  1592 D OppoDisplayPowerControlBrightnessHelper: Atlas report manual data:EventID,608,mManualBacklightTotalTime,952436,mManualMaxBacklightTotalTime,0,mManualTotalTimeLargeLux_10000,0,mManualTotalTimeLargeLux_20000,0,mManualTotalTimeLargeLux_30000,0,mManualTotalTimeLargeLux_40000,0,mManualTotalTimeLargeLux_60000,0
07-26 20:53:56.192  3026  7642 W ContextImpl: Calling a method in the system process without a qualified user: android.app.ContextImpl.startService:1609 android.content.ContextWrapper.startService:680 oppo.util.OppoStatistics.startDcsService:429 oppo.util.OppoStatistics.access$100:40 oppo.util.OppoStatistics$1.run:186 
07-26 20:53:56.201  8544  8567 W DCS     : Record event failed. DCS reject event: [appId=20120,logTag=psw_multimedia,eventId=20181204] . Pls check server config.
07-26 20:53:56.212   752  1508 E SurfaceFlinger: Permission Denial: SurfaceFlinger did not recognize request code: 21005
07-26 20:53:56.214   919  1039 E AALCust : Check value virtualValue10 = 1574
07-26 20:53:56.229  1537  1793 I OppoLightsService: SurfaceFlinger transaction exception 
07-26 20:53:56.230   919  1039 D AAL     : 07-26 08:53:56.229 BL=1574,ESS= 256, 
07-26 20:53:56.234   752  1508 E SurfaceFlinger: Permission Denial: SurfaceFlinger did not recognize request code: 21005
07-26 20:53:56.238   752  1508 E SurfaceFlinger: Permission Denial: SurfaceFlinger did not recognize request code: 21005
07-26 20:53:56.243   919  1039 E AALCust : Check value virtualValue10 = 1514
07-26 20:53:56.256   752  1508 E SurfaceFlinger: Permission Denial: SurfaceFlinger did not recognize request code: 21005
07-26 20:53:56.259   919  1039 E AALCust : Check value virtualValue10 = 1494
07-26 20:53:56.273   752  1508 E SurfaceFlinger: Permission Denial: SurfaceFlinger did not recognize request code: 21005
07-26 20:53:56.276   919  1039 E AALCust : Check value virtualValue10 = 1474
07-26 20:53:56.289   752  1508 E SurfaceFlinger: Permission Denial: SurfaceFlinger did not recognize request code: 21005
07-26 20:53:56.293   919  1039 E AALCust : Check value virtualValue10 = 1454
07-26 20:53:56.306   752  1508 E SurfaceFlinger: Permission Denial: SurfaceFlinger did not recognize request code: 21005
07-26 20:53:56.310   919  1039 E AALCust : Check value virtualValue10 = 1434
07-26 20:53:56.312   919  1039 D AAL     : 07-26 08:53:56.245 BL=1514,ESS= 256, 07-26 08:53:56.262 BL=1494,ESS= 256, 07-26 08:53:56.279 BL=1474,ESS= 256, 07-26 08:53:56.295 BL=1454,ESS= 256, 07-26 08:53:56.312 BL=1434,ESS= 256, 
07-26 20:53:56.322   752  1508 E SurfaceFlinger: Permission Denial: SurfaceFlinger did not recognize request code: 21005
07-26 20:53:56.326   919  1039 E AALCust : Check value virtualValue10 = 1414
07-26 20:53:56.339   752  1508 E SurfaceFlinger: Permission Denial: SurfaceFlinger did not recognize request code: 21005
07-26 20:53:56.343   919  1039 E AALCust : Check value virtualValue10 = 1394
07-26 20:53:56.356   752  1508 E SurfaceFlinger: Permission Denial: SurfaceFlinger did not recognize request code: 21005
07-26 20:53:56.360   919  1039 E AALCust : Check value virtualValue10 = 1374
07-26 20:53:56.373   752  1508 E SurfaceFlinger: Permission Denial: SurfaceFlinger did not recognize request code: 21005
07-26 20:53:56.376   919  1039 E AALCust : Check value virtualValue10 = 1354
07-26 20:53:56.389   752  1508 E SurfaceFlinger: Permission Denial: SurfaceFlinger did not recognize request code: 21005
07-26 20:53:56.393   919  1039 E AALCust : Check value virtualValue10 = 1334
07-26 20:53:56.395   919  1039 D AAL     : 07-26 08:53:56.329 BL=1414,ESS= 256, 07-26 08:53:56.345 BL=1394,ESS= 256, 07-26 08:53:56.362 BL=1374,ESS= 256, 07-26 08:53:56.379 BL=1354,ESS= 256, 07-26 08:53:56.395 BL=1334,ESS= 256, 
07-26 20:53:56.406   752  1508 E SurfaceFlinger: Permission Denial: SurfaceFlinger did not recognize request code: 21005
07-26 20:53:56.410   919  1039 E AALCust : Check value virtualValue10 = 1314
07-26 20:53:56.423   752  1508 E SurfaceFlinger: Permission Denial: SurfaceFlinger did not recognize request code: 21005
07-26 20:53:56.426   919  1039 E AALCust : Check value virtualValue10 = 1294
07-26 20:53:56.439   752  1508 E SurfaceFlinger: Permission Denial: SurfaceFlinger did not recognize request code: 21005
07-26 20:53:56.443   919  1039 E AALCust : Check value virtualValue10 = 1274
07-26 20:53:56.457   752  1508 E SurfaceFlinger: Permission Denial: SurfaceFlinger did not recognize request code: 21005
07-26 20:53:56.460   919  1039 E AALCust : Check value virtualValue10 = 1254
07-26 20:53:56.473   752  1508 E SurfaceFlinger: Permission Denial: SurfaceFlinger did not recognize request code: 21005
07-26 20:53:56.477   919  1039 E AALCust : Check value virtualValue10 = 1234
07-26 20:53:56.479   919  1039 D AAL     : 07-26 08:53:56.412 BL=1314,ESS= 256, 07-26 08:53:56.429 BL=1294,ESS= 256, 07-26 08:53:56.445 BL=1274,ESS= 256, 07-26 08:53:56.462 BL=1254,ESS= 256, 07-26 08:53:56.479 BL=1234,ESS= 256, 
07-26 20:53:56.485   907 12672 E lsc_nvram: [do_mkdir] fail to mkdir [/sdcard/shading_otp]: 13[Permission denied] (do_mkdir){#65:vendor/mediatek/proprietary/hardware/mtkcam/aaa/source/isp_40/lsc_mgr/LscUtil.h}
07-26 20:53:56.482   907   907 W HwBinder:907_3: type=1400 audit(0.0:278524): avc: denied { search } for name="0" dev="mmcblk0p45" ino=85 scontext=u:r:mtk_hal_camera:s0 tcontext=u:object_r:media_rw_data_file:s0 tclass=dir permissive=0
07-26 20:53:56.482   907   907 W HwBinder:907_3: type=1400 audit(0.0:278525): avc: denied { search } for name="0" dev="mmcblk0p45" ino=85 scontext=u:r:mtk_hal_camera:s0 tcontext=u:object_r:media_rw_data_file:s0 tclass=dir permissive=0
07-26 20:53:56.490   752  1508 E SurfaceFlinger: Permission Denial: SurfaceFlinger did not recognize request code: 21005
07-26 20:53:56.493   919  1039 E AALCust : Check value virtualValue10 = 1214
07-26 20:53:56.507   752  1508 E SurfaceFlinger: Permission Denial: SurfaceFlinger did not recognize request code: 21005
07-26 20:53:56.510   919  1039 E AALCust : Check value virtualValue10 = 1194
07-26 20:53:56.523   752  1508 E SurfaceFlinger: Permission Denial: SurfaceFlinger did not recognize request code: 21005
07-26 20:53:56.527   919  1039 E AALCust : Check value virtualValue10 = 1174
07-26 20:53:56.540   752  1508 E SurfaceFlinger: Permission Denial: SurfaceFlinger did not recognize request code: 21005
07-26 20:53:56.543   919  1039 E AALCust : Check value virtualValue10 = 1154
07-26 20:53:56.557   752  1508 E SurfaceFlinger: Permission Denial: SurfaceFlinger did not recognize request code: 21005
07-26 20:53:56.560   919  1039 E AALCust : Check value virtualValue10 = 1134
07-26 20:53:56.562   919  1039 D AAL     : 07-26 08:53:56.495 BL=1214,ESS= 256, 07-26 08:53:56.512 BL=1194,ESS= 256, 07-26 08:53:56.529 BL=1174,ESS= 256, 07-26 08:53:56.546 BL=1154,ESS= 256, 07-26 08:53:56.562 BL=1134,ESS= 256, 
07-26 20:53:56.573   752  1508 E SurfaceFlinger: Permission Denial: SurfaceFlinger did not recognize request code: 21005
07-26 20:53:56.577   919  1039 E AALCust : Check value virtualValue10 = 1114
07-26 20:53:56.590   752  1508 E SurfaceFlinger: Permission Denial: SurfaceFlinger did not recognize request code: 21005
07-26 20:53:56.593   919  1039 E AALCust : Check value virtualValue10 = 1094
07-26 20:53:56.607   752  1508 E SurfaceFlinger: Permission Denial: SurfaceFlinger did not recognize request code: 21005
07-26 20:53:56.610   919  1039 E AALCust : Check value virtualValue10 = 1074
07-26 20:53:56.624   752  1508 E SurfaceFlinger: Permission Denial: SurfaceFlinger did not recognize request code: 21005
07-26 20:53:56.627   919  1039 E AALCust : Check value virtualValue10 = 1054
07-26 20:53:56.640   752  1508 E SurfaceFlinger: Permission Denial: SurfaceFlinger did not recognize request code: 21005
07-26 20:53:56.643   919  1039 E AALCust : Check value virtualValue10 = 1034
07-26 20:53:56.646   919  1039 D AAL     : 07-26 08:53:56.579 BL=1114,ESS= 256, 07-26 08:53:56.596 BL=1094,ESS= 256, 07-26 08:53:56.612 BL=1074,ESS= 256, 07-26 08:53:56.629 BL=1054,ESS= 256, 07-26 08:53:56.646 BL=1034,ESS= 256, 
07-26 20:53:56.657   752  1508 E SurfaceFlinger: Permission Denial: SurfaceFlinger did not recognize request code: 21005
07-26 20:53:56.660   919  1039 E AALCust : Check value virtualValue10 = 1014
07-26 20:53:56.675   752  1508 E SurfaceFlinger: Permission Denial: SurfaceFlinger did not recognize request code: 21005
07-26 20:53:56.677   919  1039 E AALCust : Check value virtualValue10 = 994
07-26 20:53:56.690   752  1508 E SurfaceFlinger: Permission Denial: SurfaceFlinger did not recognize request code: 21005
07-26 20:53:56.693   919  1039 E AALCust : Check value virtualValue10 = 974
07-26 20:53:56.707   752  1508 E SurfaceFlinger: Permission Denial: SurfaceFlinger did not recognize request code: 21005
07-26 20:53:56.710   919  1039 E AALCust : Check value virtualValue10 = 954
07-26 20:53:56.724   752  1508 E SurfaceFlinger: Permission Denial: SurfaceFlinger did not recognize request code: 21005
07-26 20:53:56.727   919  1039 E AALCust : Check value virtualValue10 = 934
07-26 20:53:56.729   919  1039 D AAL     : 07-26 08:53:56.662 BL=1014,ESS= 256, 07-26 08:53:56.679 BL= 994,ESS= 256, 07-26 08:53:56.696 BL= 974,ESS= 256, 07-26 08:53:56.712 BL= 954,ESS= 256, 07-26 08:53:56.729 BL= 934,ESS= 256, 
07-26 20:53:56.736   919   919 D AALLightSensor: newLux = 110, [116, 114] -> 110
07-26 20:53:56.741   752  1508 E SurfaceFlinger: Permission Denial: SurfaceFlinger did not recognize request code: 21005
07-26 20:53:56.743   919  1039 E AALCust : Check value virtualValue10 = 914
07-26 20:53:56.758   752  2706 E SurfaceFlinger: Permission Denial: SurfaceFlinger did not recognize request code: 21005
07-26 20:53:56.760   919  1039 E AALCust : Check value virtualValue10 = 894
07-26 20:53:56.775   752  2706 E SurfaceFlinger: Permission Denial: SurfaceFlinger did not recognize request code: 21005
07-26 20:53:56.777   919  1039 E AALCust : Check value virtualValue10 = 874
07-26 20:53:56.793   752  2706 E SurfaceFlinger: Permission Denial: SurfaceFlinger did not recognize request code: 21005
07-26 20:53:56.793   919  1039 E AALCust : Check value virtualValue10 = 854
07-26 20:53:56.806   752  2706 E SurfaceFlinger: Permission Denial: SurfaceFlinger did not recognize request code: 21005
07-26 20:53:56.810   919  1039 E AALCust : Check value virtualValue10 = 834
07-26 20:53:56.813   919  1039 D AAL     : 07-26 08:53:56.746 BL= 914,ESS= 256, 07-26 08:53:56.762 BL= 894,ESS= 256, 07-26 08:53:56.779 BL= 874,ESS= 256, 07-26 08:53:56.796 BL= 854,ESS= 256, 07-26 08:53:56.813 BL= 834,ESS= 256, 
07-26 20:53:56.823   752  2706 E SurfaceFlinger: Permission Denial: SurfaceFlinger did not recognize request code: 21005
07-26 20:53:56.827   919  1039 E AALCust : Check value virtualValue10 = 814
07-26 20:53:56.839   752  2706 E SurfaceFlinger: Permission Denial: SurfaceFlinger did not recognize request code: 21005
07-26 20:53:56.844   919  1039 E AALCust : Check value virtualValue10 = 794
07-26 20:53:56.856   752  2706 E SurfaceFlinger: Permission Denial: SurfaceFlinger did not recognize request code: 21005
07-26 20:53:56.860   919  1039 E AALCust : Check value virtualValue10 = 774
07-26 20:53:56.873   752  2706 E SurfaceFlinger: Permission Denial: SurfaceFlinger did not recognize request code: 21005
07-26 20:53:56.877   919  1039 E AALCust : Check value virtualValue10 = 754
07-26 20:53:56.889   752  2706 E SurfaceFlinger: Permission Denial: SurfaceFlinger did not recognize request code: 21005
07-26 20:53:56.894   919  1039 E AALCust : Check value virtualValue10 = 734
07-26 20:53:56.896   919  1039 D AAL     : 07-26 08:53:56.829 BL= 814,ESS= 256, 07-26 08:53:56.846 BL= 794,ESS= 256, 07-26 08:53:56.863 BL= 774,ESS= 256, 07-26 08:53:56.879 BL= 754,ESS= 256, 07-26 08:53:56.896 BL= 734,ESS= 256, 
07-26 20:53:56.906   752  2706 E SurfaceFlinger: Permission Denial: SurfaceFlinger did not recognize request code: 21005
07-26 20:53:56.910   919  1039 E AALCust : Check value virtualValue10 = 714
07-26 20:53:56.923   752  2706 E SurfaceFlinger: Permission Denial: SurfaceFlinger did not recognize request code: 21005
07-26 20:53:56.927   919  1039 E AALCust : Check value virtualValue10 = 694
07-26 20:53:56.939   752  2706 E SurfaceFlinger: Permission Denial: SurfaceFlinger did not recognize request code: 21005
07-26 20:53:56.944   919  1039 E AALCust : Check value virtualValue10 = 674
07-26 20:53:56.956   752  2706 E SurfaceFlinger: Permission Denial: SurfaceFlinger did not recognize request code: 21005
07-26 20:53:56.960   919  1039 E AALCust : Check value virtualValue10 = 654
07-26 20:53:56.973   752  2706 E SurfaceFlinger: Permission Denial: SurfaceFlinger did not recognize request code: 21005
07-26 20:53:56.977   919  1039 E AALCust : Check value virtualValue10 = 634
07-26 20:53:56.979   919  1039 D AAL     : 07-26 08:53:56.913 BL= 714,ESS= 256, 07-26 08:53:56.929 BL= 694,ESS= 256, 07-26 08:53:56.946 BL= 674,ESS= 256, 07-26 08:53:56.963 BL= 654,ESS= 256, 07-26 08:53:56.979 BL= 634,ESS= 256, 
07-26 20:53:56.990   752  2706 E SurfaceFlinger: Permission Denial: SurfaceFlinger did not recognize request code: 21005
07-26 20:53:56.994   919  1039 E AALCust : Check value virtualValue10 = 614
07-26 20:53:57.007   752  2706 E SurfaceFlinger: Permission Denial: SurfaceFlinger did not recognize request code: 21005
07-26 20:53:57.010   919  1039 E AALCust : Check value virtualValue10 = 594
07-26 20:53:57.023   752  2706 E SurfaceFlinger: Permission Denial: SurfaceFlinger did not recognize request code: 21005
07-26 20:53:57.027   919  1039 E AALCust : Check value virtualValue10 = 574
07-26 20:53:57.040   752  2706 E SurfaceFlinger: Permission Denial: SurfaceFlinger did not recognize request code: 21005
07-26 20:53:57.044   919  1039 E AALCust : Check value virtualValue10 = 554
07-26 20:53:57.057   752  2706 E SurfaceFlinger: Permission Denial: SurfaceFlinger did not recognize request code: 21005
07-26 20:53:57.061   919  1039 E AALCust : Check value virtualValue10 = 534
07-26 20:53:57.063   919  1039 D AAL     : 07-26 08:53:56.996 BL= 614,ESS= 256, 07-26 08:53:57.013 BL= 594,ESS= 256, 07-26 08:53:57.029 BL= 574,ESS= 256, 07-26 08:53:57.046 BL= 554,ESS= 256, 07-26 08:53:57.063 BL= 534,ESS= 256, 
07-26 20:53:57.073   752  2706 E SurfaceFlinger: Permission Denial: SurfaceFlinger did not recognize request code: 21005
07-26 20:53:57.077   919  1039 E AALCust : Check value virtualValue10 = 514
07-26 20:53:57.090   752  2706 E SurfaceFlinger: Permission Denial: SurfaceFlinger did not recognize request code: 21005
07-26 20:53:57.094   919  1039 E AALCust : Check value virtualValue10 = 494
07-26 20:53:57.107   752  2706 E SurfaceFlinger: Permission Denial: SurfaceFlinger did not recognize request code: 21005
07-26 20:53:57.110 22636 22920 E SubscriptionManagerWrapper: java.lang.NoSuchMethodException: android.telephony.SubscriptionManager.getActiveDataSubscriptionId []
07-26 20:53:57.110   919  1039 E AALCust : Check value virtualValue10 = 474
07-26 20:53:57.119 22636 22920 E SubscriptionManagerWrapper: java.lang.NoSuchMethodException: android.telephony.SubscriptionManager.getActiveDataSubscriptionId []
07-26 20:53:57.123   752  2706 E SurfaceFlinger: Permission Denial: SurfaceFlinger did not recognize request code: 21005
07-26 20:53:57.127   919  1039 E AALCust : Check value virtualValue10 = 454
07-26 20:53:57.140   752  2706 E SurfaceFlinger: Permission Denial: SurfaceFlinger did not recognize request code: 21005
07-26 20:53:57.144   919  1039 E AALCust : Check value virtualValue10 = 434
07-26 20:53:57.146   919  1039 D AAL     : 07-26 08:53:57.079 BL= 514,ESS= 256, 07-26 08:53:57.096 BL= 494,ESS= 256, 07-26 08:53:57.113 BL= 474,ESS= 256, 07-26 08:53:57.130 BL= 454,ESS= 256, 07-26 08:53:57.146 BL= 434,ESS= 256, 
07-26 20:53:57.157   752  2706 E SurfaceFlinger: Permission Denial: SurfaceFlinger did not recognize request code: 21005
07-26 20:53:57.161   919  1039 E AALCust : Check value virtualValue10 = 414
07-26 20:53:57.173   752  2706 E SurfaceFlinger: Permission Denial: SurfaceFlinger did not recognize request code: 21005
07-26 20:53:57.177   919  1039 E AALCust : Check value virtualValue10 = 394
07-26 20:53:57.190   752  2706 E SurfaceFlinger: Permission Denial: SurfaceFlinger did not recognize request code: 21005
07-26 20:53:57.194   919  1039 E AALCust : Check value virtualValue10 = 374
07-26 20:53:57.207   752  2706 E SurfaceFlinger: Permission Denial: SurfaceFlinger did not recognize request code: 21005
07-26 20:53:57.211   919  1039 E AALCust : Check value virtualValue10 = 354
07-26 20:53:57.223   752  1508 E SurfaceFlinger: Permission Denial: SurfaceFlinger did not recognize request code: 21005
07-26 20:53:57.227   919  1039 E AALCust : Check value virtualValue10 = 334
07-26 20:53:57.230   919  1039 D AAL     : 07-26 08:53:57.163 BL= 414,ESS= 256, 07-26 08:53:57.179 BL= 394,ESS= 256, 07-26 08:53:57.196 BL= 374,ESS= 256, 07-26 08:53:57.213 BL= 354,ESS= 256, 07-26 08:53:57.230 BL= 334,ESS= 256, 
07-26 20:53:57.240   752  1508 E SurfaceFlinger: Permission Denial: SurfaceFlinger did not recognize request code: 21005
07-26 20:53:57.244   919  1039 E AALCust : Check value virtualValue10 = 314
07-26 20:53:57.256   752  1508 E SurfaceFlinger: Permission Denial: SurfaceFlinger did not recognize request code: 21005
07-26 20:53:57.261   919  1039 E AALCust : Check value virtualValue10 = 294
07-26 20:53:57.273   752  1508 E SurfaceFlinger: Permission Denial: SurfaceFlinger did not recognize request code: 21005
07-26 20:53:57.277   919  1039 E AALCust : Check value virtualValue10 = 274
07-26 20:53:57.289   752  1508 E SurfaceFlinger: Permission Denial: SurfaceFlinger did not recognize request code: 21005
07-26 20:53:57.294   919  1039 E AALCust : Check value virtualValue10 = 254
07-26 20:53:57.306   752  1508 E SurfaceFlinger: Permission Denial: SurfaceFlinger did not recognize request code: 21005
07-26 20:53:57.311   919  1039 E AALCust : Check value virtualValue10 = 234
07-26 20:53:57.313   919  1039 D AAL     : 07-26 08:53:57.246 BL= 314,ESS= 256, 07-26 08:53:57.263 BL= 294,ESS= 256, 07-26 08:53:57.280 BL= 274,ESS= 256, 07-26 08:53:57.296 BL= 254,ESS= 256, 07-26 08:53:57.313 BL= 234,ESS= 256, 
07-26 20:53:57.323   752  1508 E SurfaceFlinger: Permission Denial: SurfaceFlinger did not recognize request code: 21005
07-26 20:53:57.327   919  1039 E AALCust : Check value virtualValue10 = 214
07-26 20:53:57.344   919  1039 E AALCust : Check value virtualValue10 = 194
07-26 20:53:57.361   919  1039 E AALCust : Check value virtualValue10 = 174
07-26 20:53:57.377   919  1039 E AALCust : Check value virtualValue10 = 154
07-26 20:53:57.394   919  1039 E AALCust : Check value virtualValue10 = 134
07-26 20:53:57.397   919  1039 D AAL     : 07-26 08:53:57.330 BL= 214,ESS= 256, 07-26 08:53:57.346 BL= 194,ESS= 256, 07-26 08:53:57.363 BL= 174,ESS= 256, 07-26 08:53:57.380 BL= 154,ESS= 256, 07-26 08:53:57.397 BL= 134,ESS= 256, 
07-26 20:53:57.411   919  1039 E AALCust : Check value virtualValue10 = 114
07-26 20:53:57.428   919  1039 E AALCust : Check value virtualValue10 = 94
07-26 20:53:57.443  1537  1699 E WifiVendorHal: getWifiLinkLayerStats_1_3_Internal(l.936) failed {.code = ERROR_NOT_SUPPORTED, .description = }
07-26 20:53:57.444   919  1039 E AALCust : Check value virtualValue10 = 74
07-26 20:53:57.461   919  1039 E AALCust : Check value virtualValue10 = 54
07-26 20:53:57.307  1537  1793 I chatty  : uid=1000(system) PhotonicModulat identical 66 lines
07-26 20:53:57.323  1537  1793 I OppoLightsService: SurfaceFlinger transaction exception 
07-26 20:53:57.470  1537  1592 D OppoDisplayPowerControlBrightnessHelper: Atlas report manual data:EventID,608,mManualBacklightTotalTime,1286,mManualMaxBacklightTotalTime,0,mManualTotalTimeLargeLux_10000,0,mManualTotalTimeLargeLux_20000,0,mManualTotalTimeLargeLux_30000,0,mManualTotalTimeLargeLux_40000,0,mManualTotalTimeLargeLux_60000,0
07-26 20:53:57.474  3026  7642 W ContextImpl: Calling a method in the system process without a qualified user: android.app.ContextImpl.startService:1609 android.content.ContextWrapper.startService:680 oppo.util.OppoStatistics.startDcsService:429 oppo.util.OppoStatistics.access$100:40 oppo.util.OppoStatistics$1.run:186 
07-26 20:53:57.478   919  1039 E AALCust : Check value virtualValue10 = 35
07-26 20:53:57.479  8544  8567 W DCS     : Record event failed. DCS reject event: [appId=20120,logTag=psw_multimedia,eventId=20181204] . Pls check server config.
07-26 20:53:57.480  1537  1592 D OppoDisplayPowerControlBrightnessHelper: handleMessage:103
07-26 20:53:57.480   919  1039 D AAL     : 07-26 08:53:57.413 BL= 114,ESS= 256, 07-26 08:53:57.430 BL=  94,ESS= 256, 07-26 08:53:57.447 BL=  74,ESS= 256, 07-26 08:53:57.463 BL=  54,ESS= 256, 07-26 08:53:57.480 BL=  35,ESS= 256, 
07-26 20:53:57.485   907 12672 E lsc_nvram: [do_mkdir] fail to mkdir [/sdcard/shading_otp]: 13[Permission denied] (do_mkdir){#65:vendor/mediatek/proprietary/hardware/mtkcam/aaa/source/isp_40/lsc_mgr/LscUtil.h}
07-26 20:53:57.482   907   907 W HwBinder:907_3: type=1400 audit(0.0:278526): avc: denied { search } for name="0" dev="mmcblk0p45" ino=85 scontext=u:r:mtk_hal_camera:s0 tcontext=u:object_r:media_rw_data_file:s0 tclass=dir permissive=0
07-26 20:53:57.482   907   907 W HwBinder:907_3: type=1400 audit(0.0:278527): avc: denied { search } for name="0" dev="mmcblk0p45" ino=85 scontext=u:r:mtk_hal_camera:s0 tcontext=u:object_r:media_rw_data_file:s0 tclass=dir permissive=0
07-26 20:53:58.486   907 12672 E lsc_nvram: [do_mkdir] fail to mkdir [/sdcard/shading_otp]: 13[Permission denied] (do_mkdir){#65:vendor/mediatek/proprietary/hardware/mtkcam/aaa/source/isp_40/lsc_mgr/LscUtil.h}
07-26 20:53:58.482   907   907 W HwBinder:907_3: type=1400 audit(0.0:278528): avc: denied { search } for name="0" dev="mmcblk0p45" ino=85 scontext=u:r:mtk_hal_camera:s0 tcontext=u:object_r:media_rw_data_file:s0 tclass=dir permissive=0
07-26 20:53:58.482   907   907 W HwBinder:907_3: type=1400 audit(0.0:278529): avc: denied { search } for name="0" dev="mmcblk0p45" ino=85 scontext=u:r:mtk_hal_camera:s0 tcontext=u:object_r:media_rw_data_file:s0 tclass=dir permissive=0
07-26 20:53:58.695   721   721 W         : thermal_hal: mtk_get_temperatures: failed to open directory /proc/mtktz/mtktsbattery: Unknown error -2
07-26 20:53:58.702   721   721 I chatty  : uid=1000(system) thermal@1.0-ser identical 4 lines
07-26 20:53:58.703   721   721 W         : thermal_hal: mtk_get_temperatures: failed to open directory /proc/mtktz/mtktsbattery: Unknown error -2
07-26 20:53:59.482   907   907 W HwBinder:907_3: type=1400 audit(0.0:278530): avc: denied { search } for name="0" dev="mmcblk0p45" ino=85 scontext=u:r:mtk_hal_camera:s0 tcontext=u:object_r:media_rw_data_file:s0 tclass=dir permissive=0
07-26 20:53:59.487   907 12672 E lsc_nvram: [do_mkdir] fail to mkdir [/sdcard/shading_otp]: 13[Permission denied] (do_mkdir){#65:vendor/mediatek/proprietary/hardware/mtkcam/aaa/source/isp_40/lsc_mgr/LscUtil.h}
07-26 20:53:59.482   907   907 W HwBinder:907_3: type=1400 audit(0.0:278531): avc: denied { search } for name="0" dev="mmcblk0p45" ino=85 scontext=u:r:mtk_hal_camera:s0 tcontext=u:object_r:media_rw_data_file:s0 tclass=dir permissive=0
07-26 20:53:59.622  1537  1576 D OppoThermalStats: reset mHaveCaptured:false
07-26 20:53:59.954   870   870 W bspCriticalLog: type=1400 audit(0.0:278532): avc: denied { search } for name="power_supply" dev="sysfs" ino=34704 scontext=u:r:bspCriticalLog:s0 tcontext=u:object_r:sysfs_battery_supply:s0 tclass=dir permissive=0
07-26 20:54:00.000  1537  1664 V AlarmManager: set(null) : type=3 when=151775233whenElapsed151775233maxWhen =151775233 win=0 interval=0 flags=0x1 pkg = android
07-26 20:53:59.954   870   870 I chatty  : uid=1000(system) /system/bin/bspCriticalLog identical 1 line
07-26 20:53:59.954   870   870 W bspCriticalLog: type=1400 audit(0.0:278534): avc: denied { search } for name="power_supply" dev="sysfs" ino=34704 scontext=u:r:bspCriticalLog:s0 tcontext=u:object_r:sysfs_battery_supply:s0 tclass=dir permissive=0
07-26 20:54:00.059 22636 22636 I ndroid.systemu: Explicit concurrent copying GC freed 5248(300KB) AllocSpace objects, 0(0B) LOS objects, 66% free, 17MB/51MB, paused 200us total 293.971ms
