07-26 20:48:19.987  1537  2490 I ActivityManager: Killing 8628:com.google.android.googlequicksearchbox:search/u0a160 (adj 985): empty #9
07-26 20:48:19.988  1537  1804 V ActivityManager: New death recipient com.android.server.am.ActivityManagerService$AppDeathRecipient@c5b3e46 for thread android.os.BinderProxy@ff70807, pid:9389,mApp:null
07-26 20:48:19.992  1537  1804 D DEBUG_VISIBILITY: mOccluded:false lastOccluded:false
07-26 20:48:19.995  1537  1804 D DEBUG_VISIBILITY: mOccluded:false lastOccluded:false
07-26 20:48:19.999  1537  1804 I ColorAppSwitchManagerService: appswitch hasProcess ActivityRecord{137771f u0 com.coloros.gallery3d/com.oppo.gallery3d.app.GalleryOppoShareActivity t4252}
07-26 20:48:20.000  1537  1804 I ColorAppSwitchManagerService: appswitch hasProcess ActivityRecord{137771f u0 com.coloros.gallery3d/com.oppo.gallery3d.app.GalleryOppoShareActivity t4252}
07-26 20:48:20.000  1537  1804 I ColorZoomWindowManagerService: topResumedActivityChanged start r = ActivityRecord{137771f u0 com.coloros.gallery3d/com.oppo.gallery3d.app.GalleryOppoShareActivity t4252}
07-26 20:48:20.000  1537  1804 I ColorZoomWindowManagerService: WINDOWING_MODE_FULLSCREEN : will notifyZoomWindowHide
07-26 20:48:20.001  1537  1804 I ColorZoomWindowDebugConfig: disableDebugLifeCycle before: DEBUG_LIFE_CYCLE = false
07-26 20:48:20.001  1537  1804 I ColorZoomWindowDebugConfig: disableDebugLifeCycle after: DEBUG_LIFE_CYCLE = false
07-26 20:48:20.003  1537  1804 W ColorAccessControlManagerService: notifyZoomWindowExit: stack=ActivityStack{d0abd34 stackId=33 type=standard mode=fullscreen visible=true translucent=true, 1 tasks}  windowMode=1  topActivity=ActivityRecord{137771f u0 com.coloros.gallery3d/com.oppo.gallery3d.app.GalleryOppoShareActivity t4252}  toFullScreen = true
07-26 20:48:20.004  1537  1804 V ColorZoomWindowManagerService: notifyZoomWindowHide: 
07-26 20:48:20.004  1537  1804 I chatty  : uid=1000(system) Binder:1537_5 identical 1 line
07-26 20:48:20.004  1537  1804 V ColorZoomWindowManagerService: notifyZoomWindowHide: 
07-26 20:48:20.004  1537  1804 I ColorZoomWindowManagerService: topResumedActivityChanged end
07-26 20:48:20.007  1537  1804 V WindowManager: Changing focus from Window{e05afd u0 com.oppo.launcher/com.oppo.launcher.Launcher} to null
07-26 20:48:20.015  1537  1804 D DEBUG_VISIBILITY: mOccluded:false lastOccluded:false
07-26 20:48:20.032  1537  1562 D OppoOomAjusterHelper: TOP_APP is ProcessRecord{4f21da3 9389:com.coloros.gallery3d/u0a74} uid is 10074
07-26 20:48:20.036  1537  2494 V ActivityManager: Death received in com.android.server.am.ActivityManagerService$AppDeathRecipient@2d6f98c for thread android.os.BinderProxy@3d918d5, mPid:8628,mApp:ProcessRecord{10ee24 8628:com.google.android.googlequicksearchbox:search/u0a160}
07-26 20:48:20.052  1537  2494 D ColorAppListInterceptManager: shouldFilterTask
07-26 20:48:20.052  1537  2494 D ColorAppListInterceptManager: shouldFilterTask::packageName = com.coloros.gallery3d
07-26 20:48:20.052  1537  2494 D ColorAppListInterceptManager: shouldFilterTask
07-26 20:48:20.052  1537  2494 D ColorAppListInterceptManager: shouldFilterTask::packageName = com.coloros.filemanager
07-26 20:48:20.063  1537  2264 V AlarmManager: set(PendingIntent{d90bbb8: PendingIntentRecord{34a416e com.google.android.gms broadcastIntent}}) : type=3 when=151801496whenElapsed151801496maxWhen =152121145 win=319649 interval=0 flags=0x0 pkg = com.google.android.gms
07-26 20:48:20.452  9389  9389 D ActivityThread: Loading provider com.oppo.gallery3d.multiprocess.sharepreference: com.oppo.gallery3d.util.multiprocess.MultiProcessSharePreferenceProvider
07-26 20:48:20.641  1537  4599 V AlarmManager: set(PendingIntent{448dadf: PendingIntentRecord{1270158 com.coloros.gallery3d broadcastIntent}}) : type=0 when=1753569466036whenElapsed177741270maxWhen =177741270 win=0 interval=0 flags=0x4 pkg = com.coloros.gallery3d
07-26 20:48:20.847  1537  1577 I ActivityManager: Start proc 9470:com.heytap.cloud/u0a60 for content provider {com.heytap.cloud/com.cloud.base.commonsdk.state.CloudStatusProvider}
07-26 20:48:20.874  1537  1551 V ActivityManager: New death recipient com.android.server.am.ActivityManagerService$AppDeathRecipient@e4fa563 for thread android.os.BinderProxy@9dfc560, pid:9470,mApp:null
07-26 20:48:20.876  1537  1551 D DEBUG_VISIBILITY: mOccluded:false lastOccluded:false
07-26 20:48:20.938  1537  1577 I ActivityManager: Start proc 9490:com.coloros.oshare/u0a116 for service {com.coloros.oshare/com.coloros.oshare.OShareClient}
07-26 20:48:20.972  1537  3278 V ActivityManager: New death recipient com.android.server.am.ActivityManagerService$AppDeathRecipient@7820bec for thread android.os.BinderProxy@6892bb5, pid:9490,mApp:null
07-26 20:48:20.976  1537  3278 D DEBUG_VISIBILITY: mOccluded:false lastOccluded:false
07-26 20:48:20.990  9389  9389 D ColorViewRootUtil: initSwipState, isDisplayCompatApp false
07-26 20:48:20.990  9389  9389 D ColorViewRootUtil: updateScreenSize, mScreenHeight 1600,mScreenWidth:720,height:1600,width:720
07-26 20:48:21.011  1537  2493 V WindowManager: Changing focus from null to Window{8201c6d u0 com.coloros.gallery3d/com.oppo.gallery3d.app.GalleryOppoShareActivity}
07-26 20:48:21.057  9389  9389 D ColorViewRootUtil: initSwipState, isDisplayCompatApp false
07-26 20:48:21.058  9389  9389 D ColorViewRootUtil: updateScreenSize, mScreenHeight 1600,mScreenWidth:720,height:1600,width:720
07-26 20:48:21.105  1537  1577 I ActivityManager: Start proc 9529:com.heytap.usercenter/u0a66 for content provider {com.heytap.usercenter/com.platform.usercenter.newcommon.db.UserCenterContentProvider}
07-26 20:48:21.128  1537  3654 V ActivityManager: New death recipient com.android.server.am.ActivityManagerService$AppDeathRecipient@8955daa for thread android.os.BinderProxy@59edd9b, pid:9529,mApp:null
07-26 20:48:21.133  1537  3654 D DEBUG_VISIBILITY: mOccluded:false lastOccluded:false
07-26 20:48:21.461  1537  2115 D OppoBasePowerManagerService: restore job but not complete
07-26 20:48:21.461  1537  2115 D OppoBasePowerManagerService: restore job but not complete
07-26 20:48:21.742  1537  4599 D MtkConnectivityService: requestNetwork for uid/pid:10066/9529 NetworkRequest [ TRACK_DEFAULT id=4584, [ Capabilities: INTERNET&NOT_RESTRICTED&TRUSTED Uid: 10066] ]
07-26 20:48:21.790  1537  1577 I ActivityManager: Start proc 9619:com.heytap.mcs.appservice/1000 for service {com.heytap.mcs/com.heytap.mcs.biz.appservice.McsSdkService}
07-26 20:48:21.820  1537  2493 V ActivityManager: New death recipient com.android.server.am.ActivityManagerService$AppDeathRecipient@d63457b for thread android.os.BinderProxy@a923f98, pid:9619,mApp:null
07-26 20:48:21.822  1537  2493 D DEBUG_VISIBILITY: mOccluded:false lastOccluded:false
07-26 20:48:21.841  9529  9609 E ActivityThread: Failed to find provider info for com.platform.usercenter.vip
07-26 20:48:21.843  9529  9607 E ActivityThread: Failed to find provider info for com.platform.usercenter.vip
07-26 20:48:21.846  9529  9550 E ActivityThread: Failed to find provider info for com.platform.usercenter.vip
07-26 20:48:21.850  9529  9551 E ActivityThread: Failed to find provider info for com.platform.usercenter.vip
07-26 20:48:21.856  9529  9610 E ActivityThread: Failed to find provider info for com.platform.usercenter.vip
07-26 20:48:21.931  9529  9609 E ActivityThread: Failed to find provider info for com.platform.usercenter.vip
07-26 20:48:21.990  1537  4602 W ActivityManager: Permission Denial: getCurrentUser() from pid=9529, uid=10066 requires android.permission.INTERACT_ACROSS_USERS
07-26 20:48:22.051  9529  9607 E ActivityThread: Failed to find provider info for com.platform.usercenter.vip
07-26 20:48:22.093  1537  4602 I WindowManager: Relayout Window{f1d6c25 u0 com.coloros.gallery3d/com.oppo.gallery3d.app.GalleryOppoShareActivity}: oldVis=4 newVis=0 focusMayChange = true
07-26 20:48:22.150  1537  1817 W ContextImpl: Calling a method in the system process without a qualified user: android.app.ContextImpl.startService:1609 oppo.util.OppoStatistics.startDcsService:429 oppo.util.OppoStatistics.access$100:40 oppo.util.OppoStatistics$1.run:186 java.util.concurrent.ThreadPoolExecutor.runWorker:1167 
07-26 20:48:22.152  1537  4599 D ColorJobScheduleManager: scheduleOpTimeOut set oppo job timeout to 2 hour
07-26 20:48:22.152  1537  4599 D JobServiceContext: scheduleOpTimeOut set job timeout ajustedTimeoutMillis = 7200000
07-26 20:48:22.164  1537  4602 I ActivityManager: Killing 7389:com.android.vending:background/u0a162 (adj 985): empty #9
07-26 20:48:22.193  9389  9389 D ColorViewRootUtil: initSwipState, isDisplayCompatApp false
07-26 20:48:22.194  9529  9607 E ActivityThread: Failed to find provider info for com.platform.usercenter.vip
07-26 20:48:22.195  9389  9389 D ColorViewRootUtil: updateScreenSize, mScreenHeight 1600,mScreenWidth:720,height:1600,width:720
07-26 20:48:22.196  9389  9389 D ColorViewRootUtil: initSwipState, isDisplayCompatApp false
07-26 20:48:22.197  9389  9389 D ColorViewRootUtil: updateScreenSize, mScreenHeight 1600,mScreenWidth:720,height:1600,width:720
07-26 20:48:22.224  1537  4602 D DEBUG_VISIBILITY: mOccluded:false lastOccluded:false
07-26 20:48:22.267  1537  3278 D MtkConnectivityService: ConnectivityService NetworkRequestInfo binderDied(NetworkRequest [ TRACK_DEFAULT id=4574, [ Capabilities: INTERNET&NOT_RESTRICTED&TRUSTED Uid: 10162] ], android.os.BinderProxy@1dea686)
07-26 20:48:22.267  1537  2503 D MtkConnectivityService: ConnectivityService NetworkRequestInfo binderDied(NetworkRequest [ TRACK_DEFAULT id=4573, [ Capabilities: INTERNET&NOT_RESTRICTED&TRUSTED Uid: 10162] ], android.os.BinderProxy@b284c9d)
07-26 20:48:22.267  1537  4601 D MtkConnectivityService: ConnectivityService NetworkRequestInfo binderDied(NetworkRequest [ TRACK_DEFAULT id=4578, [ Capabilities: INTERNET&NOT_RESTRICTED&TRUSTED Uid: 10162] ], android.os.BinderProxy@526ff74)
07-26 20:48:22.267  1537  4602 D MtkConnectivityService: ConnectivityService NetworkRequestInfo binderDied(NetworkRequest [ LISTEN id=4575, [ Capabilities: INTERNET&NOT_RESTRICTED&TRUSTED Uid: 10162] ], android.os.BinderProxy@42deb47)
07-26 20:48:22.267  1537  3654 V ActivityManager: Death received in com.android.server.am.ActivityManagerService$AppDeathRecipient@c1e91e1 for thread android.os.BinderProxy@e7cdb06, mPid:7389,mApp:ProcessRecord{b2791a7 7389:com.android.vending:background/u0a162}
07-26 20:48:22.269  1537  1717 D MtkConnectivityService: releasing NetworkRequest [ TRACK_DEFAULT id=4574, [ Capabilities: INTERNET&NOT_RESTRICTED&TRUSTED Uid: 10162] ] (release request)
07-26 20:48:22.271  1537  1717 D MtkConnectivityService: releasing NetworkRequest [ TRACK_DEFAULT id=4573, [ Capabilities: INTERNET&NOT_RESTRICTED&TRUSTED Uid: 10162] ] (release request)
07-26 20:48:22.272  1537  1717 D MtkConnectivityService: releasing NetworkRequest [ TRACK_DEFAULT id=4578, [ Capabilities: INTERNET&NOT_RESTRICTED&TRUSTED Uid: 10162] ] (release request)
07-26 20:48:22.311  1537  1563 I ColorAppSwitchManagerService:  handleAppVisible , r = ActivityRecord{137771f u0 com.coloros.gallery3d/com.oppo.gallery3d.app.GalleryOppoShareActivity t4252}
07-26 20:48:22.311  1537  1563 V ColorZoomWindowManagerService: onAnimationFinished:  r=ActivityRecord{137771f u0 com.coloros.gallery3d/com.oppo.gallery3d.app.GalleryOppoShareActivity t4252}
07-26 20:48:22.311  1537  1563 V WindowManager: adjustNotShowWallpaperByOppo: false
07-26 20:48:22.318  1537  1563 I chatty  : uid=1000(system) android.anim identical 4 lines
07-26 20:48:22.318  1537  1563 V WindowManager: adjustNotShowWallpaperByOppo: false
07-26 20:48:22.335  2189  1861 W ContextImpl: Calling a method in the system process without a qualified user: android.app.ContextImpl.startService:1609 android.content.ContextWrapper.startService:680 a.a.a.a.c.a.b:13 a.a.a.a.c.a.a:234 a.a.a.a.a.c.a:16 
07-26 20:48:22.335  9619  9695 W ContextImpl: Calling a method in the system process without a qualified user: android.app.ContextImpl.startService:1609 android.content.ContextWrapper.startService:680 com.heytap.mcs.g.a.a:93 com.heytap.mcs.f.a.a:1 com.heytap.mcs.m.e.a:28 
07-26 20:48:22.350  9529  9607 E ActivityThread: Failed to find provider info for com.platform.usercenter.vip
07-26 20:48:22.416  9529  9607 I chatty  : uid=10066(com.heytap.usercenter) identical 1 line
07-26 20:48:22.455  9529  9607 E ActivityThread: Failed to find provider info for com.platform.usercenter.vip
07-26 20:48:23.834  1537  3654 D ColorJobScheduleManager: scheduleOpTimeOut set oppo job timeout to 2 hour
07-26 20:48:23.834  1537  3654 D JobServiceContext: scheduleOpTimeOut set job timeout ajustedTimeoutMillis = 7200000
07-26 20:48:23.905  9389  9389 D ColorViewRootUtil: nav gesture mode swipeFromBottom ignore false downX 387 downY 1383 mScreenHeight 1600 mScreenWidth 720 mStatusBarHeight 36 globalScale 1.125 nav mode 3 event MotionEvent { action=ACTION_DOWN, actionButton=0, id[0]=0, x[0]=387.0, y[0]=1383.0, toolType[0]=TOOL_TYPE_FINGER, buttonState=0, classification=NONE, metaState=0, flags=0x0, edgeFlags=0x0, pointerCount=1, historySize=0, eventTime=122753902, downTime=122753902, deviceId=2, source=0x1002, displayId=0 } rotation 0
07-26 20:48:24.704  9389  9389 D ColorViewRootUtil: nav gesture mode swipeFromBottom ignore false downX 340 downY 1373 mScreenHeight 1600 mScreenWidth 720 mStatusBarHeight 36 globalScale 1.125 nav mode 3 event MotionEvent { action=ACTION_DOWN, actionButton=0, id[0]=0, x[0]=340.0, y[0]=1373.0, toolType[0]=TOOL_TYPE_FINGER, buttonState=0, classification=NONE, metaState=0, flags=0x0, edgeFlags=0x0, pointerCount=1, historySize=0, eventTime=122754702, downTime=122754702, deviceId=2, source=0x1002, displayId=0 } rotation 0
07-26 20:48:25.053  1537  1537 D TorchManagerService: temperature: 310, bTorchMode: false, switchOn: true, threshold: 460, showing: false, mbIsSafetyTemperatureScene: false
07-26 20:48:25.404  9389  9389 D ColorViewRootUtil: nav gesture mode swipeFromBottom ignore false downX 348 downY 1356 mScreenHeight 1600 mScreenWidth 720 mStatusBarHeight 36 globalScale 1.125 nav mode 3 event MotionEvent { action=ACTION_DOWN, actionButton=0, id[0]=0, x[0]=348.0, y[0]=1356.0, toolType[0]=TOOL_TYPE_FINGER, buttonState=0, classification=NONE, metaState=0, flags=0x0, edgeFlags=0x0, pointerCount=1, historySize=0, eventTime=122755402, downTime=122755402, deviceId=2, source=0x1002, displayId=0 } rotation 0
07-26 20:48:26.021  9389  9389 D ColorViewRootUtil: nav gesture mode swipeFromBottom ignore false downX 467 downY 1250 mScreenHeight 1600 mScreenWidth 720 mStatusBarHeight 36 globalScale 1.125 nav mode 3 event MotionEvent { action=ACTION_DOWN, actionButton=0, id[0]=0, x[0]=467.0, y[0]=1250.0, toolType[0]=TOOL_TYPE_FINGER, buttonState=0, classification=NONE, metaState=0, flags=0x0, edgeFlags=0x0, pointerCount=1, historySize=0, eventTime=122756019, downTime=122756019, deviceId=2, source=0x1002, displayId=0 } rotation 0
07-26 20:48:26.128  1537  3654 I ActivityTaskManager: START u0 {act=android.intent.action.SEND typ=image/* flg=0xb880001 cmp=com.whatsapp/.contact.ui.picker.ContactPicker clip={image/* U:content://media/external/images/media/47619} (has extras) mCallingUid=10074} from uid 10074 and from pid 9389
07-26 20:48:26.129  1537  3654 W ColorAccessControlManagerService: getCheckAccessControlIntent: aInfo=ActivityInfo{9729927 com.whatsapp.contact.ui.picker.ContactPicker} has pass   intent=Intent { act=android.intent.action.SEND typ=image/* flg=0xb880001 cmp=com.whatsapp/.contact.ui.picker.ContactPicker clip={image/* U:content://media/external/images/media/47619} (has extras) mCallingUid=10074 }
07-26 20:48:26.142  1537  3654 I OppoActivityStack: create OppoActivityStack
07-26 20:48:26.159  1537  1563 D OppoPhoneWindowManager: handleStartingWindow spend time =: 1
07-26 20:48:26.165  1537  1563 D ColorViewRootUtil: initSwipState, isDisplayCompatApp false
07-26 20:48:26.165  1537  1563 D ColorViewRootUtil: updateScreenSize, mScreenHeight 1600,mScreenWidth:720,height:1600,width:720
07-26 20:48:26.168  1537  3654 V WindowManager: Changing focus from Window{8201c6d u0 com.coloros.gallery3d/com.oppo.gallery3d.app.GalleryOppoShareActivity EXITING} to Window{f1d6c25 u0 com.coloros.gallery3d/com.oppo.gallery3d.app.GalleryOppoShareActivity}
07-26 20:48:26.184  1537  2503 I ColorAccessController: enter isIgnoreAppSwitchActivity
07-26 20:48:26.184  1537  2503 I ColorAccessController: enter isIgnoreAppSwitchActivity and intent != null
07-26 20:48:26.184  1537  2503 I ColorAccessController: enter isIgnoreAppSwitchActivity and componentName != null
07-26 20:48:26.184  1537  2503 I ColorAccessController: enter isIgnoreAppSwitchActivity and packageName&activity is not Empty
07-26 20:48:26.185  1537  2503 D DEBUG_VISIBILITY: mOccluded:false lastOccluded:false
07-26 20:48:26.186  1537  2503 D DEBUG_VISIBILITY: mOccluded:false lastOccluded:false
07-26 20:48:26.188  1537  2503 I ColorZoomWindowManagerService: topResumedActivityChanged start r = ActivityRecord{58e1472 u0 com.whatsapp/.contact.ui.picker.ContactPicker t4253}
07-26 20:48:26.188  1537  2503 I ColorZoomWindowManagerService: WINDOWING_MODE_FULLSCREEN : will notifyZoomWindowHide
07-26 20:48:26.188  1537  2503 I ColorZoomWindowDebugConfig: disableDebugLifeCycle before: DEBUG_LIFE_CYCLE = false
07-26 20:48:26.188  1537  2503 I ColorZoomWindowDebugConfig: disableDebugLifeCycle after: DEBUG_LIFE_CYCLE = false
07-26 20:48:26.188  1537  2503 W ColorAccessControlManagerService: notifyZoomWindowExit: stack=ActivityStack{d5f599c stackId=34 type=standard mode=fullscreen visible=true translucent=false, 1 tasks}  windowMode=1  topActivity=ActivityRecord{58e1472 u0 com.whatsapp/.contact.ui.picker.ContactPicker t4253}  toFullScreen = true
07-26 20:48:26.188  1537  2503 V ColorZoomWindowManagerService: notifyZoomWindowHide: 
07-26 20:48:26.188  1537  2503 I chatty  : uid=1000(system) Binder:1537_D identical 1 line
07-26 20:48:26.188  1537  2503 V ColorZoomWindowManagerService: notifyZoomWindowHide: 
07-26 20:48:26.188  1537  2503 I ColorZoomWindowManagerService: topResumedActivityChanged end
07-26 20:48:26.191  1537  2503 V WindowManager: Changing focus from Window{f1d6c25 u0 com.coloros.gallery3d/com.oppo.gallery3d.app.GalleryOppoShareActivity} to null
07-26 20:48:26.193  1537  2503 D DEBUG_VISIBILITY: mOccluded:false lastOccluded:false
07-26 20:48:26.195  1537  2503 D DEBUG_VISIBILITY: mOccluded:false lastOccluded:false
07-26 20:48:26.199  1537  1562 D OppoOomAjusterHelper: TOP_APP is ProcessRecord{8e067af 27269:com.whatsapp/u0a214} uid is 10214
07-26 20:48:26.217  1537  1563 D ColorViewRootUtil: initSwipState, isDisplayCompatApp false
07-26 20:48:26.217  1537  1563 D ColorViewRootUtil: updateScreenSize, mScreenHeight 1600,mScreenWidth:720,height:1600,width:720
07-26 20:48:26.220  1537  1563 V ColorZoomWindowManagerService: onAnimationFinished:  r=ActivityRecord{137771f u0 com.coloros.gallery3d/com.oppo.gallery3d.app.GalleryOppoShareActivity t4252 f}
07-26 20:48:26.224  1537  1563 I ColorAppSwitchManagerService:  handleAppVisible , r = ActivityRecord{58e1472 u0 com.whatsapp/.contact.ui.picker.ContactPicker t4253}
07-26 20:48:26.224  1537  1563 V ColorZoomWindowManagerService: onAnimationFinished:  r=ActivityRecord{58e1472 u0 com.whatsapp/.contact.ui.picker.ContactPicker t4253}
07-26 20:48:26.224  1537  1563 I ColorAppSwitchManagerService:  handleAppVisible , r = ActivityRecord{58e1472 u0 com.whatsapp/.contact.ui.picker.ContactPicker t4253}
07-26 20:48:26.229  8544  8616 W ContextImpl: Calling a method in the system process without a qualified user: android.app.ContextImpl.startService:1609 android.content.ContextWrapper.startService:680 com.oppo.statistics.record.RecordHandler.startDcsService:210 com.oppo.statistics.record.RecordHandler.addTask:137 com.oppo.statistics.agent.CommonAgent.recordCommon:23 
07-26 20:48:26.240  1537  1563 V WindowManager: adjustNotShowWallpaperByOppo: false
07-26 20:48:26.240  1537  1563 V WindowManager: adjustNotShowWallpaperByOppo: false
07-26 20:48:26.262  1537  3654 V AlarmManager: set(PendingIntent{47a61cc: PendingIntentRecord{1affc15 com.coloros.athena startService}}) : type=0 when=1753543406260whenElapsed151681493maxWhen =151906492 win=224999 interval=0 flags=0x8 pkg = com.coloros.athena
07-26 20:48:26.268  1537  4599 V ColorZoomWindowManagerService: onAnimationFinished:  r=ActivityRecord{137771f u0 com.coloros.gallery3d/com.oppo.gallery3d.app.GalleryOppoShareActivity t4252 f}
07-26 20:48:26.270  1537  4599 V WindowManager: adjustNotShowWallpaperByOppo: false
07-26 20:48:26.270  1537  4599 V WindowManager: adjustNotShowWallpaperByOppo: false
07-26 20:48:26.286  1537  1563 V ColorZoomWindowManagerService: onAnimationFinished:  r=ActivityRecord{137771f u0 com.coloros.gallery3d/com.oppo.gallery3d.app.GalleryOppoShareActivity t-1 f}
07-26 20:48:26.305  1537  4601 D ColorAppListInterceptManager: shouldFilterTask
07-26 20:48:26.305  1537  4601 D ColorAppListInterceptManager: shouldFilterTask::packageName = com.whatsapp
07-26 20:48:26.305  1537  4601 D ColorAppListInterceptManager: shouldFilterTask
07-26 20:48:26.305  1537  4601 D ColorAppListInterceptManager: shouldFilterTask::packageName = com.coloros.filemanager
07-26 20:48:26.455  1537  3654 V AlarmManager: set(PendingIntent{3b48ff6: PendingIntentRecord{78d65a6 com.whatsapp broadcastIntent}}) : type=2 when=151681687whenElapsed151681687maxWhen =151681687 win=0 interval=0 flags=0x8 pkg = com.whatsapp
07-26 20:48:26.457  1537  1563 V ColorZoomWindowManagerService: onAnimationFinished:  r=ActivityRecord{dcc2fa4 u0 com.oppo.launcher/.Launcher t4249}
07-26 20:48:26.457  1537  1563 V WindowManager: adjustNotShowWallpaperByOppo: false
07-26 20:48:26.461  1537  1563 I chatty  : uid=1000(system) android.anim identical 1 line
07-26 20:48:26.493  1537  1563 V WindowManager: adjustNotShowWallpaperByOppo: false
07-26 20:48:26.564  1537  3654 D ColorAppListInterceptManager: shouldFilterTask
07-26 20:48:26.564  1537  3654 D ColorAppListInterceptManager: shouldFilterTask::packageName = com.whatsapp
07-26 20:48:26.564  1537  3654 D ColorAppListInterceptManager: shouldFilterTask
07-26 20:48:26.564  1537  3654 D ColorAppListInterceptManager: shouldFilterTask::packageName = com.whatsapp
07-26 20:48:26.597 27269 27269 D ColorViewRootUtil: initSwipState, isDisplayCompatApp false
07-26 20:48:26.597 27269 27269 D ColorViewRootUtil: updateScreenSize, mScreenHeight 1600,mScreenWidth:720,height:1600,width:720
07-26 20:48:26.627  1537  4599 I WindowManager: Relayout Window{43166ef u0 com.whatsapp/com.whatsapp.contact.ui.picker.ContactPicker}: oldVis=4 newVis=0 focusMayChange = true
07-26 20:48:26.632  1537  4599 V WindowManager: Changing focus from null to Window{43166ef u0 com.whatsapp/com.whatsapp.contact.ui.picker.ContactPicker}
07-26 20:48:26.667  1537  2115 D OppoBasePowerManagerService: restore job but not complete
07-26 20:48:26.687 27269 27269 D ColorViewRootUtil: initSwipState, isDisplayCompatApp false
07-26 20:48:26.688 27269 27269 D ColorViewRootUtil: updateScreenSize, mScreenHeight 1600,mScreenWidth:720,height:1600,width:720
07-26 20:48:26.693  1537  4599 D DEBUG_VISIBILITY: mOccluded:false lastOccluded:false
07-26 20:48:27.276  1537  4599 V AlarmManager: set(PendingIntent{f87468a: PendingIntentRecord{78d65a6 com.whatsapp broadcastIntent}}) : type=2 when=151682509whenElapsed151682509maxWhen =151682509 win=0 interval=0 flags=0x8 pkg = com.whatsapp
07-26 20:48:29.108 27269 27269 D ColorViewRootUtil: nav gesture mode swipeFromBottom ignore false downX 521 downY 1157 mScreenHeight 1600 mScreenWidth 720 mStatusBarHeight 36 globalScale 1.125 nav mode 3 event MotionEvent { action=ACTION_DOWN, actionButton=0, id[0]=0, x[0]=521.0, y[0]=1157.0, toolType[0]=TOOL_TYPE_FINGER, buttonState=0, classification=NONE, metaState=0, flags=0x0, edgeFlags=0x0, pointerCount=1, historySize=0, eventTime=122759103, downTime=122759103, deviceId=2, source=0x1002, displayId=0 } rotation 0
07-26 20:48:29.621  1537  2503 V AlarmManager: set(PendingIntent{a1b0918: PendingIntentRecord{78d65a6 com.whatsapp broadcastIntent}}) : type=2 when=151684849whenElapsed151684849maxWhen =151684849 win=0 interval=0 flags=0x8 pkg = com.whatsapp
07-26 20:48:29.629  1537  3654 V AlarmManager: set(PendingIntent{d9b4156: PendingIntentRecord{78735d7 com.whatsapp broadcastIntent}}) : type=2 when=151416857whenElapsed151416857maxWhen =151416857 win=0 interval=0 flags=0x8 pkg = com.whatsapp
07-26 20:48:29.908  1537  4599 V AlarmManager: set(PendingIntent{c281ad: PendingIntentRecord{f221ce2 com.whatsapp broadcastIntent}}) : type=3 when=151625140whenElapsed151625140maxWhen =151805139 win=179999 interval=0 flags=0x8 pkg = com.whatsapp
07-26 20:48:30.088  1537  4599 D AppOps  : checkOperation: uid reject #1 for code 87 uid 10160 package com.google.android.googlequicksearchbox
07-26 20:48:30.114  1537  1577 I ActivityManager: Start proc 9742:com.google.android.googlequicksearchbox:search/u0a160 for service {com.google.android.googlequicksearchbox/com.google.android.apps.gsa.publicsearch.PublicSearchService}
07-26 20:48:30.135  1537  4599 V ActivityManager: New death recipient com.android.server.am.ActivityManagerService$AppDeathRecipient@10d08cf for thread android.os.BinderProxy@a56025c, pid:9742,mApp:null
07-26 20:48:30.142  1537  4599 D DEBUG_VISIBILITY: mOccluded:false lastOccluded:false
07-26 20:48:30.941  1537  1537 D TorchManagerService: temperature: 310, bTorchMode: false, switchOn: true, threshold: 460, showing: false, mbIsSafetyTemperatureScene: false
07-26 20:48:31.292  1537  2503 I ActivityManager: Killing 8783:com.google.android.permissioncontroller/u0a65 (adj 985): empty #9
07-26 20:48:31.320  1537  2503 V ActivityManager: Death received in com.android.server.am.ActivityManagerService$AppDeathRecipient@173db88 for thread android.os.BinderProxy@e681921, mPid:8783,mApp:ProcessRecord{b520d9f 8783:com.google.android.permissioncontroller/u0a65}
07-26 20:48:32.629  1537  1577 I ActivityManager: Start proc 9816:com.google.android.apps.photos/u0a181 for service {com.google.android.apps.photos/com.google.android.libraries.social.mediamonitor.MediaMonitorJobSchedulerService}
07-26 20:48:32.658  1537  2493 V ActivityManager: New death recipient com.android.server.am.ActivityManagerService$AppDeathRecipient@2fe6d6 for thread android.os.BinderProxy@c3ead57, pid:9816,mApp:null
07-26 20:48:32.663  1537  2493 D DEBUG_VISIBILITY: mOccluded:false lastOccluded:false
07-26 20:48:32.670  1537  4601 W ActivityManager: Unable to start service Intent { cmp=com.google.android.apps.tachyon/.clientapi.ClientApiService } U=0: not found
07-26 20:48:33.523  1537  3654 D MtkConnectivityService: requestNetwork for uid/pid:10181/9816 NetworkRequest [ TRACK_DEFAULT id=4585, [ Capabilities: INTERNET&NOT_RESTRICTED&TRUSTED Uid: 10181] ]
07-26 20:48:33.537  1537  2503 W UriGrantsManagerService: No permission grants found for com.google.android.apps.photos
07-26 20:48:34.067  1537  2503 I chatty  : uid=1000(system) Binder:1537_D identical 2 lines
07-26 20:48:34.069  1537  2503 W UriGrantsManagerService: No permission grants found for com.google.android.apps.photos
07-26 20:48:34.210  1537  2503 D MtkConnectivityService: requestNetwork for uid/pid:10181/9816 NetworkRequest [ TRACK_DEFAULT id=4586, [ Capabilities: INTERNET&NOT_RESTRICTED&TRUSTED Uid: 10181] ]
07-26 20:48:34.459  1537  2493 W UriGrantsManagerService: No permission grants found for com.google.android.apps.photos
07-26 20:48:34.461  1537  2493 W UriGrantsManagerService: No permission grants found for com.google.android.apps.photos
07-26 20:48:34.790  1537  2503 W UriGrantsManagerService: No permission grants found for com.google.android.apps.photos
07-26 20:48:34.793  1537  2503 W UriGrantsManagerService: No permission grants found for com.google.android.apps.photos
07-26 20:48:34.924  1537  1717 D MtkConnectivityService: releasing NetworkRequest [ TRACK_DEFAULT id=4586, [ Capabilities: INTERNET&NOT_RESTRICTED&TRUSTED Uid: 10181] ] (release request)
07-26 20:48:35.015  1537  2503 W UriGrantsManagerService: No permission grants found for com.google.android.apps.photos
07-26 20:48:35.016  1537  2503 W UriGrantsManagerService: No permission grants found for com.google.android.apps.photos
07-26 20:48:35.198  1537  3654 V AlarmManager: set(PendingIntent{42b6783: PendingIntentRecord{743fb3d com.google.android.apps.photos broadcastIntent}}) : type=3 when=172990431whenElapsed172990431maxWhen =189190431 win=16200000 interval=21600000 flags=0x8 pkg = com.google.android.apps.photos
07-26 20:48:35.458  1537  2503 D OppoThermalStats: AnalizyPosition reach max limit, mAnalizyPosition=400 res=0
07-26 20:48:36.113  1537  3279 W UriGrantsManagerService: No permission grants found for com.google.android.apps.photos
07-26 20:48:36.113  1537  3279 W UriGrantsManagerService: No permission grants found for com.google.android.apps.photos
07-26 20:48:36.235  1537  3654 W UriGrantsManagerService: No permission grants found for com.google.android.apps.photos
07-26 20:48:36.236  1537  3654 W UriGrantsManagerService: No permission grants found for com.google.android.apps.photos
07-26 20:48:36.473  1537  1565 W Watchdog: **Get SF Time **0
07-26 20:48:36.832  1537  1537 D TorchManagerService: temperature: 310, bTorchMode: false, switchOn: true, threshold: 460, showing: false, mbIsSafetyTemperatureScene: false
07-26 20:48:37.166  1537  3654 W UriGrantsManagerService: No permission grants found for com.google.android.apps.photos
07-26 20:48:37.233  1537  3654 I chatty  : uid=1000(system) Binder:1537_12 identical 2 lines
07-26 20:48:37.233  1537  3654 W UriGrantsManagerService: No permission grants found for com.google.android.apps.photos
07-26 20:48:38.321  1537  2493 W UriGrantsManagerService: No permission grants found for com.google.android.apps.photos
07-26 20:48:38.321  1537  2493 W UriGrantsManagerService: No permission grants found for com.google.android.apps.photos
07-26 20:48:38.692 27269 27269 D ColorViewRootUtil: nav gesture mode swipeFromBottom ignore false downX 646 downY 1154 mScreenHeight 1600 mScreenWidth 720 mStatusBarHeight 36 globalScale 1.125 nav mode 3 event MotionEvent { action=ACTION_DOWN, actionButton=0, id[0]=0, x[0]=646.0, y[0]=1154.0, toolType[0]=TOOL_TYPE_FINGER, buttonState=0, classification=NONE, metaState=0, flags=0x0, edgeFlags=0x0, pointerCount=1, historySize=0, eventTime=122768688, downTime=122768688, deviceId=2, source=0x1002, displayId=0 } rotation 0
07-26 20:48:39.324  1537  4599 W UriGrantsManagerService: No permission grants found for com.google.android.apps.photos
07-26 20:48:39.324  1537  4599 W UriGrantsManagerService: No permission grants found for com.google.android.apps.photos
07-26 20:48:39.824 27269 27269 D ColorViewRootUtil: nav gesture mode swipeFromBottom ignore false downX 654 downY 87 mScreenHeight 1600 mScreenWidth 720 mStatusBarHeight 36 globalScale 1.125 nav mode 3 event MotionEvent { action=ACTION_DOWN, actionButton=0, id[0]=0, x[0]=654.0, y[0]=87.0, toolType[0]=TOOL_TYPE_FINGER, buttonState=0, classification=NONE, metaState=0, flags=0x0, edgeFlags=0x0, pointerCount=1, historySize=0, eventTime=122769821, downTime=122769821, deviceId=2, source=0x1002, displayId=0 } rotation 0
07-26 20:48:39.932  1537  3654 D InputMethodManagerService: bindCurrentInputMethodService: Intent { act=android.view.InputMethod cmp=com.google.android.inputmethod.latin/com.android.inputmethod.latin.LatinIME (has extras) }
07-26 20:48:40.298  1537  4599 I WindowManager: Relayout Window{2331727 u0 InputMethod}: oldVis=8 newVis=0 focusMayChange = true
07-26 20:48:40.334 27269 27269 D ColorViewRootUtil: initSwipState, isDisplayCompatApp false
07-26 20:48:40.335 27269 27269 D ColorViewRootUtil: updateScreenSize, mScreenHeight 1600,mScreenWidth:720,height:1600,width:720
07-26 20:48:40.358  1537  1563 V WindowManager: notifyWindowStateChange input show
07-26 20:48:40.358  1537  1563 I ColorZoomWindowManagerService: mCurrentInputMethodWindow before = Window{2331727 u0 InputMethod}
07-26 20:48:40.358  1537  1563 I ColorZoomWindowManagerService: mCurrentInputMethodWindow after = Window{2331727 u0 InputMethod}
07-26 20:48:40.358  1537  1563 I ColorZoomWindowManagerService: mInputMethodVisibility = false, surfaceShown = true
07-26 20:48:40.624  1537  3654 W UriGrantsManagerService: No permission grants found for com.google.android.apps.photos
07-26 20:48:40.625  1537  3654 W UriGrantsManagerService: No permission grants found for com.google.android.apps.photos
07-26 20:48:40.669 27269 27269 D ColorViewRootUtil: initSwipState, isDisplayCompatApp false
07-26 20:48:40.669 27269 27269 D ColorViewRootUtil: updateScreenSize, mScreenHeight 1600,mScreenWidth:720,height:1600,width:720
07-26 20:48:41.458  5260  5260 D ColorViewRootUtil: nav gesture mode swipeFromBottom ignore false downX 310 downY 1412 mScreenHeight 1600 mScreenWidth 720 mStatusBarHeight 36 globalScale 1.125 nav mode 3 event MotionEvent { action=ACTION_DOWN, actionButton=0, id[0]=0, x[0]=310.0, y[0]=1356.0, toolType[0]=TOOL_TYPE_FINGER, buttonState=0, classification=NONE, metaState=0, flags=0x0, edgeFlags=0x0, pointerCount=1, historySize=0, eventTime=122771455, downTime=122771455, deviceId=2, source=0x1002, displayId=0 } rotation 0
07-26 20:48:41.567  1537  4601 W UriGrantsManagerService: No permission grants found for com.google.android.apps.photos
07-26 20:48:41.568  1537  4601 W UriGrantsManagerService: No permission grants found for com.google.android.apps.photos
07-26 20:48:41.658  5260  5260 D ColorViewRootUtil: nav gesture mode swipeFromBottom ignore false downX 399 downY 1334 mScreenHeight 1600 mScreenWidth 720 mStatusBarHeight 36 globalScale 1.125 nav mode 3 event MotionEvent { action=ACTION_DOWN, actionButton=0, id[0]=0, x[0]=399.0, y[0]=1278.0, toolType[0]=TOOL_TYPE_FINGER, buttonState=0, classification=NONE, metaState=0, flags=0x0, edgeFlags=0x0, pointerCount=1, historySize=0, eventTime=122771655, downTime=122771655, deviceId=2, source=0x1002, displayId=0 } rotation 0
07-26 20:48:41.774  5260  5260 D ColorViewRootUtil: nav gesture mode swipeFromBottom ignore false downX 180 downY 1231 mScreenHeight 1600 mScreenWidth 720 mStatusBarHeight 36 globalScale 1.125 nav mode 3 event MotionEvent { action=ACTION_DOWN, actionButton=0, id[0]=0, x[0]=180.0, y[0]=1175.0, toolType[0]=TOOL_TYPE_FINGER, buttonState=0, classification=NONE, metaState=0, flags=0x0, edgeFlags=0x0, pointerCount=1, historySize=0, eventTime=122771772, downTime=122771772, deviceId=2, source=0x1002, displayId=0 } rotation 0
07-26 20:48:41.941  5260  5260 D ColorViewRootUtil: nav gesture mode swipeFromBottom ignore false downX 319 downY 1228 mScreenHeight 1600 mScreenWidth 720 mStatusBarHeight 36 globalScale 1.125 nav mode 3 event MotionEvent { action=ACTION_DOWN, actionButton=0, id[0]=0, x[0]=319.0, y[0]=1172.0, toolType[0]=TOOL_TYPE_FINGER, buttonState=0, classification=NONE, metaState=0, flags=0x0, edgeFlags=0x0, pointerCount=1, historySize=0, eventTime=122771939, downTime=122771939, deviceId=2, source=0x1002, displayId=0 } rotation 0
07-26 20:48:42.074  5260  5260 D ColorViewRootUtil: nav gesture mode swipeFromBottom ignore false downX 317 downY 1232 mScreenHeight 1600 mScreenWidth 720 mStatusBarHeight 36 globalScale 1.125 nav mode 3 event MotionEvent { action=ACTION_DOWN, actionButton=0, id[0]=0, x[0]=317.0, y[0]=1176.0, toolType[0]=TOOL_TYPE_FINGER, buttonState=0, classification=NONE, metaState=0, flags=0x0, edgeFlags=0x0, pointerCount=1, historySize=0, eventTime=122772072, downTime=122772072, deviceId=2, source=0x1002, displayId=0 } rotation 0
07-26 20:48:42.263  1537  2493 V ActivityManager: Death received in com.android.server.am.ActivityManagerService$AppDeathRecipient@d63457b for thread android.os.BinderProxy@a923f98, mPid:9619,mApp:ProcessRecord{31ffaa3 9619:com.heytap.mcs.appservice/1000}
07-26 20:48:42.263  1537  2493 I ActivityManager: Process com.heytap.mcs.appservice (pid 9619) has died: cch+25 CEM 
07-26 20:48:42.270  1537  2493 W ContextImpl: Calling a method in the system process without a qualified user: android.app.ContextImpl.sendBroadcast:1073 com.android.server.am.OppoExtraActivityManagerService.setKeyLockModeNormal:53 com.android.server.am.ActivityManagerService.appDiedLocked:4245 com.android.server.am.ActivityManagerService$AppDeathRecipient.binderDied:1682 android.os.BinderProxy.sendDeathNotice:633 
07-26 20:48:42.464  1537  3654 V AlarmManager: set(PendingIntent{7d7f4b8: PendingIntentRecord{78d65a6 com.whatsapp broadcastIntent}}) : type=2 when=151697697whenElapsed151697697maxWhen =151697697 win=0 interval=0 flags=0x8 pkg = com.whatsapp
07-26 20:48:42.477  1537  3654 V AlarmManager: set(PendingIntent{11625f6: PendingIntentRecord{78d65a6 com.whatsapp broadcastIntent}}) : type=2 when=151697710whenElapsed151697710maxWhen =151697710 win=0 interval=0 flags=0x8 pkg = com.whatsapp
07-26 20:48:42.504  1537  4599 V AlarmManager: set(PendingIntent{d76ab82: PendingIntentRecord{78d65a6 com.whatsapp broadcastIntent}}) : type=2 when=151697737whenElapsed151697737maxWhen =151697737 win=0 interval=0 flags=0x8 pkg = com.whatsapp
07-26 20:48:42.511  1537  4599 V AlarmManager: set(PendingIntent{8f8a2d0: PendingIntentRecord{78d65a6 com.whatsapp broadcastIntent}}) : type=2 when=151697744whenElapsed151697744maxWhen =151697744 win=0 interval=0 flags=0x8 pkg = com.whatsapp
07-26 20:48:42.763  1537  2493 W UriGrantsManagerService: No permission grants found for com.google.android.apps.photos
07-26 20:48:42.764  1537  2493 W UriGrantsManagerService: No permission grants found for com.google.android.apps.photos
07-26 20:48:42.976  1537  1537 D TorchManagerService: temperature: 310, bTorchMode: false, switchOn: true, threshold: 460, showing: false, mbIsSafetyTemperatureScene: false
07-26 20:48:43.608  5260  5260 D ColorViewRootUtil: nav gesture mode swipeFromBottom ignore false downX 93 downY 1316 mScreenHeight 1600 mScreenWidth 720 mStatusBarHeight 36 globalScale 1.125 nav mode 3 event MotionEvent { action=ACTION_DOWN, actionButton=0, id[0]=0, x[0]=93.0, y[0]=1260.0, toolType[0]=TOOL_TYPE_FINGER, buttonState=0, classification=NONE, metaState=0, flags=0x0, edgeFlags=0x0, pointerCount=1, historySize=0, eventTime=122773605, downTime=122773605, deviceId=2, source=0x1002, displayId=0 } rotation 0
07-26 20:48:43.678  1537  4602 W UriGrantsManagerService: No permission grants found for com.google.android.apps.photos
07-26 20:48:43.680  1537  3654 W UriGrantsManagerService: No permission grants found for com.google.android.apps.photos
07-26 20:48:43.841  5260  5260 D ColorViewRootUtil: nav gesture mode swipeFromBottom ignore false downX 388 downY 1226 mScreenHeight 1600 mScreenWidth 720 mStatusBarHeight 36 globalScale 1.125 nav mode 3 event MotionEvent { action=ACTION_DOWN, actionButton=0, id[0]=0, x[0]=388.0, y[0]=1170.0, toolType[0]=TOOL_TYPE_FINGER, buttonState=0, classification=NONE, metaState=0, flags=0x0, edgeFlags=0x0, pointerCount=1, historySize=0, eventTime=122773839, downTime=122773839, deviceId=2, source=0x1002, displayId=0 } rotation 0
07-26 20:48:43.889  1537  4601 V AlarmManager: set(PendingIntent{750f892: PendingIntentRecord{78d65a6 com.whatsapp broadcastIntent}}) : type=2 when=151699122whenElapsed151699122maxWhen =151699122 win=0 interval=0 flags=0x8 pkg = com.whatsapp
07-26 20:48:44.041  5260  5260 D ColorViewRootUtil: nav gesture mode swipeFromBottom ignore false downX 536 downY 1214 mScreenHeight 1600 mScreenWidth 720 mStatusBarHeight 36 globalScale 1.125 nav mode 3 event MotionEvent { action=ACTION_DOWN, actionButton=0, id[0]=0, x[0]=536.0, y[0]=1158.0, toolType[0]=TOOL_TYPE_FINGER, buttonState=0, classification=NONE, metaState=0, flags=0x0, edgeFlags=0x0, pointerCount=1, historySize=0, eventTime=122774038, downTime=122774038, deviceId=2, source=0x1002, displayId=0 } rotation 0
07-26 20:48:44.306  1537  4602 V AlarmManager: set(PendingIntent{b069851: PendingIntentRecord{78d65a6 com.whatsapp broadcastIntent}}) : type=2 when=151699538whenElapsed151699538maxWhen =151699538 win=0 interval=0 flags=0x8 pkg = com.whatsapp
07-26 20:48:44.571  1537  4602 W UriGrantsManagerService: No permission grants found for com.google.android.apps.photos
07-26 20:48:44.571  1537  4602 W UriGrantsManagerService: No permission grants found for com.google.android.apps.photos
07-26 20:48:45.484  1537  3654 W UriGrantsManagerService: No permission grants found for com.google.android.apps.photos
07-26 20:48:45.484  1537  3654 W UriGrantsManagerService: No permission grants found for com.google.android.apps.photos
07-26 20:48:46.422  1537  4602 V AlarmManager: set(PendingIntent{eeb9d95: PendingIntentRecord{a93aeaa com.google.android.gms startService}}) : type=3 when=315511401655whenElapsed315511401655maxWhen =552031401655 win=236520000000 interval=0 flags=0x8 pkg = com.google.android.gms
07-26 20:48:46.475  1537  4599 W UriGrantsManagerService: No permission grants found for com.google.android.apps.photos
07-26 20:48:46.475  1537  4599 W UriGrantsManagerService: No permission grants found for com.google.android.apps.photos
07-26 20:48:46.675  5260  5260 D ColorViewRootUtil: nav gesture mode swipeFromBottom ignore false downX 668 downY 1429 mScreenHeight 1600 mScreenWidth 720 mStatusBarHeight 36 globalScale 1.125 nav mode 3 event MotionEvent { action=ACTION_DOWN, actionButton=0, id[0]=0, x[0]=668.0, y[0]=1373.0, toolType[0]=TOOL_TYPE_FINGER, buttonState=0, classification=NONE, metaState=0, flags=0x0, edgeFlags=0x0, pointerCount=1, historySize=0, eventTime=122776672, downTime=122776672, deviceId=2, source=0x1002, displayId=0 } rotation 0
07-26 20:48:46.808  5260  5260 D ColorViewRootUtil: nav gesture mode swipeFromBottom ignore false downX 668 downY 1429 mScreenHeight 1600 mScreenWidth 720 mStatusBarHeight 36 globalScale 1.125 nav mode 3 event MotionEvent { action=ACTION_DOWN, actionButton=0, id[0]=0, x[0]=668.0, y[0]=1373.0, toolType[0]=TOOL_TYPE_FINGER, buttonState=0, classification=NONE, metaState=0, flags=0x0, edgeFlags=0x0, pointerCount=1, historySize=0, eventTime=122776806, downTime=122776806, deviceId=2, source=0x1002, displayId=0 } rotation 0
07-26 20:48:46.925  1537  4601 V AlarmManager: set(null) : type=2 when=151451432whenElapsed151451432maxWhen =151488386 win=36954 interval=0 flags=0x0 pkg = android
07-26 20:48:46.972  1537  1537 V AlarmManager: set(null) : type=2 when=152030175whenElapsed152030175maxWhen =152501151 win=470976 interval=0 flags=0x0 pkg = android
07-26 20:48:47.009  5260  5260 D ColorViewRootUtil: nav gesture mode swipeFromBottom ignore false downX 668 downY 1429 mScreenHeight 1600 mScreenWidth 720 mStatusBarHeight 36 globalScale 1.125 nav mode 3 event MotionEvent { action=ACTION_DOWN, actionButton=0, id[0]=0, x[0]=668.0, y[0]=1373.0, toolType[0]=TOOL_TYPE_FINGER, buttonState=0, classification=NONE, metaState=0, flags=0x0, edgeFlags=0x0, pointerCount=1, historySize=0, eventTime=122777006, downTime=122777006, deviceId=2, source=0x1002, displayId=0 } rotation 0
07-26 20:48:47.138  1537  3654 V AlarmManager: set(PendingIntent{c5c427b: PendingIntentRecord{78d65a6 com.whatsapp broadcastIntent}}) : type=2 when=151702371whenElapsed151702371maxWhen =151702371 win=0 interval=0 flags=0x8 pkg = com.whatsapp
07-26 20:48:47.150  5260  5260 D ColorViewRootUtil: nav gesture mode swipeFromBottom ignore false downX 668 downY 1429 mScreenHeight 1600 mScreenWidth 720 mStatusBarHeight 36 globalScale 1.125 nav mode 3 event MotionEvent { action=ACTION_DOWN, actionButton=0, id[0]=1, x[0]=668.0, y[0]=1373.0, toolType[0]=TOOL_TYPE_FINGER, buttonState=0, classification=NONE, metaState=0, flags=0x0, edgeFlags=0x0, pointerCount=1, historySize=0, eventTime=122777141, downTime=122777141, deviceId=2, source=0x1002, displayId=0 } rotation 0
07-26 20:48:47.308  5260  5260 D ColorViewRootUtil: nav gesture mode swipeFromBottom ignore false downX 668 downY 1429 mScreenHeight 1600 mScreenWidth 720 mStatusBarHeight 36 globalScale 1.125 nav mode 3 event MotionEvent { action=ACTION_DOWN, actionButton=0, id[0]=0, x[0]=668.0, y[0]=1373.0, toolType[0]=TOOL_TYPE_FINGER, buttonState=0, classification=NONE, metaState=0, flags=0x0, edgeFlags=0x0, pointerCount=1, historySize=0, eventTime=122777306, downTime=122777306, deviceId=2, source=0x1002, displayId=0 } rotation 0
07-26 20:48:47.441  5260  5260 D ColorViewRootUtil: nav gesture mode swipeFromBottom ignore false downX 669 downY 1425 mScreenHeight 1600 mScreenWidth 720 mStatusBarHeight 36 globalScale 1.125 nav mode 3 event MotionEvent { action=ACTION_DOWN, actionButton=0, id[0]=0, x[0]=669.0, y[0]=1369.0, toolType[0]=TOOL_TYPE_FINGER, buttonState=0, classification=NONE, metaState=0, flags=0x0, edgeFlags=0x0, pointerCount=1, historySize=0, eventTime=122777439, downTime=122777439, deviceId=2, source=0x1002, displayId=0 } rotation 0
07-26 20:48:47.509  1537  4599 W UriGrantsManagerService: No permission grants found for com.google.android.apps.photos
07-26 20:48:47.509  1537  4599 W UriGrantsManagerService: No permission grants found for com.google.android.apps.photos
07-26 20:48:47.658  5260  5260 D ColorViewRootUtil: nav gesture mode swipeFromBottom ignore false downX 669 downY 1425 mScreenHeight 1600 mScreenWidth 720 mStatusBarHeight 36 globalScale 1.125 nav mode 3 event MotionEvent { action=ACTION_DOWN, actionButton=0, id[0]=0, x[0]=669.0, y[0]=1369.0, toolType[0]=TOOL_TYPE_FINGER, buttonState=0, classification=NONE, metaState=0, flags=0x0, edgeFlags=0x0, pointerCount=1, historySize=0, eventTime=122777656, downTime=122777656, deviceId=2, source=0x1002, displayId=0 } rotation 0
07-26 20:48:47.728  1537  4599 V AlarmManager: set(PendingIntent{6fec06b: PendingIntentRecord{78d65a6 com.whatsapp broadcastIntent}}) : type=2 when=151702961whenElapsed151702961maxWhen =151702961 win=0 interval=0 flags=0x8 pkg = com.whatsapp
07-26 20:48:47.810  5260  5260 D ColorViewRootUtil: nav gesture mode swipeFromBottom ignore false downX 669 downY 1425 mScreenHeight 1600 mScreenWidth 720 mStatusBarHeight 36 globalScale 1.125 nav mode 3 event MotionEvent { action=ACTION_DOWN, actionButton=0, id[0]=0, x[0]=669.0, y[0]=1369.0, toolType[0]=TOOL_TYPE_FINGER, buttonState=0, classification=NONE, metaState=0, flags=0x0, edgeFlags=0x0, pointerCount=1, historySize=0, eventTime=122777806, downTime=122777806, deviceId=2, source=0x1002, displayId=0 } rotation 0
07-26 20:48:47.941  5260  5260 D ColorViewRootUtil: nav gesture mode swipeFromBottom ignore false downX 672 downY 1427 mScreenHeight 1600 mScreenWidth 720 mStatusBarHeight 36 globalScale 1.125 nav mode 3 event MotionEvent { action=ACTION_DOWN, actionButton=0, id[0]=0, x[0]=672.0, y[0]=1371.0, toolType[0]=TOOL_TYPE_FINGER, buttonState=0, classification=NONE, metaState=0, flags=0x0, edgeFlags=0x0, pointerCount=1, historySize=0, eventTime=122777939, downTime=122777939, deviceId=2, source=0x1002, displayId=0 } rotation 0
07-26 20:48:48.744  1537  4601 W UriGrantsManagerService: No permission grants found for com.google.android.apps.photos
07-26 20:48:48.814  1537  4601 I chatty  : uid=1000(system) Binder:1537_1E identical 2 lines
07-26 20:48:48.814  1537  4601 W UriGrantsManagerService: No permission grants found for com.google.android.apps.photos
07-26 20:48:48.866  1537  1537 D TorchManagerService: temperature: 310, bTorchMode: false, switchOn: true, threshold: 460, showing: false, mbIsSafetyTemperatureScene: false
07-26 20:48:48.875 27269 27269 D ColorViewRootUtil: nav gesture mode swipeFromBottom ignore false downX 182 downY 877 mScreenHeight 1600 mScreenWidth 720 mStatusBarHeight 36 globalScale 1.125 nav mode 3 event MotionEvent { action=ACTION_DOWN, actionButton=0, id[0]=0, x[0]=182.0, y[0]=877.0, toolType[0]=TOOL_TYPE_FINGER, buttonState=0, classification=NONE, metaState=0, flags=0x0, edgeFlags=0x0, pointerCount=1, historySize=0, eventTime=122778872, downTime=122778872, deviceId=2, source=0x1002, displayId=0 } rotation 0
07-26 20:48:49.659 27269 27269 D ColorViewRootUtil: nav gesture mode swipeFromBottom ignore false downX 205 downY 1007 mScreenHeight 1600 mScreenWidth 720 mStatusBarHeight 36 globalScale 1.125 nav mode 3 event MotionEvent { action=ACTION_DOWN, actionButton=0, id[0]=0, x[0]=205.0, y[0]=1007.0, toolType[0]=TOOL_TYPE_FINGER, buttonState=0, classification=NONE, metaState=0, flags=0x0, edgeFlags=0x0, pointerCount=1, historySize=0, eventTime=122779656, downTime=122779656, deviceId=2, source=0x1002, displayId=0 } rotation 0
07-26 20:48:49.806  1537  4601 W UriGrantsManagerService: No permission grants found for com.google.android.apps.photos
07-26 20:48:49.806  1537  4601 W UriGrantsManagerService: No permission grants found for com.google.android.apps.photos
07-26 20:48:49.954  1537  3278 D AppOps  : checkOperation: uid reject #1 for code 87 uid 10052 package com.android.providers.userdictionary
07-26 20:48:49.991  1537  1577 I ActivityManager: Start proc 9924:android.process.acore/u0a52 for content provider {com.android.providers.userdictionary/com.android.providers.userdictionary.UserDictionaryProvider}
07-26 20:48:50.230  1537  2493 V ActivityManager: New death recipient com.android.server.am.ActivityManagerService$AppDeathRecipient@c868991 for thread android.os.BinderProxy@a58f0f6, pid:9924,mApp:null
07-26 20:48:50.235  1537  2493 D DEBUG_VISIBILITY: mOccluded:false lastOccluded:false
07-26 20:48:50.519  9924  9924 D ActivityThread: Loading provider contacts;com.android.contacts: com.android.providers.contacts.ContactsProvider2
07-26 20:48:50.759 27269 27269 D ColorViewRootUtil: nav gesture mode swipeFromBottom ignore false downX 656 downY 1000 mScreenHeight 1600 mScreenWidth 720 mStatusBarHeight 36 globalScale 1.125 nav mode 3 event MotionEvent { action=ACTION_DOWN, actionButton=0, id[0]=0, x[0]=656.0, y[0]=1000.0, toolType[0]=TOOL_TYPE_FINGER, buttonState=0, classification=NONE, metaState=0, flags=0x0, edgeFlags=0x0, pointerCount=1, historySize=0, eventTime=122780756, downTime=122780756, deviceId=2, source=0x1002, displayId=0 } rotation 0
07-26 20:48:50.808  1537  3278 W UriGrantsManagerService: No permission grants found for com.google.android.apps.photos
