07-26 20:54:26.479 12968 12968 I KitInfoManager: Kit infos: {cloudctrl=KitInfo{kitName='cloudctrl', kitVersionCode=10000, kitVersionName='1.0.0', kitApplicationClass='com.heytap.msp.cloudctrl.CloudCtrlApplication', callMothodInterval=0}, kit-core=KitInfo{kitName='kit-core', kitVersionCode=0, kitVersionName='', kitApplicationClass='com.heytap.msp.v2.MspCoreApplication', callMothodInterval=0}, sysintegrity=KitInfo{kitName='sysintegrity', kitVersionCode=0, kitVersionName='', kitApplicationClass='com.oplus.omes.srp.SrpApplication', callMothodInterval=0}, kit-mcs=KitInfo{kitName='kit-mcs', kitVersionCode=0, kitVersionName='', kitApplicationClass='com.heytap.mcs.msp.McsForMspApplication', callMothodInterval=0}, regionkit=KitInfo{kitName='regionkit', kitVersionCode=0, kitVersionName='', kitApplicationClass='com.heytap.msp.kit.region.RegionKitApplication', callMothodInterval=0}, instant=KitInfo{kitName='instant', kitVersionCode=0, kitVersionName='', kitApplicationClass='com.nearme.instant.platform.Application', callMothodInterval=0}}
07-26 20:54:26.479 12959 12959 I KitInfoManager: Kit infos: {cloudctrl=KitInfo{kitName='cloudctrl', kitVersionCode=10000, kitVersionName='1.0.0', kitApplicationClass='com.heytap.msp.cloudctrl.CloudCtrlApplication', callMothodInterval=0}, kit-core=KitInfo{kitName='kit-core', kitVersionCode=0, kitVersionName='', kitApplicationClass='com.heytap.msp.v2.MspCoreApplication', callMothodInterval=0}, sysintegrity=KitInfo{kitName='sysintegrity', kitVersionCode=0, kitVersionName='', kitApplicationClass='com.oplus.omes.srp.SrpApplication', callMothodInterval=0}, kit-mcs=KitInfo{kitName='kit-mcs', kitVersionCode=0, kitVersionName='', kitApplicationClass='com.heytap.mcs.msp.McsForMspApplication', callMothodInterval=0}, regionkit=KitInfo{kitName='regionkit', kitVersionCode=0, kitVersionName='', kitApplicationClass='com.heytap.msp.kit.region.RegionKitApplication', callMothodInterval=0}, instant=KitInfo{kitName='instant', kitVersionCode=0, kitVersionName='', kitApplicationClass='com.nearme.instant.platform.Application', callMothodInterval=0}}
07-26 20:54:26.480 12968 12968 I AbstractModuleApplication: AbstractModuleApplication attachBaseContext com.heytap.mcs.biz.message
07-26 20:54:26.480 12959 12959 I AbstractModuleApplication: AbstractModuleApplication attachBaseContext com.heytap.mcs.appservice
07-26 20:54:26.480 12942 12942 I LoadedApk: No resource references to update in package com.heytap.mcs.kit_sys_integrity
07-26 20:54:26.481 12942 12942 I LoadedApk: No resource references to update in package com.heytap.mcs.kit_quickapp
07-26 20:54:26.482 12968 12968 I LoadedApk: No resource references to update in package com.heytap.mcs.kit_sys_integrity
07-26 20:54:26.482 12942 12942 I LoadedApk: No resource references to update in package com.heytap.mcs.kit_region
07-26 20:54:26.483 12968 12968 I LoadedApk: No resource references to update in package com.heytap.mcs.kit_quickapp
07-26 20:54:26.483 12959 12959 I LoadedApk: No resource references to update in package com.heytap.mcs.kit_sys_integrity
07-26 20:54:26.483 12968 12968 I LoadedApk: No resource references to update in package com.heytap.mcs.kit_region
07-26 20:54:26.483 12968 12968 I LoadedApk: No resource references to update in package com.heytap.mcs.kit_mcs
07-26 20:54:26.483 12942 12942 I LoadedApk: No resource references to update in package com.heytap.mcs.kit_mcs
07-26 20:54:26.484 12959 12959 I LoadedApk: No resource references to update in package com.heytap.mcs.kit_quickapp
07-26 20:54:26.484 12968 12968 I MspBaseApplication: current processName:com.heytap.mcs.biz.message,pid:12968
07-26 20:54:26.484 12968 12968 I AbstractModuleApplication: AbstractModuleApplication init com.heytap.mcs.biz.message
07-26 20:54:26.484 12959 12959 I LoadedApk: No resource references to update in package com.heytap.mcs.kit_region
07-26 20:54:26.485 12959 12959 I LoadedApk: No resource references to update in package com.heytap.mcs.kit_mcs
07-26 20:54:26.488 12942 12942 I MspBaseApplication: current processName:com.heytap.mcs.statistics,pid:12942
07-26 20:54:26.488 12942 12942 I AbstractModuleApplication: AbstractModuleApplication init com.heytap.mcs.statistics
07-26 20:54:26.488 12959 12959 I MspBaseApplication: current processName:com.heytap.mcs.appservice,pid:12959
07-26 20:54:26.488 12959 12959 I AbstractModuleApplication: AbstractModuleApplication init com.heytap.mcs.appservice
07-26 20:54:26.492 12968 13011 I MMKV    : Disable checkProcessMode()
07-26 20:54:26.492 12942 12942 I McsForMspApplication: metaData key = mspcore_push_prxoy_com.nearme.instant.platform, value = instant:30
07-26 20:54:26.493 12959 12959 I McsForMspApplication: metaData key = mspcore_push_prxoy_com.nearme.instant.platform, value = instant:30
07-26 20:54:26.494 12942 12942 I MspBaseApplication: app version:2.1.23_488c721_241128_mcs_oppoexp_sea,2012312
07-26 20:54:26.494 12959 12959 I MspBaseApplication: app version:2.1.23_488c721_241128_mcs_oppoexp_sea,2012312
07-26 20:54:26.495 12959 13012 I MMKV    : Disable checkProcessMode()
07-26 20:54:26.496 12968 12968 I McsForMspApplication: metaData key = mspcore_push_prxoy_com.nearme.instant.platform, value = instant:30
07-26 20:54:26.497 12968 12968 I MspBaseApplication: app version:2.1.23_488c721_241128_mcs_oppoexp_sea,2012312
07-26 20:54:26.500 12968 13011 I MMKV    : current API level = 29, libc++_shared=0
07-26 20:54:26.501 12968 13011 I MMKV    : <MMKV.cpp:165::initialize> version v1.2.15, page size 4096, arch arm64-v8a
07-26 20:54:26.501 12968 13011 I MMKV    : <MMKV.cpp:176::initialize> armv8 AES instructions is supported
07-26 20:54:26.501 12968 13011 I MMKV    : <MMKV.cpp:184::initialize> armv8 CRC32 instructions is supported
07-26 20:54:26.501 12968 13011 I MMKV    : <MMKV.cpp:208::initializeMMKV> root dir: /data/user_de/0/com.heytap.mcs/files/mmkv
07-26 20:54:26.501 12968 13011 I MMKV    : <MemoryFile.cpp:97::open> open fd[0x3a], /data/user_de/0/com.heytap.mcs/files/mmkv/mmkv_com.heytap.mcs.env.config
07-26 20:54:26.501 12968 13011 I MMKV    : <MemoryFile.cpp:97::open> open fd[0x3b], /data/user_de/0/com.heytap.mcs/files/mmkv/mmkv_com.heytap.mcs.env.config.crc
07-26 20:54:26.502 12968 13011 I MMKV    : <MMKV_IO.cpp:81::loadFromFile> loading [mmkv_com.heytap.mcs.env.config] with 704 actual size, file size 4096, InterProcess 1, meta info version:3
07-26 20:54:26.502 12968 13011 I MMKV    : <MMKV_IO.cpp:86::loadFromFile> loading [mmkv_com.heytap.mcs.env.config] with crc 2292376614 sequence 2 version 3
07-26 20:54:26.502 12968 13011 I MMKV    : <MMKV_IO.cpp:130::loadFromFile> loaded [mmkv_com.heytap.mcs.env.config] with 2 key-values
07-26 20:54:26.503 12959 13012 I MMKV    : current API level = 29, libc++_shared=0
07-26 20:54:26.503 12968 13011 I MMKV    : <MemoryFile.cpp:97::open> open fd[0x3c], /data/user_de/0/com.heytap.mcs/files/mmkv/mmkv_shared_prefs_alert_status_result
07-26 20:54:26.503 12959 13012 I MMKV    : <MMKV.cpp:165::initialize> version v1.2.15, page size 4096, arch arm64-v8a
07-26 20:54:26.503 12959 13012 I MMKV    : <MMKV.cpp:176::initialize> armv8 AES instructions is supported
07-26 20:54:26.503 12959 13012 I MMKV    : <MMKV.cpp:184::initialize> armv8 CRC32 instructions is supported
07-26 20:54:26.503 12968 13011 I MMKV    : <MemoryFile.cpp:97::open> open fd[0x3d], /data/user_de/0/com.heytap.mcs/files/mmkv/mmkv_shared_prefs_alert_status_result.crc
07-26 20:54:26.503 12959 13012 I MMKV    : <MMKV.cpp:208::initializeMMKV> root dir: /data/user_de/0/com.heytap.mcs/files/mmkv
07-26 20:54:26.503 12959 13012 I MMKV    : <MemoryFile.cpp:97::open> open fd[0x40], /data/user_de/0/com.heytap.mcs/files/mmkv/mmkv_com.heytap.mcs.env.config
07-26 20:54:26.503 12959 13012 I MMKV    : <MemoryFile.cpp:97::open> open fd[0x41], /data/user_de/0/com.heytap.mcs/files/mmkv/mmkv_com.heytap.mcs.env.config.crc
07-26 20:54:26.503 12968 13011 I MMKV    : <MMKV_IO.cpp:81::loadFromFile> loading [mmkv_shared_prefs_alert_status_result] with 0 actual size, file size 4096, InterProcess 1, meta info version:1
07-26 20:54:26.504 12968 13011 I MMKV    : <MMKV_IO.cpp:130::loadFromFile> loaded [mmkv_shared_prefs_alert_status_result] with 0 key-values
07-26 20:54:26.504 12968 13011 I MMKV    : <MemoryFile.cpp:97::open> open fd[0x3e], /data/user_de/0/com.heytap.mcs/files/mmkv/mmkv_com.heytap.mcs.cloudconfig
07-26 20:54:26.504 12968 13011 I MMKV    : <MemoryFile.cpp:97::open> open fd[0x3f], /data/user_de/0/com.heytap.mcs/files/mmkv/mmkv_com.heytap.mcs.cloudconfig.crc
07-26 20:54:26.504 12959 13012 I MMKV    : <MMKV_IO.cpp:81::loadFromFile> loading [mmkv_com.heytap.mcs.env.config] with 704 actual size, file size 4096, InterProcess 1, meta info version:3
07-26 20:54:26.504 12959 13012 I MMKV    : <MMKV_IO.cpp:86::loadFromFile> loading [mmkv_com.heytap.mcs.env.config] with crc 2292376614 sequence 2 version 3
07-26 20:54:26.504 12959 13012 I MMKV    : <MMKV_IO.cpp:130::loadFromFile> loaded [mmkv_com.heytap.mcs.env.config] with 2 key-values
07-26 20:54:26.504 12959 13012 I MMKV    : <MemoryFile.cpp:97::open> open fd[0x42], /data/user_de/0/com.heytap.mcs/files/mmkv/mmkv_shared_prefs_alert_status_result
07-26 20:54:26.505 12959 13012 I MMKV    : <MemoryFile.cpp:97::open> open fd[0x43], /data/user_de/0/com.heytap.mcs/files/mmkv/mmkv_shared_prefs_alert_status_result.crc
07-26 20:54:26.505 12959 13012 I MMKV    : <MMKV_IO.cpp:81::loadFromFile> loading [mmkv_shared_prefs_alert_status_result] with 0 actual size, file size 4096, InterProcess 1, meta info version:1
07-26 20:54:26.505 12968 13011 I MMKV    : <MMKV_IO.cpp:81::loadFromFile> loading [mmkv_com.heytap.mcs.cloudconfig] with 2533 actual size, file size 4096, InterProcess 1, meta info version:3
07-26 20:54:26.505 12968 13011 I MMKV    : <MMKV_IO.cpp:86::loadFromFile> loading [mmkv_com.heytap.mcs.cloudconfig] with crc 3789155603 sequence 9 version 3
07-26 20:54:26.505 12959 13012 I MMKV    : <MMKV_IO.cpp:130::loadFromFile> loaded [mmkv_shared_prefs_alert_status_result] with 0 key-values
07-26 20:54:26.505 12959 13015 I MMKV    : Disable checkProcessMode()
07-26 20:54:26.505 12968 13011 I MMKV    : <MMKV_IO.cpp:130::loadFromFile> loaded [mmkv_com.heytap.mcs.cloudconfig] with 5 key-values
07-26 20:54:26.505 12959 13012 I MMKV    : <MemoryFile.cpp:97::open> open fd[0x44], /data/user_de/0/com.heytap.mcs/files/mmkv/mmkv_com.heytap.mcs.cloudconfig
07-26 20:54:26.505 12959 13012 I MMKV    : <MemoryFile.cpp:97::open> open fd[0x45], /data/user_de/0/com.heytap.mcs/files/mmkv/mmkv_com.heytap.mcs.cloudconfig.crc
07-26 20:54:26.505 12968 13011 I MMKV    : <MemoryFile.cpp:97::open> open fd[0x40], /data/user_de/0/com.heytap.mcs/files/mmkv/mmkv_com.heytap.mcs.externalconfig
07-26 20:54:26.505 12959 13012 I MMKV    : <MMKV_IO.cpp:81::loadFromFile> loading [mmkv_com.heytap.mcs.cloudconfig] with 2533 actual size, file size 4096, InterProcess 1, meta info version:3
07-26 20:54:26.505 12968 13011 I MMKV    : <MemoryFile.cpp:97::open> open fd[0x41], /data/user_de/0/com.heytap.mcs/files/mmkv/mmkv_com.heytap.mcs.externalconfig.crc
07-26 20:54:26.505 12959 13012 I MMKV    : <MMKV_IO.cpp:86::loadFromFile> loading [mmkv_com.heytap.mcs.cloudconfig] with crc 3789155603 sequence 9 version 3
07-26 20:54:26.505   907 12672 E lsc_nvram: [do_mkdir] fail to mkdir [/sdcard/shading_otp]: 13[Permission denied] (do_mkdir){#65:vendor/mediatek/proprietary/hardware/mtkcam/aaa/source/isp_40/lsc_mgr/LscUtil.h}
07-26 20:54:26.502   907   907 W HwBinder:907_3: type=1400 audit(0.0:278593): avc: denied { search } for name="0" dev="mmcblk0p45" ino=85 scontext=u:r:mtk_hal_camera:s0 tcontext=u:object_r:media_rw_data_file:s0 tclass=dir permissive=0
07-26 20:54:26.506 12959 13012 I MMKV    : <MMKV_IO.cpp:130::loadFromFile> loaded [mmkv_com.heytap.mcs.cloudconfig] with 5 key-values
07-26 20:54:26.502   907   907 W HwBinder:907_3: type=1400 audit(0.0:278594): avc: denied { search } for name="0" dev="mmcblk0p45" ino=85 scontext=u:r:mtk_hal_camera:s0 tcontext=u:object_r:media_rw_data_file:s0 tclass=dir permissive=0
07-26 20:54:26.506 12959 13012 I MMKV    : <MemoryFile.cpp:97::open> open fd[0x46], /data/user_de/0/com.heytap.mcs/files/mmkv/mmkv_com.heytap.mcs.externalconfig
07-26 20:54:26.506 12968 13011 I MMKV    : <MMKV_IO.cpp:81::loadFromFile> loading [mmkv_com.heytap.mcs.externalconfig] with 319 actual size, file size 4096, InterProcess 1, meta info version:3
07-26 20:54:26.506 12959 13012 I MMKV    : <MemoryFile.cpp:97::open> open fd[0x47], /data/user_de/0/com.heytap.mcs/files/mmkv/mmkv_com.heytap.mcs.externalconfig.crc
07-26 20:54:26.506 12968 13011 I MMKV    : <MMKV_IO.cpp:86::loadFromFile> loading [mmkv_com.heytap.mcs.externalconfig] with crc 2029240537 sequence 7 version 3
07-26 20:54:26.506 12968 13011 I MMKV    : <MMKV_IO.cpp:130::loadFromFile> loaded [mmkv_com.heytap.mcs.externalconfig] with 3 key-values
07-26 20:54:26.507 12959 13012 I MMKV    : <MMKV_IO.cpp:81::loadFromFile> loading [mmkv_com.heytap.mcs.externalconfig] with 319 actual size, file size 4096, InterProcess 1, meta info version:3
07-26 20:54:26.507 12959 13012 I MMKV    : <MMKV_IO.cpp:86::loadFromFile> loading [mmkv_com.heytap.mcs.externalconfig] with crc 2029240537 sequence 7 version 3
07-26 20:54:26.507 12959 13012 I MMKV    : <MMKV_IO.cpp:130::loadFromFile> loaded [mmkv_com.heytap.mcs.externalconfig] with 3 key-values
07-26 20:54:26.507 12959 13015 I MMKV    : <MMKV.cpp:208::initializeMMKV> root dir: /data/user_de/0/com.heytap.mcs/files/mmkv
07-26 20:54:26.507 12959 13015 I MMKV    : <MemoryFile.cpp:97::open> open fd[0x3c], /data/user_de/0/com.heytap.mcs/files/mmkv/mmkv_com.heytap.mcs.identifier
07-26 20:54:26.507 12959 13015 I MMKV    : <MemoryFile.cpp:97::open> open fd[0x3d], /data/user_de/0/com.heytap.mcs/files/mmkv/mmkv_com.heytap.mcs.identifier.crc
07-26 20:54:26.508 12959 13015 I MMKV    : <MMKV_IO.cpp:81::loadFromFile> loading [mmkv_com.heytap.mcs.identifier] with 51 actual size, file size 4096, InterProcess 1, meta info version:3
07-26 20:54:26.508 12959 13015 I MMKV    : <MMKV_IO.cpp:86::loadFromFile> loading [mmkv_com.heytap.mcs.identifier] with crc 3796971928 sequence 1 version 3
07-26 20:54:26.508 12959 13015 I MMKV    : <MMKV_IO.cpp:130::loadFromFile> loaded [mmkv_com.heytap.mcs.identifier] with 1 key-values
07-26 20:54:26.510 12959 13015 I MMKV    : Disable checkProcessMode()
07-26 20:54:26.510 12959 13015 I MMKV    : <MMKV.cpp:208::initializeMMKV> root dir: /data/user_de/0/com.heytap.mcs/files/mmkv
07-26 20:54:26.511 12959 13015 I MMKV    : <MemoryFile.cpp:97::open> open fd[0x48], /data/user_de/0/com.heytap.mcs/files/mmkv/oplus_config_com.heytap.mcs
07-26 20:54:26.511 12959 13015 I MMKV    : <MemoryFile.cpp:97::open> open fd[0x49], /data/user_de/0/com.heytap.mcs/files/mmkv/oplus_config_com.heytap.mcs.crc
07-26 20:54:26.511 12959 13015 I MMKV    : <MMKV_IO.cpp:81::loadFromFile> loading [oplus_config_com.heytap.mcs] with 2089 actual size, file size 4096, InterProcess 1, meta info version:3
07-26 20:54:26.511 12959 13015 I MMKV    : <MMKV_IO.cpp:86::loadFromFile> loading [oplus_config_com.heytap.mcs] with crc 4091392907 sequence 587 version 3
07-26 20:54:26.511 12959 13015 I MMKV    : <MMKV_IO.cpp:130::loadFromFile> loaded [oplus_config_com.heytap.mcs] with 13 key-values
07-26 20:54:26.514  1537  4596 I ActivityManager: Killing 12020:com.facebook.appmanager/u0a142 (adj 985): empty #9
07-26 20:54:26.515  1537  1578 I libprocessgroup: Successfully killed process cgroup uid 10142 pid 12020 in 0ms
07-26 20:54:26.524  1537  4603 D MtkConnectivityService: requestNetwork for uid/pid:1000/12942 NetworkRequest [ TRACK_DEFAULT id=4641, [ Capabilities: INTERNET&NOT_RESTRICTED&TRUSTED Uid: 1000] ]
07-26 20:54:26.525  1537  1699 D UntrustedWifiNetworkFactory: got request NetworkRequest [ TRACK_DEFAULT id=4641, [ Capabilities: INTERNET&NOT_RESTRICTED&TRUSTED Uid: 1000] ] with score 79 and serial -1
07-26 20:54:26.525  1537  1778 D Ethernet: got request NetworkRequest [ TRACK_DEFAULT id=4641, [ Capabilities: INTERNET&NOT_RESTRICTED&TRUSTED Uid: 1000] ] with score 79 and serial -1
07-26 20:54:26.526  1537  1699 D WifiNetworkFactory: got request NetworkRequest [ TRACK_DEFAULT id=4641, [ Capabilities: INTERNET&NOT_RESTRICTED&TRUSTED Uid: 1000] ] with score 79 and serial -1
07-26 20:54:26.526  2061  2061 D PhoneSwitcherNetworkRequstListener: got request NetworkRequest [ TRACK_DEFAULT id=4641, [ Capabilities: INTERNET&NOT_RESTRICTED&TRUSTED Uid: 1000] ] with score 79 and serial -1
07-26 20:54:26.528 12942 13016 I MMKV    : Disable checkProcessMode()
07-26 20:54:26.532 12942 13016 I MMKV    : current API level = 29, libc++_shared=0
07-26 20:54:26.532 12942 13016 I MMKV    : <MMKV.cpp:165::initialize> version v1.2.15, page size 4096, arch arm64-v8a
07-26 20:54:26.532 12942 13016 I MMKV    : <MMKV.cpp:176::initialize> armv8 AES instructions is supported
07-26 20:54:26.532 12942 13016 I MMKV    : <MMKV.cpp:184::initialize> armv8 CRC32 instructions is supported
07-26 20:54:26.532 12942 13016 I MMKV    : <MMKV.cpp:208::initializeMMKV> root dir: /data/user_de/0/com.heytap.mcs/files/mmkv
07-26 20:54:26.533 12942 13016 I MMKV    : <MemoryFile.cpp:97::open> open fd[0x3c], /data/user_de/0/com.heytap.mcs/files/mmkv/mmkv_com.heytap.mcs.config
07-26 20:54:26.533 12942 13016 I MMKV    : <MemoryFile.cpp:97::open> open fd[0x3d], /data/user_de/0/com.heytap.mcs/files/mmkv/mmkv_com.heytap.mcs.config.crc
07-26 20:54:26.533 12942 13016 I MMKV    : <MMKV_IO.cpp:81::loadFromFile> loading [mmkv_com.heytap.mcs.config] with 35672 actual size, file size 65536, InterProcess 1, meta info version:3
07-26 20:54:26.533 12942 13016 I MMKV    : <MMKV_IO.cpp:86::loadFromFile> loading [mmkv_com.heytap.mcs.config] with crc 271280103 sequence 41 version 3
07-26 20:54:26.533 12942 13016 I MMKV    : <MMKV_IO.cpp:130::loadFromFile> loaded [mmkv_com.heytap.mcs.config] with 89 key-values
07-26 20:54:26.539 12968 13018 W ContextImpl: Calling a method in the system process without a qualified user: android.app.ContextImpl.startService:1609 android.content.ContextWrapper.startService:680 com.heytap.mcs.biz.message.h.a:18 com.heytap.mcs.biz.message.h.a:6 com.heytap.mcs.base.task.a.b:6 
07-26 20:54:26.543 12968 13018 I Process : Sending signal. PID: 12968 SIG: 9
07-26 20:54:26.555  1537  3655 V ActivityManager: Death received in com.android.server.am.ActivityManagerService$AppDeathRecipient@7ae2a99 for thread android.os.BinderProxy@178f15e, mPid:12020,mApp:ProcessRecord{be2a951 12020:com.facebook.appmanager/u0a142}
07-26 20:54:26.556   695   695 I Zygote  : Process 12020 exited due to signal 9 (Killed)
07-26 20:54:26.560  8544  8613 I DCS-BackgroundAppData: sendAppBgEvent: has no pkgName=com.facebook.appmanager
07-26 20:54:26.577 12959 13032 I MMKV    : Disable checkProcessMode()
07-26 20:54:26.577 12959 13032 I MMKV    : <MMKV.cpp:208::initializeMMKV> root dir: /data/user_de/0/com.heytap.mcs/files/mmkv
07-26 20:54:26.578 12959 13032 I MMKV    : <MemoryFile.cpp:97::open> open fd[0x4f], /data/user_de/0/com.heytap.mcs/files/mmkv/mmkv_com.heytap.mcs.config
07-26 20:54:26.578 12959 13032 I MMKV    : <MemoryFile.cpp:97::open> open fd[0x50], /data/user_de/0/com.heytap.mcs/files/mmkv/mmkv_com.heytap.mcs.config.crc
07-26 20:54:26.578 12959 13032 I MMKV    : <MMKV_IO.cpp:81::loadFromFile> loading [mmkv_com.heytap.mcs.config] with 35672 actual size, file size 65536, InterProcess 1, meta info version:3
07-26 20:54:26.578 12959 13032 I MMKV    : <MMKV_IO.cpp:86::loadFromFile> loading [mmkv_com.heytap.mcs.config] with crc 271280103 sequence 41 version 3
07-26 20:54:26.579 12959 13032 I MMKV    : <MMKV_IO.cpp:130::loadFromFile> loaded [mmkv_com.heytap.mcs.config] with 89 key-values
07-26 20:54:26.582  1537  4603 V ActivityManager: Death received in com.android.server.am.ActivityManagerService$AppDeathRecipient@e5ee58c for thread android.os.BinderProxy@ea094d5, mPid:12968,mApp:ProcessRecord{4bef5b6 12968:com.heytap.mcs.biz.message/1000}
07-26 20:54:26.582  1537  4603 I ActivityManager: Process com.heytap.mcs.biz.message (pid 12968) has died: fore SVC 
07-26 20:54:26.582  1537  1578 I libprocessgroup: Successfully killed process cgroup uid 1000 pid 12968 in 0ms
07-26 20:54:26.582  1537  4603 W ContextImpl: Calling a method in the system process without a qualified user: android.app.ContextImpl.sendBroadcast:1073 com.android.server.am.OppoExtraActivityManagerService.setKeyLockModeNormal:53 com.android.server.am.ActivityManagerService.appDiedLocked:4245 com.android.server.am.ActivityManagerService$AppDeathRecipient.binderDied:1682 android.os.BinderProxy.sendDeathNotice:633 
07-26 20:54:26.583   695   695 I Zygote  : Process 12968 exited due to signal 9 (Killed)
07-26 20:54:26.592 11439 11439 I Finsky  : [2] Memory trim requested to level 60
07-26 20:54:26.593 11439 11439 I Finsky  : [2] Flushing in-memory image cache
07-26 20:54:26.596 11643 11643 I Finsky:background: [2] Memory trim requested to level 40
07-26 20:54:26.598  1537  1537 I OppoPhoneWindowManager: KeyLockModeReceiver KeyLockMode: 0 ProcessName: com.heytap.mcs.biz.message
07-26 20:54:26.615  2061  2061 D PhoneApp: onTrimMemory level:5
07-26 20:54:26.616  3397  3397 D Launcher.OLauncher: onTrimMemory: level: 5
07-26 20:54:26.616 18161 18161 W fbservices:InitStatus: Not blocking Service (122856136)
07-26 20:54:26.619 21141 22175 I GED     : ged_boost_gpu_freq, level 100, eOrigin 2, final_idx 31, oppidx_max 31, oppidx_min 0
07-26 20:54:26.622  5260  5260 I AppBase : AppBase.onTrimMemory():439 onTrimMemory(): 5
07-26 20:54:26.622  5260  5260 I KeyboardDefCache: MemoryFileCache$1.onTrimMemory():126 clearMemory() for trim memory: 5
07-26 20:54:26.623  5260  5260 I KeyboardDefCache: MemoryFileCache.clearMemory():410 evictAll()
07-26 20:54:26.623  5260  5260 I GoogleInputMethodService: GoogleInputMethodService.onTrimMemory():3572 onTrimMemory(): 5
07-26 20:54:26.625   694 13036 E ResolverController: No valid NAT64 prefix (300, <unspecified>/0)
07-26 20:54:26.626  1537  4603 V AlarmManager: set(PendingIntent{f2a5a24: PendingIntentRecord{857898d com.whatsapp broadcastIntent}}) : type=3 when=151981858whenElapsed151981858maxWhen =152161857 win=179999 interval=0 flags=0x8 pkg = com.whatsapp
07-26 20:54:26.632 12942 13030 E IDHelper: 1078:com.oplus.stdid
07-26 20:54:26.634 12942 13030 E IDHelper: 1089
07-26 20:54:26.656   514   514 D TlcTeeKeyMaster: TEE_Begin
07-26 20:54:26.656   514   514 D TlcTeeKeyMaster: purpose = 0x00000001
07-26 20:54:26.658   514   514 D TlcTeeKeyMaster: find_spare_operation_slot: allocate op 0x2fb1f8092821ba1a to slot #0 (1 ops live)
07-26 20:54:26.659   514   514 D TlcTeeKeyMaster: TEE_Begin exiting with 0
07-26 20:54:26.661   514   514 D TlcTeeKeyMaster: TEE_Update
07-26 20:54:26.662   514   514 D TlcTeeKeyMaster: split_update_chunks
07-26 20:54:26.664   514   514 D TlcTeeKeyMaster: TEE_Update exiting with 0
07-26 20:54:26.665   514   514 D TlcTeeKeyMaster: TEE_Finish
07-26 20:54:26.665   514   514 D TlcTeeKeyMaster: split_update_chunks
07-26 20:54:26.667   514   514 D TlcTeeKeyMaster: release_operation_slot: release op slot #0 (handle 0x2fb1f8092821ba1a; 0 ops live)
07-26 20:54:26.667   514   514 D TlcTeeKeyMaster: TEE_Finish exiting with 0
07-26 20:54:26.674 12942 13030 D ColorNotificationManager: getOpenid--pkg:com.heytap.mcs,uid:1000,type:OUID
07-26 20:54:26.704 12942 13031 D NetworkSecurityConfig: No Network Security Config specified, using platform default
07-26 20:54:26.759   694 13059 E ResolverController: No valid NAT64 prefix (300, <unspecified>/0)
07-26 20:54:26.762 12942 13031 W System  : ClassLoader referenced unknown path: system/framework/mediatek-cta.jar
07-26 20:54:27.506   907 12672 E lsc_nvram: [do_mkdir] fail to mkdir [/sdcard/shading_otp]: 13[Permission denied] (do_mkdir){#65:vendor/mediatek/proprietary/hardware/mtkcam/aaa/source/isp_40/lsc_mgr/LscUtil.h}
07-26 20:54:27.502   907   907 W HwBinder:907_3: type=1400 audit(0.0:278595): avc: denied { search } for name="0" dev="mmcblk0p45" ino=85 scontext=u:r:mtk_hal_camera:s0 tcontext=u:object_r:media_rw_data_file:s0 tclass=dir permissive=0
07-26 20:54:27.502   907   907 W HwBinder:907_3: type=1400 audit(0.0:278596): avc: denied { search } for name="0" dev="mmcblk0p45" ino=85 scontext=u:r:mtk_hal_camera:s0 tcontext=u:object_r:media_rw_data_file:s0 tclass=dir permissive=0
07-26 20:54:28.507   907 12672 E lsc_nvram: [do_mkdir] fail to mkdir [/sdcard/shading_otp]: 13[Permission denied] (do_mkdir){#65:vendor/mediatek/proprietary/hardware/mtkcam/aaa/source/isp_40/lsc_mgr/LscUtil.h}
07-26 20:54:28.502   907   907 W HwBinder:907_3: type=1400 audit(0.0:278597): avc: denied { search } for name="0" dev="mmcblk0p45" ino=85 scontext=u:r:mtk_hal_camera:s0 tcontext=u:object_r:media_rw_data_file:s0 tclass=dir permissive=0
07-26 20:54:28.502   907   907 W HwBinder:907_3: type=1400 audit(0.0:278598): avc: denied { search } for name="0" dev="mmcblk0p45" ino=85 scontext=u:r:mtk_hal_camera:s0 tcontext=u:object_r:media_rw_data_file:s0 tclass=dir permissive=0
07-26 20:54:28.695   721   721 W         : thermal_hal: mtk_get_temperatures: failed to open directory /proc/mtktz/mtktsbattery: Unknown error -2
07-26 20:54:28.702   721   721 I chatty  : uid=1000(system) thermal@1.0-ser identical 4 lines
07-26 20:54:28.703   721   721 W         : thermal_hal: mtk_get_temperatures: failed to open directory /proc/mtktz/mtktsbattery: Unknown error -2
07-26 20:54:29.508   907 12672 E lsc_nvram: [do_mkdir] fail to mkdir [/sdcard/shading_otp]: 13[Permission denied] (do_mkdir){#65:vendor/mediatek/proprietary/hardware/mtkcam/aaa/source/isp_40/lsc_mgr/LscUtil.h}
07-26 20:54:29.502   907   907 W HwBinder:907_3: type=1400 audit(0.0:278599): avc: denied { search } for name="0" dev="mmcblk0p45" ino=85 scontext=u:r:mtk_hal_camera:s0 tcontext=u:object_r:media_rw_data_file:s0 tclass=dir permissive=0
07-26 20:54:29.502   907   907 I chatty  : uid=1047(cameraserver) /vendor/bin/hw/camerahalserver identical 1 line
07-26 20:54:30.506   907   907 W HwBinder:907_3: type=1400 audit(0.0:278601): avc: denied { search } for name="0" dev="mmcblk0p45" ino=85 scontext=u:r:mtk_hal_camera:s0 tcontext=u:object_r:media_rw_data_file:s0 tclass=dir permissive=0
07-26 20:54:30.508   907 12672 E lsc_nvram: [do_mkdir] fail to mkdir [/sdcard/shading_otp]: 13[Permission denied] (do_mkdir){#65:vendor/mediatek/proprietary/hardware/mtkcam/aaa/source/isp_40/lsc_mgr/LscUtil.h}
07-26 20:54:30.506   907   907 W HwBinder:907_3: type=1400 audit(0.0:278602): avc: denied { search } for name="0" dev="mmcblk0p45" ino=85 scontext=u:r:mtk_hal_camera:s0 tcontext=u:object_r:media_rw_data_file:s0 tclass=dir permissive=0
07-26 20:54:30.880  1537  1537 D TorchManagerService: temperature: 310, bTorchMode: false, switchOn: true, threshold: 460, showing: false, mbIsSafetyTemperatureScene: false
07-26 20:54:30.889 27645 27645 W FileManager::BaseActivity: mChangedReceiver onReceive action = android.intent.action.BATTERY_CHANGED
07-26 20:54:30.899 27645 27645 W FileManager::BaseActivity: mChangedReceiver onReceive action = android.intent.action.BATTERY_CHANGED
07-26 20:54:31.509   907 12672 E lsc_nvram: [do_mkdir] fail to mkdir [/sdcard/shading_otp]: 13[Permission denied] (do_mkdir){#65:vendor/mediatek/proprietary/hardware/mtkcam/aaa/source/isp_40/lsc_mgr/LscUtil.h}
07-26 20:54:31.506   907   907 W HwBinder:907_3: type=1400 audit(0.0:278603): avc: denied { search } for name="0" dev="mmcblk0p45" ino=85 scontext=u:r:mtk_hal_camera:s0 tcontext=u:object_r:media_rw_data_file:s0 tclass=dir permissive=0
07-26 20:54:30.891  1537  1537 D TorchManagerService: temperature: 310, bTorchMode: false, switchOn: true, threshold: 460, showing: false, mbIsSafetyTemperatureScene: false
07-26 20:54:31.602 12942 12942 W ContextImpl: Calling a method in the system process without a qualified user: android.app.ContextImpl.startService:1609 android.content.ContextWrapper.startService:680 com.heytap.mcs.biz.statistics.StaticProcessTrackStatusManager.exitCurrentProcess:11 com.heytap.mcs.biz.statistics.StaticProcessTrackStatusManager$1.handleMessage:3 android.os.Handler.dispatchMessage:103 
07-26 20:54:31.506   907   907 W HwBinder:907_3: type=1400 audit(0.0:278604): avc: denied { search } for name="0" dev="mmcblk0p45" ino=85 scontext=u:r:mtk_hal_camera:s0 tcontext=u:object_r:media_rw_data_file:s0 tclass=dir permissive=0
07-26 20:54:31.607 12942 12942 I Process : Sending signal. PID: 12942 SIG: 9
07-26 20:54:31.663  1537  4603 V ActivityManager: Death received in com.android.server.am.ActivityManagerService$AppDeathRecipient@cf20bf4 for thread android.os.BinderProxy@56b9f1d, mPid:12942,mApp:ProcessRecord{9e3058e 12942:com.heytap.mcs.statistics/1000}
07-26 20:54:31.663  1537  4598 D MtkConnectivityService: ConnectivityService NetworkRequestInfo binderDied(NetworkRequest [ TRACK_DEFAULT id=4641, [ Capabilities: INTERNET&NOT_RESTRICTED&TRUSTED Uid: 1000] ], android.os.BinderProxy@b2ed1af)
07-26 20:54:31.663  1537  1717 D MtkConnectivityService: releasing NetworkRequest [ TRACK_DEFAULT id=4641, [ Capabilities: INTERNET&NOT_RESTRICTED&TRUSTED Uid: 1000] ] (release request)
07-26 20:54:31.664  1537  4603 I ActivityManager: Process com.heytap.mcs.statistics (pid 12942) has died: fore SVC 
07-26 20:54:31.664  1537  1578 I libprocessgroup: Successfully killed process cgroup uid 1000 pid 12942 in 0ms
07-26 20:54:31.664  1537  4603 W ContextImpl: Calling a method in the system process without a qualified user: android.app.ContextImpl.sendBroadcast:1073 com.android.server.am.OppoExtraActivityManagerService.setKeyLockModeNormal:53 com.android.server.am.ActivityManagerService.appDiedLocked:4245 com.android.server.am.ActivityManagerService$AppDeathRecipient.binderDied:1682 android.os.BinderProxy.sendDeathNotice:633 
07-26 20:54:31.665   695   695 I Zygote  : Process 12942 exited due to signal 9 (Killed)
07-26 20:54:31.668 12959 12959 I ActivityThread: Removing dead content provider:android.content.ContentProviderProxy@c3ecdb0
07-26 20:54:31.672  1537  1537 I OppoPhoneWindowManager: KeyLockModeReceiver KeyLockMode: 0 ProcessName: com.heytap.mcs.statistics
07-26 20:54:32.510   907 12672 E lsc_nvram: [do_mkdir] fail to mkdir [/sdcard/shading_otp]: 13[Permission denied] (do_mkdir){#65:vendor/mediatek/proprietary/hardware/mtkcam/aaa/source/isp_40/lsc_mgr/LscUtil.h}
07-26 20:54:32.506   907   907 W HwBinder:907_3: type=1400 audit(0.0:278605): avc: denied { search } for name="0" dev="mmcblk0p45" ino=85 scontext=u:r:mtk_hal_camera:s0 tcontext=u:object_r:media_rw_data_file:s0 tclass=dir permissive=0
07-26 20:54:32.506   907   907 W HwBinder:907_3: type=1400 audit(0.0:278606): avc: denied { search } for name="0" dev="mmcblk0p45" ino=85 scontext=u:r:mtk_hal_camera:s0 tcontext=u:object_r:media_rw_data_file:s0 tclass=dir permissive=0
07-26 20:54:33.510   907 12672 E lsc_nvram: [do_mkdir] fail to mkdir [/sdcard/shading_otp]: 13[Permission denied] (do_mkdir){#65:vendor/mediatek/proprietary/hardware/mtkcam/aaa/source/isp_40/lsc_mgr/LscUtil.h}
07-26 20:54:33.506   907   907 W HwBinder:907_3: type=1400 audit(0.0:278607): avc: denied { search } for name="0" dev="mmcblk0p45" ino=85 scontext=u:r:mtk_hal_camera:s0 tcontext=u:object_r:media_rw_data_file:s0 tclass=dir permissive=0
07-26 20:54:33.506   907   907 W HwBinder:907_3: type=1400 audit(0.0:278608): avc: denied { search } for name="0" dev="mmcblk0p45" ino=85 scontext=u:r:mtk_hal_camera:s0 tcontext=u:object_r:media_rw_data_file:s0 tclass=dir permissive=0
07-26 20:54:34.511   907 12672 E lsc_nvram: [do_mkdir] fail to mkdir [/sdcard/shading_otp]: 13[Permission denied] (do_mkdir){#65:vendor/mediatek/proprietary/hardware/mtkcam/aaa/source/isp_40/lsc_mgr/LscUtil.h}
07-26 20:54:34.506   907   907 W HwBinder:907_3: type=1400 audit(0.0:278609): avc: denied { search } for name="0" dev="mmcblk0p45" ino=85 scontext=u:r:mtk_hal_camera:s0 tcontext=u:object_r:media_rw_data_file:s0 tclass=dir permissive=0
07-26 20:54:34.506   907   907 W HwBinder:907_3: type=1400 audit(0.0:278610): avc: denied { search } for name="0" dev="mmcblk0p45" ino=85 scontext=u:r:mtk_hal_camera:s0 tcontext=u:object_r:media_rw_data_file:s0 tclass=dir permissive=0
07-26 20:54:35.512   907 12672 E lsc_nvram: [do_mkdir] fail to mkdir [/sdcard/shading_otp]: 13[Permission denied] (do_mkdir){#65:vendor/mediatek/proprietary/hardware/mtkcam/aaa/source/isp_40/lsc_mgr/LscUtil.h}
07-26 20:54:35.506   907   907 W HwBinder:907_3: type=1400 audit(0.0:278611): avc: denied { search } for name="0" dev="mmcblk0p45" ino=85 scontext=u:r:mtk_hal_camera:s0 tcontext=u:object_r:media_rw_data_file:s0 tclass=dir permissive=0
07-26 20:54:35.506   907   907 W HwBinder:907_3: type=1400 audit(0.0:278612): avc: denied { search } for name="0" dev="mmcblk0p45" ino=85 scontext=u:r:mtk_hal_camera:s0 tcontext=u:object_r:media_rw_data_file:s0 tclass=dir permissive=0
07-26 20:54:36.499  1537  1565 D AES     : AEEIOCTL_GET/SET_SF_STATE IOCTL,cmd= 1074294797, lParam=0. 
07-26 20:54:36.499  1537  1565 W Watchdog: **Get SF Time **0
07-26 20:54:36.500  1537  1565 D AES     : AEEIOCTL_RT_MON_Kick IOCTL,cmd= 2147774474, lParam=300. 
07-26 20:54:36.506   907   907 W HwBinder:907_3: type=1400 audit(0.0:278613): avc: denied { search } for name="0" dev="mmcblk0p45" ino=85 scontext=u:r:mtk_hal_camera:s0 tcontext=u:object_r:media_rw_data_file:s0 tclass=dir permissive=0
07-26 20:54:36.513   907 12672 E lsc_nvram: [do_mkdir] fail to mkdir [/sdcard/shading_otp]: 13[Permission denied] (do_mkdir){#65:vendor/mediatek/proprietary/hardware/mtkcam/aaa/source/isp_40/lsc_mgr/LscUtil.h}
07-26 20:54:36.510   907   907 W HwBinder:907_3: type=1400 audit(0.0:278614): avc: denied { search } for name="0" dev="mmcblk0p45" ino=85 scontext=u:r:mtk_hal_camera:s0 tcontext=u:object_r:media_rw_data_file:s0 tclass=dir permissive=0
07-26 20:54:37.024  1537  1537 D TorchManagerService: temperature: 310, bTorchMode: false, switchOn: true, threshold: 460, showing: false, mbIsSafetyTemperatureScene: false
07-26 20:54:37.031 27645 27645 W FileManager::BaseActivity: mChangedReceiver onReceive action = android.intent.action.BATTERY_CHANGED
07-26 20:54:37.513   907 12672 E lsc_nvram: [do_mkdir] fail to mkdir [/sdcard/shading_otp]: 13[Permission denied] (do_mkdir){#65:vendor/mediatek/proprietary/hardware/mtkcam/aaa/source/isp_40/lsc_mgr/LscUtil.h}
07-26 20:54:37.510   907   907 W HwBinder:907_3: type=1400 audit(0.0:278615): avc: denied { search } for name="0" dev="mmcblk0p45" ino=85 scontext=u:r:mtk_hal_camera:s0 tcontext=u:object_r:media_rw_data_file:s0 tclass=dir permissive=0
07-26 20:54:37.510   907   907 W HwBinder:907_3: type=1400 audit(0.0:278616): avc: denied { search } for name="0" dev="mmcblk0p45" ino=85 scontext=u:r:mtk_hal_camera:s0 tcontext=u:object_r:media_rw_data_file:s0 tclass=dir permissive=0
07-26 20:54:38.514   907 12672 E lsc_nvram: [do_mkdir] fail to mkdir [/sdcard/shading_otp]: 13[Permission denied] (do_mkdir){#65:vendor/mediatek/proprietary/hardware/mtkcam/aaa/source/isp_40/lsc_mgr/LscUtil.h}
07-26 20:54:38.510   907   907 W HwBinder:907_3: type=1400 audit(0.0:278617): avc: denied { search } for name="0" dev="mmcblk0p45" ino=85 scontext=u:r:mtk_hal_camera:s0 tcontext=u:object_r:media_rw_data_file:s0 tclass=dir permissive=0
07-26 20:54:38.510   907   907 W HwBinder:907_3: type=1400 audit(0.0:278618): avc: denied { search } for name="0" dev="mmcblk0p45" ino=85 scontext=u:r:mtk_hal_camera:s0 tcontext=u:object_r:media_rw_data_file:s0 tclass=dir permissive=0
07-26 20:54:38.519  1537  1559 D GnssLocationProvider: setRequest ProviderRequest[OFF]
07-26 20:54:38.695   721   721 W         : thermal_hal: mtk_get_temperatures: failed to open directory /proc/mtktz/mtktsbattery: Unknown error -2
07-26 20:54:38.703   721   721 I chatty  : uid=1000(system) thermal@1.0-ser identical 4 lines
07-26 20:54:38.704   721   721 W         : thermal_hal: mtk_get_temperatures: failed to open directory /proc/mtktz/mtktsbattery: Unknown error -2
07-26 20:54:38.852   745  1201 D AudioPolicyService: UidPolicy::onUidStateChanged() UID=10228 procState=11
07-26 20:54:38.876  5963  5969 I stagram.androi: Method exceeds compiler instruction limit: 21696 in long X.1tc.A01(long)
07-26 20:54:38.914  5963  6147 W IgMetaConfig: Could not obtain MC: not_user_session session=X.3oq@6a3a440
07-26 20:54:38.914  5963  6147 W IgMetaConfig: java.lang.RuntimeException: Could not obtain MC, call-site will receive default values
07-26 20:54:38.914  5963  6147 W IgMetaConfig: 	at X.7jS.A05(:4)
07-26 20:54:38.914  5963  6147 W IgMetaConfig: 	at X.7jS.A04(:39)
07-26 20:54:38.914  5963  6147 W IgMetaConfig: 	at X.7jS.A03(:2)
07-26 20:54:38.914  5963  6147 W IgMetaConfig: 	at X.1dc.A00(:8)
07-26 20:54:38.914  5963  6147 W IgMetaConfig: 	at X.1dc.A03(:8)
07-26 20:54:38.914  5963  6147 W IgMetaConfig: 	at X.6eh.A02(:143)
07-26 20:54:38.914  5963  6147 W IgMetaConfig: 	at X.6eh.A08(:0)
07-26 20:54:38.914  5963  6147 W IgMetaConfig: 	at X.6ep.A01(:16)
07-26 20:54:38.914  5963  6147 W IgMetaConfig: 	at X.6dx.handleMessage(:278)
07-26 20:54:38.914  5963  6147 W IgMetaConfig: 	at android.os.Handler.dispatchMessage(Handler.java:107)
07-26 20:54:38.914  5963  6147 W IgMetaConfig: 	at android.os.Looper.loop(Looper.java:237)
07-26 20:54:38.914  5963  6147 W IgMetaConfig: 	at android.os.HandlerThread.run(HandlerThread.java:67)
07-26 20:54:38.915  5963  6147 W IgMetaConfig: Could not obtain MC: not_user_session session=X.3oq@6a3a440
07-26 20:54:38.915  5963  6147 W IgMetaConfig: java.lang.RuntimeException: Could not obtain MC, call-site will receive default values
07-26 20:54:38.915  5963  6147 W IgMetaConfig: 	at X.7jS.A05(:4)
07-26 20:54:38.915  5963  6147 W IgMetaConfig: 	at X.7jS.A04(:39)
07-26 20:54:38.915  5963  6147 W IgMetaConfig: 	at X.7jS.A03(:2)
07-26 20:54:38.915  5963  6147 W IgMetaConfig: 	at X.1dc.A00(:8)
07-26 20:54:38.915  5963  6147 W IgMetaConfig: 	at X.1dc.A03(:8)
07-26 20:54:38.915  5963  6147 W IgMetaConfig: 	at X.6eh.A02(:152)
07-26 20:54:38.915  5963  6147 W IgMetaConfig: 	at X.6eh.A08(:0)
07-26 20:54:38.915  5963  6147 W IgMetaConfig: 	at X.6ep.A01(:16)
07-26 20:54:38.915  5963  6147 W IgMetaConfig: 	at X.6dx.handleMessage(:278)
07-26 20:54:38.915  5963  6147 W IgMetaConfig: 	at android.os.Handler.dispatchMessage(Handler.java:107)
07-26 20:54:38.915  5963  6147 W IgMetaConfig: 	at android.os.Looper.loop(Looper.java:237)
07-26 20:54:38.915  5963  6147 W IgMetaConfig: 	at android.os.HandlerThread.run(HandlerThread.java:67)
07-26 20:54:39.071  3397  3415 W Launcher.BadgeProvider: call method = setAppBadgeCount
07-26 20:54:39.077  3397  3415 I Launcher.BadgeProvider: updateOrInsertBadgeCount -- same badge count! dbBadgeCount = 8
07-26 20:54:39.514   907 12672 E lsc_nvram: [do_mkdir] fail to mkdir [/sdcard/shading_otp]: 13[Permission denied] (do_mkdir){#65:vendor/mediatek/proprietary/hardware/mtkcam/aaa/source/isp_40/lsc_mgr/LscUtil.h}
07-26 20:54:39.510   907   907 W HwBinder:907_3: type=1400 audit(0.0:278619): avc: denied { search } for name="0" dev="mmcblk0p45" ino=85 scontext=u:r:mtk_hal_camera:s0 tcontext=u:object_r:media_rw_data_file:s0 tclass=dir permissive=0
07-26 20:54:39.510   907   907 W HwBinder:907_3: type=1400 audit(0.0:278620): avc: denied { search } for name="0" dev="mmcblk0p45" ino=85 scontext=u:r:mtk_hal_camera:s0 tcontext=u:object_r:media_rw_data_file:s0 tclass=dir permissive=0
07-26 20:54:39.793  5963  5969 I stagram.androi: Method exceeds compiler instruction limit: 17797 in void X.6ox.GSE(com.facebook.pando.TreeUpdaterJNI, X.7iE)
07-26 20:54:39.856  5963  5969 I chatty  : uid=10228(com.instagram.android) Jit thread pool identical 1 line
07-26 20:54:39.890  5963  5969 I stagram.androi: Method exceeds compiler instruction limit: 17797 in void X.6ox.GSE(com.facebook.pando.TreeUpdaterJNI, X.7iE)
07-26 20:54:39.958   870   870 W bspCriticalLog: type=1400 audit(0.0:278621): avc: denied { search } for name="power_supply" dev="sysfs" ino=34704 scontext=u:r:bspCriticalLog:s0 tcontext=u:object_r:sysfs_battery_supply:s0 tclass=dir permissive=0
07-26 20:54:39.958   870   870 I chatty  : uid=1000(system) /system/bin/bspCriticalLog identical 1 line
07-26 20:54:39.958   870   870 W bspCriticalLog: type=1400 audit(0.0:278623): avc: denied { search } for name="power_supply" dev="sysfs" ino=34704 scontext=u:r:bspCriticalLog:s0 tcontext=u:object_r:sysfs_battery_supply:s0 tclass=dir permissive=0
07-26 20:54:40.392  1110  1206 I VoLTE IMCB-CM: receive the nessage from IMC #72
07-26 20:54:40.393  1110  1206 I VoLTE IMCB-CM: receive the nessage from IMC #72
07-26 20:54:40.393  1110  1110 I VoLTE IMCB: {{{{[process_msg] msg_id=100034(0x000186C2), dst=IMCB[2], IMCB_IMC_HEADER_FILE_VERNO=74, MSG_ID_IMC_IN_BEGIN=100000, IMC_FEATURE_BITMAP=0x3 @0#187
07-26 20:54:40.393  1110  1110 I VoLTE IMCB: ENTER imcb_imc_rat_change_ind_handler()@0#5292
07-26 20:54:40.393  1110  1110 I VoLTE IMCB: from rat type = 3, to ua rat = 12 imcb_rat_conv_to_ua()@0#140
07-26 20:54:40.393  1110  1110 I VoLTE IMCB: from rat type = 3, to ua rat = 12 @0#140
07-26 20:54:40.393  1110  1110 I VoLTE IMCB: Pure Mesage Send dest=UA[3], msg_id=10013(0x0000271D), len=192, IMCB_IMC_HEADER_FILE_VERNO=74, MSG_ID_IMC_IN_BEGIN=100000, IMC_FEATURE_BITMAP=0x3 imcb_send_to_COMM()@0#248
07-26 20:54:40.393  1110  1110 I VoLTE IMCB: EndofMessage process_msg()@0#236}}}}
07-26 20:54:40.394  1110  1110 I VoLTE IMCB: {{{{[process_msg] msg_id=100034(0x000186C2), dst=IMCB[2], IMCB_IMC_HEADER_FILE_VERNO=74, MSG_ID_IMC_IN_BEGIN=100000, IMC_FEATURE_BITMAP=0x3 @0#187
07-26 20:54:40.394  1110  1110 I VoLTE IMCB: ENTER imcb_imc_rat_change_ind_handler()@0#5292
07-26 20:54:40.394  1110  1110 I VoLTE IMCB: from rat type = 3, to ua rat = 12 imcb_rat_conv_to_ua()@0#140
07-26 20:54:40.394  1110  1110 I VoLTE IMCB: from rat type = 3, to ua rat = 12 @0#140
07-26 20:54:40.394  1110  1110 I VoLTE IMCB: Pure Mesage Send dest=UA[3], msg_id=10013(0x0000271D), len=192, IMCB_IMC_HEADER_FILE_VERNO=74, MSG_ID_IMC_IN_BEGIN=100000, IMC_FEATURE_BITMAP=0x3 imcb_send_to_COMM()@0#248
07-26 20:54:40.394  1110  1110 I VoLTE IMCB: EndofMessage process_msg()@0#236}}}}
07-26 20:54:40.498  2061  2061 D OppoSubscriptionController: innerCTCCard vimsi-->
07-26 20:54:40.499  2061  2061 D OppoSubscriptionController: innerCTCCard iccid-1-->null
07-26 20:54:40.500  2061  2061 D OppoSubscriptionController: isCTCCard iccid-2-->null
07-26 20:54:40.501  2061  2061 D OppoSubscriptionController: innerCTCCard vimsi-->404950976044744
07-26 20:54:40.501  2061  2061 D OppoSubscriptionController: innerCTCCard iccid-1-->null
07-26 20:54:40.502  2061  2061 D OppoSubscriptionController: isCTCCard-->return->false
07-26 20:54:40.515   907 12672 E lsc_nvram: [do_mkdir] fail to mkdir [/sdcard/shading_otp]: 13[Permission denied] (do_mkdir){#65:vendor/mediatek/proprietary/hardware/mtkcam/aaa/source/isp_40/lsc_mgr/LscUtil.h}
07-26 20:54:40.510   907   907 W HwBinder:907_3: type=1400 audit(0.0:278624): avc: denied { search } for name="0" dev="mmcblk0p45" ino=85 scontext=u:r:mtk_hal_camera:s0 tcontext=u:object_r:media_rw_data_file:s0 tclass=dir permissive=0
07-26 20:54:40.531  2061  2061 E m.android.phon: Invalid ID 0x00000000.
07-26 20:54:40.569  2061  2061 D Entitlement-Op15ImsManagerExt: feature:2, phoneId:0
07-26 20:54:40.569  2061  2061 D Entitlement-Op15ImsManagerExt: in Op15fwkplugin, isEntitlementEnabled:true
07-26 20:54:40.569  2061  2061 D Entitlement-Op15ImsManagerExt: getSubIdUsingPhoneId:5, phoneId:0
07-26 20:54:40.571  2061  2061 D Entitlement-Op15ImsManagerExt: getSubIdUsingPhoneId:5, phoneId:0
07-26 20:54:40.571  2061  2061 D Entitlement-Op15ImsManagerExt: This operator is no need to check provision.
07-26 20:54:40.595  1537  3655 I LocationAccessPolicy: com.android.systemui is aware of coarse but the app-ops permission is specifically denied.
07-26 20:54:40.611 22636 22920 E SubscriptionManagerWrapper: java.lang.NoSuchMethodException: android.telephony.SubscriptionManager.getActiveDataSubscriptionId []
07-26 20:54:40.622 22636 22920 E SubscriptionManagerWrapper: java.lang.NoSuchMethodException: android.telephony.SubscriptionManager.getActiveDataSubscriptionId []
07-26 20:54:40.623  2061  2061 D ServiceStateProvider: subId=5
07-26 20:54:40.641  1537  3655 D WifiClientModeImpl: Adjust rssi from -55 to -60
07-26 20:54:40.641  1537  4596 D WifiClientModeImpl: Adjust rssi from -55 to -60
07-26 20:54:40.642  1537  4596 D WifiClientModeImpl: Adjust rssi from -55 to -60
07-26 20:54:40.642  1537  4603 D WifiClientModeImpl: Adjust rssi from -55 to -60
07-26 20:54:40.642   745  1201 D AudioPolicyService: UidPolicy::onUidStateChanged() UID=10056 procState=12
07-26 20:54:40.642 12833 12833 D CBReceiver: onReceive Intent { act=android.intent.action.SERVICE_STATE flg=0x1000010 cmp=com.android.cellbroadcastreceiver/.CellBroadcastReceiver (has extras) }
07-26 20:54:40.644 22636 22920 E SubscriptionManagerWrapper: java.lang.NoSuchMethodException: android.telephony.SubscriptionManager.getActiveDataSubscriptionId []
07-26 20:54:40.644 22636  6690 E SubscriptionManagerWrapper: java.lang.NoSuchMethodException: android.telephony.SubscriptionManager.getActiveDataSubscriptionId []
07-26 20:54:40.644 12833 12833 I CBReceiverApp: isHasCellBroadcast: true
07-26 20:54:40.644 12833 12833 D CBReceiver: onReceiveWithPrivilege(), action: android.intent.action.SERVICE_STATE
07-26 20:54:40.645 12833 12833 D CBReceiver: onReceiveWithPrivilege: ACTION_SERVICE_STATE_CHANGED--> onReceive  newState = 0
07-26 20:54:40.646 12833 12833 D CBReceiver: onReceiveWithPrivilege, same state, return.
07-26 20:54:40.661 22636  6690 E SubscriptionManagerWrapper: java.lang.NoSuchMethodException: android.telephony.SubscriptionManager.getActiveDataSubscriptionId []
07-26 20:54:40.664 22636 22920 E SubscriptionManagerWrapper: java.lang.NoSuchMethodException: android.telephony.SubscriptionManager.getActiveDataSubscriptionId []
07-26 20:54:40.669   694   694 I netd    : trafficSwapActiveStatsMap() <0.77ms>
07-26 20:54:40.674   694   694 I netd    : tetherGetStats() <2.69ms>
07-26 20:54:40.682 22636 22920 E SubscriptionManagerWrapper: java.lang.NoSuchMethodException: android.telephony.SubscriptionManager.getActiveDataSubscriptionId []
07-26 20:54:40.684 22636  6690 E SubscriptionManagerWrapper: java.lang.NoSuchMethodException: android.telephony.SubscriptionManager.getActiveDataSubscriptionId []
07-26 20:54:40.688 22636  6690 E SubscriptionManagerWrapper: java.lang.NoSuchMethodException: android.telephony.SubscriptionManager.getActiveDataSubscriptionId []
07-26 20:54:40.689 22636 22920 E SubscriptionManagerWrapper: java.lang.NoSuchMethodException: android.telephony.SubscriptionManager.getActiveDataSubscriptionId []
07-26 20:54:40.693 22636  6690 E SubscriptionManagerWrapper: java.lang.NoSuchMethodException: android.telephony.SubscriptionManager.getActiveDataSubscriptionId []
07-26 20:54:40.695 22636 22920 E SubscriptionManagerWrapper: java.lang.NoSuchMethodException: android.telephony.SubscriptionManager.getActiveDataSubscriptionId []
07-26 20:54:41.516   907 12672 E lsc_nvram: [do_mkdir] fail to mkdir [/sdcard/shading_otp]: 13[Permission denied] (do_mkdir){#65:vendor/mediatek/proprietary/hardware/mtkcam/aaa/source/isp_40/lsc_mgr/LscUtil.h}
07-26 20:54:41.514   907   907 W HwBinder:907_3: type=1400 audit(0.0:278626): avc: denied { search } for name="0" dev="mmcblk0p45" ino=85 scontext=u:r:mtk_hal_camera:s0 tcontext=u:object_r:media_rw_data_file:s0 tclass=dir permissive=0
07-26 20:54:41.514   907   907 I chatty  : uid=1047(cameraserver) /vendor/bin/hw/camerahalserver identical 1 line
07-26 20:54:42.510   907   907 W HwBinder:907_3: type=1400 audit(0.0:278628): avc: denied { search } for name="0" dev="mmcblk0p45" ino=85 scontext=u:r:mtk_hal_camera:s0 tcontext=u:object_r:media_rw_data_file:s0 tclass=dir permissive=0
07-26 20:54:42.517   907 12672 E lsc_nvram: [do_mkdir] fail to mkdir [/sdcard/shading_otp]: 13[Permission denied] (do_mkdir){#65:vendor/mediatek/proprietary/hardware/mtkcam/aaa/source/isp_40/lsc_mgr/LscUtil.h}
07-26 20:54:42.514   907   