07-26 20:49:25.182  1537  4601 W UriGrantsManagerService: No permission grants found for com.google.android.apps.photos
07-26 20:49:25.183  1537  4601 W UriGrantsManagerService: No permission grants found for com.google.android.apps.photos
07-26 20:49:25.712  1537  1577 I ActivityManager: Start proc 10152:com.android.cellbroadcastreceiver/u0a56 for broadcast {com.android.cellbroadcastreceiver/com.android.cellbroadcastreceiver.CellBroadcastReceiver}
07-26 20:49:25.731  1537  4599 V ActivityManager: New death recipient com.android.server.am.ActivityManagerService$AppDeathRecipient@2ec9a74 for thread android.os.BinderProxy@f854b9d, pid:10152,mApp:null
07-26 20:49:25.733  1537  4599 D DEBUG_VISIBILITY: mOccluded:false lastOccluded:false
07-26 20:49:26.061  1537  4601 W UriGrantsManagerService: No permission grants found for com.google.android.apps.photos
07-26 20:49:26.174  1537  4601 I chatty  : uid=1000(system) Binder:1537_1E identical 2 lines
07-26 20:49:26.174  1537  4601 W UriGrantsManagerService: No permission grants found for com.google.android.apps.photos
07-26 20:49:27.215  1537  3658 W UriGrantsManagerService: No permission grants found for com.google.android.apps.photos
07-26 20:49:27.216  1537  3658 W UriGrantsManagerService: No permission grants found for com.google.android.apps.photos
07-26 20:49:28.146  1537  4599 W UriGrantsManagerService: No permission grants found for com.google.android.apps.photos
07-26 20:49:28.146  1537  4599 W UriGrantsManagerService: No permission grants found for com.google.android.apps.photos
07-26 20:49:29.091  1537  4595 W UriGrantsManagerService: No permission grants found for com.google.android.apps.photos
07-26 20:49:29.597  1537  4595 I chatty  : uid=1000(system) Binder:1537_1A identical 2 lines
07-26 20:49:29.598  1537  4595 W UriGrantsManagerService: No permission grants found for com.google.android.apps.photos
07-26 20:49:29.683  1537  1576 D AppOps  : checkOperation: uid reject #1 for code 87 uid 10150 package com.google.android.ims
07-26 20:49:29.715  1537  1577 I ActivityManager: Start proc 10180:com.google.android.ims/u0a150 for service {com.google.android.ims/com.google.android.ims.services.RcsService}
07-26 20:49:29.733  1537  4595 V ActivityManager: New death recipient com.android.server.am.ActivityManagerService$AppDeathRecipient@a4fde2a for thread android.os.BinderProxy@82e941b, pid:10180,mApp:null
07-26 20:49:29.737  1537  4595 D DEBUG_VISIBILITY: mOccluded:false lastOccluded:false
07-26 20:49:30.016  1537  4601 D AppOps  : checkOperation: uid reject #1 for code 87 uid 10177 package com.google.android.apps.messaging
07-26 20:49:30.039  1537  1577 I ActivityManager: Start proc 10207:com.google.android.apps.messaging/u0a177 for service {com.google.android.apps.messaging/com.google.android.apps.messaging.rcsmigration.RcsMigrationService}
07-26 20:49:30.056  1537  4594 V ActivityManager: New death recipient com.android.server.am.ActivityManagerService$AppDeathRecipient@3c187f5 for thread android.os.BinderProxy@d51b98a, pid:10207,mApp:null
07-26 20:49:30.059  1537  4594 D DEBUG_VISIBILITY: mOccluded:false lastOccluded:false
07-26 20:49:30.100  1537  4601 W UriGrantsManagerService: No permission grants found for com.google.android.apps.photos
07-26 20:49:30.101  1537  4601 W UriGrantsManagerService: No permission grants found for com.google.android.apps.photos
07-26 20:49:30.788  1537  4599 D MtkConnectivityService: requestNetwork for uid/pid:10150/10180 NetworkRequest [ TRACK_DEFAULT id=4587, [ Capabilities: INTERNET&NOT_RESTRICTED&TRUSTED Uid: 10150] ]
07-26 20:49:30.843  1537  1537 D TorchManagerService: temperature: 310, bTorchMode: false, switchOn: true, threshold: 460, showing: false, mbIsSafetyTemperatureScene: false
07-26 20:49:30.863  1537  2153 W ActivityManager: Receiver with filter android.content.IntentFilter@e014ea2 already registered for pid 10180, callerPackage is com.google.android.ims
07-26 20:49:31.074  1537  4599 W ActivityManager: Background start not allowed: service Intent { cmp=com.google.android.apps.messaging/com.google.apps.tiktok.concurrent.AndroidFuturesService (has extras) } to com.google.android.apps.messaging/com.google.apps.tiktok.concurrent.AndroidFuturesService from pid=10207 uid=10177 pkg=com.google.android.apps.messaging startFg?=false
07-26 20:49:31.083  1537  4599 D MtkConnectivityService: requestNetwork for uid/pid:10181/9816 NetworkRequest [ TRACK_DEFAULT id=4588, [ Capabilities: INTERNET&NOT_RESTRICTED&TRUSTED Uid: 10181] ]
07-26 20:49:34.012  1537  3658 D MtkConnectivityService: requestNetwork for uid/pid:10181/9816 NetworkRequest [ TRACK_DEFAULT id=4590, [ Capabilities: INTERNET&NOT_RESTRICTED&TRUSTED Uid: 10181] ]
07-26 20:49:34.042  1537  1717 D MtkConnectivityService: releasing NetworkRequest [ TRACK_DEFAULT id=4590, [ Capabilities: INTERNET&NOT_RESTRICTED&TRUSTED Uid: 10181] ] (release request)
07-26 20:49:35.800  1537  2490 V AlarmManager: set(PendingIntent{df7237d: PendingIntentRecord{1cd4405 com.facebook.services broadcastIntent}}) : type=2 when=151751031whenElapsed151751031maxWhen =151976029 win=224998 interval=0 flags=0x4 pkg = com.facebook.services
07-26 20:49:35.802  1537  1537 V AlarmManager: set(null) : type=3 when=152096408whenElapsed152096408maxWhen =152580438 win=484030 interval=0 flags=0x8 pkg = android
07-26 20:49:35.820  1537  2490 V AlarmManager: set(PendingIntent{42633be: PendingIntentRecord{afc1c1f com.google.android.gms broadcastIntent}}) : type=3 when=152051012whenElapsed152051012maxWhen =152051012 win=0 interval=0 flags=0x0 pkg = com.google.android.gms
07-26 20:49:36.477  1537  1565 W Watchdog: **Get SF Time **0
07-26 20:49:36.992  1537  1537 D TorchManagerService: temperature: 310, bTorchMode: false, switchOn: true, threshold: 460, showing: false, mbIsSafetyTemperatureScene: false
07-26 20:49:37.286  1537  4601 D ColorAppListInterceptManager: shouldFilterTask
07-26 20:49:37.286  1537  4601 D ColorAppListInterceptManager: shouldFilterTask::packageName = com.whatsapp
07-26 20:49:37.286  1537  4601 D ColorAppListInterceptManager: shouldFilterTask
07-26 20:49:37.286  1537  4601 D ColorAppListInterceptManager: shouldFilterTask::packageName = com.coloros.filemanager
07-26 20:49:37.327  2189  3075 W ContextImpl: Calling a method in the system process without a qualified user: android.app.ContextImpl.startService:1609 android.content.ContextWrapper.startService:680 com.oppo.statistics.record.RecordHandler.startDcsService:210 com.oppo.statistics.record.RecordHandler.addTask:137 com.oppo.statistics.agent.CommonAgent.recordCommon:23 
07-26 20:49:39.718  1537  1577 I ActivityManager: Start proc 10302:com.heytap.themestore/u0a68 for service {com.heytap.themestore/com.nearme.themespace.pictorial.MagazineConfigService}
07-26 20:49:39.738  1537  3658 V ActivityManager: New death recipient com.android.server.am.ActivityManagerService$AppDeathRecipient@46a4b0f for thread android.os.BinderProxy@bab79c, pid:10302,mApp:null
07-26 20:49:39.741  1537  3658 D DEBUG_VISIBILITY: mOccluded:false lastOccluded:false
07-26 20:49:40.667  1537  3658 D MtkConnectivityService: requestNetwork for uid/pid:10181/9816 NetworkRequest [ TRACK_DEFAULT id=4591, [ Capabilities: INTERNET&NOT_RESTRICTED&TRUSTED Uid: 10181] ]
07-26 20:49:40.684  1537  1717 D MtkConnectivityService: releasing NetworkRequest [ TRACK_DEFAULT id=4591, [ Capabilities: INTERNET&NOT_RESTRICTED&TRUSTED Uid: 10181] ] (release request)
07-26 20:49:40.794  1537  4601 W ActivityManager: Unable to start service Intent { act=com.oplus.uxdesign.UXTHEME_APPLY_SERVICE pkg=com.oplus.uxdesign } U=0: not found
07-26 20:49:41.223  1537  1537 V AlarmManager: set(null) : type=2 when=151488405whenElapsed151488405maxWhen =151512366 win=23961 interval=0 flags=0x0 pkg = android
07-26 20:49:41.245  1537  1577 I ActivityManager: Start proc 10377:com.google.android.youtube/u0a174 for service {com.google.android.youtube/androidx.work.impl.background.systemjob.SystemJobService}
07-26 20:49:41.273  1537  2490 V ActivityManager: New death recipient com.android.server.am.ActivityManagerService$AppDeathRecipient@bad6130 for thread android.os.BinderProxy@78f31a9, pid:10377,mApp:null
07-26 20:49:41.273  1537  4601 V AlarmManager: set(PendingIntent{acfd32e: PendingIntentRecord{538d6b9 com.heytap.mcs startService}}) : type=2 when=151741498whenElapsed151741498maxWhen =151751498 win=10000 interval=0 flags=0x8 pkg = com.heytap.mcs
07-26 20:49:41.275  1537  2490 D DEBUG_VISIBILITY: mOccluded:false lastOccluded:false
07-26 20:49:41.428  9529  9607 E ActivityThread: Failed to find provider info for com.platform.usercenter.vip
07-26 20:49:41.910  1537  2490 D MtkConnectivityService: requestNetwork for uid/pid:10174/10377 NetworkRequest [ TRACK_DEFAULT id=4592, [ Capabilities: INTERNET&NOT_RESTRICTED&TRUSTED Uid: 10174] ]
07-26 20:49:41.930  1537  2153 D MtkConnectivityService: requestNetwork for uid/pid:10174/10377 NetworkRequest [ TRACK_DEFAULT id=4594, [ Capabilities: INTERNET&NOT_RESTRICTED&TRUSTED Uid: 10174] ]
07-26 20:49:42.004  1537  4601 D MtkConnectivityService: requestNetwork for uid/pid:10174/10377 NetworkRequest [ TRACK_DEFAULT id=4595, [ Capabilities: INTERNET&NOT_RESTRICTED&TRUSTED Uid: 10174] ]
07-26 20:49:42.038  1537  2153 D MtkConnectivityService: requestNetwork for uid/pid:10174/10377 NetworkRequest [ TRACK_DEFAULT id=4596, [ Capabilities: INTERNET&NOT_RESTRICTED&TRUSTED Uid: 10174] ]
07-26 20:49:42.426  1537  2153 V AlarmManager: set(null) : type=2 when=151527036whenElapsed151527036maxWhen =151579068 win=52032 interval=0 flags=0x0 pkg = android
07-26 20:49:42.443  1537  2153 V AlarmManager: set(null) : type=2 when=151488416whenElapsed151488416maxWhen =151511471 win=23055 interval=0 flags=0x0 pkg = android
07-26 20:49:42.874  1537  1537 D TorchManagerService: temperature: 310, bTorchMode: false, switchOn: true, threshold: 460, showing: false, mbIsSafetyTemperatureScene: false
07-26 20:49:44.009  1537  4601 D AppOps  : checkOperation: uid reject #1 for code 87 uid 10168 package com.android.chrome
07-26 20:49:44.026  1537  1577 I ActivityManager: Start proc 10528:com.android.chrome/u0a168 for service {com.android.chrome/org.chromium.chrome.browser.customtabs.CustomTabsConnectionService}
07-26 20:49:44.044  1537  2490 V ActivityManager: New death recipient com.android.server.am.ActivityManagerService$AppDeathRecipient@a46ae12 for thread android.os.BinderProxy@d0dc9e3, pid:10528,mApp:null
07-26 20:49:44.047  1537  2490 D DEBUG_VISIBILITY: mOccluded:false lastOccluded:false
07-26 20:49:44.151  1537  2153 V AlarmManager: set(null) : type=2 when=151519183whenElapsed151519183maxWhen =151564032 win=44849 interval=0 flags=0x0 pkg = android
07-26 20:49:44.881  1537  2490 D AppOps  : checkOperation: uid reject #1 for code 87 uid 10168 package com.android.chrome
07-26 20:49:45.160  1537  4601 D AppOps  : checkOperation: uid reject #1 for code 87 uid 10168 package com.android.chrome
07-26 20:49:45.172  1537  1577 I ActivityManager: Start proc 10603:com.android.chrome:privileged_process0/u0a168 for service {com.android.chrome/org.chromium.content.app.PrivilegedProcessService0}
07-26 20:49:45.192  1537  2490 V ActivityManager: New death recipient com.android.server.am.ActivityManagerService$AppDeathRecipient@ce1bcd2 for thread android.os.BinderProxy@1191a3, pid:10603,mApp:null
07-26 20:49:45.195  1537  2490 D DEBUG_VISIBILITY: mOccluded:false lastOccluded:false
07-26 20:49:45.200  1537  1577 I ActivityManager: Start proc 10622:com.android.vending/u0a162 for service {com.android.vending/com.google.android.finsky.installservice.DevTriggeredUpdateService}
07-26 20:49:45.212  1537  3658 V ActivityManager: New death recipient com.android.server.am.ActivityManagerService$AppDeathRecipient@cc82915 for thread android.os.BinderProxy@8fc142a, pid:10622,mApp:null
07-26 20:49:45.216  1537  3658 D DEBUG_VISIBILITY: mOccluded:false lastOccluded:false
07-26 20:49:45.398  1537  4595 V ActivityManager: Death received in com.android.server.am.ActivityManagerService$AppDeathRecipient@69b4977 for thread android.os.BinderProxy@98ab9e4, mPid:9286,mApp:ProcessRecord{8b09d83 9286:com.coloros.screenshot/1000}
07-26 20:49:45.398  1537  4595 I ActivityManager: Process com.coloros.screenshot (pid 9286) has died: cch+95 CEM 
07-26 20:49:45.429  1537  1551 V ActivityManager: Death received in com.android.server.am.ActivityManagerService$AppDeathRecipient@e4fa563 for thread android.os.BinderProxy@9dfc560, mPid:9470,mApp:ProcessRecord{7a380a2 9470:com.heytap.cloud/u0a60}
07-26 20:49:45.444  1537  4595 W ContextImpl: Calling a method in the system process without a qualified user: android.app.ContextImpl.sendBroadcast:1073 com.android.server.am.OppoExtraActivityManagerService.setKeyLockModeNormal:53 com.android.server.am.ActivityManagerService.appDiedLocked:4245 com.android.server.am.ActivityManagerService$AppDeathRecipient.binderDied:1682 android.os.BinderProxy.sendDeathNotice:633 
07-26 20:49:45.477  1537  1562 W ActivityManager: setHasOverlayUi called on unknown pid: 9286
07-26 20:49:45.478  1537  1551 I ActivityManager: Process com.heytap.cloud (pid 9470) has died: cch+85 CEM 
07-26 20:49:45.479  1537  1551 W ContextImpl: Calling a method in the system process without a qualified user: android.app.ContextImpl.sendBroadcast:1073 com.android.server.am.OppoExtraActivityManagerService.setKeyLockModeNormal:53 com.android.server.am.ActivityManagerService.appDiedLocked:4245 com.android.server.am.ActivityManagerService$AppDeathRecipient.binderDied:1682 android.os.BinderProxy.sendDeathNotice:633 
07-26 20:49:45.574  1537  1661 W ContextImpl: Calling a method in the system process without a qualified user: android.app.ContextImpl.sendBroadcast:1088 com.android.server.ColorAlarmManagerHelper$WorkerHandler.handleMessage:1575 android.os.Handler.dispatchMessage:107 android.os.Looper.loop:237 android.os.HandlerThread.run:67 
07-26 20:49:45.590  1537  2490 D AppOps  : checkOperation: uid reject #1 for code 87 uid 10168 package com.android.chrome
07-26 20:49:45.895  1537  3658 D MtkConnectivityService: requestNetwork for uid/pid:10168/10528 NetworkRequest [ TRACK_DEFAULT id=4597, [ Capabilities: INTERNET&NOT_RESTRICTED&TRUSTED Uid: 10168] ]
07-26 20:49:45.956  1537  2490 W ActivityManager: Background start not allowed: service Intent { cmp=com.google.android.apps.messaging/.shared.datamodel.action.execution.ActionExecutorImpl$EmptyService } to com.google.android.apps.messaging/.shared.datamodel.action.execution.ActionExecutorImpl$EmptyService from pid=10207 uid=10177 pkg=com.google.android.apps.messaging startFg?=false
07-26 20:49:45.988  1537  3658 W ActivityManager: Background start not allowed: service Intent { cmp=com.google.android.apps.messaging/.shared.datamodel.action.execution.ActionExecutorImpl$EmptyService } to com.google.android.apps.messaging/.shared.datamodel.action.execution.ActionExecutorImpl$EmptyService from pid=10207 uid=10177 pkg=com.google.android.apps.messaging startFg?=false
07-26 20:49:46.225  1537  1577 I ActivityManager: Start proc 10709:com.android.chrome:sandboxed_process0:org.chromium.content.app.SandboxedProcessService0:0/u0ai0 for  {com.android.chrome/org.chromium.content.app.SandboxedProcessService0:0}
07-26 20:49:46.245  1537  1551 V ActivityManager: New death recipient com.android.server.am.ActivityManagerService$AppDeathRecipient@2fec7f for thread android.os.BinderProxy@7b0944c, pid:10709,mApp:null
07-26 20:49:46.247  1537  1551 D DEBUG_VISIBILITY: mOccluded:false lastOccluded:false
07-26 20:49:46.381  1537  1551 V ActivityManager: Death received in com.android.server.am.ActivityManagerService$AppDeathRecipient@7820bec for thread android.os.BinderProxy@6892bb5, mPid:9490,mApp:ProcessRecord{4952e76 9490:com.coloros.oshare/u0a116}
07-26 20:49:46.382  1537  1551 I ActivityManager: Process com.coloros.oshare (pid 9490) has died: cch+85 CEM 
07-26 20:49:46.383  1537  1551 W ContextImpl: Calling a method in the system process without a qualified user: android.app.ContextImpl.sendBroadcast:1073 com.android.server.am.OppoExtraActivityManagerService.setKeyLockModeNormal:53 com.android.server.am.ActivityManagerService.appDiedLocked:4245 com.android.server.am.ActivityManagerService$AppDeathRecipient.binderDied:1682 android.os.BinderProxy.sendDeathNotice:633 
07-26 20:49:46.480  1537  2490 V AlarmManager: set(PendingIntent{304d068: PendingIntentRecord{8fc9c81 com.google.android.gms startService}}) : type=3 when=315511461713whenElapsed315511461713maxWhen =552031461713 win=236520000000 interval=0 flags=0x8 pkg = com.google.android.gms
07-26 20:49:46.643  1537  4595 V ActivityManager: Death received in com.android.server.am.ActivityManagerService$AppDeathRecipient@c5b3e46 for thread android.os.BinderProxy@ff70807, mPid:9389,mApp:ProcessRecord{4f21da3 9389:com.coloros.gallery3d/u0a74}
07-26 20:49:46.643  1537  4595 I ActivityManager: Process com.coloros.gallery3d (pid 9389) has died: cch+75 CEM 
07-26 20:49:46.643  1537  4595 W ContextImpl: Calling a method in the system process without a qualified user: android.app.ContextImpl.sendBroadcast:1073 com.android.server.am.OppoExtraActivityManagerService.setKeyLockModeNormal:53 com.android.server.am.ActivityManagerService.appDiedLocked:4245 com.android.server.am.ActivityManagerService$AppDeathRecipient.binderDied:1682 android.os.BinderProxy.sendDeathNotice:633 
07-26 20:49:46.644  1537  1661 W ContextImpl: Calling a method in the system process without a qualified user: android.app.ContextImpl.sendBroadcast:1088 com.android.server.ColorAlarmManagerHelper$WorkerHandler.handleMessage:1575 android.os.Handler.dispatchMessage:107 android.os.Looper.loop:237 android.os.HandlerThread.run:67 
07-26 20:49:46.646  1537  1562 W ActivityManager: setHasOverlayUi called on unknown pid: 9389
07-26 20:49:46.697  8544  8616 W ContextImpl: Calling a method in the system process without a qualified user: android.app.ContextImpl.startService:1609 android.content.ContextWrapper.startService:680 com.oppo.statistics.record.RecordHandler.startDcsService:210 com.oppo.statistics.record.RecordHandler.addTask:137 com.oppo.statistics.agent.CommonAgent.recordCommon:23 
07-26 20:49:46.743  1537  4595 V AlarmManager: set(PendingIntent{7bccdb0: PendingIntentRecord{34a416e com.google.android.gms broadcastIntent}}) : type=3 when=151462914whenElapsed151466977maxWhen =151466977 win=0 interval=0 flags=0x0 pkg = com.google.android.gms
07-26 20:49:46.793  1537  3658 V AlarmManager: set(PendingIntent{61914dc: PendingIntentRecord{34a416e com.google.android.gms broadcastIntent}}) : type=3 when=151801496whenElapsed151801496maxWhen =152056098 win=254602 interval=0 flags=0x0 pkg = com.google.android.gms
07-26 20:49:46.946  1537  2490 D MtkConnectivityService: requestNetwork for uid/pid:10162/10622 NetworkRequest [ TRACK_DEFAULT id=4599, [ Capabilities: INTERNET&NOT_RESTRICTED&TRUSTED Uid: 10162] ]
07-26 20:49:46.989  1537  1577 I ActivityManager: Start proc 10780:com.google.process.gapps/u0a155 for content provider {com.google.android.gsf/com.google.android.gsf.settings.GoogleSettingsProvider}
07-26 20:49:47.014  1537  3658 V ActivityManager: New death recipient com.android.server.am.ActivityManagerService$AppDeathRecipient@c156ec5 for thread android.os.BinderProxy@e3e601a, pid:10780,mApp:null
07-26 20:49:47.017  1537  3658 D DEBUG_VISIBILITY: mOccluded:false lastOccluded:false
07-26 20:49:47.110  1537  3658 D AppOps  : checkOperation: uid reject #1 for code 87 uid 10168 package com.android.chrome
07-26 20:49:47.134  1537  4595 D AppOps  : checkOperation: reject #3 for code 43 uid 10162 package com.android.vending
07-26 20:49:47.689  1537  4599 V AlarmManager: set(PendingIntent{bdaaa3a: PendingIntentRecord{34a416e com.google.android.gms broadcastIntent}}) : type=3 when=151801496whenElapsed151801496maxWhen =152055426 win=253930 interval=0 flags=0x0 pkg = com.google.android.gms
07-26 20:49:47.735  1537  2107 V AlarmManager: set(PendingIntent{b25841d: PendingIntentRecord{34a416e com.google.android.gms broadcastIntent}}) : type=3 when=151801496whenElapsed151801496maxWhen =152055392 win=253896 interval=0 flags=0x0 pkg = com.google.android.gms
07-26 20:49:47.975  1537  1577 I ActivityManager: Start proc 10873:com.android.vending:background/u0a162 for service {com.android.vending/com.google.frameworks.client.data.android.server.play.BackgroundProcessEndpointService}
07-26 20:49:47.991  1537  1801 V ActivityManager: New death recipient com.android.server.am.ActivityManagerService$AppDeathRecipient@b1219d5 for thread android.os.BinderProxy@a5215ea, pid:10873,mApp:null
07-26 20:49:47.993  1537  1801 D DEBUG_VISIBILITY: mOccluded:false lastOccluded:false
07-26 20:49:48.444  1537  2107 I ActivityManager: Killing 9742:com.google.android.googlequicksearchbox:search/u0a160 (adj 995): empty #9
07-26 20:49:48.520  1537  4599 V ActivityManager: Death received in com.android.server.am.ActivityManagerService$AppDeathRecipient@10d08cf for thread android.os.BinderProxy@a56025c, mPid:9742,mApp:ProcessRecord{80f4463 9742:com.google.android.googlequicksearchbox:search/u0a160}
07-26 20:49:48.536  1537  4599 D MtkConnectivityService: requestNetwork for uid/pid:10162/10873 NetworkRequest [ TRACK_DEFAULT id=4601, [ Capabilities: INTERNET&NOT_RESTRICTED&TRUSTED Uid: 10162] ]
07-26 20:49:48.598  1537  4599 D MtkConnectivityService: requestNetwork for uid/pid:10162/10873 NetworkRequest [ TRACK_DEFAULT id=4602, [ Capabilities: INTERNET&NOT_RESTRICTED&TRUSTED Uid: 10162] ]
07-26 20:49:49.021  1537  1537 D TorchManagerService: temperature: 310, bTorchMode: false, switchOn: true, threshold: 460, showing: false, mbIsSafetyTemperatureScene: false
07-26 20:49:49.346  1537  1801 D MtkConnectivityService: requestNetwork for uid/pid:10168/10528 NetworkRequest [ TRACK_DEFAULT id=4604, [ Capabilities: INTERNET&NOT_RESTRICTED&TRUSTED Uid: 10168] ]
07-26 20:49:51.902  1537  1801 W ActivityManager: Background start not allowed: service Intent { cmp=com.google.android.apps.messaging/.shared.datamodel.action.execution.ActionExecutorImpl$EmptyService } to com.google.android.apps.messaging/.shared.datamodel.action.execution.ActionExecutorImpl$EmptyService from pid=10207 uid=10177 pkg=com.google.android.apps.messaging startFg?=false
07-26 20:49:51.913  1537  3652 W ActivityManager: Background start not allowed: service Intent { cmp=com.google.android.apps.messaging/.shared.datamodel.action.execution.ActionExecutorImpl$EmptyService } to com.google.android.apps.messaging/.shared.datamodel.action.execution.ActionExecutorImpl$EmptyService from pid=10207 uid=10177 pkg=com.google.android.apps.messaging startFg?=false
07-26 20:49:52.047  1537  1801 W ActivityManager: Background start not allowed: service Intent { cmp=com.google.android.apps.messaging/.shared.datamodel.action.execution.ActionExecutorImpl$EmptyService } to com.google.android.apps.messaging/.shared.datamodel.action.execution.ActionExecutorImpl$EmptyService from pid=10207 uid=10177 pkg=com.google.android.apps.messaging startFg?=false
07-26 20:49:52.052  1537  2106 W ActivityManager: Background start not allowed: service Intent { cmp=com.google.android.apps.messaging/.shared.datamodel.action.execution.ActionExecutorImpl$EmptyService } to com.google.android.apps.messaging/.shared.datamodel.action.execution.ActionExecutorImpl$EmptyService from pid=10207 uid=10177 pkg=com.google.android.apps.messaging startFg?=false
07-26 20:49:52.643  1537  2106 W ActivityManager: Background start not allowed: service Intent { cmp=com.google.android.apps.messaging/.shared.datamodel.action.execution.ActionExecutorImpl$EmptyService } to com.google.android.apps.messaging/.shared.datamodel.action.execution.ActionExecutorImpl$EmptyService from pid=10207 uid=10177 pkg=com.google.android.apps.messaging startFg?=false
07-26 20:49:53.473  1537  2106 I ActivityManager: Killing 10152:com.android.cellbroadcastreceiver/u0a56 (adj 985): empty #9
07-26 20:49:53.509  1537  2106 V ActivityManager: Death received in com.android.server.am.ActivityManagerService$AppDeathRecipient@2ec9a74 for thread android.os.BinderProxy@f854b9d, mPid:10152,mApp:ProcessRecord{97063e4 10152:com.android.cellbroadcastreceiver/u0a56}
07-26 20:49:53.607  1537  2106 I ActivityManager: Killing 10528:com.android.chrome/u0a168 (adj 985): empty #9
07-26 20:49:53.684  1537  4599 D MtkConnectivityService: ConnectivityService NetworkRequestInfo binderDied(NetworkRequest [ LISTEN id=4598, [ Capabilities: INTERNET&NOT_RESTRICTED&TRUSTED&FOREGROUND Uid: 10168] ], android.os.BinderProxy@9a2304d)
07-26 20:49:53.684  1537  4602 D MtkConnectivityService: ConnectivityService NetworkRequestInfo binderDied(NetworkRequest [ TRACK_DEFAULT id=4597, [ Capabilities: INTERNET&NOT_RESTRICTED&TRUSTED Uid: 10168] ], android.os.BinderProxy@d543702)
07-26 20:49:53.685  1537  4602 V ActivityManager: Death received in com.android.server.am.ActivityManagerService$AppDeathRecipient@a46ae12 for thread android.os.BinderProxy@d0dc9e3, mPid:10528,mApp:ProcessRecord{c6068d4 10528:com.android.chrome/u0a168}
07-26 20:49:53.685  1537  4487 D MtkConnectivityService: ConnectivityService NetworkRequestInfo binderDied(NetworkRequest [ TRACK_DEFAULT id=4604, [ Capabilities: INTERNET&NOT_RESTRICTED&TRUSTED Uid: 10168] ], android.os.BinderProxy@32a3813)
07-26 20:49:53.685  1537  3654 D MtkConnectivityService: ConnectivityService NetworkRequestInfo binderDied(NetworkRequest [ LISTEN id=4605, [ Capabilities: INTERNET&NOT_RESTRICTED&TRUSTED&FOREGROUND Uid: 10168] ], android.os.BinderProxy@7c1da50)
07-26 20:49:53.685  1537  1717 D MtkConnectivityService: releasing NetworkRequest [ TRACK_DEFAULT id=4597, [ Capabilities: INTERNET&NOT_RESTRICTED&TRUSTED Uid: 10168] ] (release request)
07-26 20:49:53.686  1537  1717 D MtkConnectivityService: releasing NetworkRequest [ TRACK_DEFAULT id=4604, [ Capabilities: INTERNET&NOT_RESTRICTED&TRUSTED Uid: 10168] ] (release request)
07-26 20:49:53.698  1537  4602 W ActivityManager: Scheduling restart of crashed service com.android.chrome/org.chromium.chrome.browser.customtabs.CustomTabsConnectionService in 1000ms
07-26 20:49:53.701  1537  4602 I ActivityManager: Killing 10709:com.android.chrome:sandboxed_process0:org.chromium.content.app.SandboxedProcessService0:0/u0a168i-9000 (adj 0): isolated not needed
07-26 20:49:53.732  1537  4596 V ActivityManager: Death received in com.android.server.am.ActivityManagerService$AppDeathRecipient@2fec7f for thread android.os.BinderProxy@7b0944c, mPid:10709,mApp:ProcessRecord{7ee8449 10709:com.android.chrome:sandboxed_process0:org.chromium.content.app.SandboxedProcessService0:0/u0a168i-9000}
07-26 20:49:53.736  1537  2503 V ActivityManager: Death received in com.android.server.am.ActivityManagerService$AppDeathRecipient@ce1bcd2 for thread android.os.BinderProxy@1191a3, mPid:10603,mApp:ProcessRecord{652c14e 10603:com.android.chrome:privileged_process0/u0a168}
07-26 20:49:53.771  1537  2503 I ActivityManager: Process com.android.chrome:privileged_process0 (pid 10603) has died: fore SVC 
07-26 20:49:53.772  1537  2503 W ContextImpl: Calling a method in the system process without a qualified user: android.app.ContextImpl.sendBroadcast:1073 com.android.server.am.OppoExtraActivityManagerService.setKeyLockModeNormal:53 com.android.server.am.ActivityManagerService.appDiedLocked:4245 com.android.server.am.ActivityManagerService$AppDeathRecipient.binderDied:1682 android.os.BinderProxy.sendDeathNotice:633 
07-26 20:49:54.912  1537  1537 D TorchManagerService: temperature: 310, bTorchMode: false, switchOn: true, threshold: 460, showing: false, mbIsSafetyTemperatureScene: false
07-26 20:49:58.012  1537  4602 W ActivityManager: Background start not allowed: service Intent { cmp=com.google.android.apps.messaging/.shared.datamodel.action.execution.ActionExecutorImpl$EmptyService } to com.google.android.apps.messaging/.shared.datamodel.action.execution.ActionExecutorImpl$EmptyService from pid=10207 uid=10177 pkg=com.google.android.apps.messaging startFg?=false
07-26 20:49:58.573  1537  4602 D AppOps  : checkOperation: uid reject #1 for code 87 uid 10160 package com.google.android.googlequicksearchbox
07-26 20:49:58.595  1537  1577 I ActivityManager: Start proc 10979:com.google.android.googlequicksearchbox:search/u0a160 for service {com.google.android.googlequicksearchbox/com.google.android.apps.gsa.publicsearch.PublicSearchService}
07-26 20:49:58.614  1537  3277 D MtkConnectivityService: requestNetwork for uid/pid:10162/10873 NetworkRequest [ TRACK_DEFAULT id=4606, [ Capabilities: INTERNET&NOT_RESTRICTED&TRUSTED Uid: 10162] ]
07-26 20:49:58.614  1537  3277 V ActivityManager: New death recipient com.android.server.am.ActivityManagerService$AppDeathRecipient@a5e9f79 for thread android.os.BinderProxy@f76f4be, pid:10979,mApp:null
07-26 20:49:58.622  1537  3277 D DEBUG_VISIBILITY: mOccluded:false lastOccluded:false
07-26 20:50:00.000  1537  1664 V AlarmManager: set(null) : type=3 when=151535233whenElapsed151535233maxWhen =151535233 win=0 interval=0 flags=0x1 pkg = android
07-26 20:50:01.058  1537  1537 D TorchManagerService: temperature: 310, bTorchMode: false, switchOn: true, threshold: 460, showing: false, mbIsSafetyTemperatureScene: false
07-26 20:50:01.069  1537  1537 I chatty  : uid=1000 system_server identical 1 line
07-26 20:50:01.385  1537  1537 D TorchManagerService: temperature: 310, bTorchMode: false, switchOn: true, threshold: 460, showing: false, mbIsSafetyTemperatureScene: false
07-26 20:50:01.576  1537  4601 W ActivityManager: Unable to start service Intent { cmp=com.google.android.apps.tachyon/.clientapi.ClientApiService } U=0: not found
07-26 20:50:04.256  1537  1577 I ActivityManager: Start proc 11063:com.android.cellbroadcastreceiver/u0a56 for broadcast {com.android.cellbroadcastreceiver/com.android.cellbroadcastreceiver.CellBroadcastReceiver}
07-26 20:50:04.276  1537  2106 V ActivityManager: New death recipient com.android.server.am.ActivityManagerService$AppDeathRecipient@d8f7bfa for thread android.os.BinderProxy@b3a25ab, pid:11063,mApp:null
07-26 20:50:04.280  1537  2106 D DEBUG_VISIBILITY: mOccluded:false lastOccluded:false
07-26 20:50:06.480  1537  1565 W Watchdog: **Get SF Time **0
07-26 20:50:06.945  1537  1537 D TorchManagerService: temperature: 310, bTorchMode: false, switchOn: true, threshold: 460, showing: false, mbIsSafetyTemperatureScene: false
07-26 20:50:11.748  1537  4596 I ActivityManager: Killing 9529:com.heytap.usercenter/u0a66 (adj 995): empty #9
07-26 20:50:11.802  1537  4596 V ActivityManager: Death received in com.android.server.am.ActivityManagerService$AppDeathRecipient@8955daa for thread android.os.BinderProxy@59edd9b, mPid:9529,mApp:ProcessRecord{7ae45e5 9529:com.heytap.usercenter/u0a66}
07-26 20:50:11.802  1537  4602 D MtkConnectivityService: ConnectivityService NetworkRequestInfo binderDied(NetworkRequest [ TRACK_DEFAULT id=4584, [ Capabilities: INTERNET&NOT_RESTRICTED&TRUSTED Uid: 10066] ], android.os.BinderProxy@b95ca95)
07-26 20:50:11.803  1537  1717 D MtkConnectivityService: releasing NetworkRequest [ TRACK_DEFAULT id=4584, [ Capabilities: INTERNET&NOT_RESTRICTED&TRUSTED Uid: 10066] ] (release request)
07-26 20:50:12.832  1537  1537 D TorchManagerService: temperature: 310, bTorchMode: false, switchOn: true, threshold: 460, showing: false, mbIsSafetyTemperatureScene: false
07-26 20:50:12.847  1537  1537 D TorchManagerService: temperature: 310, bTorchMode: false, switchOn: true, threshold: 460, showing: false, mbIsSafetyTemperatureScene: false
07-26 20:50:16.759  1537  1804 I ActivityManager: Killing 10377:com.google.android.youtube/u0a174 (adj 985): empty #9
07-26 20:50:16.850  1537  3658 D MtkConnectivityService: ConnectivityService NetworkRequestInfo binderDied(NetworkRequest [ TRACK_DEFAULT id=4595, [ Capabilities: INTERNET&NOT_RESTRICTED&TRUSTED Uid: 10174] ], android.os.BinderProxy@121a6e4)
07-26 20:50:16.850  1537  3277 D MtkConnectivityService: ConnectivityService NetworkRequestInfo binderDied(NetworkRequest [ TRACK_DEFAULT id=4596, [ Capabilities: INTERNET&NOT_RESTRICTED&TRUSTED Uid: 10174] ], android.os.BinderProxy@485b74d)
07-26 20:50:16.850  1537  4592 D MtkConnectivityService: ConnectivityService NetworkRequestInfo binderDied(NetworkRequest [ TRACK_DEFAULT id=4592, [ Capabilities: INTERNET&NOT_RESTRICTED&TRUSTED Uid: 10174] ], android.os.BinderProxy@d56b202)
07-26 20:50:16.850  1537  2503 D MtkConnectivityService: ConnectivityService NetworkRequestInfo binderDied(NetworkRequest [ LISTEN id=4593, [ Capabilities: INTERNET&NOT_RESTRICTED&TRUSTED&FOREGROUND Uid: 10174] ], android.os.BinderProxy@7b29713)
07-26 20:50:16.850  1537  4596 D MtkConnectivityService: ConnectivityService NetworkRequestInfo binderDied(NetworkRequest [ TRACK_DEFAULT id=4594, [ Capabilities: INTERNET&NOT_RESTRICTED&TRUSTED Uid: 10174] ], android.os.BinderProxy@cc44d50)
07-26 20:50:16.850  1537  1551 V ActivityManager: Death received in com.android.server.am.ActivityManagerService$AppDeathRecipient@bad6130 for thread android.os.BinderProxy@78f31a9, mPid:10377,mApp:ProcessRecord{f3ad719 10377:com.google.android.youtube/u0a174}
07-26 20:50:16.851  1537  1717 D MtkConnectivityService: releasing NetworkRequest [ TRACK_DEFAULT id=4595, [ Capabilities: INTERNET&NOT_RESTRICTED&TRUSTED Uid: 10174] ] (release request)
07-26 20:50:16.852  1537  1717 D MtkConnectivityService: releasing NetworkRequest [ TRACK_DEFAULT id=4596, [ Capabilities: INTERNET&NOT_RESTRICTED&TRUSTED Uid: 10174] ] (release request)
07-26 20:50:16.854  1537  1717 D MtkConnectivityService: releasing NetworkRequest [ TRACK_DEFAULT id=4592, [ Capabilities: INTERNET&NOT_RESTRICTED&TRUSTED Uid: 10174] ] (release request)
07-26 20:50:16.855  1537  1717 D MtkConnectivityService: releasing NetworkRequest [ TRACK_DEFAULT id=4594, [ Capabilities: INTERNET&NOT_RESTRICTED&TRUSTED Uid: 10174] ] (release request)
07-26 20:50:18.977  1537  1537 D TorchManagerService: temperature: 310, bTorchMode: false, switchOn: true, threshold: 460, showing: false, mbIsSafetyTemperatureScene: false
07-26 20:50:24.864  1537  1537 D TorchManagerService: temperature: 310, bTorchMode: false, switchOn: true, threshold: 460, showing: false, mbIsSafetyTemperatureScene: false
07-26 20:50:30.751  1537  1603 W PackageManager: Not removing non-existent package BlackHole-v1.15.2-universal-release.apk
07-26 20:50:30.789  1537  1603 W UsageDataRecorder: doSaveData failed to write.
07-26 20:50:31.012  1537  1537 D TorchManagerService: temperature: 310, bTorchMode: false, switchOn: true, threshold: 460, showing: false, mbIsSafetyTemperatureScene: false
07-26 20:50:34.062  1537  1551 D MtkConnectivityService: requestNetwork for uid/pid:10181/9816 NetworkRequest [ TRACK_DEFAULT id=4607, [ Capabilities: INTERNET&NOT_RESTRICTED&TRUSTED Uid: 10181] ]
07-26 20:50:34.118  1537  4487 I ActivityManager: Killing 10780:com.google.process.gapps/u0a155 (adj 985): empty #9
07-26 20:50:34.142  1537  1717 D MtkConnectivityService: releasing NetworkRequest [ TRACK_DEFAULT id=4607, [ Capabilities: INTERNET&NOT_RESTRICTED&TRUSTED Uid: 10181] ] (release request)
07-26 20:50:34.154  1537  4487 V ActivityManager: Death received in com.android.server.am.ActivityManagerService$AppDeathRecipient@c156ec5 for thread android.os.BinderProxy@e3e601a, mPid:10780,mApp:ProcessRecord{86804fe 10780:com.google.process.gapps/u0a155}
07-26 20:50:36.482  1537  1565 W Watchdog: **Get SF Time **0
07-26 20:50:36.897  1537  1537 D TorchManagerService: temperature: 310, bTorchMode: false, switchOn: true, threshold: 460, showing: false, mbIsSafetyTemperatureScene: false
07-26 20:50:48.928  1537  1537 I chatty  : uid=1000 system_server identical 2 lines
07-26 20:50:48.936  1537  1537 D TorchManagerService: temperature: 310, bTorchMode: false, switchOn: true, threshold: 460, showing: false, mbIsSafetyTemperatureScene: false
07-26 20:50:50.247  1537  4487 V AlarmManager: set(PendingIntent{d80b3b0: PendingIntentRecord{6de392a com.google.android.gms broadcastIntent}}) : type=2 when=153135479whenElapsed153135479maxWhen =153135479 win=0 interval=0 flags=0x8 pkg = com.google.android.gms
07-26 20:50:50.283  1537  4487 V AlarmManager: set(PendingIntent{62b48c8: PendingIntentRecord{34b1d61 com.google.android.gms broadcastIntent}}) : type=2 when=151645509whenElapsed151645509maxWhen =151645509 win=0 interval=0 flags=0x8 pkg = com.google.android.gms
07-26 20:50:50.327  9816  9833 V ActivityThread: scheduleReceiver info = ActivityInfo{d44692f com.google.android.libraries.notifications.platform.entrypoints.push.PushReceiver} intent = Intent { act=com.google.android.c2dm.intent.RECEIVE flg=0x1080010 pkg=com.google.android.apps.photos cmp=com.google.android.apps.photos/com.google.android.libraries.notifications.platform.entrypoints.push.PushReceiver (has extras) } sync = true hasCode = 3878557
07-26 20:50:50.914  1537  4487 D MtkConnectivityService: requestNetwork for uid/pid:10181/9816 NetworkRequest [ TRACK_DEFAULT id=4608, [ Capabilities: INTERNET&NOT_RESTRICTED&TRUSTED Uid: 10181] ]
07-26 20:50:50.987  1537  3652 V AlarmManager: set(null) : type=2 when=151527026whenElapsed151531220maxWhen =151531220 win=0 interval=0 flags=0x0 pkg = android
07-26 20:50:50.994  9816  9833 V ActivityThread: scheduleReceiver info = ActivityInfo{d14f098 com.google.firebase.iid.FirebaseInstanceIdReceiver} intent = Intent { act=com.google.android.c2dm.intent.RECEIVE flg=0x1080010 pkg=com.google.android.apps.photos cmp=com.google.android.apps.photos/com.google.firebase.iid.FirebaseInstanceIdReceiver (has extras) } sync = true hasCode = 6918256
07-26 20:50:51.022  1537  1577 I ActivityManager: Start proc 11129:com.google.android.youtube/u0a174 for service {com.google.android.youtube/androidx.work.impl.background.systemjob.SystemJobService}
07-26 20:50:51.033  1537  1577 W ContextImpl: Calling a method in the system process without a qualified user: android.app.ContextImpl.sendBroadcast:1073 com.android.server.am.ColorAbnormalAppManager.sendAbnormalNotify:511 com.android.server.am.ColorAbnormalAppManager.notifyAbnormalInfo:260 com.android.server.am.ColorAbnormalAppManager.handleStartAppInfo:338 com.android.server.am.ColorAbnormalAppManager.handleStartAppInfo:310 
07-26 20:50:51.045  1537  2106 V ActivityManager: New death recipient com.android.server.am.ActivityManagerService$AppDeathRecipient@52f6ea3 for thread android.os.BinderProxy@df9f5a0, pid:11129,mApp:null
07-26 20:50:51.047  1537  2106 D DEBUG_VISIBILITY: mOccluded:false lastOccluded:false
07-26 20:50:51.061 21495 21703 V ActivityThread: scheduleRegisteredReceiver receiver= android.app.LoadedApk$ReceiverDispatcher$InnerReceiver@a6cb9ac intent= Intent { act=com.google.android.c2dm.intent.RECEIVE flg=0x1080010 pkg=com.google.android.apps.photos (has extras) } ordered= false sticky = false
07-26 20:50:51.065  1537  1717 D MtkConnectivityService: releasing NetworkRequest [ TRACK_DEFAULT id=4608, [ Capabilities: INTERNET&NOT_RESTRICTED&TRUSTED Uid: 10181] ] (release request)
07-26 20:50:51.486  1537  3652 D MtkConnectivityService: requestNetwork for uid/pid:10174/11129 NetworkRequest [ TRACK_DEFAULT id=4609, [ Capabilities: INTERNET&NOT_RESTRICTED&TRUSTED Uid: 10174] ]
07-26 20:50:51.493  1537  2106 D MtkConnectivityService: requestNetwork for uid/pid:10174/11129 NetworkRequest [ TRACK_DEFAULT id=4611, [ Capabilities: INTERNET&NOT_RESTRICTED&TRUSTED Uid: 10174] ]
07-26 20:50:51.545  1537  3652 D MtkConnectivityService: requestNetwork for uid/pid:10174/11129 NetworkRequest [ TRACK_DEFAULT id=4612, [ Capabilities: INTERNET&NOT_RESTRICTED&TRUSTED Uid: 10174] ]
07-26 20:50:51.558  1537  3652 D MtkConnectivityService: requestNetwork for uid/pid:10174/11129 NetworkRequest [ TRACK_DEFAULT id=4613, [ Capabilities: INTERNET&NOT_RESTRICTED&TRUSTED Uid: 10174] ]
07-26 20:50:51.814  1537  1537 V AlarmManager: set(null) : type=2 when=151912327whenElapsed151912327maxWhen =152201287 win=288960 interval=0 flags=0x0 pkg = android
07-26 20:50:52.199  1537  4487 V AlarmManager: set(null) : type=2 when=151557354whenElapsed151557354maxWhen =151579794 win=22440 interval=0 flags=0x0 pkg = android
07-26 20:50:52.249  1537  2106 V AlarmManager: set(null) : type=2 when=151912327whenElapsed151912327maxWhen =152200960 win=288633 interval=0 flags=0x0 pkg = android
07-26 20:50:52.441  1537  1577 I ActivityManager: Start proc 11228:com.google.android.webview:webview_service/u0a173 for service {com.google.android.webview/org.chromium.android_webview.services.VariationsSeedServer}
07-26 20:50:52.464  1537  2106 V ActivityManager: New death recipient com.android.server.am.ActivityManagerService$AppDeathRecipient@7cea3dd for thread android.os.BinderProxy@2d74b52, pid:11228,mApp:null
07-26 20:50:52.466  1537  2106 D DEBUG_VISIBILITY: mOccluded:false lastOccluded:false
07-26 20:50:52.493  1537  1577 I ActivityManager: Start proc 11250:com.google.android.webview:sandboxed_process0:org.chromium.content.app.SandboxedProcessService0:0/u0i37 for  {com.google.android.googlequicksearchbox/org.chromium.content.app.SandboxedProcessService0:0}
07-26 20:50:52.510  1537  4487 V ActivityManager: New death recipient com.android.server.am.ActivityManagerService$AppDeathRecipient@872c050 for thread android.os.BinderProxy@d547249, pid:11250,mApp:null
07-26 20:50:52.512  1537  4487 D DEBUG_VISIBILITY: mOccluded:false lastOccluded:false
07-26 20:50:53.423  1537  1804 D MtkConnectivityService: requestNetwork for uid/pid:10160/10979 NetworkRequest [ TRACK_DEFAULT id=4614, [ Capabilities: INTERNET&NOT_RESTRICTED&TRUSTED Uid: 10160] ]
07-26 20:50:53.533  1537  3652 D AppOps  : checkOperation: uid reject #1 for code 87 uid 10168 package com.android.chrome
07-26 20:50:53.550  1537  1577 I ActivityManager: Start proc 11346:com.android.chrome/u0a168 for service {com.android.chrome/org.chromium.chrome.browser.customtabs.CustomTabsConnectionService}
07-26 20:50:53.569  1537  1804 V AlarmManager: set(null) : type=2 when=151588734whenElapsed151588734maxWhen =151633682 win=44948 interval=0 flags=0x0 pkg = android
07-26 20:50:53.574  1537  1804 V ActivityManager: New death recipient com.android.server.am.ActivityManagerService$AppDeathRecipient@e7804e6 for thread android.os.BinderProxy@a7c5a27, pid:11346,mApp:null
07-26 20:50:53.576  1537  1804 D DEBUG_VISIBILITY: mOccluded:false lastOccluded:false
07-26 20:50:53.971  1537  4602 I ActivityManager: Killing 10873:com.android.vending:background/u0a162 (adj 975): empty #9
07-26 20:50:53.972  1537  4602 I ActivityManager: Killing 10622:com.android.vending/u0a162 (adj 985): empty #10
07-26 20:50:53.996  1537  4487 D AppOps  : checkOperation: uid reject #1 for code 87 uid 10168 package com.android.chrome
07-26 20:50:54.025  1537  4487 D MtkConnectivityService: ConnectivityService NetworkRequestInfo binderDied(NetworkRequest [ TRACK_DEFAULT id=4602, [ Capabilities: INTERNET&NOT_RESTRICTED&TRUSTED Uid: 10162] ], android.os.BinderProxy@339d91)
07-26 20:50:54.025  1537  4602 D MtkConnectivityService: ConnectivityService NetworkRequestInfo binderDied(NetworkRequest [ LISTEN id=4603, [ Capabilities: INTERNET&NOT_RESTRICTED&TRUSTED Uid: 10162] ], android.os.BinderProxy@f2274f6)
07-26 20:50:54.025  1537  4603 D MtkConnectivityService: ConnectivityService NetworkRequestInfo binderDied(NetworkRequest [ TRACK_DEFAULT id=4601, [ Capabilities: INTERNET&NOT_RESTRICTED&TRUSTED Uid: 10162] ], android.os.BinderProxy@d92f0f7)
07-26 20:50:54.025  1537  1804 D MtkConnectivityService: ConnectivityService NetworkRequestInfo binderDied(NetworkRequest [ TRACK_DEFAULT id=4606, [ Capabilities: INTERNET&NOT_RESTRICTED&TRUSTED Uid: 10162] ], android.os.BinderProxy@3060b64)
07-26 20:50:54.025  1537  1801 V ActivityManager: Death received in com.android.server.am.ActivityManagerService$AppDeathRecipient@b1219d5 for thread android.os.BinderProxy@a5215ea, mPid:10873,mApp:ProcessRecord{9c1905b 10873:com.android.vending:background/u0a162}
07-26 20:50:54.025  1537  1717 D MtkConnectivityService: releasing NetworkRequest [ TRACK_DEFAULT id=4602, [ Capabilities: INTERNET&NOT_RESTRICTED&TRUSTED Uid: 10162] ] (release request)
07-26 20:50:54.026  1537  1801 W ActivityManager: Scheduling restart of crashed service com.android.vending/com.google.frameworks.client.data.android.server.play.BackgroundProcessEndpointService in 1000ms
07-26 20:50:54.027  1537  1717 D MtkConnectivityService: releasing NetworkRequest [ TRACK_DEFAULT id=4601, [ Capabilities: INTERNET&NOT_RESTRICTED&TRUSTED Uid: 10162] ] (release request)
07-26 20:50:54.027  1537  1717 D MtkConnectivityService: releasing NetworkRequest [ TRACK_DEFAULT id=4606, [ Capabilities: INTERNET&NOT_RESTRICTED&TRUSTED Uid: 10162] ] (release request)
07-26 20:50:54.034  1537  4602 D MtkConnectivityService: ConnectivityService NetworkRequestInfo binderDied(NetworkRequest [ LISTEN id=4600, [ Capabilities: INTERNET&NOT_RESTRICTED&TRUSTED Uid: 10162] ], android.os.BinderProxy@46381cd)
07-26 20:50:54.034  1537  1804 D MtkConnectivityService: ConnectivityService NetworkRequestInfo binderDied(NetworkRequest [ TRACK_DEFAULT id=4599, [ Capabilities: INTERNET&NOT_RESTRICTED&TRUSTED Uid: 10162] ], android.os.BinderProxy@178ea82)
07-26 20:50:54.034  1537  4602 V ActivityManager: Death received in com.android.server.am.ActivityManagerService$AppDeathRecipient@cc82915 for thread android.os.BinderProxy@8fc142a, mPid:10622,mApp:ProcessRecord{550d872 10622:com.android.vending/u0a162}
07-26 20:50:54.035  1537  1717 D MtkConnectivityService: releasing NetworkRequest [ TRACK_DEFAULT id=4599, [ Capabilities: INTERNET&NOT_RESTRICTED&TRUSTED Uid: 10162] ] (release request)
07-26 20:50:54.152  1537  4601 D AppOps  : checkOperation: uid reject #1 for code 87 uid 10168 package com.android.chrome
07-26 20:50:54.166  1537  1577 I ActivityManager: Start proc 11419:com.android.chrome:privileged_process0/u0a168 for service {com.android.chrome/org.chromium.content.app.PrivilegedProcessService0}
07-26 20:50:54.177  1537  2503 V ActivityManager: New death recipient com.android.server.am.ActivityManagerService$AppDeathRecipient@e25783d for thread android.os.BinderProxy@cc4f832, pid:11419,mApp:null
07-26 20:50:54.180  1537  2503 D DEBUG_VISIBILITY: mOccluded:false lastOccluded:false
07-26 20:50:54.201  1537  1577 I ActivityManager: Start proc 11439:com.android.vending/u0a162 for service {com.android.vending/com.google.android.finsky.installservice.DevTriggeredUpdateService}
07-26 20:50:54.219  1537  4601 V ActivityManager: New death recipient com.android.server.am.ActivityManagerService$AppDeathRecipient@f05832c for thread android.os.BinderProxy@35871f5, pid:11439,mApp:null
07-26 20:50:54.221  1537  4601 D DEBUG_VISIBILITY: mOccluded:false lastOccluded:false
07-26 20:50:54.252  1537  3654 I ActivityManager: Killing 10207:com.google.android.apps.messaging/u0a177 (adj 975): empty #9
07-26 20:50:54.329  1537  1551 V ActivityManager: Death received in com.android.server.am.ActivityManagerService$AppDeathRecipient@3c187f5 for thread android.os.BinderProxy@d51b98a, mPid:10207,mApp:ProcessRecord{ee50742 10207:com.google.android.apps.messaging/u0a177}
07-26 20:50:54.381  1537  1551 D AppOps  : checkOperation: uid reject #1 for code 87 uid 10168 package com.android.chrome
07-26 20:50:54.585  1537  4603 D MtkConnectivityService: requestNetwork for uid/pid:10168/11346 NetworkRequest [ TRACK_DEFAULT id=4616, [ Capabilities: INTERNET&NOT_RESTRICTED&TRUSTED Uid: 10168] ]
07-26 20:50:54.755  1537  1577 I ActivityManager: Start proc 11528:com.android.chrome:sandboxed_process0:org.chromium.content.app.SandboxedProcessService0:0/u0ai0 for  {com.android.chrome/org.chromium.content.app.SandboxedProcessService0:0}
07-26 20:50:54.771  1537  1551 V ActivityManager: New death recipient com.android.server.am.ActivityManagerService$AppDeathRecipient@2170daa for thread android.os.BinderProxy@576cd9b, pid:11528,mApp:null
07-26 20:50:54.773  1537  1551 D DEBUG_VISIBILITY: mOccluded:false lastOccluded:false
07-26 20:50:54.814  1537  1537 D TorchManagerService: temperature: 310, bTorchMode: false, switchOn: true, threshold: 460, showing: false, mbIsSafetyTemperatureScene: false
07-26 20:50:54.828  1537  2503 I ActivityManager: Killing 11063:com.android.cellbroadcastreceiver/u0a56 (adj 985): empty #9
07-26 20:50:54.848  1537  2503 D MtkConnectivityService: requestNetwork for uid/pid:10162/11439 NetworkRequest [ TRACK_DEFAULT id=4618, [ Capabilities: INTERNET&NOT_RESTRICTED&TRUSTED Uid: 10162] ]
07-26 20:50:54.887  1537  1631 V ActivityManager: Death received in com.android.server.am.ActivityManagerService$AppDeathRecipient@d8f7bfa for thread android.os.BinderProxy@b3a25ab, mPid:11063,mApp:ProcessRecord{4fb6f98 11063:com.android.cellbroadcastreceiver/u0a56}
07-26 20:50:54.897  1537  1577 I ActivityManager: Start proc 11574:com.google.process.gapps/u0a155 for content provider {com.google.android.gsf/com.google.android.gsf.settings.GoogleSettingsProvider}
07-26 20:50:54.916  1537  4592 D AppOps  : checkOperation: reject #3 for code 43 uid 10162 package com.android.vending
07-26 20:50:54.923  1537  1631 V ActivityManager: New death recipient com.android.server.am.ActivityManagerService$AppDeathRecipient@7a7cb61 for thread android.os.BinderProxy@6f5686, pid:11574,mApp:null
07-26 20:50:54.927  1537  1631 D DEBUG_VISIBILITY: mOccluded:false lastOccluded:false
07-26 20:50:54.979  1537  4603 I ActivityManager: Killing 11228:com.google.android.webview:webview_service/u0a173 (adj 975): empty #9
07-26 20:50:54.979  1537  4603 I ActivityManager: Killing 11250:com.google.android.webview:sandboxed_process0:org.chromium.content.app.SandboxedProcessService0:0/u0a160i37 (adj 985): empty #10
07-26 20:50:55.025  1537  4592 V ActivityManager: Death received in com.android.server.am.ActivityManagerService$AppDeathRecipient@7cea3dd for thread android.os.BinderProxy@2d74b52, mPid:11228,mApp:ProcessRecord{300c35f 11228:com.google.android.webview:webview_service/u0a173}
