07-26 20:10:08.249 27645 27645 D ColorViewRootUtil: nav gesture mode swipeFromBottom ignore true downX 504 downY 1596 mScreenHeight 1600 mScreenWidth 720 mStatusBarHeight 36 globalScale 1.125 nav mode 3 event MotionEvent { action=ACTION_DOWN, actionButton=0, id[0]=0, x[0]=504.0, y[0]=1596.0, toolType[0]=TOOL_TYPE_FINGER, buttonState=0, classification=NONE, metaState=0, flags=0x0, edgeFlags=0x0, pointerCount=1, historySize=0, eventTime=120458244, downTime=120458244, deviceId=2, source=0x1002, displayId=0 } rotation 0
07-26 20:10:08.295  1537  1550 I ColorStatusBarManagerService:  getTopIsFullscreen mTopIsFullscreen: false
07-26 20:10:08.298  1537  1550 I NotificationService: cancelToast pkg=com.oppo.launcher callback=android.app.ITransientNotification$Stub$Proxy@3d4e488
07-26 20:10:08.300  1537  1550 W NotificationService: Toast already cancelled. pkg=com.oppo.launcher callback=android.app.ITransientNotification$Stub$Proxy@3d4e488
07-26 20:10:08.396  1537  1680 I ActivityTaskManager: START u0 {act=android.intent.action.MAIN cat=[android.intent.category.HOME] flg=0x10000100 cmp=com.oppo.launcher/.Launcher (has extras)} from uid 0 and from pid 0
07-26 20:10:08.397  1537  1680 W ColorAccessControlManagerService: getCheckAccessControlIntent: aInfo=ActivityInfo{876ee21 com.oppo.launcher.Launcher} has pass   intent=Intent { act=android.intent.action.MAIN cat=[android.intent.category.HOME] flg=0x10000100 cmp=com.oppo.launcher/.Launcher (has extras) }
07-26 20:10:08.404  1537  1680 V ColorZoomWindowManagerService: windowMode: 1=stack=ActivityStack{6d69d23 stackId=0 type=home mode=fullscreen visible=false translucent=true, 1 tasks}
07-26 20:10:08.405  1537  1680 D ActivityTaskManager: hypnusSetScene: 2118 :com.oppo.launcher
07-26 20:10:08.407  1537  1680 V WindowManager: Changing focus from Window{e5ed656 u0 com.coloros.filemanager/com.coloros.filemanager.view.browser.FileBrowserActivity} to null
07-26 20:10:08.407  1537  1680 V ColorZoomWindowManagerService: prepareZoomTransition: curStack=ActivityStack{5010dec stackId=28 type=standard mode=fullscreen visible=true translucent=false, 1 tasks}   nextStackActivityStack{6d69d23 stackId=0 type=home mode=fullscreen visible=true translucent=true, 1 tasks}
07-26 20:10:08.408  1537  1680 I ColorAccessController: enter isIgnoreAppSwitchActivity
07-26 20:10:08.408  1537  1680 I ColorAccessController: enter isIgnoreAppSwitchActivity and intent != null
07-26 20:10:08.408  1537  1680 I ColorAccessController: enter isIgnoreAppSwitchActivity and componentName != null
07-26 20:10:08.408  1537  1680 I ColorAccessController: enter isIgnoreAppSwitchActivity and packageName&activity is not Empty
07-26 20:10:08.410  1537  1680 D DEBUG_VISIBILITY: mOccluded:false lastOccluded:false
07-26 20:10:08.410  1537  1680 I chatty  : uid=1000(system) InputDispatcher identical 1 line
07-26 20:10:08.411  1537  1680 D DEBUG_VISIBILITY: mOccluded:false lastOccluded:false
07-26 20:10:08.412  1537  1680 V WindowManager: adjustNotShowWallpaperByOppo: false
07-26 20:10:08.412  1537  1680 V WindowManager: adjustNotShowWallpaperByOppo: false
07-26 20:10:08.416  1537  3654 I ColorZoomWindowManagerService: topResumedActivityChanged start r = ActivityRecord{7846eb4 u0 com.oppo.launcher/.Launcher t1}
07-26 20:10:08.416  1537  3654 I ColorZoomWindowManagerService: WINDOWING_MODE_FULLSCREEN : will notifyZoomWindowHide
07-26 20:10:08.417  1537  3654 I ColorZoomWindowDebugConfig: disableDebugLifeCycle before: DEBUG_LIFE_CYCLE = false
07-26 20:10:08.417  1537  3654 I ColorZoomWindowDebugConfig: disableDebugLifeCycle after: DEBUG_LIFE_CYCLE = false
07-26 20:10:08.417  1537  3654 W ColorAccessControlManagerService: notifyZoomWindowExit: stack=ActivityStack{6d69d23 stackId=0 type=home mode=fullscreen visible=true translucent=false, 1 tasks}  windowMode=1  topActivity=ActivityRecord{7846eb4 u0 com.oppo.launcher/.Launcher t1}  toFullScreen = true
07-26 20:10:08.417  1537  3654 V ColorZoomWindowManagerService: notifyZoomWindowHide: 
07-26 20:10:08.417  1537  3654 I chatty  : uid=1000(system) Binder:1537_12 identical 1 line
07-26 20:10:08.417  1537  3654 V ColorZoomWindowManagerService: notifyZoomWindowHide: 
07-26 20:10:08.417  1537  3654 I ColorZoomWindowManagerService: topResumedActivityChanged end
07-26 20:10:08.424  1537  2503 D DEBUG_VISIBILITY: mOccluded:false lastOccluded:false
07-26 20:10:08.435  1537  1562 D OppoOomAjusterHelper: TOP_APP is ProcessRecord{61523d2 2118:com.oppo.launcher/u0a73} uid is 10073
07-26 20:10:08.438  1537  1563 V WindowManager: adjustNotShowWallpaperByOppo: false
07-26 20:10:08.438  1537  1563 V WindowManager: adjustNotShowWallpaperByOppo: false
07-26 20:10:08.452  1537  2264 V AlarmManager: set(PendingIntent{da98915: PendingIntentRecord{431f42a com.coloros.athena startService}}) : type=0 when=1753541108451whenElapsed149383684maxWhen =149608683 win=224999 interval=0 flags=0x8 pkg = com.coloros.athena
07-26 20:10:08.456  1537  1550 W ActivityManager: Unable to start service Intent { act=heytap.intent.action.assistantscreen.window.server pkg=com.coloros.assistantscreen } U=0: not found
07-26 20:10:08.485  1537  2264 D NeuronSystem: iconApp size41 topK 15
07-26 20:10:08.485  1537  2264 D NeuronSystem: getRecommendedApps result1 add com.whatsapp
07-26 20:10:08.485  1537  2264 D NeuronSystem: getRecommendedApps result1 add com.instagram.android
07-26 20:10:08.485  1537  2264 D NeuronSystem: getRecommendedApps result1 add com.android.settings
07-26 20:10:08.485  1537  2264 D NeuronSystem: getRecommendedApps result1 add com.spotify.music
07-26 20:10:08.485  1537  2264 D NeuronSystem: getRecommendedApps result1 add com.coloros.filemanager
07-26 20:10:08.485  1537  2264 D NeuronSystem: getRecommendedApps result1 add com.google.android.dialer
07-26 20:10:08.485  1537  2264 D NeuronSystem: getRecommendedApps result1 add com.android.chrome
07-26 20:10:08.485  1537  2264 D NeuronSystem: getRecommendedApps result1 add com.google.android.youtube
07-26 20:10:08.541  1537  2264 I WindowManager: Relayout Window{5fae4f1 u0 com.oppo.launcher/com.oppo.launcher.Launcher}: oldVis=4 newVis=0 focusMayChange = true
07-26 20:10:08.547  1537  2264 V WindowManager: Changing focus from null to Window{5fae4f1 u0 com.oppo.launcher/com.oppo.launcher.Launcher}
07-26 20:10:08.553  1537  1563 V WindowManager: adjustNotShowWallpaperByOppo: false
07-26 20:10:08.667  1537  1563 I chatty  : uid=1000(system) android.anim identical 2 lines
07-26 20:10:08.670  1537  1563 V WindowManager: adjustNotShowWallpaperByOppo: false
07-26 20:10:08.731  1537  2264 D DEBUG_VISIBILITY: mOccluded:false lastOccluded:false
07-26 20:10:08.833  1537  4602 I ColorAppSwitchManagerService:  handleAppVisible , r = ActivityRecord{7846eb4 u0 com.oppo.launcher/.Launcher t1}
07-26 20:10:08.833  1537  4602 V ColorZoomWindowManagerService: onAnimationFinished:  r=ActivityRecord{7846eb4 u0 com.oppo.launcher/.Launcher t1}
07-26 20:10:08.834  1537  4602 V ColorZoomWindowManagerService: onAnimationFinished:  r=ActivityRecord{4571e46 u0 com.coloros.filemanager/.view.browser.FileBrowserActivity t4246}
07-26 20:10:08.834  1537  1563 V WindowManager: adjustNotShowWallpaperByOppo: false
07-26 20:10:08.835  1537  2115 D OppoBasePowerManagerService: restore job but not complete
07-26 20:10:08.836  1537  2115 D OppoBasePowerManagerService: restore job but not complete
07-26 20:10:08.838  1537  1563 V WindowManager: adjustNotShowWallpaperByOppo: false
07-26 20:10:08.841  1537  1562 D DEBUG_VISIBILITY: mOccluded:false lastOccluded:false
07-26 20:10:12.833  1537  1537 D TorchManagerService: temperature: 300, bTorchMode: false, switchOn: true, threshold: 460, showing: false, mbIsSafetyTemperatureScene: false
07-26 20:10:18.975  1537  1537 D TorchManagerService: temperature: 300, bTorchMode: false, switchOn: true, threshold: 460, showing: false, mbIsSafetyTemperatureScene: false
07-26 20:10:21.381  1537  4602 V AlarmManager: set(PendingIntent{f5823e1: PendingIntentRecord{47c0506 com.google.android.gms startService}}) : type=3 when=315509096613whenElapsed315509096613maxWhen =552029096612 win=236519999999 interval=0 flags=0x8 pkg = com.google.android.gms
07-26 20:10:24.863  1537  1537 D TorchManagerService: temperature: 300, bTorchMode: false, switchOn: true, threshold: 460, showing: false, mbIsSafetyTemperatureScene: false
07-26 20:10:27.404  1537  2153 D AppOps  : checkOperation: uid reject #1 for code 87 uid 10058 package com.android.providers.media
07-26 20:10:27.748  1537  4594 D AppOps  : checkOperation: uid reject #1 for code 87 uid 10058 package com.android.providers.media
07-26 20:10:27.824  1537  4594 V AlarmManager: set(PendingIntent{68cdaea: PendingIntentRecord{34a416e com.google.android.gms broadcastIntent}}) : type=3 when=150680767whenElapsed150680767maxWhen =151864048 win=1183281 interval=0 flags=0x0 pkg = com.google.android.gms
07-26 20:10:27.897  1537  4602 V AlarmManager: set(PendingIntent{8081ba8: PendingIntentRecord{34a416e com.google.android.gms broadcastIntent}}) : type=3 when=150680767whenElapsed150680767maxWhen =151863994 win=1183227 interval=0 flags=0x0 pkg = com.google.android.gms
07-26 20:10:27.928  1537  4602 V AlarmManager: set(PendingIntent{23d4d16: PendingIntentRecord{34a416e com.google.android.gms broadcastIntent}}) : type=3 when=150680767whenElapsed150680767maxWhen =151863970 win=1183203 interval=0 flags=0x0 pkg = com.google.android.gms
07-26 20:10:27.943  1537  4594 V AlarmManager: set(PendingIntent{34bf084: PendingIntentRecord{34a416e com.google.android.gms broadcastIntent}}) : type=3 when=150680767whenElapsed150680767maxWhen =151863960 win=1183193 interval=0 flags=0x0 pkg = com.google.android.gms
07-26 20:10:30.999  1537  1537 D TorchManagerService: temperature: 300, bTorchMode: false, switchOn: true, threshold: 460, showing: false, mbIsSafetyTemperatureScene: false
07-26 20:10:31.233  2118  2118 D ColorViewRootUtil: nav gesture mode swipeFromBottom ignore false downX 476 downY 1309 mScreenHeight 1600 mScreenWidth 720 mStatusBarHeight 36 globalScale 1.125 nav mode 3 event MotionEvent { action=ACTION_DOWN, actionButton=0, id[0]=0, x[0]=476.0, y[0]=1309.0, toolType[0]=TOOL_TYPE_FINGER, buttonState=0, classification=NONE, metaState=0, flags=0x0, edgeFlags=0x0, pointerCount=1, historySize=0, eventTime=120481230, downTime=120481230, deviceId=2, source=0x1002, displayId=0 } rotation 0
07-26 20:10:31.305  1537  4594 D NeuronSystem: iconApp size41 topK 15
07-26 20:10:31.305  1537  4594 D NeuronSystem: getRecommendedApps result1 add com.whatsapp
07-26 20:10:31.305  1537  4594 D NeuronSystem: getRecommendedApps result1 add com.instagram.android
07-26 20:10:31.305  1537  4594 D NeuronSystem: getRecommendedApps result1 add com.android.settings
07-26 20:10:31.305  1537  4594 D NeuronSystem: getRecommendedApps result1 add com.spotify.music
07-26 20:10:31.305  1537  4594 D NeuronSystem: getRecommendedApps result1 add com.coloros.filemanager
07-26 20:10:31.305  1537  4594 D NeuronSystem: getRecommendedApps result1 add com.google.android.dialer
07-26 20:10:31.305  1537  4594 D NeuronSystem: getRecommendedApps result1 add com.android.chrome
07-26 20:10:31.305  1537  4594 D NeuronSystem: getRecommendedApps result1 add com.google.android.youtube
07-26 20:10:31.371  1537  2153 D NeuronSystem: iconApp size41 topK 15
07-26 20:10:31.371  1537  2153 D NeuronSystem: getRecommendedApps result1 add com.whatsapp
07-26 20:10:31.371  1537  2153 D NeuronSystem: getRecommendedApps result1 add com.instagram.android
07-26 20:10:31.371  1537  2153 D NeuronSystem: getRecommendedApps result1 add com.android.settings
07-26 20:10:31.371  1537  2153 D NeuronSystem: getRecommendedApps result1 add com.spotify.music
07-26 20:10:31.371  1537  2153 D NeuronSystem: getRecommendedApps result1 add com.coloros.filemanager
07-26 20:10:31.371  1537  2153 D NeuronSystem: getRecommendedApps result1 add com.google.android.dialer
07-26 20:10:31.371  1537  2153 D NeuronSystem: getRecommendedApps result1 add com.android.chrome
07-26 20:10:31.371  1537  2153 D NeuronSystem: getRecommendedApps result1 add com.google.android.youtube
07-26 20:10:32.683  2118  2118 D ColorViewRootUtil: nav gesture mode swipeFromBottom ignore false downX 393 downY 1028 mScreenHeight 1600 mScreenWidth 720 mStatusBarHeight 36 globalScale 1.125 nav mode 3 event MotionEvent { action=ACTION_DOWN, actionButton=0, id[0]=0, x[0]=393.0, y[0]=1028.0, toolType[0]=TOOL_TYPE_FINGER, buttonState=0, classification=NONE, metaState=0, flags=0x0, edgeFlags=0x0, pointerCount=1, historySize=0, eventTime=120482681, downTime=120482681, deviceId=2, source=0x1002, displayId=0 } rotation 0
07-26 20:10:32.781  1537  2153 I ActivityTaskManager: START u0 {act=android.intent.action.MAIN cat=[android.intent.category.LAUNCHER] flg=0x10200000 cmp=com.coloros.filemanager/.ad.SplashActivity bnds=[292,899][428,1121] mCallingUid=10073} from uid 10073 and from pid 2118
07-26 20:10:32.782  1537  2153 W ColorAccessControlManagerService: getCheckAccessControlIntent: aInfo=ActivityInfo{13ea5fa com.coloros.filemanager.ad.SplashActivity} has pass   intent=Intent { act=android.intent.action.MAIN cat=[android.intent.category.LAUNCHER] flg=0x10200000 cmp=com.coloros.filemanager/.ad.SplashActivity bnds=[292,899][428,1121] mCallingUid=10073 }
07-26 20:10:32.784  1537  2153 V ColorZoomWindowManagerService: windowMode: 0=stack=ActivityStack{5010dec stackId=28 type=standard mode=fullscreen visible=false translucent=true, 1 tasks}
07-26 20:10:32.790  1537  2153 D ActivityTaskManager: hypnusSetScene: 27645 :com.coloros.filemanager
07-26 20:10:32.792  1537  2153 V WindowManager: Changing focus from Window{5fae4f1 u0 com.oppo.launcher/com.oppo.launcher.Launcher} to null
07-26 20:10:32.792  1537  2153 V ColorZoomWindowManagerService: prepareZoomTransition: curStack=ActivityStack{6d69d23 stackId=0 type=home mode=fullscreen visible=true translucent=false, 1 tasks}   nextStackActivityStack{5010dec stackId=28 type=standard mode=fullscreen visible=true translucent=true, 1 tasks}
07-26 20:10:32.803  1537  4602 I ColorAccessController: enter isIgnoreAppSwitchActivity
07-26 20:10:32.803  1537  4602 I ColorAccessController: enter isIgnoreAppSwitchActivity and intent != null
07-26 20:10:32.803  1537  4602 I ColorAccessController: enter isIgnoreAppSwitchActivity and componentName != null
07-26 20:10:32.803  1537  4602 I ColorAccessController: enter isIgnoreAppSwitchActivity and packageName&activity is not Empty
07-26 20:10:32.807  1537  4602 D DEBUG_VISIBILITY: mOccluded:false lastOccluded:false
07-26 20:10:32.809  1537  4602 I chatty  : uid=1000(system) Binder:1537_1F identical 2 lines
07-26 20:10:32.811  1537  4602 D DEBUG_VISIBILITY: mOccluded:false lastOccluded:false
07-26 20:10:32.814  1537  1563 I WindowManager: Relayout Window{29a8e08 u0 SnapshotStartingWindow for taskId=4246}: oldVis=8 newVis=0 focusMayChange = true
07-26 20:10:32.824  8544  8616 W ContextImpl: Calling a method in the system process without a qualified user: android.app.ContextImpl.startService:1609 android.content.ContextWrapper.startService:680 com.oppo.statistics.record.RecordHandler.startDcsService:210 com.oppo.statistics.record.RecordHandler.addTask:137 com.oppo.statistics.agent.CommonAgent.recordCommon:23 
07-26 20:10:32.827  1537  1562 D OppoOomAjusterHelper: TOP_APP is ProcessRecord{1dd0a02 27645:com.coloros.filemanager/u0a105} uid is 10105
07-26 20:10:32.859  1537  2153 I WindowManager: Relayout Window{e5ed656 u0 com.coloros.filemanager/com.coloros.filemanager.view.browser.FileBrowserActivity}: oldVis=4 newVis=0 focusMayChange = true
07-26 20:10:32.863  1537  2153 V WindowManager: Changing focus from null to Window{e5ed656 u0 com.coloros.filemanager/com.coloros.filemanager.view.browser.FileBrowserActivity}
07-26 20:10:32.907  1537  4594 D DEBUG_VISIBILITY: mOccluded:false lastOccluded:false
07-26 20:10:32.913  1537  2153 D ColorAppListInterceptManager: shouldFilterTask
07-26 20:10:32.913  1537  2153 D ColorAppListInterceptManager: shouldFilterTask::packageName = com.coloros.filemanager
07-26 20:10:32.913  1537  2153 D ColorAppListInterceptManager: shouldFilterTask
07-26 20:10:32.913  1537  2153 D ColorAppListInterceptManager: shouldFilterTask::packageName = com.android.settings
07-26 20:10:33.069  1537  4594 I ColorAppSwitchManagerService:  handleAppVisible , r = ActivityRecord{4571e46 u0 com.coloros.filemanager/.view.browser.FileBrowserActivity t4246}
07-26 20:10:33.069  1537  4594 V ColorZoomWindowManagerService: onAnimationFinished:  r=ActivityRecord{4571e46 u0 com.coloros.filemanager/.view.browser.FileBrowserActivity t4246}
07-26 20:10:33.070  1537  4594 V ColorZoomWindowManagerService: onAnimationFinished:  r=ActivityRecord{7846eb4 u0 com.oppo.launcher/.Launcher t1}
07-26 20:10:33.070  1537  1563 V WindowManager: adjustNotShowWallpaperByOppo: false
07-26 20:10:33.070  1537  2115 D OppoBasePowerManagerService: restore job but not complete
07-26 20:10:33.070  1537  2115 D OppoBasePowerManagerService: restore job but not complete
07-26 20:10:33.073  1537  1563 V WindowManager: adjustNotShowWallpaperByOppo: false
07-26 20:10:33.076  1537  1562 D DEBUG_VISIBILITY: mOccluded:false lastOccluded:false
07-26 20:10:33.106  1537  1563 V WindowManager: adjustNotShowWallpaperByOppo: false
07-26 20:10:34.150 27645 27645 D ColorViewRootUtil: nav gesture mode swipeFromBottom ignore false downX 446 downY 1025 mScreenHeight 1600 mScreenWidth 720 mStatusBarHeight 36 globalScale 1.125 nav mode 3 event MotionEvent { action=ACTION_DOWN, actionButton=0, id[0]=0, x[0]=446.0, y[0]=1025.0, toolType[0]=TOOL_TYPE_FINGER, buttonState=0, classification=NONE, metaState=0, flags=0x0, edgeFlags=0x0, pointerCount=1, historySize=0, eventTime=120484148, downTime=120484148, deviceId=2, source=0x1002, displayId=0 } rotation 0
07-26 20:10:36.339  1537  1565 W Watchdog: **Get SF Time **0
07-26 20:10:36.899  1537  1537 D TorchManagerService: temperature: 300, bTorchMode: false, switchOn: true, threshold: 460, showing: false, mbIsSafetyTemperatureScene: false
07-26 20:10:37.320 27645 27645 D ColorViewRootUtil: nav gesture mode swipeFromBottom ignore false downX 466 downY 1430 mScreenHeight 1600 mScreenWidth 720 mStatusBarHeight 36 globalScale 1.125 nav mode 3 event MotionEvent { action=ACTION_DOWN, actionButton=0, id[0]=0, x[0]=466.0, y[0]=1430.0, toolType[0]=TOOL_TYPE_FINGER, buttonState=0, classification=NONE, metaState=0, flags=0x0, edgeFlags=0x0, pointerCount=1, historySize=0, eventTime=120487315, downTime=120487315, deviceId=2, source=0x1002, displayId=0 } rotation 0
07-26 20:10:37.945  1537  4594 W UriGrantsManagerService: No permission grants found for com.google.android.apps.photos
07-26 20:10:37.948  1537  4594 W UriGrantsManagerService: No permission grants found for com.google.android.apps.photos
07-26 20:10:37.967 27645 27645 D ColorViewRootUtil: nav gesture mode swipeFromBottom ignore false downX 505 downY 1379 mScreenHeight 1600 mScreenWidth 720 mStatusBarHeight 36 globalScale 1.125 nav mode 3 event MotionEvent { action=ACTION_DOWN, actionButton=0, id[0]=0, x[0]=505.0, y[0]=1379.0, toolType[0]=TOOL_TYPE_FINGER, buttonState=0, classification=NONE, metaState=0, flags=0x0, edgeFlags=0x0, pointerCount=1, historySize=0, eventTime=120487965, downTime=120487965, deviceId=2, source=0x1002, displayId=0 } rotation 0
07-26 20:10:38.634 27645 27645 D ColorViewRootUtil: nav gesture mode swipeFromBottom ignore false downX 528 downY 1420 mScreenHeight 1600 mScreenWidth 720 mStatusBarHeight 36 globalScale 1.125 nav mode 3 event MotionEvent { action=ACTION_DOWN, actionButton=0, id[0]=0, x[0]=528.0, y[0]=1420.0, toolType[0]=TOOL_TYPE_FINGER, buttonState=0, classification=NONE, metaState=0, flags=0x0, edgeFlags=0x0, pointerCount=1, historySize=0, eventTime=120488632, downTime=120488632, deviceId=2, source=0x1002, displayId=0 } rotation 0
07-26 20:10:38.693  1537  4594 W UriGrantsManagerService: No permission grants found for com.google.android.apps.photos
07-26 20:10:38.694  1537  4594 W UriGrantsManagerService: No permission grants found for com.google.android.apps.photos
07-26 20:10:38.807  1537  4602 D MtkConnectivityService: requestNetwork for uid/pid:10181/30243 NetworkRequest [ TRACK_DEFAULT id=4492, [ Capabilities: INTERNET&NOT_RESTRICTED&TRUSTED Uid: 10181] ]
07-26 20:10:39.468 27645 27645 D ColorViewRootUtil: nav gesture mode swipeFromBottom ignore false downX 500 downY 1418 mScreenHeight 1600 mScreenWidth 720 mStatusBarHeight 36 globalScale 1.125 nav mode 3 event MotionEvent { action=ACTION_DOWN, actionButton=0, id[0]=0, x[0]=500.0, y[0]=1418.0, toolType[0]=TOOL_TYPE_FINGER, buttonState=0, classification=NONE, metaState=0, flags=0x0, edgeFlags=0x0, pointerCount=1, historySize=0, eventTime=120489465, downTime=120489465, deviceId=2, source=0x1002, displayId=0 } rotation 0
07-26 20:10:39.912  1537  4594 W UriGrantsManagerService: No permission grants found for com.google.android.apps.photos
07-26 20:10:39.913  1537  4594 W UriGrantsManagerService: No permission grants found for com.google.android.apps.photos
07-26 20:10:39.968  1537  1717 D MtkConnectivityService: releasing NetworkRequest [ TRACK_DEFAULT id=4492, [ Capabilities: INTERNET&NOT_RESTRICTED&TRUSTED Uid: 10181] ] (release request)
07-26 20:10:40.001  1537  4602 W UriGrantsManagerService: No permission grants found for com.google.android.apps.photos
07-26 20:10:40.004  1537  4602 W UriGrantsManagerService: No permission grants found for com.google.android.apps.photos
07-26 20:10:40.816  1537  2503 W UriGrantsManagerService: No permission grants found for com.google.android.apps.photos
07-26 20:10:40.816  1537  2503 W UriGrantsManagerService: No permission grants found for com.google.android.apps.photos
07-26 20:10:41.549  1537  4594 W UriGrantsManagerService: No permission grants found for com.google.android.apps.photos
07-26 20:10:41.550  1537  4594 W UriGrantsManagerService: No permission grants found for com.google.android.apps.photos
07-26 20:10:41.676  1537  3654 W UriGrantsManagerService: No permission grants found for com.google.android.apps.photos
07-26 20:10:42.549  1537  3654 I chatty  : uid=1000(system) Binder:1537_12 identical 2 lines
07-26 20:10:42.550  1537  3654 W UriGrantsManagerService: No permission grants found for com.google.android.apps.photos
07-26 20:10:42.627  1537  2153 W UriGrantsManagerService: No permission grants found for com.google.android.apps.photos
07-26 20:10:42.635  1537  2153 W UriGrantsManagerService: No permission grants found for com.google.android.apps.photos
07-26 20:10:43.036  1537  1537 D TorchManagerService: temperature: 300, bTorchMode: false, switchOn: true, threshold: 460, showing: false, mbIsSafetyTemperatureScene: false
07-26 20:10:43.642  1537  3654 W UriGrantsManagerService: No permission grants found for com.google.android.apps.photos
07-26 20:10:43.642  1537  2153 W UriGrantsManagerService: No permission grants found for com.google.android.apps.photos
07-26 20:10:43.743  1537  4602 W UriGrantsManagerService: No permission grants found for com.google.android.apps.photos
07-26 20:10:43.743  1537  4602 W UriGrantsManagerService: No permission grants found for com.google.android.apps.photos
07-26 20:10:44.726  1537  4594 W UriGrantsManagerService: No permission grants found for com.google.android.apps.photos
07-26 20:10:44.727  1537  4594 W UriGrantsManagerService: No permission grants found for com.google.android.apps.photos
07-26 20:10:45.685  1537  4602 W UriGrantsManagerService: No permission grants found for com.google.android.apps.photos
07-26 20:10:46.859  1537  4602 I chatty  : uid=1000(system) Binder:1537_1F identical 2 lines
07-26 20:10:46.860  1537  4602 W UriGrantsManagerService: No permission grants found for com.google.android.apps.photos
07-26 20:10:47.909  1537  2153 W UriGrantsManagerService: No permission grants found for com.google.android.apps.photos
07-26 20:10:47.910  1537  2153 W UriGrantsManagerService: No permission grants found for com.google.android.apps.photos
07-26 20:10:47.988  1537  4602 W UriGrantsManagerService: No permission grants found for com.google.android.apps.photos
07-26 20:10:47.988  1537  4602 W UriGrantsManagerService: No permission grants found for com.google.android.apps.photos
07-26 20:10:48.905  1537  3654 W UriGrantsManagerService: No permission grants found for com.google.android.apps.photos
07-26 20:10:48.905  1537  3654 W UriGrantsManagerService: No permission grants found for com.google.android.apps.photos
07-26 20:10:48.933  1537  1537 D TorchManagerService: temperature: 300, bTorchMode: false, switchOn: true, threshold: 460, showing: false, mbIsSafetyTemperatureScene: false
07-26 20:10:49.997  1537  2153 W UriGrantsManagerService: No permission grants found for com.google.android.apps.photos
07-26 20:10:50.073  1537  2153 I chatty  : uid=1000(system) Binder:1537_8 identical 2 lines
07-26 20:10:50.073  1537  2153 W UriGrantsManagerService: No permission grants found for com.google.android.apps.photos
07-26 20:10:51.040  1537  4592 W UriGrantsManagerService: No permission grants found for com.google.android.apps.photos
07-26 20:10:51.041  1537  4592 W UriGrantsManagerService: No permission grants found for com.google.android.apps.photos
07-26 20:10:52.109  1537  3654 W UriGrantsManagerService: No permission grants found for com.google.android.apps.photos
07-26 20:10:52.109  1537  3654 W UriGrantsManagerService: No permission grants found for com.google.android.apps.photos
07-26 20:10:53.064  1537  2503 W UriGrantsManagerService: No permission grants found for com.google.android.apps.photos
07-26 20:10:53.064  1537  2503 W UriGrantsManagerService: No permission grants found for com.google.android.apps.photos
07-26 20:10:54.104  1537  4592 W UriGrantsManagerService: No permission grants found for com.google.android.apps.photos
07-26 20:10:54.105  1537  4592 W UriGrantsManagerService: No permission grants found for com.google.android.apps.photos
07-26 20:10:54.811  1537  1537 D TorchManagerService: temperature: 300, bTorchMode: false, switchOn: true, threshold: 460, showing: false, mbIsSafetyTemperatureScene: false
07-26 20:10:55.207  1537  2503 W UriGrantsManagerService: No permission grants found for com.google.android.apps.photos
07-26 20:10:55.208  1537  2503 W UriGrantsManagerService: No permission grants found for com.google.android.apps.photos
07-26 20:10:55.278  1537  4592 W UriGrantsManagerService: No permission grants found for com.google.android.apps.photos
07-26 20:10:55.278  1537  4592 W UriGrantsManagerService: No permission grants found for com.google.android.apps.photos
07-26 20:10:56.332  1537  2503 W UriGrantsManagerService: No permission grants found for com.google.android.apps.photos
07-26 20:10:56.335  1537  2503 W UriGrantsManagerService: No permission grants found for com.google.android.apps.photos
07-26 20:10:56.419  1537  4594 W UriGrantsManagerService: No permission grants found for com.google.android.apps.photos
07-26 20:10:56.419  1537  4594 W UriGrantsManagerService: No permission grants found for com.google.android.apps.photos
07-26 20:10:57.363  1537  2153 W UriGrantsManagerService: No permission grants found for com.google.android.apps.photos
07-26 20:10:57.364  1537  2153 W UriGrantsManagerService: No permission grants found for com.google.android.apps.photos
07-26 20:10:57.865  1537  2503 V AlarmManager: set(PendingIntent{396d5a0: PendingIntentRecord{60fe559 com.google.android.gms startService}}) : type=3 when=315509133098whenElapsed315509133098maxWhen =552029133098 win=236520000000 interval=0 flags=0x8 pkg = com.google.android.gms
07-26 20:10:58.287  1537  2503 W UriGrantsManagerService: No permission grants found for com.google.android.apps.photos
07-26 20:10:58.287  1537  2503 W UriGrantsManagerService: No permission grants found for com.google.android.apps.photos
07-26 20:10:58.498  1537  4592 D OppoThermalStats: AnalizyPosition reach max limit, mAnalizyPosition=400 res=0
07-26 20:10:59.219  1537  4594 W UriGrantsManagerService: No permission grants found for com.google.android.apps.photos
07-26 20:10:59.220  1537  4594 W UriGrantsManagerService: No permission grants found for com.google.android.apps.photos
07-26 20:10:59.289  1537  4592 W UriGrantsManagerService: No permission grants found for com.google.android.apps.photos
07-26 20:10:59.290  1537  4592 W UriGrantsManagerService: No permission grants found for com.google.android.apps.photos
07-26 20:11:00.000  1537  1664 V AlarmManager: set(null) : type=3 when=149195233whenElapsed149195233maxWhen =149195233 win=0 interval=0 flags=0x1 pkg = android
07-26 20:11:00.176  1537  4592 W UriGrantsManagerService: No permission grants found for com.google.android.apps.photos
07-26 20:11:00.176  1537  4592 W UriGrantsManagerService: No permission grants found for com.google.android.apps.photos
07-26 20:11:00.969  1537  1537 D TorchManagerService: temperature: 300, bTorchMode: false, switchOn: true, threshold: 460, showing: false, mbIsSafetyTemperatureScene: false
07-26 20:11:01.284  1537  2503 W UriGrantsManagerService: No permission grants found for com.google.android.apps.photos
07-26 20:11:01.285  1537  2503 W UriGrantsManagerService: No permission grants found for com.google.android.apps.photos
07-26 20:11:02.276  1537  4592 W UriGrantsManagerService: No permission grants found for com.google.android.apps.photos
07-26 20:11:02.276  1537  4592 W UriGrantsManagerService: No permission grants found for com.google.android.apps.photos
07-26 20:11:02.346  1537  2264 W UriGrantsManagerService: No permission grants found for com.google.android.apps.photos
07-26 20:11:02.347  1537  2264 W UriGrantsManagerService: No permission grants found for com.google.android.apps.photos
07-26 20:11:03.206  1537  4592 W UriGrantsManagerService: No permission grants found for com.google.android.apps.photos
07-26 20:11:03.285  1537  4592 I chatty  : uid=1000(system) Binder:1537_18 identical 2 lines
07-26 20:11:03.285  1537  4592 W UriGrantsManagerService: No permission grants found for com.google.android.apps.photos
07-26 20:11:04.194  1537  4602 W UriGrantsManagerService: No permission grants found for com.google.android.apps.photos
07-26 20:11:04.293  1537  4602 I chatty  : uid=1000(system) Binder:1537_1F identical 2 lines
07-26 20:11:04.294  1537  4602 W UriGrantsManagerService: No permission grants found for com.google.android.apps.photos
07-26 20:11:05.270  1537  4594 W UriGrantsManagerService: No permission grants found for com.google.android.apps.photos
07-26 20:11:05.271  1537  4594 W UriGrantsManagerService: No permission grants found for com.google.android.apps.photos
07-26 20:11:06.265  1537  2153 W UriGrantsManagerService: No permission grants found for com.google.android.apps.photos
07-26 20:11:06.266  1537  2153 W UriGrantsManagerService: No permission grants found for com.google.android.apps.photos
07-26 20:11:06.341  1537  1565 W Watchdog: **Get SF Time **0
07-26 20:11:06.547  1537  4602 D ColorAppListInterceptManager: shouldFilterTask
07-26 20:11:06.547  1537  4602 D ColorAppListInterceptManager: shouldFilterTask::packageName = com.coloros.filemanager
07-26 20:11:06.547  1537  4602 D ColorAppListInterceptManager: shouldFilterTask
07-26 20:11:06.547  1537  4602 D ColorAppListInterceptManager: shouldFilterTask::packageName = com.android.settings
07-26 20:11:06.849  1537  1537 D TorchManagerService: temperature: 300, bTorchMode: false, switchOn: true, threshold: 460, showing: false, mbIsSafetyTemperatureScene: false
07-26 20:11:07.211  1537  4602 W UriGrantsManagerService: No permission grants found for com.google.android.apps.photos
07-26 20:11:07.222  1537  4602 W UriGrantsManagerService: No permission grants found for com.google.android.apps.photos
07-26 20:11:07.291  1537  2153 W UriGrantsManagerService: No permission grants found for com.google.android.apps.photos
07-26 20:11:07.292  1537  2153 W UriGrantsManagerService: No permission grants found for com.google.android.apps.photos
07-26 20:11:08.185  1537  4602 W UriGrantsManagerService: No permission grants found for com.google.android.apps.photos
07-26 20:11:08.185  1537  4602 W UriGrantsManagerService: No permission grants found for com.google.android.apps.photos
07-26 20:11:09.292  1537  2264 W UriGrantsManagerService: No permission grants found for com.google.android.apps.photos
07-26 20:11:09.445  1537  2264 I chatty  : uid=1000(system) Binder:1537_9 identical 2 lines
07-26 20:11:09.445  1537  2264 W UriGrantsManagerService: No permission grants found for com.google.android.apps.photos
07-26 20:11:12.990  1537  1537 D OppoBaseBatteryService: send broadcast : oppo.intent.action.BATTERY_DATA_UPDATE
07-26 20:11:12.996  1537  1537 W ContextImpl: Calling a method in the system process without a qualified user: android.app.ContextImpl.sendBroadcast:1088 com.android.server.OppoBaseBatteryService$2.run:254 android.os.Handler.handleCallback:883 android.os.Handler.dispatchMessage:100 android.os.Looper.loop:237 
07-26 20:11:13.021  1537  1592 D BatterySaverStateMachine: doAutoBatterySaverLocked: ignore
07-26 20:11:13.026  1537  1537 D TorchManagerService: temperature: 300, bTorchMode: false, switchOn: true, threshold: 460, showing: false, mbIsSafetyTemperatureScene: false
07-26 20:11:18.797  1537  2264 V AlarmManager: set(PendingIntent{40e9e31: PendingIntentRecord{6de392a com.google.android.gms broadcastIntent}}) : type=2 when=149214029whenElapsed149214029maxWhen =149214029 win=0 interval=0 flags=0x8 pkg = com.google.android.gms
07-26 20:11:18.853  1537  2264 V AlarmManager: set(PendingIntent{efdec6d: PendingIntentRecord{34a416e com.google.android.gms broadcastIntent}}) : type=3 when=150680767whenElapsed150680767maxWhen =151825777 win=1145010 interval=0 flags=0x0 pkg = com.google.android.gms
07-26 20:11:18.878  1537  1537 D TorchManagerService: temperature: 300, bTorchMode: false, switchOn: true, threshold: 460, showing: false, mbIsSafetyTemperatureScene: false
07-26 20:11:18.913  1537  4594 V AlarmManager: set(PendingIntent{a3794ee: PendingIntentRecord{34a416e com.google.android.gms broadcastIntent}}) : type=3 when=150680767whenElapsed150680767maxWhen =151825732 win=1144965 interval=0 flags=0x0 pkg = com.google.android.gms
07-26 20:11:18.928  1537  4594 V AlarmManager: set(PendingIntent{edb581c: PendingIntentRecord{6de392a com.google.android.gms broadcastIntent}}) : type=2 when=150764160whenElapsed150764160maxWhen =150764160 win=0 interval=0 flags=0x8 pkg = com.google.android.gms
07-26 20:11:18.940  1537  4594 V AlarmManager: set(PendingIntent{88c11fa: PendingIntentRecord{34a416e com.google.android.gms broadcastIntent}}) : type=3 when=150680767whenElapsed150680767maxWhen =151825711 win=1144944 interval=0 flags=0x0 pkg = com.google.android.gms
07-26 20:11:19.582  1537 31038 D OppoThermalStats: reset mHaveCaptured:false
07-26 20:11:25.025  1537  1537 D TorchManagerService: temperature: 300, bTorchMode: false, switchOn: true, threshold: 460, showing: false, mbIsSafetyTemperatureScene: false
07-26 20:11:30.913  1537  1537 I chatty  : uid=1000 system_server identical 1 line
07-26 20:11:30.924  1537  1537 D TorchManagerService: temperature: 300, bTorchMode: false, switchOn: true, threshold: 460, showing: false, mbIsSafetyTemperatureScene: false
07-26 20:11:32.212  1537  2153 V AlarmManager: set(PendingIntent{8f3b513: PendingIntentRecord{7fb16c9 com.heytap.mcs startService}}) : type=0 when=1753541747210whenElapsed150022444maxWhen =150032444 win=10000 interval=0 flags=0x8 pkg = com.heytap.mcs
07-26 20:11:32.214  1537  2264 V AlarmManager: set(PendingIntent{6c4c949: PendingIntentRecord{1cd4405 com.facebook.services broadcastIntent}}) : type=2 when=149467444whenElapsed149467444maxWhen =149692442 win=224998 interval=0 flags=0x4 pkg = com.facebook.services
07-26 20:11:32.216 22351 22403 W ContextImpl: Calling a method in the system process without a qualified user: android.app.ContextImpl.bindService:1708 android.content.ContextWrapper.bindService:716 com.heytap.mcs.biz.statistics.agent.OBUSAgent.bindStatisticsApiService:8 com.heytap.mcs.biz.statistics.agent.OBUSAgent.upload:7 com.heytap.mcs.biz.statistics.agent.AgentManager.upload:3 
07-26 20:11:32.217  1537  2264 V AlarmManager: set(PendingIntent{dda8f6f: PendingIntentRecord{538d6b9 com.heytap.mcs startService}}) : type=2 when=149452449whenElapsed149452449maxWhen =149462449 win=10000 interval=0 flags=0x8 pkg = com.heytap.mcs
07-26 20:11:32.238 22351 22403 W ContextImpl: Calling a method in the system process without a qualified user: android.app.ContextImpl.bindService:1708 android.content.ContextWrapper.bindService:716 com.heytap.mcs.biz.message.g.b:8 com.heytap.mcs.biz.message.g.a:94 com.heytap.mcs.biz.message.g.j:1 
07-26 20:11:32.271  1537  1577 I ActivityManager: Start proc 31041:com.heytap.mcs.statistics/1000 for service {com.heytap.mcs/com.heytap.mcs.biz.statistics.service.StatisticsApiService}
07-26 20:11:32.280  1537  1577 W ContextImpl: Calling a method in the system process without a qualified user: android.app.ContextImpl.sendBroadcast:1073 com.android.server.am.ColorAbnormalAppManager.sendAbnormalNotify:511 com.android.server.am.ColorAbnormalAppManager.notifyAbnormalInfo:260 com.android.server.am.ColorAbnormalAppManager.handleStartAppInfo:338 com.android.server.am.ColorAbnormalAppManager.handleStartAppInfo:310 
07-26 20:11:32.305  1537  1577 I ActivityManager: Start proc 31057:com.heytap.mcs.biz.message/1000 for service {com.heytap.mcs/com.heytap.mcs.biz.message.MessageDealService}
07-26 20:11:32.316  1537  4594 V ActivityManager: New death recipient com.android.server.am.ActivityManagerService$AppDeathRecipient@5417714 for thread android.os.BinderProxy@c9ffbbd, pid:31041,mApp:null
07-26 20:11:32.318  1537  4594 D DEBUG_VISIBILITY: mOccluded:false lastOccluded:false
07-26 20:11:32.321  1537  2264 V ActivityManager: New death recipient com.android.server.am.ActivityManagerService$AppDeathRecipient@6840903 for thread android.os.BinderProxy@c48f080, pid:31057,mApp:null
07-26 20:11:32.323  1537  2264 D DEBUG_VISIBILITY: mOccluded:false lastOccluded:false
07-26 20:11:32.420 31057 31085 W ContextImpl: Calling a method in the system process without a qualified user: android.app.ContextImpl.startService:1609 android.content.ContextWrapper.startService:680 com.heytap.mcs.biz.message.h.a:18 com.heytap.mcs.biz.message.h.a:6 com.heytap.mcs.base.task.a.b:6 
07-26 20:11:32.452  1537  4594 D MtkConnectivityService: requestNetwork for uid/pid:1000/31041 NetworkRequest [ TRACK_DEFAULT id=4493, [ Capabilities: INTERNET&NOT_RESTRICTED&TRUSTED Uid: 1000] ]
07-26 20:11:32.452  1537  2153 V ActivityManager: Death received in com.android.server.am.ActivityManagerService$AppDeathRecipient@6840903 for thread android.os.BinderProxy@c48f080, mPid:31057,mApp:ProcessRecord{f73bafe 31057:com.heytap.mcs.biz.message/1000}
07-26 20:11:32.452  1537  2153 I ActivityManager: Process com.heytap.mcs.biz.message (pid 31057) has died: fore SVC 
07-26 20:11:32.455  1537  2153 W ContextImpl: Calling a method in the system process without a qualified user: android.app.ContextImpl.sendBroadcast:1073 com.android.server.am.OppoExtraActivityManagerService.setKeyLockModeNormal:53 com.android.server.am.ActivityManagerService.appDiedLocked:4245 com.android.server.am.ActivityManagerService$AppDeathRecipient.binderDied:1682 android.os.BinderProxy.sendDeathNotice:633 
07-26 20:11:36.342  1537  1565 W Watchdog: **Get SF Time **0
07-26 20:11:37.058  1537  1537 D TorchManagerService: temperature: 300, bTorchMode: false, switchOn: true, threshold: 460, showing: false, mbIsSafetyTemperatureScene: false
07-26 20:11:37.473 31041 31041 W ContextImpl: Calling a method in the system process without a qualified user: android.app.ContextImpl.startService:1609 android.content.ContextWrapper.startService:680 com.heytap.mcs.biz.statistics.StaticProcessTrackStatusManager.exitCurrentProcess:11 com.heytap.mcs.biz.statistics.StaticProcessTrackStatusManager$1.handleMessage:3 android.os.Handler.dispatchMessage:103 
07-26 20:11:37.531  1537  2153 D MtkConnectivityService: ConnectivityService NetworkRequestInfo binderDied(NetworkRequest [ TRACK_DEFAULT id=4493, [ Capabilities: INTERNET&NOT_RESTRICTED&TRUSTED Uid: 1000] ], android.os.BinderProxy@ccc890a)
07-26 20:11:37.531  1537  2264 V ActivityManager: Death received in com.android.server.am.ActivityManagerService$AppDeathRecipient@5417714 for thread android.os.BinderProxy@c9ffbbd, mPid:31041,mApp:ProcessRecord{f2fe575 31041:com.heytap.mcs.statistics/1000}
07-26 20:11:37.532  1537  2264 I ActivityManager: Process com.heytap.mcs.statistics (pid 31041) has died: fore SVC 
07-26 20:11:37.532  1537  1717 D MtkConnectivityService: releasing NetworkRequest [ TRACK_DEFAULT id=4493, [ Capabilities: INTERNET&NOT_RESTRICTED&TRUSTED Uid: 1000] ] (release request)
07-26 20:11:37.532  1537  2264 W ContextImpl: Calling a method in the system process without a qualified user: android.app.ContextImpl.sendBroadcast:1073 com.android.server.am.OppoExtraActivityManagerService.setKeyLockModeNormal:53 com.android.server.am.ActivityManagerService.appDiedLocked:4245 com.android.server.am.ActivityManagerService$AppDeathRecipient.binderDied:1682 android.os.BinderProxy.sendDeathNotice:633 
07-26 20:11:42.946  1537  1537 D TorchManagerService: temperature: 300, bTorchMode: false, switchOn: true, threshold: 460, showing: false, mbIsSafetyTemperatureScene: false
07-26 20:11:48.833  1537  1537 I chatty  : uid=1000 system_server identical 1 line
07-26 20:11:54.977  1537  1537 D TorchManagerService: temperature: 300, bTorchMode: false, switchOn: true, threshold: 460, showing: false, mbIsSafetyTemperatureScene: false
07-26 20:12:00.000  1537  1664 V AlarmManager: set(null) : type=3 when=149255233whenElapsed149255233maxWhen =149255233 win=0 interval=0 flags=0x1 pkg = android
07-26 20:12:00.865  1537  1537 D TorchManagerService: temperature: 300, bTorchMode: false, switchOn: true, threshold: 460, showing: false, mbIsSafetyTemperatureScene: false
07-26 20:12:06.344  1537  1565 W Watchdog: **Get SF Time **0
07-26 20:12:07.010  1537  1537 D TorchManagerService: temperature: 300, bTorchMode: false, switchOn: true, threshold: 460, showing: false, mbIsSafetyTemperatureScene: false
07-26 20:12:09.215 27645 27645 D ColorViewRootUtil: nav gesture mode swipeFromBottom ignore false downX 392 downY 1489 mScreenHeight 1600 mScreenWidth 720 mStatusBarHeight 36 globalScale 1.125 nav mode 3 event MotionEvent { action=ACTION_DOWN, actionButton=0, id[0]=0, x[0]=392.0, y[0]=1489.0, toolType[0]=TOOL_TYPE_FINGER, buttonState=0, classification=NONE, metaState=0, flags=0x0, edgeFlags=0x0, pointerCount=1, historySize=0, eventTime=120579210, downTime=120579210, deviceId=2, source=0x1002, displayId=0 } rotation 0
07-26 20:12:09.425  1537  2503 I ActivityTaskManager: START u0 {act=android.intent.action.VIEW dat=content://media/external_primary/images/media/47618 typ=image/png flg=0x3 cmp=android/com.android.internal.app.ResolverActivity (has extras) mCallingUid=10105} from uid 10105 and from pid 27645
07-26 20:12:09.426  1537  2503 W ColorAccessControlManagerService: getCheckAccessControlIntent: aInfo=ActivityInfo{c2c4e2d com.android.internal.app.ResolverActivity} has pass   intent=Intent { act=android.intent.action.VIEW dat=content://media/external_primary/images/media/47618 typ=image/png flg=0x3 cmp=android/com.android.internal.app.ResolverActivity (has extras) mCallingUid=10105 }
07-26 20:12:09.453  1537  2264 I ColorAccessController: enter isIgnoreAppSwitchActivity
07-26 20:12:09.453  1537  2264 I ColorAccessController: enter isIgnoreAppSwitchActivity and intent != null
07-26 20:12:09.453  1537  2264 I ColorAccessController: enter isIgnoreAppSwitchActivity and componentName != null
07-26 20:12:09.453  1537  2264 I ColorAccessController: enter isIgnoreAppSwitchActivity and packageName&activity is not Empty
07-26 20:12:09.455  1537  2264 D DEBUG_VISIBILITY: mOccluded:false lastOccluded:false
07-26 20:12:09.485  1537  1577 I ActivityManager: Start proc 31126:system:ui/1000 for activity {android/com.android.internal.app.ResolverActivity}
07-26 20:12:09.627  1537  4594 V ActivityManager: New death recipient com.android.server.am.ActivityManagerService$AppDeathRecipient@7516d5b for thread android.os.BinderProxy@c5f79f8, pid:31126,mApp:null
07-26 20:12:09.629  1537  4594 D DEBUG_VISIBILITY: mOccluded:false lastOccluded:false
07-26 20:12:09.629  1537  4594 D DEBUG_VISIBILITY: mOccluded:false lastOccluded:false
07-26 20:12:09.633  1537  4594 I ColorAppSwitchManagerService: appswitch hasProcess ActivityRecord{7b979b0 u0 android/com.android.internal.app.ResolverActivity t4246}
07-26 20:12:09.634  1537  4594 I ColorAppSwitchManagerService: appswitch hasProcess ActivityRecord{7b979b0 u0 android/com.android.internal.app.ResolverActivity t4246}
07-26 20:12:09.634  1537  4594 I ColorZoomWindowManagerService: topResumedActivityChanged start r = ActivityRecord{7b979b0 u0 android/com.android.internal.app.ResolverActivity t4246}
07-26 20:12:09.634  1537  4594 I ColorZoomWindowManagerService: WINDOWING_MODE_FULLSCREEN : will notifyZoomWindowHide
07-26 20:12:09.634  1537  4594 I ColorZoomWindowDebugConfig: disableDebugLifeCycle before: DEBUG_LIFE_CYCLE = false
07-26 20:12:09.634  1537  4594 I ColorZoomWindowDebugConfig: disableDebugLifeCycle after: DEBUG_LIFE_CYCLE = false
07-26 20:12:09.635  1537  4594 W ColorAccessControlManagerService: notifyZoomWindowExit: stack=ActivityStack{5010dec stackId=28 type=standard mode=fullscreen visible=true translucent=false, 1 tasks}  windowMode=1  topActivity=ActivityRecord{7b979b0 u0 android/com.android.internal.app.ResolverActivity t4246}  toFullScreen = true
07-26 20:12:09.635  1537  4594 V ColorZoomWindowManagerService: notifyZoomWindowHide: 
07-26 20:12:09.635  1537  4594 I chatty  : uid=1000(system) Binder:1537_19 identical 1 line
07-26 20:12:09.635  1537  4594 V ColorZoomWindowManagerService: notifyZoomWindowHide: 
07-26 20:12:09.635  1537  4594 I ColorZoomWindowManagerService: topResumedActivityChanged end
07-26 20:12:09.637  1537  4594 V WindowManager: Changing focus from Window{e5ed656 u0 com.coloros.filemanager/com.coloros.filemanager.view.browser.FileBrowserActivity} to null
07-26 20:12:09.638  1537  4594 D DEBUG_VISIBILITY: mOccluded:false lastOccluded:false
07-26 20:12:09.644  1537  1562 D OppoOomAjusterHelper: TOP_APP is ProcessRecord{9a0aed1 31126:system:ui/1000} uid is 1000
07-26 20:12:09.654  1537  2503 V AlarmManager: set(PendingIntent{3c39010: PendingIntentRecord{431f42a com.coloros.athena startService}}) : type=0 when=1753541229653whenElapsed149504886maxWhen =149729885 win=224999 interval=0 flags=0x8 pkg = com.coloros.athena
07-26 20:12:09.785 31126 31151 W ContextImpl: Calling a method in the system process without a qualified user: android.app.ContextImpl.startService:1609 android.content.ContextWrapper.startService:680 oppo.util.OppoStatistics.startDcsService:429 oppo.util.OppoStatistics.access$100:40 oppo.util.OppoStatistics$1.run:186 
07-26 20:12:09.962 31126 31126 D ColorViewRootUtil: initSwipState, isDisplayCompatApp false
07-26 20:12:09.962 31126 31126 D ColorViewRootUtil: updateScreenSize, mScreenHeight 1600,mScreenWidth:720,height:1600,width:720
07-26 20:12:10.016  1537  4594 I WindowManager: Relayout Window{220e22 u0 android/com.android.internal.app.ResolverActivity}: oldVis=4 newVis=0 focusMayChange = true
07-26 20:12:10.020  1537  4594 V WindowManager: Changing focus from null to Window{220e22 u0 android/com.android.internal.app.ResolverActivity}
07-26 20:12:10.359 31126 31151 W ContextImpl: Calling a method in the system process without a qualified user: android.app.ContextImpl.startService:1609 android.content.ContextWrapper.startService:680 oppo.util.OppoStatistics.startDcsService:429 oppo.util.OppoStatistics.access$100:40 oppo.util.OppoStatistics$1.run:186 
07-26 20:12:10.384 31126 31126 D ColorViewRootUtil: initSwipState, isDisplayCompatApp false
07-26 20:12:10.384 31126 31126 D ColorViewRootUtil: updateScreenSize, mScreenHeight 1600,mScreenWidth:720,height:1600,width:720
07-26 20:12:10.396  1537  3654 D DEBUG_VISIBILITY: mOccluded:false lastOccluded:false
07-26 20:12:10.465  1537  1563 I ColorAppSwitchManagerService:  handleAppVisible , r = ActivityRecord{7b979b0 u0 android/com.android.internal.app.ResolverActivity t4246}
07-26 20:12:10.466  1537  1563 V ColorZoomWindowManagerService: onAnimationFinished:  r=ActivityRecord{7b979b0 u0 android/com.android.internal.app.ResolverActivity t4246}
07-26 20:12:10.466  1537  1563 V WindowManager: adjustNotShowWallpaperByOppo: false
07-26 20:12:10.467  1537  1563 I chatty  : uid=1000(system) android.anim identical 2 lines
07-26 20:12:10.467  1537  1563 V WindowManager: adjustNotShowWallpaperByOppo: false
07-26 20:12:11.863 31126 31126 D ColorViewRootUtil: nav gesture mode swipeFromBottom ignore false downX 141 downY 1278 mScreenHeight 1600 mScreenWidth 720 mStatusBarHeight 36 globalScale 1.125 nav mode 3 event MotionEvent { action=ACTION_DOWN, actionButton=0, id[0]=0, x[0]=141.0, y[0]=1278.0, toolType[0]=TOOL_TYPE_FINGER, buttonState=0, classification=NONE, metaState=0, flags=0x0, edgeFlags=0x0, pointerCount=1, historySize=0, eventTime=120581860, downTime=120581860, deviceId=2, source=0x1002, displayId=0 } rotation 0
07-26 20:12:11.950 31126 31151 W ContextImpl: Calling a method in the system process without a qualified user: android.app.ContextImpl.startService:1609 android.content.ContextWrapper.startService:680 oppo.util.OppoStatistics.startDcsService:429 oppo.util.OppoStatistics.access$100:40 oppo.util.OppoStatistics$1.run:186 
07-26 20:12:11.970  1537  3654 I ActivityTaskManager: START u0 {flg=0x3000000 cmp=com.android.systemui/.chooser.ChooserActivity (has extras) mCallingUid=1000} from uid 1000 and from pid 31126
07-26 20:12:11.970  1537  3654 W ColorAccessControlManagerService: getCheckAccessControlIntent: aInfo=ActivityInfo{8616d1b com.android.systemui.chooser.ChooserActivity} has pass   intent=Intent { flg=0x3000000 cmp=com.android.systemui/.chooser.ChooserActivity (has extras) mCallingUid=1000 }
