07-26 20:17:40.796  1537  1562 W ContextImpl: Calling a method in the system process without a qualified user: android.app.ContextImpl.sendBroadcast:1073 com.android.server.wm.OppoSecureProtectUtils.lambda$nofityMonkeyFinish$0:184 com.android.server.wm.-$$Lambda$OppoSecureProtectUtils$_yi1Fj5vkp-_zv-th-E_wDR6MVk.run:2 android.os.Handler.handleCallback:883 android.os.Handler.dispatchMessage:100 
07-26 20:17:40.801  1537  1563 D ColorViewRootUtil: initSwipState, isDisplayCompatApp false
07-26 20:17:40.802  1537  1563 D ColorViewRootUtil: updateScreenSize, mScreenHeight 1600,mScreenWidth:720,height:1600,width:720
07-26 20:17:40.813  1537  1577 I ActivityManager: Start proc 32401:com.google.android.apps.maps/u0a175 for activity {com.google.android.apps.maps/com.google.android.maps.MapsActivity}
07-26 20:17:40.819  1537  1577 W ContextImpl: Calling a method in the system process without a qualified user: android.app.ContextImpl.sendBroadcast:1073 com.android.server.am.ColorAbnormalAppManager.sendAbnormalNotify:511 com.android.server.am.ColorAbnormalAppManager.notifyAbnormalInfo:260 com.android.server.am.ColorAbnormalAppManager.handleStartAppInfo:338 com.android.server.am.ColorAbnormalAppManager.handleStartAppInfo:310 
07-26 20:17:40.821  1537  1563 V WindowManager: Changing focus from Window{5fae4f1 u0 com.oppo.launcher/com.oppo.launcher.Launcher} to null
07-26 20:17:40.824  1537  3278 V ActivityManager: New death recipient com.android.server.am.ActivityManagerService$AppDeathRecipient@87b099 for thread android.os.BinderProxy@eaff5e, pid:32401,mApp:null
07-26 20:17:40.828  1537  3278 D DEBUG_VISIBILITY: mOccluded:false lastOccluded:false
07-26 20:17:40.829  1537  3278 D DEBUG_VISIBILITY: mOccluded:false lastOccluded:false
07-26 20:17:40.836  1537  3278 I ColorAppSwitchManagerService: appswitch hasProcess ActivityRecord{717680a u0 com.google.android.apps.maps/com.google.android.maps.MapsActivity t4247}
07-26 20:17:40.836  1537  3278 I ColorAppSwitchManagerService: appswitch hasProcess ActivityRecord{717680a u0 com.google.android.apps.maps/com.google.android.maps.MapsActivity t4247}
07-26 20:17:40.836  1537  3278 I ColorZoomWindowManagerService: topResumedActivityChanged start r = ActivityRecord{717680a u0 com.google.android.apps.maps/com.google.android.maps.MapsActivity t4247}
07-26 20:17:40.836  1537  3278 I ColorZoomWindowManagerService: WINDOWING_MODE_FULLSCREEN : will notifyZoomWindowHide
07-26 20:17:40.837  1537  3278 I ColorZoomWindowDebugConfig: disableDebugLifeCycle before: DEBUG_LIFE_CYCLE = false
07-26 20:17:40.837  1537  3278 I ColorZoomWindowDebugConfig: disableDebugLifeCycle after: DEBUG_LIFE_CYCLE = false
07-26 20:17:40.837  1537  3278 W ColorAccessControlManagerService: notifyZoomWindowExit: stack=ActivityStack{e918f3f stackId=29 type=standard mode=fullscreen visible=true translucent=false, 1 tasks}  windowMode=1  topActivity=ActivityRecord{717680a u0 com.google.android.apps.maps/com.google.android.maps.MapsActivity t4247}  toFullScreen = true
07-26 20:17:40.837  1537  3278 V ColorZoomWindowManagerService: notifyZoomWindowHide: 
07-26 20:17:40.837  1537  3278 I chatty  : uid=1000(system) Binder:1537_F identical 1 line
07-26 20:17:40.837  1537  3278 V ColorZoomWindowManagerService: notifyZoomWindowHide: 
07-26 20:17:40.837  1537  3278 I ColorZoomWindowManagerService: topResumedActivityChanged end
07-26 20:17:40.840  1537  3278 D DEBUG_VISIBILITY: mOccluded:false lastOccluded:false
07-26 20:17:40.845  1537  1563 D ColorViewRootUtil: initSwipState, isDisplayCompatApp false
07-26 20:17:40.845  1537  1563 D ColorViewRootUtil: updateScreenSize, mScreenHeight 1600,mScreenWidth:720,height:1600,width:720
07-26 20:17:40.857  1537  1562 D OppoOomAjusterHelper: TOP_APP is ProcessRecord{40c2737 32401:com.google.android.apps.maps/u0a175} uid is 10175
07-26 20:17:40.882  1537  2264 D ColorAppListInterceptManager: shouldFilterTask
07-26 20:17:40.882  1537  2264 D ColorAppListInterceptManager: shouldFilterTask::packageName = com.google.android.apps.maps
07-26 20:17:40.882  1537  2264 D ColorAppListInterceptManager: shouldFilterTask
07-26 20:17:40.882  1537  2264 D ColorAppListInterceptManager: shouldFilterTask::packageName = com.coloros.filemanager
07-26 20:17:40.993  1537  1563 I ColorAppSwitchManagerService:  handleAppVisible , r = ActivityRecord{717680a u0 com.google.android.apps.maps/com.google.android.maps.MapsActivity t4247}
07-26 20:17:40.993  1537  1563 V ColorZoomWindowManagerService: onAnimationFinished:  r=ActivityRecord{717680a u0 com.google.android.apps.maps/com.google.android.maps.MapsActivity t4247}
07-26 20:17:40.994  1537  1563 V ColorZoomWindowManagerService: onAnimationFinished:  r=ActivityRecord{7846eb4 u0 com.oppo.launcher/.Launcher t1}
07-26 20:17:40.994  1537  1563 V WindowManager: adjustNotShowWallpaperByOppo: false
07-26 20:17:40.997  1537  1563 I chatty  : uid=1000(system) android.anim identical 1 line
07-26 20:17:41.045  1537  1563 V WindowManager: adjustNotShowWallpaperByOppo: false
07-26 20:17:41.697  1537  3278 D MtkConnectivityService: requestNetwork for uid/pid:10175/32401 NetworkRequest [ TRACK_DEFAULT id=4511, [ Capabilities: INTERNET&NOT_RESTRICTED&TRUSTED Uid: 10175] ]
07-26 20:17:41.700  1537  3278 V AlarmManager: set(PendingIntent{19dfb73: PendingIntentRecord{d34a30 com.google.android.gms startService}}) : type=3 when=315509536933whenElapsed315509536933maxWhen =552029536933 win=236520000000 interval=0 flags=0x8 pkg = com.google.android.gms
07-26 20:17:41.768  1537  1551 D MtkConnectivityService: requestNetwork for uid/pid:10175/32401 NetworkRequest [ TRACK_DEFAULT id=4513, [ Capabilities: INTERNET&NOT_RESTRICTED&TRUSTED Uid: 10175] ]
07-26 20:17:41.827  1537  1551 V AlarmManager: set(PendingIntent{2589192: PendingIntentRecord{34a416e com.google.android.gms broadcastIntent}}) : type=3 when=149538048whenElapsed149542060maxWhen =149542060 win=0 interval=0 flags=0x0 pkg = com.google.android.gms
07-26 20:17:41.860  1537  3659 V AlarmManager: set(PendingIntent{ed44c19: PendingIntentRecord{34a416e com.google.android.gms broadcastIntent}}) : type=3 when=150680767whenElapsed150680767maxWhen =151538522 win=857755 interval=0 flags=0x0 pkg = com.google.android.gms
07-26 20:17:41.983  1537  1551 V AlarmManager: set(PendingIntent{50fa090: PendingIntentRecord{34a416e com.google.android.gms broadcastIntent}}) : type=3 when=150680767whenElapsed150680767maxWhen =151538430 win=857663 interval=0 flags=0x0 pkg = com.google.android.gms
07-26 20:17:42.002  1537  1551 V AlarmManager: set(PendingIntent{21c5945: PendingIntentRecord{34a416e com.google.android.gms broadcastIntent}}) : type=3 when=150680767whenElapsed150680767maxWhen =151538416 win=857649 interval=0 flags=0x0 pkg = com.google.android.gms
07-26 20:17:42.014  1537  2493 V AlarmManager: set(PendingIntent{6da35cb: PendingIntentRecord{34a416e com.google.android.gms broadcastIntent}}) : type=3 when=150680767whenElapsed150680767maxWhen =151538407 win=857640 interval=0 flags=0x0 pkg = com.google.android.gms
07-26 20:17:42.288  1537  2115 D OppoBasePowerManagerService: restore job but not complete
07-26 20:17:42.289  1537  2115 D OppoBasePowerManagerService: restore job but not complete
07-26 20:17:42.760 32401 32401 D ColorViewRootUtil: initSwipState, isDisplayCompatApp false
07-26 20:17:42.761 32401 32401 D ColorViewRootUtil: updateScreenSize, mScreenHeight 1600,mScreenWidth:720,height:1600,width:720
07-26 20:17:42.874  1537  1537 D TorchManagerService: temperature: 300, bTorchMode: false, switchOn: true, threshold: 460, showing: false, mbIsSafetyTemperatureScene: false
07-26 20:17:42.887  1537  2493 I WindowManager: Relayout Window{8f5d333 u0 com.google.android.apps.maps/com.google.android.maps.MapsActivity}: oldVis=4 newVis=0 focusMayChange = true
07-26 20:17:42.895  1537  2493 V WindowManager: Changing focus from null to Window{8f5d333 u0 com.google.android.apps.maps/com.google.android.maps.MapsActivity}
07-26 20:17:43.258 32401 32401 D ColorViewRootUtil: initSwipState, isDisplayCompatApp false
07-26 20:17:43.258 32401 32401 D ColorViewRootUtil: updateScreenSize, mScreenHeight 1600,mScreenWidth:720,height:1600,width:720
07-26 20:17:43.300  1537  1577 I ActivityManager: Start proc 32517:com.google.android.projection.gearhead:car/u0a148 for service {com.google.android.projection.gearhead/com.google.android.apps.auto.carservice.service.impl.GearheadCarStartupService}
07-26 20:17:43.321  1537  2107 V ActivityManager: New death recipient com.android.server.am.ActivityManagerService$AppDeathRecipient@ea242ba for thread android.os.BinderProxy@147456b, pid:32517,mApp:null
07-26 20:17:43.323  1537  2107 D DEBUG_VISIBILITY: mOccluded:false lastOccluded:false
07-26 20:17:43.987  1537  2493 D DEBUG_VISIBILITY: mOccluded:false lastOccluded:false
07-26 20:17:44.752  1537  1559 W Looper  : Slow dispatch took 159ms android.fg h=com.android.server.location.GnssLocationProvider$ProviderHandler c=null m=3
07-26 20:17:45.058  1537  1817 W ContextImpl: Calling a method in the system process without a qualified user: android.app.ContextImpl.startService:1609 oppo.util.OppoStatistics.startDcsService:429 oppo.util.OppoStatistics.access$100:40 oppo.util.OppoStatistics$1.run:186 java.util.concurrent.ThreadPoolExecutor.runWorker:1167 
07-26 20:17:45.337  1537  1716 V AlarmManager: set(null) : type=2 when=149570570whenElapsed149570570maxWhen =149593070 win=22500 interval=0 flags=0x8 pkg = android
07-26 20:17:45.337  1537  1716 V AlarmManager: set(null) : type=2 when=149555571whenElapsed149555571maxWhen =149566821 win=11250 interval=0 flags=0x8 pkg = android
07-26 20:17:45.968  1537  3659 D MtkConnectivityService: requestNetwork for uid/pid:10175/32401 NetworkRequest [ TRACK_DEFAULT id=4514, [ Capabilities: INTERNET&NOT_RESTRICTED&TRUSTED Uid: 10175] ]
07-26 20:17:45.985 32401 32723 W ActivityThread: ClassLoader.loadClass: The class loader returned by Thread.getContextClassLoader() may fail for processes that host multiple applications. You should explicitly specify a context class loader. For example: Thread.setContextClassLoader(getClass().getClassLoader());
07-26 20:17:46.089  1537  1577 I ActivityManager: Start proc 502:com.google.android.webview:webview_service/u0a173 for service {com.google.android.webview/org.chromium.android_webview.services.VariationsSeedServer}
07-26 20:17:46.531  1537  3659 V AlarmManager: set(PendingIntent{de25575: PendingIntentRecord{6de392a com.google.android.gms broadcastIntent}}) : type=2 when=151151759whenElapsed151151759maxWhen =151151759 win=0 interval=0 flags=0x8 pkg = com.google.android.gms
07-26 20:17:46.590  1537  2493 V ActivityManager: New death recipient com.android.server.am.ActivityManagerService$AppDeathRecipient@418a9b0 for thread android.os.BinderProxy@541029, pid:502,mApp:null
07-26 20:17:46.595  1537  2493 D DEBUG_VISIBILITY: mOccluded:false lastOccluded:false
07-26 20:17:46.634 21495 21718 V ActivityThread: scheduleReceiver info = ActivityInfo{eae40d0 com.google.android.gms.chimera.GmsIntentOperationService$PersistentInternalReceiver} intent = Intent { act=com.google.android.c2dm.intent.RECEIVE flg=0x1080010 pkg=com.google.android.gms cmp=com.google.android.gms/.chimera.GmsIntentOperationService$PersistentInternalReceiver (has extras) } sync = true hasCode = 208444257
07-26 20:17:46.650 21495 21718 V ActivityThread: scheduleRegisteredReceiver receiver= android.app.LoadedApk$ReceiverDispatcher$InnerReceiver@f9959e8 intent= Intent { act=com.google.android.c2dm.intent.RECEIVE flg=0x1080010 pkg=com.google.android.gms (has extras) } ordered= false sticky = false
07-26 20:17:46.658  1537  2107 V AlarmManager: set(PendingIntent{cf68c9d: PendingIntentRecord{23fe512 com.google.android.gms startService}}) : type=3 when=315509541890whenElapsed315509541890maxWhen =552029541890 win=236520000000 interval=0 flags=0x8 pkg = com.google.android.gms
07-26 20:17:46.676  1537  4487 V AlarmManager: set(PendingIntent{9b3405e: PendingIntentRecord{6de392a com.google.android.gms broadcastIntent}}) : type=2 when=151151907whenElapsed151151907maxWhen =151151907 win=0 interval=0 flags=0x8 pkg = com.google.android.gms
07-26 20:17:46.686 26174 26190 V ActivityThread: scheduleReceiver info = ActivityInfo{1e23651 com.google.android.gms.people.notifications.GcmBroadcastReceiver} intent = Intent { act=com.google.android.c2dm.intent.RECEIVE flg=0x1080010 pkg=com.google.android.gms cmp=com.google.android.gms/.people.notifications.GcmBroadcastReceiver (has extras) } sync = true hasCode = 177604876
07-26 20:17:46.725  1537  4487 V AlarmManager: set(PendingIntent{570fd36: PendingIntentRecord{34a416e com.google.android.gms broadcastIntent}}) : type=3 when=149543908whenElapsed149546959maxWhen =149546959 win=0 interval=0 flags=0x0 pkg = com.google.android.gms
07-26 20:17:46.734  1537  1550 V AlarmManager: set(PendingIntent{3c7b6c2: PendingIntentRecord{6de392a com.google.android.gms broadcastIntent}}) : type=2 when=151151967whenElapsed151151967maxWhen =151151967 win=0 interval=0 flags=0x8 pkg = com.google.android.gms
07-26 20:17:46.758 21495 13127 V ActivityThread: scheduleReceiver info = ActivityInfo{beeca3a com.google.android.gms.chimera.GmsIntentOperationService$PersistentInternalReceiver} intent = Intent { act=com.google.android.c2dm.intent.RECEIVE flg=0x1080010 pkg=com.google.android.gms cmp=com.google.android.gms/.chimera.GmsIntentOperationService$PersistentInternalReceiver (has extras) } sync = true hasCode = 53726524
07-26 20:17:46.767 21495 13127 V ActivityThread: scheduleRegisteredReceiver receiver= android.app.LoadedApk$ReceiverDispatcher$InnerReceiver@ef5006 intent= Intent { act=com.google.android.c2dm.intent.RECEIVE flg=0x1080010 pkg=com.google.android.gms (has extras) } ordered= false sticky = false
07-26 20:17:46.777 26174 29802 V ActivityThread: scheduleReceiver info = ActivityInfo{8377853 com.google.android.gms.mdisync.gcm.GcmBroadcastReceiver} intent = Intent { act=com.google.android.c2dm.intent.RECEIVE flg=0x1080010 pkg=com.google.android.gms cmp=com.google.android.gms/.mdisync.gcm.GcmBroadcastReceiver (has extras) } sync = true hasCode = 118391080
07-26 20:17:46.864  1537  2490 V AlarmManager: set(PendingIntent{92880b3: PendingIntentRecord{34a416e com.google.android.gms broadcastIntent}}) : type=3 when=149543089whenElapsed149547098maxWhen =149547098 win=0 interval=0 flags=0x0 pkg = com.google.android.gms
07-26 20:17:46.930  1537  2264 V AlarmManager: set(PendingIntent{c69f3d2: PendingIntentRecord{34a416e com.google.android.gms broadcastIntent}}) : type=3 when=149543908whenElapsed149547163maxWhen =149547163 win=0 interval=0 flags=0x0 pkg = com.google.android.gms
07-26 20:17:47.135  1537  4487 V AlarmManager: set(PendingIntent{cef5485: PendingIntentRecord{185b2da com.google.android.gms broadcastIntent}}) : type=2 when=149545412whenElapsed149547369maxWhen =149547369 win=0 interval=0 flags=0x8 pkg = com.google.android.gms
07-26 20:17:47.173  1537  2493 V AlarmManager: set(PendingIntent{33d95e8: PendingIntentRecord{34a416e com.google.android.gms broadcastIntent}}) : type=3 when=150680767whenElapsed150680767maxWhen =151534537 win=853770 interval=0 flags=0x0 pkg = com.google.android.gms
07-26 20:17:47.616  1537  4487 V AlarmManager: set(PendingIntent{f1384fb: PendingIntentRecord{34a416e com.google.android.gms broadcastIntent}}) : type=3 when=149562845whenElapsed149562845maxWhen =149577842 win=14997 interval=0 flags=0x0 pkg = com.google.android.gms
07-26 20:17:47.870  1537  1717 D MtkConnectivityService: releasing NetworkRequest [ TRACK_DEFAULT id=4514, [ Capabilities: INTERNET&NOT_RESTRICTED&TRUSTED Uid: 10175] ] (release request)
07-26 20:17:47.896  1537  2493 V AlarmManager: set(PendingIntent{d69102e: PendingIntentRecord{34a416e com.google.android.gms broadcastIntent}}) : type=3 when=150680767whenElapsed150680767maxWhen =151533995 win=853228 interval=0 flags=0x0 pkg = com.google.android.gms
07-26 20:17:47.997  1537  4487 V AlarmManager: set(PendingIntent{1d2a598: PendingIntentRecord{6de392a com.google.android.gms broadcastIntent}}) : type=2 when=151153229whenElapsed151153229maxWhen =151153229 win=0 interval=0 flags=0x8 pkg = com.google.android.gms
07-26 20:17:48.006 21495 21989 V ActivityThread: scheduleReceiver info = ActivityInfo{c8f2c36 com.google.android.gms.chimera.GmsIntentOperationService$PersistentInternalReceiver} intent = Intent { act=com.google.android.c2dm.intent.RECEIVE flg=0x1080010 pkg=com.google.android.gms cmp=com.google.android.gms/.chimera.GmsIntentOperationService$PersistentInternalReceiver (has extras) } sync = true hasCode = 257095388
07-26 20:17:48.011 21495 21989 V ActivityThread: scheduleRegisteredReceiver receiver= android.app.LoadedApk$ReceiverDispatcher$InnerReceiver@2d4fd3 intent= Intent { act=com.google.android.c2dm.intent.RECEIVE flg=0x1080010 pkg=com.google.android.gms (has extras) } ordered= false sticky = false
07-26 20:17:48.012  1537  2493 V AlarmManager: set(PendingIntent{bc54574: PendingIntentRecord{6de392a com.google.android.gms broadcastIntent}}) : type=2 when=151153245whenElapsed151153245maxWhen =151153245 win=0 interval=0 flags=0x8 pkg = com.google.android.gms
07-26 20:17:48.020 26174 26190 V ActivityThread: scheduleReceiver info = ActivityInfo{2e68ba7 com.google.android.gms.mdisync.gcm.GcmBroadcastReceiver} intent = Intent { act=com.google.android.c2dm.intent.RECEIVE flg=0x1080010 pkg=com.google.android.gms cmp=com.google.android.gms/.mdisync.gcm.GcmBroadcastReceiver (has extras) } sync = true hasCode = 27081322
07-26 20:17:48.028  1537  1550 V AlarmManager: set(PendingIntent{bc6acc2: PendingIntentRecord{6de392a com.google.android.gms broadcastIntent}}) : type=2 when=151153261whenElapsed151153261maxWhen =151153261 win=0 interval=0 flags=0x8 pkg = com.google.android.gms
07-26 20:17:48.049 21495 21989 V ActivityThread: scheduleReceiver info = ActivityInfo{c590ee6 com.google.android.gms.chimera.GmsIntentOperationService$PersistentInternalReceiver} intent = Intent { act=com.google.android.c2dm.intent.RECEIVE flg=0x1080010 pkg=com.google.android.gms cmp=com.google.android.gms/.chimera.GmsIntentOperationService$PersistentInternalReceiver (has extras) } sync = true hasCode = 133555350
07-26 20:17:48.055 21495 21989 V ActivityThread: scheduleRegisteredReceiver receiver= android.app.LoadedApk$ReceiverDispatcher$InnerReceiver@4173372 intent= Intent { act=com.google.android.c2dm.intent.RECEIVE flg=0x1080010 pkg=com.google.android.gms (has extras) } ordered= false sticky = false
07-26 20:17:48.065 26174 26190 V ActivityThread: scheduleReceiver info = ActivityInfo{d0712a2 com.google.android.gms.people.notifications.GcmBroadcastReceiver} intent = Intent { act=com.google.android.c2dm.intent.RECEIVE flg=0x1080010 pkg=com.google.android.gms cmp=com.google.android.gms/.people.notifications.GcmBroadcastReceiver (has extras) } sync = true hasCode = 108496436
07-26 20:17:49.024  1537  1537 D TorchManagerService: temperature: 300, bTorchMode: false, switchOn: true, threshold: 460, showing: false, mbIsSafetyTemperatureScene: false
07-26 20:17:50.232  1537  1716 V AlarmManager: set(null) : type=2 when=149575465whenElapsed149575465maxWhen =149597965 win=22500 interval=0 flags=0x8 pkg = android
07-26 20:17:50.232  1537  1716 V AlarmManager: set(null) : type=2 when=149560466whenElapsed149560466maxWhen =149571716 win=11250 interval=0 flags=0x8 pkg = android
07-26 20:17:50.250  1537  2490 V AlarmManager: set(PendingIntent{9b0ec6c: PendingIntentRecord{1cd4405 com.facebook.services broadcastIntent}}) : type=2 when=149845480whenElapsed149845480maxWhen =150070477 win=224997 interval=0 flags=0x4 pkg = com.facebook.services
07-26 20:17:50.316  1537  1550 V AlarmManager: set(PendingIntent{5dc596: PendingIntentRecord{2250517 com.google.android.gms broadcastIntent}}) : type=2 when=149550447whenElapsed149550549maxWhen =149550549 win=0 interval=0 flags=0x8 pkg = com.google.android.gms
07-26 20:17:50.395  1537  1550 V AlarmManager: set(PendingIntent{728a522: PendingIntentRecord{34a416e com.google.android.gms broadcastIntent}}) : type=3 when=150680767whenElapsed150680767maxWhen =151532120 win=851353 interval=0 flags=0x0 pkg = com.google.android.gms
07-26 20:17:50.474  1537  4487 V AlarmManager: set(PendingIntent{12d800f: PendingIntentRecord{34a416e com.google.android.gms broadcastIntent}}) : type=3 when=150680767whenElapsed150680767maxWhen =151532062 win=851295 interval=0 flags=0x0 pkg = com.google.android.gms
07-26 20:17:50.559  1537  2493 V AlarmManager: set(PendingIntent{ff55288: PendingIntentRecord{34a416e com.google.android.gms broadcastIntent}}) : type=3 when=150680767whenElapsed150680767maxWhen =151531998 win=851231 interval=0 flags=0x0 pkg = com.google.android.gms
07-26 20:17:50.675  1537  2493 V AlarmManager: set(PendingIntent{d30c046: PendingIntentRecord{34a416e com.google.android.gms broadcastIntent}}) : type=3 when=150680767whenElapsed150680767maxWhen =151531911 win=851144 interval=0 flags=0x0 pkg = com.google.android.gms
07-26 20:17:54.911  1537  1537 D OppoBaseBatteryService: send broadcast : oppo.intent.action.BATTERY_DATA_UPDATE
07-26 20:17:54.922  1537  1537 W ContextImpl: Calling a method in the system process without a qualified user: android.app.ContextImpl.sendBroadcast:1088 com.android.server.OppoBaseBatteryService$2.run:254 android.os.Handler.handleCallback:883 android.os.Handler.dispatchMessage:100 android.os.Looper.loop:237 
07-26 20:17:54.926  1537  1537 D TorchManagerService: temperature: 310, bTorchMode: false, switchOn: true, threshold: 460, showing: false, mbIsSafetyTemperatureScene: false
07-26 20:17:55.259  1537  1716 V AlarmManager: set(null) : type=2 when=149580492whenElapsed149580492maxWhen =149602992 win=22500 interval=0 flags=0x8 pkg = android
07-26 20:17:55.260  1537  1716 V AlarmManager: set(null) : type=2 when=149565493whenElapsed149565493maxWhen =149576743 win=11250 interval=0 flags=0x8 pkg = android
07-26 20:17:55.393  1537  4487 V AlarmManager: set(PendingIntent{ea95c82: PendingIntentRecord{6d82f93 com.google.android.gms broadcastIntent}}) : type=3 when=149550590whenElapsed149555627maxWhen =149555627 win=0 interval=0 flags=0x0 pkg = com.google.android.gms
07-26 20:17:58.273  1537  2493 V AlarmManager: set(PendingIntent{2c1f9da: PendingIntentRecord{f53fe0b com.google.android.gms startService}}) : type=3 when=315509553505whenElapsed315509553505maxWhen =552029553504 win=236519999999 interval=0 flags=0x8 pkg = com.google.android.gms
07-26 20:17:58.283  1537  4487 V AlarmManager: set(PendingIntent{20c3794: PendingIntentRecord{89af23d com.google.android.gms broadcastIntent}}) : type=2 when=149555471whenElapsed149558517maxWhen =149558517 win=0 interval=0 flags=0x8 pkg = com.google.android.gms
07-26 20:18:00.000  1537  1664 V AlarmManager: set(null) : type=3 when=149615233whenElapsed149615233maxWhen =149615233 win=0 interval=0 flags=0x1 pkg = android
07-26 20:18:00.274  1537  1716 V AlarmManager: set(null) : type=2 when=149585507whenElapsed149585507maxWhen =149608007 win=22500 interval=0 flags=0x8 pkg = android
07-26 20:18:00.275  1537  1716 V AlarmManager: set(null) : type=2 when=149570508whenElapsed149570508maxWhen =149581758 win=11250 interval=0 flags=0x8 pkg = android
07-26 20:18:00.347  1537  1550 V AlarmManager: set(PendingIntent{2647ffb: PendingIntentRecord{aeb2818 com.google.android.gms broadcastIntent}}) : type=2 when=149560490whenElapsed149560581maxWhen =149560581 win=0 interval=0 flags=0x8 pkg = com.google.android.gms
07-26 20:18:01.058  1537  1537 D TorchManagerService: temperature: 310, bTorchMode: false, switchOn: true, threshold: 460, showing: false, mbIsSafetyTemperatureScene: false
07-26 20:18:04.867  1537  2493 V AlarmManager: set(PendingIntent{804c748: PendingIntentRecord{3bff03b com.coloros.oppoguardelf broadcastIntent}}) : type=3 when=156760095whenElapsed156760095maxWhen =156760095 win=0 interval=0 flags=0x9 pkg = com.coloros.oppoguardelf
07-26 20:18:05.293  1537  1716 V AlarmManager: set(null) : type=2 when=149590525whenElapsed149590525maxWhen =149613024 win=22499 interval=0 flags=0x8 pkg = android
07-26 20:18:05.293  1537  1716 V AlarmManager: set(null) : type=2 when=149575527whenElapsed149575527maxWhen =149586777 win=11250 interval=0 flags=0x8 pkg = android
07-26 20:18:05.558  1537  2264 V AlarmManager: set(PendingIntent{758cde: PendingIntentRecord{4accebf com.google.android.gms broadcastIntent}}) : type=2 when=149565507whenElapsed149565791maxWhen =149565791 win=0 interval=0 flags=0x8 pkg = com.google.android.gms
07-26 20:18:06.363  1537  1565 W Watchdog: **Get SF Time **0
07-26 20:18:06.947  1537  1537 D TorchManagerService: temperature: 310, bTorchMode: false, switchOn: true, threshold: 460, showing: false, mbIsSafetyTemperatureScene: false
07-26 20:18:09.449  1537  1550 V AlarmManager: set(PendingIntent{5f9c8d5: PendingIntentRecord{6de392a com.google.android.gms broadcastIntent}}) : type=2 when=151174681whenElapsed151174681maxWhen =151174681 win=0 interval=0 flags=0x8 pkg = com.google.android.gms
07-26 20:18:09.480  1537  3659 V AlarmManager: set(PendingIntent{b5fd6b7: PendingIntentRecord{6de392a com.google.android.gms broadcastIntent}}) : type=2 when=151174713whenElapsed151174713maxWhen =151174713 win=0 interval=0 flags=0x8 pkg = com.google.android.gms
07-26 20:18:09.482 21495 21737 V ActivityThread: scheduleReceiver info = ActivityInfo{78f1d78 com.google.android.gms.chimera.GmsIntentOperationService$PersistentInternalReceiver} intent = Intent { act=com.google.android.c2dm.intent.RECEIVE flg=0x1080010 pkg=com.google.android.gms cmp=com.google.android.gms/.chimera.GmsIntentOperationService$PersistentInternalReceiver (has extras) } sync = true hasCode = 26942801
07-26 20:18:09.497 21495 21737 V ActivityThread: scheduleRegisteredReceiver receiver= android.app.LoadedApk$ReceiverDispatcher$InnerReceiver@9d42390 intent= Intent { act=com.google.android.c2dm.intent.RECEIVE flg=0x1080010 pkg=com.google.android.gms (has extras) } ordered= false sticky = false
07-26 20:18:09.513 21495 21737 V ActivityThread: scheduleReceiver info = ActivityInfo{c8de2a7 com.google.android.gms.chimera.GmsIntentOperationService$PersistentInternalReceiver} intent = Intent { act=com.google.android.c2dm.intent.RECEIVE flg=0x1080010 pkg=com.google.android.gms cmp=com.google.android.gms/.chimera.GmsIntentOperationService$PersistentInternalReceiver (has extras) } sync = true hasCode = 52641165
07-26 20:18:09.516  1537  3659 V AlarmManager: set(PendingIntent{d912753: PendingIntentRecord{6de392a com.google.android.gms broadcastIntent}}) : type=2 when=151174749whenElapsed151174749maxWhen =151174749 win=0 interval=0 flags=0x8 pkg = com.google.android.gms
07-26 20:18:09.527 21495 21737 V ActivityThread: scheduleRegisteredReceiver receiver= android.app.LoadedApk$ReceiverDispatcher$InnerReceiver@cab51f9 intent= Intent { act=com.google.android.c2dm.intent.RECEIVE flg=0x1080010 pkg=com.google.android.gms (has extras) } ordered= false sticky = false
07-26 20:18:09.529 26174 29804 V ActivityThread: scheduleReceiver info = ActivityInfo{7e222be com.google.android.gms.people.notifications.GcmBroadcastReceiver} intent = Intent { act=com.google.android.c2dm.intent.RECEIVE flg=0x1080010 pkg=com.google.android.gms cmp=com.google.android.gms/.people.notifications.GcmBroadcastReceiver (has extras) } sync = true hasCode = 244524425
07-26 20:18:09.545 26174 29804 V ActivityThread: scheduleReceiver info = ActivityInfo{19acca com.google.android.gms.mdisync.gcm.GcmBroadcastReceiver} intent = Intent { act=com.google.android.c2dm.intent.RECEIVE flg=0x1080010 pkg=com.google.android.gms cmp=com.google.android.gms/.mdisync.gcm.GcmBroadcastReceiver (has extras) } sync = true hasCode = 218075461
07-26 20:18:09.619  1537  1551 V AlarmManager: set(PendingIntent{60d9854: PendingIntentRecord{34a416e com.google.android.gms broadcastIntent}}) : type=3 when=149565843whenElapsed149569852maxWhen =149569852 win=0 interval=0 flags=0x0 pkg = com.google.android.gms
07-26 20:18:09.684  1537  2107 V AlarmManager: set(PendingIntent{84cd23e: PendingIntentRecord{34a416e com.google.android.gms broadcastIntent}}) : type=3 when=150680767whenElapsed150680767maxWhen =151517654 win=836887 interval=0 flags=0x0 pkg = com.google.android.gms
07-26 20:18:10.301  1537  1716 V AlarmManager: set(null) : type=2 when=149595534whenElapsed149595534maxWhen =149618034 win=22500 interval=0 flags=0x8 pkg = android
07-26 20:18:10.301  1537  1716 V AlarmManager: set(null) : type=2 when=149580534whenElapsed149580534maxWhen =149591783 win=11249 interval=0 flags=0x8 pkg = android
07-26 20:18:10.369  1537  2264 V AlarmManager: set(PendingIntent{dd35174: PendingIntentRecord{983369d com.google.android.gms broadcastIntent}}) : type=2 when=149570518whenElapsed149570602maxWhen =149570602 win=0 interval=0 flags=0x8 pkg = com.google.android.gms
07-26 20:18:11.239  1537  2107 V AlarmManager: set(PendingIntent{da60d99: PendingIntentRecord{34a416e com.google.android.gms broadcastIntent}}) : type=3 when=150680767whenElapsed150680767maxWhen =151516488 win=835721 interval=0 flags=0x0 pkg = com.google.android.gms
07-26 20:18:11.282  1537  1551 V AlarmManager: set(PendingIntent{ec0ea55: PendingIntentRecord{34a416e com.google.android.gms broadcastIntent}}) : type=3 when=150680767whenElapsed150680767maxWhen =151516456 win=835689 interval=0 flags=0x0 pkg = com.google.android.gms
07-26 20:18:12.832  1537  1537 D TorchManagerService: temperature: 310, bTorchMode: false, switchOn: true, threshold: 460, showing: false, mbIsSafetyTemperatureScene: false
07-26 20:18:15.320  1537  1716 V AlarmManager: set(null) : type=2 when=149600553whenElapsed149600553maxWhen =149623053 win=22500 interval=0 flags=0x8 pkg = android
07-26 20:18:15.321  1537  1716 V AlarmManager: set(null) : type=2 when=149585554whenElapsed149585554maxWhen =149596803 win=11249 interval=0 flags=0x8 pkg = android
07-26 20:18:15.480  1537  1572 D OppoThermalStats: reset mHaveCaptured:false
07-26 20:18:15.537  1537  1550 V AlarmManager: set(PendingIntent{8e05127: PendingIntentRecord{b669fd4 com.google.android.gms broadcastIntent}}) : type=2 when=149575532whenElapsed149575770maxWhen =149575770 win=0 interval=0 flags=0x8 pkg = com.google.android.gms
07-26 20:18:16.620  1537  1572 I ProcessStatsService: Pruning old procstats: /data/system/procstats/state-2025-07-25-15-39-49.bin
07-26 20:18:18.979  1537  1537 D TorchManagerService: temperature: 310, bTorchMode: false, switchOn: true, threshold: 460, showing: false, mbIsSafetyTemperatureScene: false
07-26 20:18:18.993  1537  1537 D TorchManagerService: temperature: 310, bTorchMode: false, switchOn: true, threshold: 460, showing: false, mbIsSafetyTemperatureScene: false
07-26 20:18:20.336  1537  1716 V AlarmManager: set(null) : type=2 when=149605569whenElapsed149605569maxWhen =149628069 win=22500 interval=0 flags=0x8 pkg = android
07-26 20:18:20.337  1537  1716 V AlarmManager: set(null) : type=2 when=149590570whenElapsed149590570maxWhen =149601819 win=11249 interval=0 flags=0x8 pkg = android
07-26 20:18:20.416  1537  2264 V AlarmManager: set(PendingIntent{46011b1: PendingIntentRecord{231a696 com.google.android.gms broadcastIntent}}) : type=2 when=149580550whenElapsed149580649maxWhen =149580649 win=0 interval=0 flags=0x8 pkg = com.google.android.gms
07-26 20:18:24.872  1537  1537 D TorchManagerService: temperature: 310, bTorchMode: false, switchOn: true, threshold: 460, showing: false, mbIsSafetyTemperatureScene: false
07-26 20:18:25.355  1537  1716 V AlarmManager: set(null) : type=2 when=149610588whenElapsed149610588maxWhen =149633088 win=22500 interval=0 flags=0x8 pkg = android
07-26 20:18:25.356  1537  1716 V AlarmManager: set(null) : type=2 when=149595589whenElapsed149595589maxWhen =149606839 win=11250 interval=0 flags=0x8 pkg = android
07-26 20:18:25.614  1537  1551 V AlarmManager: set(PendingIntent{da7c921: PendingIntentRecord{3ee146 com.google.android.gms broadcastIntent}}) : type=2 when=149585567whenElapsed149585848maxWhen =149585848 win=0 interval=0 flags=0x8 pkg = com.google.android.gms
07-26 20:18:30.369  1537  1716 V AlarmManager: set(null) : type=2 when=149615602whenElapsed149615602maxWhen =149638102 win=22500 interval=0 flags=0x8 pkg = android
07-26 20:18:30.370  1537  1716 V AlarmManager: set(null) : type=2 when=149600603whenElapsed149600603maxWhen =149611853 win=11250 interval=0 flags=0x8 pkg = android
07-26 20:18:30.453  1537  2264 V AlarmManager: set(PendingIntent{6e0b9cc: PendingIntentRecord{6137415 com.google.android.gms broadcastIntent}}) : type=2 when=149590584whenElapsed149590687maxWhen =149590687 win=0 interval=0 flags=0x8 pkg = com.google.android.gms
07-26 20:18:31.010  1537  1537 D TorchManagerService: temperature: 310, bTorchMode: false, switchOn: true, threshold: 460, showing: false, mbIsSafetyTemperatureScene: false
07-26 20:18:35.388  1537  1716 V AlarmManager: set(null) : type=2 when=149620621whenElapsed149620621maxWhen =149643121 win=22500 interval=0 flags=0x8 pkg = android
07-26 20:18:35.389  1537  1716 V AlarmManager: set(null) : type=2 when=149605622whenElapsed149605622maxWhen =149616872 win=11250 interval=0 flags=0x8 pkg = android
07-26 20:18:35.660  1537  2490 V AlarmManager: set(PendingIntent{32f4c93: PendingIntentRecord{12a94d0 com.google.android.gms broadcastIntent}}) : type=2 when=149595601whenElapsed149595893maxWhen =149595893 win=0 interval=0 flags=0x8 pkg = com.google.android.gms
07-26 20:18:36.365  1537  1565 W Watchdog: **Get SF Time **0
07-26 20:18:36.902  1537  1537 D TorchManagerService: temperature: 310, bTorchMode: false, switchOn: true, threshold: 460, showing: false, mbIsSafetyTemperatureScene: false
07-26 20:18:40.404  1537  1716 V AlarmManager: set(null) : type=2 when=149625637whenElapsed149625637maxWhen =149648137 win=22500 interval=0 flags=0x8 pkg = android
07-26 20:18:40.405  1537  1716 V AlarmManager: set(null) : type=2 when=149610638whenElapsed149610638maxWhen =149621888 win=11250 interval=0 flags=0x8 pkg = android
07-26 20:18:40.482  1537  2493 V AlarmManager: set(PendingIntent{a087aa6: PendingIntentRecord{d5efce7 com.google.android.gms broadcastIntent}}) : type=2 when=149600618whenElapsed149600715maxWhen =149600715 win=0 interval=0 flags=0x8 pkg = com.google.android.gms
07-26 20:18:43.046  1537  1537 D TorchManagerService: temperature: 310, bTorchMode: false, switchOn: true, threshold: 460, showing: false, mbIsSafetyTemperatureScene: false
07-26 20:18:45.413  1537  1716 V AlarmManager: set(null) : type=2 when=149630646whenElapsed149630646maxWhen =149653146 win=22500 interval=0 flags=0x8 pkg = android
07-26 20:18:45.413  1537  1716 V AlarmManager: set(null) : type=2 when=149615647whenElapsed149615647maxWhen =149626897 win=11250 interval=0 flags=0x8 pkg = android
07-26 20:18:45.654  1537  2264 V AlarmManager: set(PendingIntent{db8f9ad: PendingIntentRecord{ca334e2 com.google.android.gms broadcastIntent}}) : type=2 when=149605636whenElapsed149605887maxWhen =149605887 win=0 interval=0 flags=0x8 pkg = com.google.android.gms
07-26 20:18:48.929  1537  1537 D TorchManagerService: temperature: 310, bTorchMode: false, switchOn: true, threshold: 460, showing: false, mbIsSafetyTemperatureScene: false
07-26 20:18:50.431  1537  1716 V AlarmManager: set(null) : type=2 when=149635664whenElapsed149635664maxWhen =149658163 win=22499 interval=0 flags=0x8 pkg = android
07-26 20:18:50.432  1537  1716 V AlarmManager: set(null) : type=2 when=149620665whenElapsed149620665maxWhen =149631914 win=11249 interval=0 flags=0x8 pkg = android
07-26 20:18:50.497  1537  2490 V AlarmManager: set(PendingIntent{e5bfee1: PendingIntentRecord{7da4406 com.google.android.gms broadcastIntent}}) : type=2 when=149610646whenElapsed149610730maxWhen =149610730 win=0 interval=0 flags=0x8 pkg = com.google.android.gms
07-26 20:18:54.819  1537  1537 D TorchManagerService: temperature: 310, bTorchMode: false, switchOn: true, threshold: 460, showing: false, mbIsSafetyTemperatureScene: false
07-26 20:18:55.441  1537  1716 V AlarmManager: set(null) : type=2 when=149640673whenElapsed149640673maxWhen =149663172 win=22499 interval=0 flags=0x8 pkg = android
07-26 20:18:55.441  1537  1716 V AlarmManager: set(null) : type=2 when=149625674whenElapsed149625674maxWhen =149636923 win=11249 interval=0 flags=0x8 pkg = android
07-26 20:18:58.470  1537  2493 V AlarmManager: set(PendingIntent{44b128c: PendingIntentRecord{7e5bdd5 com.google.android.gms startService}}) : type=3 when=315509613703whenElapsed315509613703maxWhen =552029613703 win=236520000000 interval=0 flags=0x8 pkg = com.google.android.gms
07-26 20:18:58.478  1537  2264 V AlarmManager: set(PendingIntent{62423b7: PendingIntentRecord{6cf2724 com.google.android.gms broadcastIntent}}) : type=2 when=149615656whenElapsed149618711maxWhen =149618711 win=0 interval=0 flags=0x8 pkg = com.google.android.gms
07-26 20:18:58.739  1537  1576 D OppoThermalStats: reset mHaveCaptured:false
07-26 20:19:00.000  1537  1664 V AlarmManager: set(null) : type=3 when=149675233whenElapsed149675233maxWhen =149675233 win=0 interval=0 flags=0x1 pkg = android
07-26 20:19:00.456  1537  1716 V AlarmManager: set(null) : type=2 when=149645689whenElapsed149645689maxWhen =149668189 win=22500 interval=0 flags=0x8 pkg = android
07-26 20:19:00.457  1537  1716 V AlarmManager: set(null) : type=2 when=149630690whenElapsed149630690maxWhen =149641940 win=11250 interval=0 flags=0x8 pkg = android
07-26 20:19:00.527  1537  2490 V AlarmManager: set(PendingIntent{2beeacb: PendingIntentRecord{ad602a8 com.google.android.gms broadcastIntent}}) : type=2 when=149620672whenElapsed149620760maxWhen =149620760 win=0 interval=0 flags=0x8 pkg = com.google.android.gms
07-26 20:19:00.962  1537  1537 D TorchManagerService: temperature: 310, bTorchMode: false, switchOn: true, threshold: 460, showing: false, mbIsSafetyTemperatureScene: false
07-26 20:19:05.474  1537  1716 V AlarmManager: set(null) : type=2 when=149650707whenElapsed149650707maxWhen =149673207 win=22500 interval=0 flags=0x8 pkg = android
07-26 20:19:05.475  1537  1716 V AlarmManager: set(null) : type=2 when=149635708whenElapsed149635708maxWhen =149646958 win=11250 interval=0 flags=0x8 pkg = android
07-26 20:19:05.715  1537  2493 V AlarmManager: set(PendingIntent{4bb933e: PendingIntentRecord{aaec59f com.google.android.gms broadcastIntent}}) : type=2 when=149625689whenElapsed149625948maxWhen =149625948 win=0 interval=0 flags=0x8 pkg = com.google.android.gms
07-26 20:19:06.367  1537  1565 W Watchdog: **Get SF Time **0
07-26 20:19:06.851  1537  1537 D TorchManagerService: temperature: 310, bTorchMode: false, switchOn: true, threshold: 460, showing: false, mbIsSafetyTemperatureScene: false
07-26 20:19:10.485  1537  1716 V AlarmManager: set(null) : type=2 when=149655718whenElapsed149655718maxWhen =149678217 win=22499 interval=0 flags=0x8 pkg = android
07-26 20:19:10.486  1537  1716 V AlarmManager: set(null) : type=2 when=149640719whenElapsed149640719maxWhen =149651968 win=11249 interval=0 flags=0x8 pkg = android
07-26 20:19:10.560  1537  2264 V AlarmManager: set(PendingIntent{3569b6d: PendingIntentRecord{28993a2 com.google.android.gms broadcastIntent}}) : type=2 when=149630701whenElapsed149630793maxWhen =149630793 win=0 interval=0 flags=0x8 pkg = com.google.android.gms
07-26 20:19:12.992  1537  1537 D TorchManagerService: temperature: 310, bTorchMode: false, switchOn: true, threshold: 460, showing: false, mbIsSafetyTemperatureScene: false
07-26 20:19:15.503  1537  1716 V AlarmManager: set(null) : type=2 when=149660736whenElapsed149660736maxWhen =149683235 win=22499 interval=0 flags=0x8 pkg = android
07-26 20:19:15.504  1537  1716 V AlarmManager: set(null) : type=2 when=149645737whenElapsed149645737maxWhen =149656987 win=11250 interval=0 flags=0x8 pkg = android
07-26 20:19:15.771  1537  2264 V AlarmManager: set(PendingIntent{467f508: PendingIntentRecord{91bf4a1 com.google.android.gms broadcastIntent}}) : type=2 when=149635718whenElapsed149636004maxWhen =149636004 win=0 interval=0 flags=0x8 pkg = com.google.android.gms
07-26 20:19:18.878  1537  1537 D TorchManagerService: temperature: 310, bTorchMode: false, switchOn: true, threshold: 460, showing: false, mbIsSafetyTemperatureScene: false
07-26 20:19:20.519  1537  1716 V AlarmManager: set(null) : type=2 when=149665752whenElapsed149665752maxWhen =149688252 win=22500 interval=0 flags=0x8 pkg = android
07-26 20:19:20.520  1537  1716 V AlarmManager: set(null) : type=2 when=149650753whenElapsed149650753maxWhen =149662003 win=11250 interval=0 flags=0x8 pkg = android
07-26 20:19:20.608  1537  3659 V AlarmManager: set(PendingIntent{d86b038: PendingIntentRecord{f5a4811 com.google.android.gms broadcastIntent}}) : type=2 when=149640735whenElapsed149640841maxWhen =149640841 win=0 interval=0 flags=0x8 pkg = com.google.android.gms
07-26 20:19:25.025  1537  1537 D TorchManagerService: temperature: 310, bTorchMode: false, switchOn: true, threshold: 460, showing: false, mbIsSafetyTemperatureScene: false
07-26 20:19:25.532  1537  1716 V AlarmManager: set(null) : type=2 when=149670765whenElapsed149670765maxWhen =149693265 win=22500 interval=0 flags=0x8 pkg = android
07-26 20:19:25.533  1537  1716 V AlarmManager: set(null) : type=2 when=149655766whenElapsed149655766maxWhen =149667016 win=11250 interval=0 flags=0x8 pkg = android
07-26 20:19:25.786  1537  3659 V AlarmManager: set(PendingIntent{f7d466f: PendingIntentRecord{ca6ff7c com.google.android.gms broadcastIntent}}) : type=2 when=149645747whenElapsed149646020maxWhen =149646020 win=0 interval=0 flags=0x8 pkg = com.google.android.gms
07-26 20:19:30.541  1537  1716 V AlarmManager: set(null) : type=2 when=149675773whenElapsed149675773maxWhen =149698272 win=22499 interval=0 flags=0x8 pkg = android
07-26 20:19:30.542  1537  1716 V AlarmManager: set(null) : type=2 when=149660775whenElapsed149660775maxWhen =149672025 win=11250 interval=0 flags=0x8 pkg = android
07-26 20:19:30.609  1537  2264 V AlarmManager: set(PendingIntent{d98b8b2: PendingIntentRecord{df91003 com.google.android.gms broadcastIntent}}) : type=2 when=149650757whenElapsed149650842maxWhen =149650842 win=0 interval=0 flags=0x8 pkg = com.google.android.gms
07-26 20:19:30.914  1537  1537 D TorchManagerService: temperature: 310, bTorchMode: false, switchOn: true, threshold: 460, showing: false, mbIsSafetyTemperatureScene: false
07-26 20:19:35.549  1537  1716 V AlarmManager: set(null) : type=2 when=149680782whenElapsed149680782maxWhen =149703282 win=22500 interval=0 flags=0x8 pkg = android
07-26 20:19:35.550  1537  1716 V AlarmManager: set(null) : type=2 when=149665783whenElapsed149665783maxWhen =149677033 win=11250 interval=0 flags=0x8 pkg = android
07-26 20:19:35.782  1537  2264 V AlarmManager: set(PendingIntent{1ff7ed6: PendingIntentRecord{1f26557 com.google.android.gms broadcastIntent}}) : type=2 when=149655767whenElapsed149656016maxWhen =149656016 win=0 interval=0 flags=0x8 pkg = com.google.android.gms
07-26 20:19:36.032  1537  2264 I ActivityManager: Force stopping com.google.android.apps.maps appid=10175 user=0: from pid 988
07-26 20:19:36.040  1537  2264 W ContextImpl: Calling a method in the system process without a qualified user: android.app.ContextImpl.sendBroadcast:1073 com.android.server.am.OppoExtraActivityManagerService.setKeyLockModeNormal:53 com.android.server.am.ActivityManagerService.forceStopPackageLocked:5211 com.android.server.am.ActivityManagerService.forceStopPackageLocked:5068 com.android.server.am.ActivityManagerService.forceStopPackage:4836 
07-26 20:19:36.043  1537  2264 I ActivityManager: Killing 32401:com.google.android.apps.maps/u0a175 (adj 0): stop com.google.android.apps.maps
07-26 20:19:36.063  1537  2264 W ActivityTaskManager: Force removing ActivityRecord{717680a u0 com.google.android.apps.maps/com.google.android.maps.MapsActivity t4247 f}: app died, no saved state
07-26 20:19:36.064  1537  2264 V WindowManager: Changing focus from Window{8f5d333 u0 com.google.android.apps.maps/com.google.android.maps.MapsActivity} to null
07-26 20:19:36.075  1537  2264 V ColorZoomWindowManagerService: onAnimationFinished:  r=ActivityRecord{717680a u0 com.google.android.apps.maps/com.google.android.maps.MapsActivity t4247 f}
07-26 20:19:36.092  1537  2264 D ActivityTaskManager: hypnusSetScene: 2118 :com.oppo.launcher
07-26 20:19:36.107  1537  2264 I ColorAccessController: enter isIgnoreAppSwitchActivity
07-26 20:19:36.107  1537  2264 I ColorAccessController: enter isIgnoreAppSwitchActivity and intent != null
07-26 20:19:36.107  1537  2264 I ColorAccessController: enter isIgnoreAppSwitchActivity and componentName != null
07-26 20:19:36.107  1537  2264 I ColorAccessController: enter isIgnoreAppSwitchActivity and packageName&activity is not Empty
07-26 20:19:36.118  1537  2264 D DEBUG_VISIBILITY: mOccluded:false lastOccluded:false
07-26 20:19:36.121  1537  2264 I chatty  : uid=1000(system) Binder:1537_9 identical 2 lines
07-26 20:19:36.123  1537  2264 D DEBUG_VISIBILITY: mOccluded:false lastOccluded:false
07-26 20:19:36.123  1537  2264 V WindowManager: adjustNotShowWallpaperByOppo: false
07-26 20:19:36.138  1537  2264 D OppoOomAjusterHelper: TOP_APP is ProcessRecord{61523d2 2118:com.oppo.launcher/u0a73} uid is 10073
07-26 20:19:36.143  1537  1563 V WindowManager: adjustNotShowWallpaperByOppo: false
07-26 20:19:36.160  1537  2503 D MtkConnectivityService: ConnectivityService NetworkRequestInfo binderDied(NetworkRequest [ TRACK_DEFAULT id=4511, [ Capabilities: INTERNET&NOT_RESTRICTED&TRUSTED Uid: 10175] ], android.os.BinderProxy@4677a6b)
07-26 20:19:36.160  1537  4592 D MtkConnectivityService: ConnectivityService NetworkRequestInfo binderDied(NetworkRequest [ TRACK_DEFAULT id=4513, [ Capabilities: INTERNET&NOT_RESTRICTED&TRUSTED Uid: 10175] ], android.os.BinderProxy@11de9c8)
07-26 20:19:36.162  1537  4603 D MtkConnectivityService: ConnectivityService NetworkRequestInfo binderDied(NetworkRequest [ LISTEN id=4512, [ Capabilities: INTERNET&NOT_RESTRICTED&TRUSTED Uid: 10175] ], android.os.BinderProxy@fa7aa61)
07-26 20:19:36.163  1537  1717 D MtkConnectivityService: releasing NetworkRequest [ TRACK_DEFAULT id=4511, [ Capabilities: INTERNET&NOT_RESTRICTED&TRUSTED Uid: 10175] ] (release request)
07-26 20:19:36.165  1537  1717 D MtkConnectivityService: releasing NetworkRequest [ TRACK_DEFAULT id=4513, [ Capabilities: INTERNET&NOT_RESTRICTED&TRUSTED Uid: 10175] ] (release request)
07-26 20:19:36.170  1537  3659 W ActivityManager: Unable to start service Intent { act=heytap.intent.action.assistantscreen.window.server pkg=com.coloros.assistantscreen } U=0: not found
07-26 20:19:36.171  1537  1817 W ContextImpl: Calling a method in the system process without a qualified user: android.app.ContextImpl.startService:1609 oppo.util.OppoStatistics.startDcsService:429 oppo.util.OppoStatistics.access$100:40 oppo.util.OppoStatistics$1.run:186 java.util.concurrent.ThreadPoolExecutor.runWorker:1167 
07-26 20:19:36.174  1537  1560 W Looper  : Slow dispatch took 131ms android.ui h=com.android.server.am.ActivityManagerService$UiHandler c=null m=53
07-26 20:19:36.187  1537  1562 W ActivityManager: setHasOverlayUi called on unknown pid: 32401
07-26 20:19:36.192  1537  1817 W ContextImpl: Calling a method in the system process without a qualified user: android.app.ContextImpl.startService:1609 oppo.util.OppoStatistics.startDcsService:429 oppo.util.OppoStatistics.access$100:40 oppo.util.OppoStatistics$1.run:186 java.util.concurrent.ThreadPoolExecutor.runWorker:1167 
07-26 20:19:36.196  1537  4601 V AlarmManager: set(PendingIntent{576cbe3: PendingIntentRecord{a4629e0 com.google.android.gms broadcastIntent}}) : type=3 when=150250959whenElapsed150250959maxWhen =150250959 win=0 interval=0 flags=0x0 pkg = com.google.android.gms
07-26 20:19:36.198  1537  1804 I WindowManager: Relayout Window{5fae4f1 u0 com.oppo.launcher/com.oppo.launcher.Launcher}: oldVis=4 newVis=0 focusMayChange = true
07-26 20:19:36.205  1537  1804 V WindowManager: Changing focus from null to Window{5fae4f1 u0 com.oppo.launcher/com.oppo.launcher.Launcher}
07-26 20:19:36.212  1537  1563 V WindowManager: adjustNotShowWallpaperByOppo: false
07-26 20:19:36.222  1537  2107 I ActivityManager: Killing 31571:com.android.chrome/u0a168 (adj 995): empty #9
07-26 20:19:36.242  1537  4602 V AlarmManager: set(PendingIntent{1dd5b37: PendingIntentRecord{94c8a4 com.google.android.gms broadcastIntent}}) : type=2 when=9223372036854775807whenElapsed9223372036854775807maxWhen =9223372036854775807 win=0 interval=0 flags=0x8 pkg = com.google.android.gms
07-26 20:19:36.250  1537  1563 V WindowManager: adjustNotShowWallpaperByOppo: false
07-26 20:19:36.255  1537  1563 V WindowManager: adjustNotShowWallpaperByOppo: false
07-26 20:19:36.267  1537  2503 D MtkConnectivityService: ConnectivityService NetworkRequestInfo binderDied(NetworkRequest [ TRACK_DEFAULT id=4501, [ Capabilities: INTERNET&NOT_RESTRICTED&TRUSTED Uid: 10168] ], android.os.BinderProxy@ba273d3)
07-26 20:19:36.268  1537  4592 D MtkConnectivityService: ConnectivityService NetworkRequestInfo binderDied(NetworkRequest [ TRACK_DEFAULT id=4494, [ Capabilities: INTERNET&NOT_RESTRICTED&TRUSTED Uid: 10168] ], android.os.BinderProxy@ba7cb10)
07-26 20:19:36.268  1537  1804 D MtkConnectivityService: ConnectivityService NetworkRequestInfo binderDied(NetworkRequest [ LISTEN id=4495, [ Capabilities: INTERNET&NOT_RESTRICTED&TRUSTED&FOREGROUND Uid: 10168] ], android.os.BinderProxy@4b08609)
07-26 20:19:36.268  1537  2503 V ActivityManager: Death received in com.android.server.am.ActivityManagerService$AppDeathRecipient@22a8526 for thread android.os.BinderProxy@2107567, mPid:31571,mApp:ProcessRecord{f628880 31571:com.android.chrome/u0a168}
07-26 20:19:36.268  1537  1717 D MtkConnectivityService: releasing NetworkRequest [ TRACK_DEFAULT id=4501, [ Capabilities: INTERNET&NOT_RESTRICTED&TRUSTED Uid: 10168] ] (release request)
07-26 20:19:36.268  1537  3279 D MtkConnectivityService: ConnectivityService NetworkRequestInfo binderDied(NetworkRequest [ LISTEN id=4502, [ Capabilities: INTERNET&NOT_RESTRICTED&TRUSTED&FOREGROUND Uid: 10168] ], android.os.BinderProxy@bf6000e)
