07-26 20:07:41.434  1537  3652 W ActivityManager: Background start not allowed: service Intent { cmp=com.google.android.apps.messaging/.shared.datamodel.action.execution.ActionExecutorImpl$EmptyService } to com.google.android.apps.messaging/.shared.datamodel.action.execution.ActionExecutorImpl$EmptyService from pid=30522 uid=10177 pkg=com.google.android.apps.messaging startFg?=false
07-26 20:07:41.441  1537  4592 W ActivityManager: Background start not allowed: service Intent { cmp=com.google.android.apps.messaging/.shared.datamodel.action.execution.ActionExecutorImpl$EmptyService } to com.google.android.apps.messaging/.shared.datamodel.action.execution.ActionExecutorImpl$EmptyService from pid=30522 uid=10177 pkg=com.google.android.apps.messaging startFg?=false
07-26 20:07:41.446  1537  1550 W ActivityManager: Background start not allowed: service Intent { cmp=com.google.android.apps.messaging/.shared.datamodel.action.execution.ActionExecutorImpl$EmptyService } to com.google.android.apps.messaging/.shared.datamodel.action.execution.ActionExecutorImpl$EmptyService from pid=30522 uid=10177 pkg=com.google.android.apps.messaging startFg?=false
07-26 20:07:42.817  1537  1537 D TorchManagerService: temperature: 300, bTorchMode: false, switchOn: true, threshold: 460, showing: false, mbIsSafetyTemperatureScene: false
07-26 20:07:46.821  1537  1550 W ActivityManager: Background start not allowed: service Intent { cmp=com.google.android.apps.messaging/.shared.datamodel.action.execution.ActionExecutorImpl$EmptyService } to com.google.android.apps.messaging/.shared.datamodel.action.execution.ActionExecutorImpl$EmptyService from pid=30522 uid=10177 pkg=com.google.android.apps.messaging startFg?=false
07-26 20:07:46.829  1537  2264 W ActivityManager: Background start not allowed: service Intent { cmp=com.google.android.apps.messaging/.shared.datamodel.action.execution.ActionExecutorImpl$EmptyService } to com.google.android.apps.messaging/.shared.datamodel.action.execution.ActionExecutorImpl$EmptyService from pid=30522 uid=10177 pkg=com.google.android.apps.messaging startFg?=false
07-26 20:07:46.984  1537  1550 W ActivityManager: Background start not allowed: service Intent { cmp=com.google.android.apps.messaging/.shared.datamodel.action.execution.ActionExecutorImpl$EmptyService } to com.google.android.apps.messaging/.shared.datamodel.action.execution.ActionExecutorImpl$EmptyService from pid=30522 uid=10177 pkg=com.google.android.apps.messaging startFg?=false
07-26 20:07:47.392  1537  1550 I chatty  : uid=1000(system) Binder:1537_1 identical 1 line
07-26 20:07:47.411  1537  1550 W ActivityManager: Background start not allowed: service Intent { cmp=com.google.android.apps.messaging/.shared.datamodel.action.execution.ActionExecutorImpl$EmptyService } to com.google.android.apps.messaging/.shared.datamodel.action.execution.ActionExecutorImpl$EmptyService from pid=30522 uid=10177 pkg=com.google.android.apps.messaging startFg?=false
07-26 20:07:48.301  1537  1576 I ActivityManager: Waited long enough for: ServiceRecord{c3c0cbf u0 com.heytap.mcs/.biz.appservice.McsSdkService}
07-26 20:07:48.961  1537  1537 D TorchManagerService: temperature: 300, bTorchMode: false, switchOn: true, threshold: 460, showing: false, mbIsSafetyTemperatureScene: false
07-26 20:07:53.759  1537  3652 V ActivityManager: Death received in com.android.server.am.ActivityManagerService$AppDeathRecipient@3179219 for thread android.os.BinderProxy@7e302de, mPid:30575,mApp:ProcessRecord{52d5762 30575:com.heytap.mcs.appservice/1000}
07-26 20:07:53.760  1537  3652 I ActivityManager: Process com.heytap.mcs.appservice (pid 30575) has died: cch+15 CEM 
07-26 20:07:53.760  1537  3652 W ContextImpl: Calling a method in the system process without a qualified user: android.app.ContextImpl.sendBroadcast:1073 com.android.server.am.OppoExtraActivityManagerService.setKeyLockModeNormal:53 com.android.server.am.ActivityManagerService.appDiedLocked:4245 com.android.server.am.ActivityManagerService$AppDeathRecipient.binderDied:1682 android.os.BinderProxy.sendDeathNotice:633 
07-26 20:07:54.850  1537  1537 D TorchManagerService: temperature: 300, bTorchMode: false, switchOn: true, threshold: 460, showing: false, mbIsSafetyTemperatureScene: false
07-26 20:08:00.000  1537  1664 V AlarmManager: set(null) : type=3 when=149015233whenElapsed149015233maxWhen =149015233 win=0 interval=0 flags=0x1 pkg = android
07-26 20:08:00.994  1537  1537 D TorchManagerService: temperature: 300, bTorchMode: false, switchOn: true, threshold: 460, showing: false, mbIsSafetyTemperatureScene: false
07-26 20:08:06.333  1537  1565 W Watchdog: **Get SF Time **0
07-26 20:08:06.882  1537  1537 D TorchManagerService: temperature: 300, bTorchMode: false, switchOn: true, threshold: 460, showing: false, mbIsSafetyTemperatureScene: false
07-26 20:08:13.025  1537  1537 I chatty  : uid=1000 system_server identical 1 line
07-26 20:08:18.913  1537  1537 D TorchManagerService: temperature: 300, bTorchMode: false, switchOn: true, threshold: 460, showing: false, mbIsSafetyTemperatureScene: false
07-26 20:08:36.335  1537  1565 W Watchdog: **Get SF Time **0
07-26 20:08:36.930  1537  1592 V DisplayPowerController: Brightness [35] reason changing to: 'manual [ dim ]', previous reason: 'manual'.
07-26 20:08:36.932  1537  1592 D OppoDisplayPowerControlBrightnessHelper: Atlas report manual data:EventID,608,mManualBacklightTotalTime,646289,mManualMaxBacklightTotalTime,0,mManualTotalTimeLargeLux_10000,0,mManualTotalTimeLargeLux_20000,0,mManualTotalTimeLargeLux_30000,0,mManualTotalTimeLargeLux_40000,0,mManualTotalTimeLargeLux_60000,0
07-26 20:08:36.950  3026  7642 W ContextImpl: Calling a method in the system process without a qualified user: android.app.ContextImpl.startService:1609 android.content.ContextWrapper.startService:680 oppo.util.OppoStatistics.startDcsService:429 oppo.util.OppoStatistics.access$100:40 oppo.util.OppoStatistics$1.run:186 
07-26 20:08:37.009  1537  1793 I OppoLightsService: SurfaceFlinger transaction exception 
07-26 20:08:38.051  1537  1793 I chatty  : uid=1000(system) PhotonicModulat identical 64 lines
07-26 20:08:38.067  1537  1793 I OppoLightsService: SurfaceFlinger transaction exception 
07-26 20:08:38.214  1537  1592 D OppoDisplayPowerControlBrightnessHelper: Atlas report manual data:EventID,608,mManualBacklightTotalTime,1282,mManualMaxBacklightTotalTime,0,mManualTotalTimeLargeLux_10000,0,mManualTotalTimeLargeLux_20000,0,mManualTotalTimeLargeLux_30000,0,mManualTotalTimeLargeLux_40000,0,mManualTotalTimeLargeLux_60000,0
07-26 20:08:38.218  3026  7642 W ContextImpl: Calling a method in the system process without a qualified user: android.app.ContextImpl.startService:1609 android.content.ContextWrapper.startService:680 oppo.util.OppoStatistics.startDcsService:429 oppo.util.OppoStatistics.access$100:40 oppo.util.OppoStatistics$1.run:186 
07-26 20:08:38.224  1537  1592 D OppoDisplayPowerControlBrightnessHelper: handleMessage:103
07-26 20:08:42.977  1537  1537 D TorchManagerService: temperature: 300, bTorchMode: false, switchOn: true, threshold: 460, showing: false, mbIsSafetyTemperatureScene: false
07-26 20:08:43.911  1537  1592 D OppoPowerManagerHelper: goToSleepNoUpdateLocked  needIntercepet: false
07-26 20:08:43.920  1537  1592 I PowerManagerService: Going to sleep due to timeout (uid 1000)...
07-26 20:08:43.921  1537  1537 W UsageStatsService: Event reported without a package name, eventType:16
07-26 20:08:43.921  1537  1592 D OppoPowerManagerHelper: wakelock list dump: mLocks.size=1:
07-26 20:08:43.921  1537  1592 D OppoPowerManagerHelper: No.0: PARTIAL_WAKE_LOCK              'CastSocketMultiplexer_WakeLock'activated(flags=1, uid=10155, pid=21495) total=652473ms)
07-26 20:08:43.925  1537  1750 D OppoPhoneWindowManager: onWakeUp for:cancelRecognitionByScreenOff
07-26 20:08:43.954  1537  4603 V AlarmManager: set(PendingIntent{1543dbe: PendingIntentRecord{aa25e1f com.android.systemui broadcastIntent}}) : type=2 when=149004185whenElapsed149004188maxWhen =149004188 win=0 interval=0 flags=0x9 pkg = com.android.systemui
07-26 20:08:43.969  1537  1592 I PowerManagerService: Sleeping (uid 1000)...
07-26 20:08:44.095  1537  1537 V FingerprintService: startAuthentication(com.android.systemui)
07-26 20:08:44.095  1537  1537 V FingerprintService: starting client AuthenticationClientImpl(com.android.systemui) cookie: 0/0
07-26 20:08:44.150  1537  1592 V DisplayPowerController: Brightness [1594] reason changing to: 'manual', previous reason: 'manual [ dim ]'.
07-26 20:08:44.151  1537  1592 D OppoDisplayPowerControlBrightnessHelper: Atlas report manual data:EventID,608,mManualBacklightTotalTime,5937,mManualMaxBacklightTotalTime,0,mManualTotalTimeLargeLux_10000,0,mManualTotalTimeLargeLux_20000,0,mManualTotalTimeLargeLux_30000,0,mManualTotalTimeLargeLux_40000,0,mManualTotalTimeLargeLux_60000,0
07-26 20:08:44.154  3026  7642 W ContextImpl: Calling a method in the system process without a qualified user: android.app.ContextImpl.startService:1609 android.content.ContextWrapper.startService:680 oppo.util.OppoStatistics.startDcsService:429 oppo.util.OppoStatistics.access$100:40 oppo.util.OppoStatistics$1.run:186 
07-26 20:08:44.170  1537  1592 I DisplayPowerController: Blocking screen off
07-26 20:08:44.174  1537  1592 I DisplayPowerController: Unblocked screen off after 4 ms
07-26 20:08:44.177  1537  1592 D BatteryStatsImpl: screenOffScreenPowerApkHandleLocked: mPkgName(com.coloros.filemanager), BrightnessTimer[0] is running., mNesting=1, stop it now.
07-26 20:08:44.393  1537  1562 I DisplayManagerService: Display device changed state: "Built-in Screen", OFF
07-26 20:08:44.398  1537  1592 D ActivityTaskManager: Top Process State changed to PROCESS_STATE_TOP_SLEEPING
07-26 20:08:44.409  1537  1592 D DEBUG_VISIBILITY: mOccluded:false lastOccluded:false
07-26 20:08:44.411  1537  1592 I chatty  : uid=1000(system) PowerManagerSer identical 5 lines
07-26 20:08:44.411  1537  1592 D DEBUG_VISIBILITY: mOccluded:false lastOccluded:false
07-26 20:08:44.414  1537  2153 D DEBUG_VISIBILITY: mOccluded:false lastOccluded:false
07-26 20:08:44.415  1537  2153 I chatty  : uid=1000(system) Binder:1537_8 identical 4 lines
07-26 20:08:44.416  1537  2153 D DEBUG_VISIBILITY: mOccluded:false lastOccluded:false
07-26 20:08:44.416  1537  1537 D TorchManagerService: temperature: 300, bTorchMode: false, switchOn: true, threshold: 460, showing: false, mbIsSafetyTemperatureScene: false
07-26 20:08:44.418  1537  2153 D DEBUG_VISIBILITY: mOccluded:false lastOccluded:false
07-26 20:08:44.419  1537  2153 I chatty  : uid=1000(system) Binder:1537_8 identical 5 lines
07-26 20:08:44.419  1537  2153 D DEBUG_VISIBILITY: mOccluded:false lastOccluded:false
07-26 20:08:44.425  2189  2189 D OppoDragWindowPolicy: ----DisplayChanged----
07-26 20:08:44.444  1537  1560 D ColorZoomWindowManagerService: current size = 720 x 1600
07-26 20:08:44.445  1537  1550 D DEBUG_VISIBILITY: mOccluded:false lastOccluded:false
07-26 20:08:44.447  1537  1550 I chatty  : uid=1000(system) Binder:1537_1 identical 6 lines
07-26 20:08:44.447  1537  1550 D DEBUG_VISIBILITY: mOccluded:false lastOccluded:false
07-26 20:08:44.503  1537  1592 V DisplayPowerController: Brightness [0] reason changing to: 'screen_off', previous reason: 'manual'.
07-26 20:08:44.505  1537 30655 W ContextImpl: Calling a method in the system process without a qualified user: android.app.ContextImpl.sendBroadcast:1088 com.android.server.policy.OppoPhoneWindowManager$13.run:1946 java.lang.Thread.run:919 <bottom of call stack> <bottom of call stack> 
07-26 20:08:44.520  1537  1537 D OppoPowerMonitor: resetWakeupEventRecords
07-26 20:08:44.583  1537  2115 V AlarmManager: set(null) : type=3 when=149004816whenElapsed149004817maxWhen =149004817 win=0 interval=0 flags=0x9 pkg = android
07-26 20:08:44.608  1537  1550 D DEBUG_VISIBILITY: mOccluded:false lastOccluded:false
07-26 20:08:44.618  1537  1562 D DEBUG_VISIBILITY: mOccluded:false lastOccluded:false
07-26 20:08:44.623  1537  1562 I chatty  : uid=1000(system) android.display identical 2 lines
07-26 20:08:44.624  1537  1562 D DEBUG_VISIBILITY: mOccluded:false lastOccluded:false
07-26 20:08:44.665  2189  2189 D ColorViewRootUtil: initSwipState, isDisplayCompatApp false
07-26 20:08:44.666  2189  2189 D ColorViewRootUtil: updateScreenSize, mScreenHeight 1600,mScreenWidth:720,height:1600,width:720
07-26 20:08:44.716  1537  4603 W ProcessStats: Tracking association SourceState{e32e92f com.coloros.filemanager/10105 Top #359648} whose proc state 1 is better than process ProcessState{2bc137a com.google.android.gms/10155 pkg=com.google.android.gms} proc state 5 (10 skipped)
07-26 20:08:44.770  1537  2264 D DEBUG_VISIBILITY: mOccluded:false lastOccluded:false
07-26 20:08:44.783  1537  2264 I chatty  : uid=1000(system) Binder:1537_9 identical 15 lines
07-26 20:08:44.784  1537  2264 D DEBUG_VISIBILITY: mOccluded:false lastOccluded:false
07-26 20:08:44.798  1537  1537 V AlarmManager: set(null) : type=2 when=153260031whenElapsed153260031maxWhen =153560031 win=300000 interval=0 flags=0x8 pkg = android
07-26 20:08:44.833  1537  1537 V AlarmManager: set(PendingIntent{1aaec5c: PendingIntentRecord{4f2db65 android broadcastIntent}}) : type=2 when=149300065whenElapsed149300065maxWhen =149300065 win=0 interval=0 flags=0x9 pkg = android
07-26 20:08:44.838  1537  1537 D LMServiceThreadHandler: onScreenStatusChange:false
07-26 20:08:44.865  1537  1770 D ChattyManagerService: update screen state, current=false
07-26 20:08:44.875  1537  1537 D OppoPowerMonitor: Receive broadcast android.intent.action.SCREEN_OFF
07-26 20:08:44.878  1537  1772 D OppoPowerMonitor: mScreenOffCurrentTime = 1753540724878, mScreenOffElapsedRealTime = 149000111, mScreenOffUpTime = 120374877
07-26 20:08:44.880  1537  1772 V AlarmManager: set(null) : type=2 when=149900112whenElapsed149900112maxWhen =150575111 win=674999 interval=0 flags=0x8 pkg = com.coloros.exsystemservice
07-26 20:08:44.916  1537  1537 D AIBrightnessHelper: onReceive, mUpgradeReceiver action:android.intent.action.SCREEN_OFF
07-26 20:08:44.916  1537  1537 I AIBrightnessHelper: onReceive, ACTION_SCREEN_OFF do onScreenEvent.
07-26 20:08:44.933  2189  2189 D ColorViewRootUtil: initSwipState, isDisplayCompatApp false
07-26 20:08:44.934  2189  2189 D ColorViewRootUtil: updateScreenSize, mScreenHeight 1600,mScreenWidth:720,height:1600,width:720
07-26 20:08:45.055  1537  2264 V AlarmManager: set(PendingIntent{a53adca: PendingIntentRecord{f594c24 com.coloros.athena startService}}) : type=0 when=1753540905052whenElapsed149180285maxWhen =149315282 win=134997 interval=0 flags=0x8 pkg = com.coloros.athena
07-26 20:08:45.061  2189 30665 W ContextImpl: Calling a method in the system process without a qualified user: android.app.ContextImpl.startService:1609 android.content.ContextWrapper.startService:680 com.coloros.safecenter.ColorAppServicesManagerClient.b:243 com.coloros.safecenter.ColorAppServicesManagerClient.b:54 com.coloros.safecenter.ColorAppServicesManagerClient$4$1.run:228 
07-26 20:08:45.071  2189 30665 W ContextImpl: Calling a method in the system process without a qualified user: android.app.ContextImpl.startService:1609 android.content.ContextWrapper.startService:680 com.coloros.safecenter.ColorAppServicesManagerClient$4$1.run:232 java.lang.Thread.run:919 <bottom of call stack> 
07-26 20:08:45.253  1537  3652 V AlarmManager: set(PendingIntent{384e86e: PendingIntentRecord{326c2f3 com.google.android.gms broadcastIntent}}) : type=3 when=149900485whenElapsed149900485maxWhen =150575484 win=674999 interval=0 flags=0x0 pkg = com.google.android.gms
07-26 20:08:45.323  8544  8616 W ContextImpl: Calling a method in the system process without a qualified user: android.app.ContextImpl.startService:1609 android.content.ContextWrapper.startService:680 com.oppo.statistics.record.RecordHandler.startDcsService:210 com.oppo.statistics.record.RecordHandler.addTask:137 com.oppo.statistics.agent.CommonAgent.recordCommon:23 
07-26 20:08:48.865  1537  1537 D TorchManagerService: temperature: 300, bTorchMode: false, switchOn: true, threshold: 460, showing: false, mbIsSafetyTemperatureScene: false
07-26 20:08:48.975  1537  4592 V WindowManager: Changing focus from Window{e5ed656 u0 com.coloros.filemanager/com.coloros.filemanager.view.browser.FileBrowserActivity} to null
07-26 20:08:48.987  1537  4592 V ColorZoomWindowManagerService: onAnimationFinished:  r=ActivityRecord{4571e46 u0 com.coloros.filemanager/.view.browser.FileBrowserActivity t4246}
07-26 20:08:48.990  1537  4592 D DEBUG_VISIBILITY: mOccluded:false lastOccluded:false
07-26 20:08:49.013  1537  1562 W UsageStatsService: Event reported without a package name, eventType:17
07-26 20:08:49.016  1537  1562 V UsbDeviceManager: onKeyguardStateChanged: isShowing:true secure:true user:0
07-26 20:08:49.330  1537  2494 I StatusBarManagerService: disableLocked, what:1200000, pkg:com.android.systemui userId: 0 token:android.os.BinderProxy@ea950c1 net1:1200000 net2:0
07-26 20:08:49.343 22636 22636 V KeyguardStatusView: refresh statusview showing:true
07-26 20:08:49.417  1537  2494 V WindowManager: Changing focus from null to Window{fec9297 u0 StatusBar}
07-26 20:08:49.583  1537  1664 D AlarmManager: NumDelayedAlarms:1947   NextNonWakeupDeliveryTime:149184817/149004817
07-26 20:08:49.588  1537  2115 V AlarmManager: set(null) : type=3 when=149064821whenElapsed149064821maxWhen =149064821 win=0 interval=0 flags=0x9 pkg = android
07-26 20:08:49.657 22636 22636 D ColorViewRootUtil: initSwipState, isDisplayCompatApp false
07-26 20:08:49.658 22636 22636 D ColorViewRootUtil: updateScreenSize, mScreenHeight 1600,mScreenWidth:720,height:1600,width:720
07-26 20:08:50.539  1537  1537 D OppoNwPowerStateManager: Received broadcast:oppo.intent.action.INTENT_NW_POWER_BOOT_MONITOR
07-26 20:08:50.540  1537  1794 E OppoNwPowerStateManager: SendToKernel failed, mNlSock=null.
07-26 20:08:53.973  1537  1592 D OppoPowerManagerHelper: handleMessage:10
07-26 20:08:55.009  1537  1537 D TorchManagerService: temperature: 300, bTorchMode: false, switchOn: true, threshold: 460, showing: false, mbIsSafetyTemperatureScene: false
07-26 20:08:56.040  1537  2494 W ProcessStats: Tracking association SourceState{5654425 com.google.android.gms/10155 Top #359811} whose proc state 1 is better than process ProcessState{7f79fa com.google.android.gms.persistent/10155 pkg=com.google.android.gms} proc state 2 (158 skipped)
07-26 20:08:58.587  1537  1576 D OppoThermalStats: reset mHaveCaptured:false
07-26 20:09:00.000  1537  1664 D AlarmManager: NumDelayedAlarms:1948   NextNonWakeupDeliveryTime:149184817/149015233
07-26 20:09:00.897  1537  1537 D TorchManagerService: temperature: 300, bTorchMode: false, switchOn: true, threshold: 460, showing: false, mbIsSafetyTemperatureScene: false
07-26 20:09:06.336  1537  1565 W Watchdog: **Get SF Time **0
07-26 20:09:07.040  1537  1537 D TorchManagerService: temperature: 300, bTorchMode: false, switchOn: true, threshold: 460, showing: false, mbIsSafetyTemperatureScene: false
07-26 20:09:12.923  1537  1537 D TorchManagerService: temperature: 300, bTorchMode: false, switchOn: true, threshold: 460, showing: false, mbIsSafetyTemperatureScene: false
07-26 20:09:18.276 23542  5200 D TextClassifierService: No configured system TextClassifierService
07-26 20:09:18.361 23542  5200 D TextClassifierService: No configured system TextClassifierService
07-26 20:09:18.431  1537  2494 D AppOps  : checkOperation: uid reject #1 for code 87 uid 10083 package com.android.systemui
07-26 20:09:18.810  1537  1537 D TorchManagerService: temperature: 300, bTorchMode: false, switchOn: true, threshold: 460, showing: false, mbIsSafetyTemperatureScene: false
07-26 20:09:19.254  3026  7642 W ContextImpl: Calling a method in the system process without a qualified user: android.app.ContextImpl.startService:1609 android.content.ContextWrapper.startService:680 oppo.util.OppoStatistics.startDcsService:429 oppo.util.OppoStatistics.access$100:40 oppo.util.OppoStatistics$1.run:186 
07-26 20:09:24.955  1537  1537 D TorchManagerService: temperature: 300, bTorchMode: false, switchOn: true, threshold: 460, showing: false, mbIsSafetyTemperatureScene: false
07-26 20:09:30.843  1537  1537 D TorchManagerService: temperature: 300, bTorchMode: false, switchOn: true, threshold: 460, showing: false, mbIsSafetyTemperatureScene: false
07-26 20:09:36.337  1537  1565 W Watchdog: **Get SF Time **0
07-26 20:09:36.990  1537  1537 D TorchManagerService: temperature: 300, bTorchMode: false, switchOn: true, threshold: 460, showing: false, mbIsSafetyTemperatureScene: false
07-26 20:09:40.882  1537  2494 W ActivityManager: Background start not allowed: service Intent { cmp=com.google.android.apps.messaging/.shared.datamodel.action.execution.ActionExecutorImpl$EmptyService } to com.google.android.apps.messaging/.shared.datamodel.action.execution.ActionExecutorImpl$EmptyService from pid=30522 uid=10177 pkg=com.google.android.apps.messaging startFg?=false
07-26 20:09:42.883  1537  1537 D TorchManagerService: temperature: 300, bTorchMode: false, switchOn: true, threshold: 460, showing: false, mbIsSafetyTemperatureScene: false
07-26 20:09:49.019  1537  1537 D TorchManagerService: temperature: 300, bTorchMode: false, switchOn: true, threshold: 460, showing: false, mbIsSafetyTemperatureScene: false
07-26 20:09:49.588  1537  1664 D AlarmManager: NumDelayedAlarms:1949   NextNonWakeupDeliveryTime:149184817/149064821
07-26 20:09:49.646  1537  2115 V AlarmManager: set(null) : type=3 when=149124880whenElapsed149124880maxWhen =149124880 win=0 interval=0 flags=0x9 pkg = android
07-26 20:09:54.913  1537  1537 D TorchManagerService: temperature: 300, bTorchMode: false, switchOn: true, threshold: 460, showing: false, mbIsSafetyTemperatureScene: false
07-26 20:09:54.923  1537  1537 D TorchManagerService: temperature: 300, bTorchMode: false, switchOn: true, threshold: 460, showing: false, mbIsSafetyTemperatureScene: false
07-26 20:09:55.802  1537  1678 D OplusScreenOffTorchHelper: handle with turnOffFlashlight,flashlight is not enable.need not turn off
07-26 20:09:55.827  1537  1681 I PowerManagerService: Waking up from Asleep (uid=1000, reason=WAKE_REASON_POWER_BUTTON, details=android.policy:POWER)...
07-26 20:09:55.828  1537  1750 D OppoPhoneWindowManager: onWakeUp for:android.policy:POWER
07-26 20:09:55.829  1537  1537 W UsageStatsService: Event reported without a package name, eventType:15
07-26 20:09:55.832  1537  1592 D OppoDisplayPowerControlBrightnessHelper: setLightSensorAlwaysOn = true
07-26 20:09:55.837  1537  1562 I DisplayManagerService: Display device changed state: "Built-in Screen", ON
07-26 20:09:55.837  1537  1592 I DisplayPowerController: Blocking screen on until initial contents have been drawn.
07-26 20:09:55.838  1537  1592 D OppoDisplayPowerControlBrightnessHelper: setLightSensorAlwaysOn = false
07-26 20:09:55.842  2189  2189 D OppoDragWindowPolicy: ----DisplayChanged----
07-26 20:09:55.855  1537  1560 D ColorZoomWindowManagerService: current size = 720 x 1600
07-26 20:09:55.858  1537  1750 V FaceService.Main: starting client AuthenticationClientImpl(com.android.systemui) cookie: 0/0
07-26 20:09:55.859  1537  1592 V DisplayPowerController: Brightness [1594] reason changing to: 'manual', previous reason: 'screen_off'.
07-26 20:09:55.860  1537  1592 D OppoDisplayPowerControlBrightnessHelper: Atlas report manual data:EventID,608,mManualBacklightTotalTime,352,mManualMaxBacklightTotalTime,0,mManualTotalTimeLargeLux_10000,0,mManualTotalTimeLargeLux_20000,0,mManualTotalTimeLargeLux_30000,0,mManualTotalTimeLargeLux_40000,0,mManualTotalTimeLargeLux_60000,0
07-26 20:09:55.871  1537  1750 W FaceService.Main: client com.android.systemui is authenticating...
07-26 20:09:55.871  3026  7642 W ContextImpl: Calling a method in the system process without a qualified user: android.app.ContextImpl.startService:1609 android.content.ContextWrapper.startService:680 oppo.util.OppoStatistics.startDcsService:429 oppo.util.OppoStatistics.access$100:40 oppo.util.OppoStatistics$1.run:186 
07-26 20:09:55.889  1537  1537 W ContextImpl: Calling a method in the system process without a qualified user: android.app.ContextImpl.sendBroadcast:1073 com.android.server.am.ColorAbnormalAppManager.handleCountRestrictedList:635 com.android.server.am.ColorAbnormalAppManager.updateScreenStatus:593 com.android.server.coloros.OppoSysStateManager$LocalService.onWakefulnessChanged:321 com.android.server.power.Notifier$1.run:468 
07-26 20:09:55.889  1537  1592 D OppoDisplayPowerControlBrightnessHelper: handleMessage:103
07-26 20:09:55.898  1537  1537 D OppoNwPowerStateManager: Received broadcast:oppo.intent.action.INTENT_NW_POWER_STOP_MONITOR
07-26 20:09:55.898  1537  1794 E OppoNwPowerStateManager: SendToKernel failed, mNlSock=null.
07-26 20:09:55.901  1537  1537 V AlarmManager: set(null) : type=3 when=149075233whenElapsed149076134maxWhen =149076134 win=0 interval=0 flags=0x1 pkg = android
07-26 20:09:55.902  1537  2115 V AlarmManager: set(null) : type=3 when=149131134whenElapsed149131134maxWhen =149131134 win=0 interval=0 flags=0x9 pkg = android
07-26 20:09:55.902  1537  2115 V AlarmManager: set(null) : type=3 when=149131135whenElapsed149131135maxWhen =149131135 win=0 interval=0 flags=0x9 pkg = android
07-26 20:09:55.902  1537  1802 D CommonDcsUploader: notifyMsgToCommonDcs, logTag: 2012002ConnectCamera
07-26 20:09:55.904  1537  1817 W ContextImpl: Calling a method in the system process without a qualified user: android.app.ContextImpl.startService:1609 oppo.util.OppoStatistics.startDcsService:429 oppo.util.OppoStatistics.access$100:40 oppo.util.OppoStatistics$1.run:186 java.util.concurrent.ThreadPoolExecutor.runWorker:1167 
07-26 20:09:55.907  1537  1537 D TorchManagerService: temperature: 300, bTorchMode: false, switchOn: true, threshold: 460, showing: false, mbIsSafetyTemperatureScene: false
07-26 20:09:55.915  1537  1550 D CameraService_proxy: notifyHypnus camera status open
07-26 20:09:55.923 22636 22636 D ColorViewRootUtil: initSwipState, isDisplayCompatApp false
07-26 20:09:55.923 22636 22636 D ColorViewRootUtil: updateScreenSize, mScreenHeight 1600,mScreenWidth:720,height:1600,width:720
07-26 20:09:55.937  1537  1681 I HwShutdownRecord: RecoverSqlFunc running start, setprop false
07-26 20:09:55.953  1537  1676 D WindowOrientationListener: WindowOrientationListener enabled clearCurrentRotation=true
07-26 20:09:55.957  1537  1676 D DisplayPowerController: ScreenOnUnblocker, onScreenOn blockedByFace=false state=1
07-26 20:09:55.992  1537  1716 V AlarmManager: set(null) : type=2 when=149101226whenElapsed149101226maxWhen =149123726 win=22500 interval=0 flags=0x8 pkg = android
07-26 20:09:55.993  1537  1716 V AlarmManager: set(null) : type=2 when=149086226whenElapsed149086226maxWhen =149097476 win=11250 interval=0 flags=0x8 pkg = android
07-26 20:09:56.003  1537  1537 D LMServiceThreadHandler: onScreenStatusChange:true
07-26 20:09:56.004  1537  1770 D ChattyManagerService: update screen state, current=true
07-26 20:09:56.006  1537  1537 D OppoPowerMonitor: Receive broadcast android.intent.action.SCREEN_ON
07-26 20:09:56.065  1537  1592 I DisplayPowerController: Unblocked screen on after 228 ms
07-26 20:09:56.071  1537  1592 W PowerManagerService: Screen on took 334 ms
07-26 20:09:56.076  1537  1793 I OppoLightsService: SurfaceFlinger transaction exception 
07-26 20:09:56.109  1537  1817 W ContextImpl: Calling a method in the system process without a qualified user: android.app.ContextImpl.startService:1609 android.content.ContextWrapper.startService:680 oppo.util.OppoStatistics.startDcsService:429 oppo.util.OppoStatistics.access$100:40 oppo.util.OppoStatistics$1.run:186 
07-26 20:09:56.223  8544  8616 W ContextImpl: Calling a method in the system process without a qualified user: android.app.ContextImpl.startService:1609 android.content.ContextWrapper.startService:680 com.oppo.statistics.record.RecordHandler.startDcsService:210 com.oppo.statistics.record.RecordHandler.addTask:137 com.oppo.statistics.agent.CommonAgent.recordCommon:23 
07-26 20:09:56.673  1537  1755 D OppoPhoneWindowManager: onWakeUp for:setOpaqueWhileFailToUnlock
07-26 20:09:56.935 22636 22636 D ColorViewRootUtil: nav gesture mode swipeFromBottom ignore false downX 510 downY 1307 mScreenHeight 1600 mScreenWidth 720 mStatusBarHeight 36 globalScale 1.125 nav mode 3 event MotionEvent { action=ACTION_DOWN, actionButton=0, id[0]=0, x[0]=510.0, y[0]=1307.0, toolType[0]=TOOL_TYPE_FINGER, buttonState=0, classification=NONE, metaState=0, flags=0x0, edgeFlags=0x0, pointerCount=1, historySize=0, eventTime=120446926, downTime=120446926, deviceId=2, source=0x1002, displayId=0 } rotation 0
07-26 20:09:57.228  1537  1560 V WindowOrientationListener: onSensorChanged mDesiredRotation = 5
07-26 20:09:58.079 22636 22636 D ColorViewRootUtil: nav gesture mode swipeFromBottom ignore false downX 176 downY 996 mScreenHeight 1600 mScreenWidth 720 mStatusBarHeight 36 globalScale 1.125 nav mode 3 event MotionEvent { action=ACTION_DOWN, actionButton=0, id[0]=0, x[0]=176.0, y[0]=996.0, toolType[0]=TOOL_TYPE_FINGER, buttonState=0, classification=NONE, metaState=0, flags=0x0, edgeFlags=0x0, pointerCount=1, historySize=0, eventTime=120448076, downTime=120448076, deviceId=2, source=0x1002, displayId=0 } rotation 0
07-26 20:09:58.206  1537  1751 W FaceService.Main: client com.android.systemui is no longer authenticating
07-26 20:09:58.206  1537  1751 D OppoPhoneWindowManager: onWakeUp for:setOpaqueWhileFailToUnlock
07-26 20:09:58.209  1537  1751 V BiometricStats: Error! Modality: 4, User: 0, IsCrypto: false, Action: 2, Client: 1, Error: 5, VendorCode: 0
07-26 20:09:58.211  1537  1750 V FaceService.Main: Done with client: com.android.systemui
07-26 20:09:58.294  1537  3652 D CameraService_proxy: notifyHypnus camera status close
07-26 20:09:58.357  1537  1802 D CommonDcsUploader: notifyMsgToCommonDcs, logTag: 2012002ConnectCamera
07-26 20:09:58.357  1537  1817 W ContextImpl: Calling a method in the system process without a qualified user: android.app.ContextImpl.startService:1609 oppo.util.OppoStatistics.startDcsService:429 oppo.util.OppoStatistics.access$100:40 oppo.util.OppoStatistics$1.run:186 java.util.concurrent.ThreadPoolExecutor.runWorker:1167 
07-26 20:09:58.363  1537  1817 W ContextImpl: Calling a method in the system process without a qualified user: android.app.ContextImpl.startService:1609 android.content.ContextWrapper.startService:680 oppo.util.OppoStatistics.startDcsService:429 oppo.util.OppoStatistics.access$100:40 oppo.util.OppoStatistics$1.run:186 
07-26 20:09:58.412 22636 22636 D ColorViewRootUtil: nav gesture mode swipeFromBottom ignore false downX 393 downY 1166 mScreenHeight 1600 mScreenWidth 720 mStatusBarHeight 36 globalScale 1.125 nav mode 3 event MotionEvent { action=ACTION_DOWN, actionButton=0, id[0]=0, x[0]=393.0, y[0]=1166.0, toolType[0]=TOOL_TYPE_FINGER, buttonState=0, classification=NONE, metaState=0, flags=0x0, edgeFlags=0x0, pointerCount=1, historySize=0, eventTime=120448410, downTime=120448410, deviceId=2, source=0x1002, displayId=0 } rotation 0
07-26 20:09:58.645 22636 22636 D ColorViewRootUtil: nav gesture mode swipeFromBottom ignore false downX 548 downY 1339 mScreenHeight 1600 mScreenWidth 720 mStatusBarHeight 36 globalScale 1.125 nav mode 3 event MotionEvent { action=ACTION_DOWN, actionButton=0, id[0]=0, x[0]=548.0, y[0]=1339.0, toolType[0]=TOOL_TYPE_FINGER, buttonState=0, classification=NONE, metaState=0, flags=0x0, edgeFlags=0x0, pointerCount=1, historySize=0, eventTime=120448643, downTime=120448643, deviceId=2, source=0x1002, displayId=0 } rotation 0
07-26 20:09:58.995 22636 22636 D ColorViewRootUtil: nav gesture mode swipeFromBottom ignore false downX 530 downY 1006 mScreenHeight 1600 mScreenWidth 720 mStatusBarHeight 36 globalScale 1.125 nav mode 3 event MotionEvent { action=ACTION_DOWN, actionButton=0, id[0]=0, x[0]=530.0, y[0]=1006.0, toolType[0]=TOOL_TYPE_FINGER, buttonState=0, classification=NONE, metaState=0, flags=0x0, edgeFlags=0x0, pointerCount=1, historySize=0, eventTime=120448993, downTime=120448993, deviceId=2, source=0x1002, displayId=0 } rotation 0
07-26 20:09:59.263 22636 22636 D ColorViewRootUtil: nav gesture mode swipeFromBottom ignore false downX 386 downY 1120 mScreenHeight 1600 mScreenWidth 720 mStatusBarHeight 36 globalScale 1.125 nav mode 3 event MotionEvent { action=ACTION_DOWN, actionButton=0, id[0]=0, x[0]=386.0, y[0]=1120.0, toolType[0]=TOOL_TYPE_FINGER, buttonState=0, classification=NONE, metaState=0, flags=0x0, edgeFlags=0x0, pointerCount=1, historySize=0, eventTime=120449260, downTime=120449260, deviceId=2, source=0x1002, displayId=0 } rotation 0
07-26 20:09:59.529 22636 22636 D ColorViewRootUtil: nav gesture mode swipeFromBottom ignore false downX 147 downY 1287 mScreenHeight 1600 mScreenWidth 720 mStatusBarHeight 36 globalScale 1.125 nav mode 3 event MotionEvent { action=ACTION_DOWN, actionButton=0, id[0]=0, x[0]=147.0, y[0]=1287.0, toolType[0]=TOOL_TYPE_FINGER, buttonState=0, classification=NONE, metaState=0, flags=0x0, edgeFlags=0x0, pointerCount=1, historySize=0, eventTime=120449526, downTime=120449526, deviceId=2, source=0x1002, displayId=0 } rotation 0
07-26 20:10:00.000  1537  1664 V AlarmManager: set(null) : type=3 when=149075234whenElapsed149080233maxWhen =149080233 win=0 interval=0 flags=0x1 pkg = android
07-26 20:10:00.881 22636 22636 D ColorViewRootUtil: nav gesture mode swipeFromBottom ignore false downX 650 downY 1537 mScreenHeight 1600 mScreenWidth 720 mStatusBarHeight 36 globalScale 1.125 nav mode 3 event MotionEvent { action=ACTION_DOWN, actionButton=0, id[0]=0, x[0]=650.0, y[0]=1537.0, toolType[0]=TOOL_TYPE_FINGER, buttonState=0, classification=NONE, metaState=0, flags=0x0, edgeFlags=0x0, pointerCount=1, historySize=0, eventTime=120450877, downTime=120450877, deviceId=2, source=0x1002, displayId=0 } rotation 0
07-26 20:10:01.015 22636 22636 D ColorViewRootUtil: nav gesture mode swipeFromBottom ignore false downX 635 downY 1550 mScreenHeight 1600 mScreenWidth 720 mStatusBarHeight 36 globalScale 1.125 nav mode 3 event MotionEvent { action=ACTION_DOWN, actionButton=0, id[0]=0, x[0]=635.0, y[0]=1550.0, toolType[0]=TOOL_TYPE_FINGER, buttonState=0, classification=NONE, metaState=0, flags=0x0, edgeFlags=0x0, pointerCount=1, historySize=0, eventTime=120451010, downTime=120451010, deviceId=2, source=0x1002, displayId=0 } rotation 0
07-26 20:10:01.063  1537  1537 D TorchManagerService: temperature: 300, bTorchMode: false, switchOn: true, threshold: 460, showing: false, mbIsSafetyTemperatureScene: false
07-26 20:10:01.181 22636 22636 D ColorViewRootUtil: nav gesture mode swipeFromBottom ignore false downX 618 downY 1538 mScreenHeight 1600 mScreenWidth 720 mStatusBarHeight 36 globalScale 1.125 nav mode 3 event MotionEvent { action=ACTION_DOWN, actionButton=0, id[0]=0, x[0]=618.0, y[0]=1538.0, toolType[0]=TOOL_TYPE_FINGER, buttonState=0, classification=NONE, metaState=0, flags=0x0, edgeFlags=0x0, pointerCount=1, historySize=0, eventTime=120451177, downTime=120451177, deviceId=2, source=0x1002, displayId=0 } rotation 0
07-26 20:10:01.498 22636 22636 D ColorViewRootUtil: nav gesture mode swipeFromBottom ignore false downX 608 downY 1526 mScreenHeight 1600 mScreenWidth 720 mStatusBarHeight 36 globalScale 1.125 nav mode 3 event MotionEvent { action=ACTION_DOWN, actionButton=0, id[0]=0, x[0]=608.0, y[0]=1526.0, toolType[0]=TOOL_TYPE_FINGER, buttonState=0, classification=NONE, metaState=0, flags=0x0, edgeFlags=0x0, pointerCount=1, historySize=0, eventTime=120451494, downTime=120451494, deviceId=2, source=0x1002, displayId=0 } rotation 0
07-26 20:10:01.636 22636 22636 D ColorViewRootUtil: nav gesture mode swipeFromBottom ignore false downX 608 downY 1527 mScreenHeight 1600 mScreenWidth 720 mStatusBarHeight 36 globalScale 1.125 nav mode 3 event MotionEvent { action=ACTION_DOWN, actionButton=0, id[0]=0, x[0]=608.0, y[0]=1527.0, toolType[0]=TOOL_TYPE_FINGER, buttonState=0, classification=NONE, metaState=0, flags=0x0, edgeFlags=0x0, pointerCount=1, historySize=0, eventTime=120451627, downTime=120451627, deviceId=2, source=0x1002, displayId=0 } rotation 0
07-26 20:10:02.247 22636 22636 D ColorViewRootUtil: nav gesture mode swipeFromBottom ignore false downX 421 downY 1260 mScreenHeight 1600 mScreenWidth 720 mStatusBarHeight 36 globalScale 1.125 nav mode 3 event MotionEvent { action=ACTION_DOWN, actionButton=0, id[0]=0, x[0]=421.0, y[0]=1260.0, toolType[0]=TOOL_TYPE_FINGER, buttonState=0, classification=NONE, metaState=0, flags=0x0, edgeFlags=0x0, pointerCount=1, historySize=0, eventTime=120452243, downTime=120452243, deviceId=2, source=0x1002, displayId=0 } rotation 0
07-26 20:10:02.621  1537  1750 V FaceService.Main: starting client AuthenticationClientImpl(com.android.systemui) cookie: 0/0
07-26 20:10:02.626  1537  1750 W FaceService.Main: client com.android.systemui is authenticating...
07-26 20:10:02.632  1537  1802 D CommonDcsUploader: notifyMsgToCommonDcs, logTag: 2012002ConnectCamera
07-26 20:10:02.632  1537  1817 W ContextImpl: Calling a method in the system process without a qualified user: android.app.ContextImpl.startService:1609 oppo.util.OppoStatistics.startDcsService:429 oppo.util.OppoStatistics.access$100:40 oppo.util.OppoStatistics$1.run:186 java.util.concurrent.ThreadPoolExecutor.runWorker:1167 
07-26 20:10:02.634  1537  4592 D CameraService_proxy: notifyHypnus camera status open
07-26 20:10:02.647  1537  1817 W ContextImpl: Calling a method in the system process without a qualified user: android.app.ContextImpl.startService:1609 android.content.ContextWrapper.startService:680 oppo.util.OppoStatistics.startDcsService:429 oppo.util.OppoStatistics.access$100:40 oppo.util.OppoStatistics$1.run:186 
07-26 20:10:02.841  1537  1817 W ContextImpl: Calling a method in the system process without a qualified user: android.app.ContextImpl.startService:1609 android.content.ContextWrapper.startService:680 oppo.util.OppoStatistics.startDcsService:429 oppo.util.OppoStatistics.access$100:40 oppo.util.OppoStatistics$1.run:186 
07-26 20:10:02.866  1537  7677 D OppoPhoneWindowManager: onWakeUp for:setOpaqueWhileFailToUnlock
07-26 20:10:03.079 22636 22636 D ColorViewRootUtil: nav gesture mode swipeFromBottom ignore false downX 168 downY 984 mScreenHeight 1600 mScreenWidth 720 mStatusBarHeight 36 globalScale 1.125 nav mode 3 event MotionEvent { action=ACTION_DOWN, actionButton=0, id[0]=0, x[0]=168.0, y[0]=984.0, toolType[0]=TOOL_TYPE_FINGER, buttonState=0, classification=NONE, metaState=0, flags=0x0, edgeFlags=0x0, pointerCount=1, historySize=0, eventTime=120453077, downTime=120453077, deviceId=2, source=0x1002, displayId=0 } rotation 0
07-26 20:10:03.204  1537  1751 W FaceService.Main: client com.android.systemui is no longer authenticating
07-26 20:10:03.204  1537  1751 D OppoPhoneWindowManager: onWakeUp for:setOpaqueWhileFailToUnlock
07-26 20:10:03.204  1537  1751 V BiometricStats: Error! Modality: 4, User: 0, IsCrypto: false, Action: 2, Client: 1, Error: 5, VendorCode: 0
07-26 20:10:03.205  1537  1750 V FaceService.Main: Done with client: com.android.systemui
07-26 20:10:03.308  1537  4592 D CameraService_proxy: notifyHypnus camera status close
07-26 20:10:03.390  1537  7677 D CommonDcsUploader: notifyMsgToCommonDcs, logTag: 2012002ConnectCamera
07-26 20:10:03.390  1537  1817 W ContextImpl: Calling a method in the system process without a qualified user: android.app.ContextImpl.startService:1609 oppo.util.OppoStatistics.startDcsService:429 oppo.util.OppoStatistics.access$100:40 oppo.util.OppoStatistics$1.run:186 java.util.concurrent.ThreadPoolExecutor.runWorker:1167 
07-26 20:10:03.397  1537  1817 W ContextImpl: Calling a method in the system process without a qualified user: android.app.ContextImpl.startService:1609 android.content.ContextWrapper.startService:680 oppo.util.OppoStatistics.startDcsService:429 oppo.util.OppoStatistics.access$100:40 oppo.util.OppoStatistics$1.run:186 
07-26 20:10:03.463 22636 22636 D ColorViewRootUtil: nav gesture mode swipeFromBottom ignore false downX 376 downY 1129 mScreenHeight 1600 mScreenWidth 720 mStatusBarHeight 36 globalScale 1.125 nav mode 3 event MotionEvent { action=ACTION_DOWN, actionButton=0, id[0]=0, x[0]=376.0, y[0]=1129.0, toolType[0]=TOOL_TYPE_FINGER, buttonState=0, classification=NONE, metaState=0, flags=0x0, edgeFlags=0x0, pointerCount=1, historySize=0, eventTime=120453460, downTime=120453460, deviceId=2, source=0x1002, displayId=0 } rotation 0
07-26 20:10:03.929 22636 22636 D ColorViewRootUtil: nav gesture mode swipeFromBottom ignore false downX 559 downY 1277 mScreenHeight 1600 mScreenWidth 720 mStatusBarHeight 36 globalScale 1.125 nav mode 3 event MotionEvent { action=ACTION_DOWN, actionButton=0, id[0]=0, x[0]=559.0, y[0]=1277.0, toolType[0]=TOOL_TYPE_FINGER, buttonState=0, classification=NONE, metaState=0, flags=0x0, edgeFlags=0x0, pointerCount=1, historySize=0, eventTime=120453927, downTime=120453927, deviceId=2, source=0x1002, displayId=0 } rotation 0
07-26 20:10:04.530 22636 22636 D ColorViewRootUtil: nav gesture mode swipeFromBottom ignore false downX 555 downY 987 mScreenHeight 1600 mScreenWidth 720 mStatusBarHeight 36 globalScale 1.125 nav mode 3 event MotionEvent { action=ACTION_DOWN, actionButton=0, id[0]=0, x[0]=555.0, y[0]=987.0, toolType[0]=TOOL_TYPE_FINGER, buttonState=0, classification=NONE, metaState=0, flags=0x0, edgeFlags=0x0, pointerCount=1, historySize=0, eventTime=120454527, downTime=120454527, deviceId=2, source=0x1002, displayId=0 } rotation 0
07-26 20:10:05.000  1537  1664 V AlarmManager: set(null) : type=3 when=149135233whenElapsed149135233maxWhen =149135233 win=0 interval=0 flags=0x1 pkg = android
07-26 20:10:05.030 22636 22636 D ColorViewRootUtil: nav gesture mode swipeFromBottom ignore false downX 405 downY 1119 mScreenHeight 1600 mScreenWidth 720 mStatusBarHeight 36 globalScale 1.125 nav mode 3 event MotionEvent { action=ACTION_DOWN, actionButton=0, id[0]=0, x[0]=405.0, y[0]=1119.0, toolType[0]=TOOL_TYPE_FINGER, buttonState=0, classification=NONE, metaState=0, flags=0x0, edgeFlags=0x0, pointerCount=1, historySize=0, eventTime=120455027, downTime=120455027, deviceId=2, source=0x1002, displayId=0 } rotation 0
07-26 20:10:05.598 22636 22636 D ColorViewRootUtil: nav gesture mode swipeFromBottom ignore false downX 168 downY 1264 mScreenHeight 1600 mScreenWidth 720 mStatusBarHeight 36 globalScale 1.125 nav mode 3 event MotionEvent { action=ACTION_DOWN, actionButton=0, id[0]=0, x[0]=168.0, y[0]=1264.0, toolType[0]=TOOL_TYPE_FINGER, buttonState=0, classification=NONE, metaState=0, flags=0x0, edgeFlags=0x0, pointerCount=1, historySize=0, eventTime=120455594, downTime=120455594, deviceId=2, source=0x1002, displayId=0 } rotation 0
07-26 20:10:05.702 22636 22636 D checkPassword: executeOnExecutor.ThreadFactory
07-26 20:10:05.786  1537  4603 D OppoLockSettingsServiceUtils: isBootFromOTA::resultStr = , result = false
07-26 20:10:05.855  1537  4603 I LockSettingsService: Resetting lockout, length: 69
07-26 20:10:05.855  1537  4603 W BiometricManager: resetLockout, packageName = android
07-26 20:10:05.856  1537  3657 D DEBUG_VISIBILITY: mOccluded:false lastOccluded:false
07-26 20:10:05.858  1537  1537 V FingerprintService: Stopping client com.android.systemui, fromClient: true
07-26 20:10:05.858  1537  4603 I LockSettingsService: Unlocking user 0 with secret only, length 64
07-26 20:10:05.859  1537  1537 W FingerprintService: client com.android.systemui is no longer authenticating
07-26 20:10:05.859  1537  1537 V BiometricStats: Error! Modality: 1, User: 0, IsCrypto: false, Action: 2, Client: 1, Error: 5, VendorCode: 0
07-26 20:10:05.859  1537  1537 V FingerprintService: Done with client: com.android.systemui
07-26 20:10:05.859  1537  4603 D OppoLockSettingsServiceUtils: isBootFromOTA::resultStr = , result = false
07-26 20:10:05.860  1537  4603 I LockSettingsService: Disabling escrow token on user 0
07-26 20:10:05.862  1537  4603 I LockSettingsService: Caching SP for user 0
07-26 20:10:05.862  1537  4603 I LockSettingsService: doVerifyCredential response.getResponseCode()= 0 timeout:0
07-26 20:10:05.864  1537  1537 V AlarmManager: set(null) : type=3 when=408281095whenElapsed408281095maxWhen =602681093 win=194399998 interval=0 flags=0x8 pkg = android
07-26 20:10:05.865  1537  1537 I LockSettingsService: Removing SP from cache for user 0
07-26 20:10:06.049 22636 22636 W BiometricManager: resetLockout, packageName = com.android.systemui
07-26 20:10:06.053  1537  4592 D ActivityTaskManager: Top Process State changed to PROCESS_STATE_TOP
07-26 20:10:06.056  1537  4592 I ColorAccessController: enter isIgnoreAppSwitchActivity
07-26 20:10:06.056  1537  4592 I ColorAccessController: enter isIgnoreAppSwitchActivity and intent != null
07-26 20:10:06.056  1537  4592 I ColorAccessController: enter isIgnoreAppSwitchActivity and componentName != null
07-26 20:10:06.056  1537  4592 I ColorAccessController: enter isIgnoreAppSwitchActivity and packageName&activity is not Empty
07-26 20:10:06.061  1537  4592 D DEBUG_VISIBILITY: mOccluded:false lastOccluded:false
07-26 20:10:06.063  1537  4592 I chatty  : uid=1000(system) Binder:1537_18 identical 2 lines
07-26 20:10:06.068  1537  4592 D DEBUG_VISIBILITY: mOccluded:false lastOccluded:false
07-26 20:10:06.081  1537  1563 I WindowManager: Relayout Window{8328074 u0 SnapshotStartingWindow for taskId=4246}: oldVis=8 newVis=0 focusMayChange = true
07-26 20:10:06.107  1537  2494 D DEBUG_VISIBILITY: mOccluded:false lastOccluded:false
07-26 20:10:06.113  1537  3652 I StatusBarManagerService: disableLocked, what:0, pkg:com.android.systemui userId: 0 token:android.os.BinderProxy@ea950c1 net1:0 net2:0
07-26 20:10:06.116  1537  1562 W UsageStatsService: Event reported without a package name, eventType:18
07-26 20:10:06.117  1537  1562 V UsbDeviceManager: onKeyguardStateChanged: isShowing:false secure:true user:0
07-26 20:10:06.121  1537  4602 I WindowManager: Relayout Window{e5ed656 u0 com.coloros.filemanager/com.coloros.filemanager.view.browser.FileBrowserActivity}: oldVis=4 newVis=0 focusMayChange = true
07-26 20:10:06.185  1537  2494 D DEBUG_VISIBILITY: mOccluded:false lastOccluded:false
07-26 20:10:06.259  1537  3658 V WindowManager: Changing focus from Window{fec9297 u0 StatusBar} to Window{e5ed656 u0 com.coloros.filemanager/com.coloros.filemanager.view.browser.FileBrowserActivity}
07-26 20:10:06.260  1537  1581 W BroadcastQueue: Background execution not allowed: receiving Intent { act=android.intent.action.USER_PRESENT flg=0x24280010 } to com.fampay.in/dev.skomlach.biometric.compat.utils.DeviceUnlockedReceiver
07-26 20:10:06.263  1537  1581 W BroadcastQueue: Background execution not allowed: receiving Intent { act=android.intent.action.USER_PRESENT flg=0x24280010 } to com.android.chrome/org.chromium.chrome.browser.sharing.click_to_call.ClickToCallMessageHandler$PhoneUnlockedReceiver
07-26 20:10:06.269  1537  1563 I ColorAppSwitchManagerService:  handleAppVisible , r = ActivityRecord{4571e46 u0 com.coloros.filemanager/.view.browser.FileBrowserActivity t4246}
07-26 20:10:06.269  1537  1563 V ColorZoomWindowManagerService: onAnimationFinished:  r=ActivityRecord{4571e46 u0 com.coloros.filemanager/.view.browser.FileBrowserActivity t4246}
07-26 20:10:06.270  1537  2503 V WindowManager: adjustNotShowWallpaperByOppo: false
07-26 20:10:06.276  1537  2503 I chatty  : uid=1000(system) Binder:1537_D identical 2 lines
07-26 20:10:06.276  1537  2503 V WindowManager: adjustNotShowWallpaperByOppo: false
07-26 20:10:06.312  1537  1581 W BroadcastQueue: Background execution not allowed: receiving Intent { act=android.intent.action.USER_PRESENT flg=0x24280010 } to com.facebook.services/com.facebook.oxygen.services.fbns.RegisteredMqttSystemBroadcastReceiver
07-26 20:10:06.313  1537  1581 W BroadcastQueue: Background execution not allowed: receiving Intent { act=android.intent.action.USER_PRESENT flg=0x24280010 } to com.google.android.gms/.auth.setup.devicesignals.LockScreenReceiver
07-26 20:10:06.314  1537  1581 W BroadcastQueue: Background execution not allowed: receiving Intent { act=android.intent.action.USER_PRESENT flg=0x24280010 } to com.google.android.gms/.chimera.GmsIntentOperationService$PersistentTrustedReceiver
07-26 20:10:06.314  1537  1581 W BroadcastQueue: Background execution not allowed: receiving Intent { act=android.intent.action.USER_PRESENT flg=0x24280010 } to com.instagram.android/com.instagram.push.FbnsInitBroadcastReceiver
07-26 20:10:06.318  1537  3657 V AlarmManager: set(PendingIntent{e1dcc35: PendingIntentRecord{ce648ca com.google.android.gms startService}}) : type=3 when=315509081551whenElapsed315509081551maxWhen =552029081551 win=236520000000 interval=0 flags=0x8 pkg = com.google.android.gms
07-26 20:10:06.338  1537  1565 W Watchdog: **Get SF Time **0
07-26 20:10:06.340  1537  2264 V WindowManager: adjustNotShowWallpaperByOppo: false
07-26 20:10:06.351  1537  2153 V AlarmManager: set(PendingIntent{debf6b1: PendingIntentRecord{882796 com.google.android.gms startService}}) : type=3 when=315509081584whenElapsed315509081584maxWhen =552029081584 win=236520000000 interval=0 flags=0x8 pkg = com.google.android.gms
07-26 20:10:06.363 22636 22636 D ColorViewRootUtil: initSwipState, isDisplayCompatApp false
07-26 20:10:06.363 22636 22636 D ColorViewRootUtil: updateScreenSize, mScreenHeight 1600,mScreenWidth:720,height:1600,width:720
07-26 20:10:06.369  1537  3654 V AlarmManager: set(PendingIntent{c972722: PendingIntentRecord{9435b3 com.google.android.gms startService}}) : type=3 when=149096598whenElapsed149096598maxWhen =149107844 win=11246 interval=0 flags=0x0 pkg = com.google.android.gms
07-26 20:10:06.398  1537  1537 W Looper  : Slow dispatch took 151ms main h=android.app.ActivityThread$H c=android.app.-$$Lambda$LoadedApk$ReceiverDispatcher$Args$_BumDX2UKsnxLVrE6UJsJZkotuA@3127a0f m=0
07-26 20:10:06.948  1537  1537 D TorchManagerService: temperature: 300, bTorchMode: false, switchOn: true, threshold: 460, showing: false, mbIsSafetyTemperatureScene: false
