07-26 20:23:54.654  1110  1110 I VoLTE IMCB: {{{{[process_msg] msg_id=100034(0x000186C2), dst=IMCB[2], IMCB_IMC_HEADER_FILE_VERNO=74, MSG_ID_IMC_IN_BEGIN=100000, IMC_FEATURE_BITMAP=0x3 @0#187
07-26 20:23:54.654  1110  1110 I VoLTE IMCB: ENTER imcb_imc_rat_change_ind_handler()@0#5292
07-26 20:23:54.654  1110  1110 I VoLTE IMCB: from rat type = 3, to ua rat = 12 imcb_rat_conv_to_ua()@0#140
07-26 20:23:54.654  1110  1110 I VoLTE IMCB: from rat type = 3, to ua rat = 12 @0#140
07-26 20:23:54.654  1110  1110 I VoLTE IMCB: Pure Mesage Send dest=UA[3], msg_id=10013(0x0000271D), len=192, IMCB_IMC_HEADER_FILE_VERNO=74, MSG_ID_IMC_IN_BEGIN=100000, IMC_FEATURE_BITMAP=0x3 imcb_send_to_COMM()@0#248
07-26 20:23:54.654  1110  1110 I VoLTE IMCB: EndofMessage process_msg()@0#236}}}}
07-26 20:23:54.730  1239  1239 I MultiDex: Installing application
07-26 20:23:54.736  1239  1239 I MultiDex: VM with version 2.1.0 has multidex support
07-26 20:23:54.736  1239  1239 I MultiDex: VM has multidex support, MultiDex support library is disabled.
07-26 20:23:54.754  2061  2061 D OppoSubscriptionController: innerCTCCard vimsi-->
07-26 20:23:54.755  2061  2061 D OppoSubscriptionController: innerCTCCard iccid-1-->null
07-26 20:23:54.757  2061  2061 D OppoSubscriptionController: isCTCCard iccid-2-->null
07-26 20:23:54.757  2061  2061 D OppoSubscriptionController: innerCTCCard vimsi-->404950976044744
07-26 20:23:54.758  2061  2061 D OppoSubscriptionController: innerCTCCard iccid-1-->null
07-26 20:23:54.758  2061  2061 D OppoSubscriptionController: isCTCCard-->return->false
07-26 20:23:54.789  2061  2061 E m.android.phon: Invalid ID 0x00000000.
07-26 20:23:54.797 20792 20792 I A       : #provideGlance
07-26 20:23:54.826  2061  2061 D Entitlement-Op15ImsManagerExt: feature:2, phoneId:0
07-26 20:23:54.827  2061  2061 D Entitlement-Op15ImsManagerExt: in Op15fwkplugin, isEntitlementEnabled:true
07-26 20:23:54.828  2061  2061 D Entitlement-Op15ImsManagerExt: getSubIdUsingPhoneId:5, phoneId:0
07-26 20:23:54.829  2061  2061 D Entitlement-Op15ImsManagerExt: getSubIdUsingPhoneId:5, phoneId:0
07-26 20:23:54.830  2061  2061 D Entitlement-Op15ImsManagerExt: This operator is no need to check provision.
07-26 20:23:54.834 20792 20943 W ScopedContextStreamzMetrics: (REDACTED) Propagated context is missing. TrafficStatsTag: %s
07-26 20:23:54.852  1537  4592 I LocationAccessPolicy: com.android.systemui is aware of coarse but the app-ops permission is specifically denied.
07-26 20:23:54.859  1537  1537 D TorchManagerService: temperature: 300, bTorchMode: false, switchOn: true, threshold: 460, showing: false, mbIsSafetyTemperatureScene: false
07-26 20:23:54.869 27645 27645 W FileManager::BaseActivity: mChangedReceiver onReceive action = android.intent.action.BATTERY_CHANGED
07-26 20:23:54.869 27645 27645 W FileManager::BaseActivity: mChangedReceiver onReceive action = android.intent.action.BATTERY_CHANGED
07-26 20:23:54.870 22636 22920 E SubscriptionManagerWrapper: java.lang.NoSuchMethodException: android.telephony.SubscriptionManager.getActiveDataSubscriptionId []
07-26 20:23:54.877  2061  2061 D ServiceStateProvider: subId=5
07-26 20:23:54.879 22636 22920 E SubscriptionManagerWrapper: java.lang.NoSuchMethodException: android.telephony.SubscriptionManager.getActiveDataSubscriptionId []
07-26 20:23:54.887 29152 29152 D CBReceiver: onReceive Intent { act=android.intent.action.SERVICE_STATE flg=0x1000010 cmp=com.android.cellbroadcastreceiver/.CellBroadcastReceiver (has extras) }
07-26 20:23:54.888 29152 29152 I CBReceiverApp: isHasCellBroadcast: true
07-26 20:23:54.889 29152 29152 D CBReceiver: onReceiveWithPrivilege(), action: android.intent.action.SERVICE_STATE
07-26 20:23:54.890 29152 29152 D CBReceiver: onReceiveWithPrivilege: ACTION_SERVICE_STATE_CHANGED--> onReceive  newState = 0
07-26 20:23:54.890 29152 29152 D CBReceiver: onReceiveWithPrivilege, same state, return.
07-26 20:23:54.894   745  1733 D AudioPolicyService: UidPolicy::onUidStateChanged() UID=10056 procState=12
07-26 20:23:54.895  1537  3277 D WifiClientModeImpl: Adjust rssi from -64 to -59
07-26 20:23:54.895  1537  1631 D WifiClientModeImpl: Adjust rssi from -64 to -59
07-26 20:23:54.896  1537  3277 D WifiClientModeImpl: Adjust rssi from -64 to -59
07-26 20:23:54.896  1537  1631 D WifiClientModeImpl: Adjust rssi from -64 to -59
07-26 20:23:54.898 22636 31441 E SubscriptionManagerWrapper: java.lang.NoSuchMethodException: android.telephony.SubscriptionManager.getActiveDataSubscriptionId []
07-26 20:23:54.898 22636 22920 E SubscriptionManagerWrapper: java.lang.NoSuchMethodException: android.telephony.SubscriptionManager.getActiveDataSubscriptionId []
07-26 20:23:54.904   745  1733 D AudioPolicyService: UidPolicy::onUidStateChanged() UID=10056 procState=20
07-26 20:23:54.916 22636 31441 E SubscriptionManagerWrapper: java.lang.NoSuchMethodException: android.telephony.SubscriptionManager.getActiveDataSubscriptionId []
07-26 20:23:54.917 22636 22920 E SubscriptionManagerWrapper: java.lang.NoSuchMethodException: android.telephony.SubscriptionManager.getActiveDataSubscriptionId []
07-26 20:23:54.925 22636 22920 E SubscriptionManagerWrapper: java.lang.NoSuchMethodException: android.telephony.SubscriptionManager.getActiveDataSubscriptionId []
07-26 20:23:54.926 22636 31441 E SubscriptionManagerWrapper: java.lang.NoSuchMethodException: android.telephony.SubscriptionManager.getActiveDataSubscriptionId []
07-26 20:23:54.929 22636 22920 E SubscriptionManagerWrapper: java.lang.NoSuchMethodException: android.telephony.SubscriptionManager.getActiveDataSubscriptionId []
07-26 20:23:54.930 22636 31441 E SubscriptionManagerWrapper: java.lang.NoSuchMethodException: android.telephony.SubscriptionManager.getActiveDataSubscriptionId []
07-26 20:23:54.938 22636 22920 E SubscriptionManagerWrapper: java.lang.NoSuchMethodException: android.telephony.SubscriptionManager.getActiveDataSubscriptionId []
07-26 20:23:54.938 22636 31441 E SubscriptionManagerWrapper: java.lang.NoSuchMethodException: android.telephony.SubscriptionManager.getActiveDataSubscriptionId []
07-26 20:23:55.018  1239  1239 W .apps.messagin: Accessing hidden method Landroid/content/ContentProvider;->onCallingPackageChanged()V (blacklist, linking, denied)
07-26 20:23:55.105  1239  1239 I ddpk    : SslGuard completed installation.
07-26 20:23:55.127  1239  1239 I Bugle   : BugleApplicationBase: Bugle version: messages.android_20240416_00_rc03.phone_dynamic , Bugle version code: 229783063
07-26 20:23:55.135  1239  1239 I Bugle   : DarkModeManager: setDarkMode: -1
07-26 20:23:55.157   750   750 I lowmemorykiller: 3 memory pressure events were skipped after a kill!
07-26 20:23:55.165  1239  1239 D WM-PackageManagerHelper: Skipping component enablement for androidx.work.impl.background.systemjob.SystemJobService
07-26 20:23:55.165  1239  1239 D WM-Schedulers: Created SystemJobScheduler and enabled SystemJobService
07-26 20:23:55.187  1537  3658 I Process : ydh getFreeMemory tag = MemFree:
07-26 20:23:55.187  1537  3658 I Process : ydh getFreeMemory tag = Cached:
07-26 20:23:55.187  1537  3658 I Process : ydh getFreeMemory tag = Buffers:
07-26 20:23:55.187  1537  3658 I Process : ydh getFreeMemory tag = IonTotalCache:
07-26 20:23:55.187  1537  3658 I Process : ydh getFreeMemory val = 76536
07-26 20:23:55.187  1537  3658 I Process : ydh getFreeMemory val = 1084220
07-26 20:23:55.187  1537  3658 I Process : ydh getFreeMemory val = 27224
07-26 20:23:55.187  1537  3658 I Process : ydh getFreeMemory val = 320
07-26 20:23:55.187  1537  3658 I Process : ydh getRealmeFreeMemory tag = MemFree:
07-26 20:23:55.187  1537  3658 I Process : ydh getRealmeFreeMemory tag = Buffers:
07-26 20:23:55.187  1537  3658 I Process : ydh getRealmeFreeMemory tag = Cached:
07-26 20:23:55.187  1537  3658 I Process : ydh getRealmeFreeMemory tag = SReclaimable:
07-26 20:23:55.187  1537  3658 I Process : ydh getRealmeFreeMemory tag = IonTotalCache:
07-26 20:23:55.187  1537  3658 I Process : ydh getRealmeFreeMemory val = 76412
07-26 20:23:55.187  1537  3658 I Process : ydh getRealmeFreeMemory val = 27224
07-26 20:23:55.187  1537  3658 I Process : ydh getRealmeFreeMemory val = 1084320
07-26 20:23:55.187  1537  3658 I Process : ydh getRealmeFreeMemory val = 66148
07-26 20:23:55.187  1537  3658 I Process : ydh getRealmeFreeMemory val = 320
07-26 20:23:55.188  1537  3658 E Process : get_ion_cache_memory: Unable to open /d/ion/system_stats
07-26 20:23:55.211 20792 21011 I cn_CronetUrlRequestContext: destroyNativeStreamLocked org.chromium.net.impl.CronetBidirectionalStream@554c6b3
07-26 20:23:55.242  1239  1284 I Bugle   : Initializing EmojiCompat
07-26 20:23:55.249  1239  1284 I CarrierServices: Initializing Carrier Services Library. [CONTEXT thread_id=19422 ]
07-26 20:23:55.257 21495 21523 I FontLog : (REDACTED) Received query %s, URI %s
07-26 20:23:55.257 21495  1026 I FontLog : (REDACTED) Received query %s, URI %s
07-26 20:23:55.258 21495 21523 I FontLog : (REDACTED) Query [%s] resolved to %s
07-26 20:23:55.258 21495  1026 I FontLog : (REDACTED) Query [%s] resolved to %s
07-26 20:23:55.262   750   750 I lowmemorykiller: 7 memory pressure events were skipped after a kill!
07-26 20:23:55.265  1239  1285 I Bugle   : DatabaseHelperBasic: sqlite version is 3.22.0
07-26 20:23:55.268 21495 21523 I FontLog : (REDACTED) Fetch %s end status %s
07-26 20:23:55.270 21495  1026 I FontLog : (REDACTED) Fetch %s end status %s
07-26 20:23:55.277 21495  1026 I FontLog : (REDACTED) Pulling font file for id = %d, cache size = %d
07-26 20:23:55.280 21495  1026 I chatty  : uid=10155(com.google.android.gms) Binder:21495_D identical 1 line
07-26 20:23:55.289 21495  1026 I FontLog : (REDACTED) Pulling font file for id = %d, cache size = %d
07-26 20:23:55.290 21495 21718 I FontLog : (REDACTED) Pulling font file for id = %d, cache size = %d
07-26 20:23:55.301  1239  1284 I CarrierServices: Initializing Carrier Services Logging. [CONTEXT thread_id=19422 ]
07-26 20:23:55.341 20792 20792 W GlanceAppWidget: Cannot set the rounded corner of views before Api 31.
07-26 20:23:55.345 20792 20792 W GlanceAppWidget: Cannot set the rounded corner of views before Api 31.
07-26 20:23:55.351  1239  1288 I Bugle   : DatabaseHelperBasic: sqlite version is 3.22.0
07-26 20:23:55.351 20792 20792 W GlanceAppWidget: Cannot set the rounded corner of views before Api 31.
07-26 20:23:55.359 20792 20792 W GlanceAppWidget: Cannot set the rounded corner of views before Api 31.
07-26 20:23:55.360  8544  8567 W DCS     : Record event failed. DCS reject event: [appId=20120,logTag=2016101,eventId=sqliteinfo] . Pls check server config.
07-26 20:23:55.367 20792 20792 W GlanceAppWidget: Cannot set the rounded corner of views before Api 31.
07-26 20:23:55.369   750   750 I lowmemorykiller: 8 memory pressure events were skipped after a kill!
07-26 20:23:55.374 20792 20792 W GlanceAppWidget: Cannot set the rounded corner of views before Api 31.
07-26 20:23:55.374   907   907 W HwBinder:907_3: type=1400 audit(0.0:274277): avc: denied { search } for name="0" dev="mmcblk0p45" ino=85 scontext=u:r:mtk_hal_camera:s0 tcontext=u:object_r:media_rw_data_file:s0 tclass=dir permissive=0
07-26 20:23:55.378   907 12672 E lsc_nvram: [do_mkdir] fail to mkdir [/sdcard/shading_otp]: 13[Permission denied] (do_mkdir){#65:vendor/mediatek/proprietary/hardware/mtkcam/aaa/source/isp_40/lsc_mgr/LscUtil.h}
07-26 20:23:55.374   907   907 W HwBinder:907_3: type=1400 audit(0.0:274278): avc: denied { search } for name="0" dev="mmcblk0p45" ino=85 scontext=u:r:mtk_hal_camera:s0 tcontext=u:object_r:media_rw_data_file:s0 tclass=dir permissive=0
07-26 20:23:55.382 20792 20792 W GlanceAppWidget: Cannot set the rounded corner of views before Api 31.
07-26 20:23:55.383  1239  1288 I BugleDataModel: HeavyWorkQueueEmptyObserver: Starting observation of WorkQueueWorkManagerTable
07-26 20:23:55.411  1239  1284 I LogSaver: LogSaver new instance with filename: carrier_services
07-26 20:23:55.441  1239  1284 I BugleBackup: Registering preference change listener for "bugle".
07-26 20:23:55.469   750   750 I lowmemorykiller: 8 memory pressure events were skipped after a kill!
07-26 20:23:55.497  1239  1288 I Bugle   : TelephonyManagerFactory: Returning per-subscription TelephonyManager (>= N) subscription{id:5}
07-26 20:23:55.577   750   750 I lowmemorykiller: 9 memory pressure events were skipped after a kill!
07-26 20:23:55.606  1239  1288 I BugleRcsProvisioning: BugleSystemBindingManager: onBuglePhenotypeFlagChanged
07-26 20:23:55.610  1239  1263 I BugleRcsEngine: SystemBinding enabled: false [CONTEXT log_prefix="SystemBindingManager" thread_id=19415 ]
07-26 20:23:55.612  1239  1263 I BugleRcsEngine: System Binding updated [CONTEXT thread_id=19415 ]
07-26 20:23:55.645  1239  1288 I bqjp    : Not kicking off update transport registration because RCS provisioning change has not been received.
07-26 20:23:55.657  1537  2494 W ActivityManager: Background start not allowed: service Intent { cmp=com.google.android.apps.messaging/com.google.apps.tiktok.concurrent.AndroidFuturesService (has extras) } to com.google.android.apps.messaging/com.google.apps.tiktok.concurrent.AndroidFuturesService from pid=1239 uid=10177 pkg=com.google.android.apps.messaging startFg?=false
07-26 20:23:55.660  1239  1263 I BugleWorkQueue: WorkQueueLocalExecutor: unable to attach service -- probably in background already
07-26 20:23:55.669  1239  1284 I BugleRcsEngine: Using config server URL from cgmz [CONTEXT log_prefix="ProvisioningServerUtil" thread_id=19422 ]
07-26 20:23:55.684   750   750 I lowmemorykiller: 8 memory pressure events were skipped after a kill!
07-26 20:23:55.736  1239  1286 W System  : ClassLoader referenced unknown path: /system/framework/mediatek-cta.jar
07-26 20:23:55.737  1239  1286 W CtaManagerFactory: CtaManagerFactoryImpl not found
07-26 20:23:55.787   745  1733 D AudioPolicyService: UidPolicy::onUidStateChanged() UID=10177 procState=11
07-26 20:23:55.793   750   750 I lowmemorykiller: 8 memory pressure events were skipped after a kill!
07-26 20:23:55.794  1537  3658 I ActivityManager: Killing 32241:com.android.vending:background/u0a162 (adj 975): empty #9
07-26 20:23:55.795  1537  1578 I libprocessgroup: Successfully killed process cgroup uid 10162 pid 32241 in 0ms
07-26 20:23:55.796   745  1733 D AudioPolicyService: UidPolicy::onUidStateChanged() UID=10177 procState=20
07-26 20:23:55.805   745  1733 D AudioPolicyService: UidPolicy::onUidStateChanged() UID=10177 procState=9
07-26 20:23:55.848  1537  3658 V ActivityManager: Death received in com.android.server.am.ActivityManagerService$AppDeathRecipient@470ee27 for thread android.os.BinderProxy@5cf78d4, mPid:32241,mApp:ProcessRecord{51c1ea8 32241:com.android.vending:background/u0a162}
07-26 20:23:55.848  1537  3277 D MtkConnectivityService: ConnectivityService NetworkRequestInfo binderDied(NetworkRequest [ TRACK_DEFAULT id=4507, [ Capabilities: INTERNET&NOT_RESTRICTED&TRUSTED Uid: 10162] ], android.os.BinderProxy@c61ecd)
07-26 20:23:55.848  1537  2153 D MtkConnectivityService: ConnectivityService NetworkRequestInfo binderDied(NetworkRequest [ LISTEN id=4509, [ Capabilities: INTERNET&NOT_RESTRICTED&TRUSTED Uid: 10162] ], android.os.BinderProxy@14bc382)
07-26 20:23:55.848  1537  3657 D MtkConnectivityService: ConnectivityService NetworkRequestInfo binderDied(NetworkRequest [ TRACK_DEFAULT id=4508, [ Capabilities: INTERNET&NOT_RESTRICTED&TRUSTED Uid: 10162] ], android.os.BinderProxy@b600a93)
07-26 20:23:55.848  1537  2494 D MtkConnectivityService: ConnectivityService NetworkRequestInfo binderDied(NetworkRequest [ TRACK_DEFAULT id=4510, [ Capabilities: INTERNET&NOT_RESTRICTED&TRUSTED Uid: 10162] ], android.os.BinderProxy@bcf7ad0)
07-26 20:23:55.848  1537  1717 D MtkConnectivityService: releasing NetworkRequest [ TRACK_DEFAULT id=4507, [ Capabilities: INTERNET&NOT_RESTRICTED&TRUSTED Uid: 10162] ] (release request)
07-26 20:23:55.849   695   695 I Zygote  : Process 32241 exited due to signal 9 (Killed)
07-26 20:23:55.850  1537  1717 D MtkConnectivityService: releasing NetworkRequest [ TRACK_DEFAULT id=4508, [ Capabilities: INTERNET&NOT_RESTRICTED&TRUSTED Uid: 10162] ] (release request)
07-26 20:23:55.850  1537  1717 D MtkConnectivityService: releasing NetworkRequest [ TRACK_DEFAULT id=4510, [ Capabilities: INTERNET&NOT_RESTRICTED&TRUSTED Uid: 10162] ] (release request)
07-26 20:23:55.854  8544  8613 I DCS-BackgroundAppData: sendAppBgEvent: has no pkgName=com.android.vending
07-26 20:23:55.897   750   750 I lowmemorykiller: 7 memory pressure events were skipped after a kill!
07-26 20:23:56.006   750   750 I lowmemorykiller: 8 memory pressure events were skipped after a kill!
07-26 20:23:56.114   750   750 I chatty  : uid=1069(lmkd) /system/bin/lmkd identical 1 line
07-26 20:23:56.220   750   750 I lowmemorykiller: 8 memory pressure events were skipped after a kill!
07-26 20:23:56.221  1239  1288 D MddListenableWorkerFactory: createWorker for class: com.google.apps.tiktok.contrib.work.TikTokListenableWorker
07-26 20:23:56.255  1239  1284 D MddListenableWorkerFactory: createWorker for class: com.google.android.apps.messaging.shared.datamodel.workqueue.WorkQueueWorkerShim
07-26 20:23:56.261  1239  1239 I SyncManagerImpl: #sync(). Running Synclets and scheduling next sync.
07-26 20:23:56.281  1239  1284 I WM-WorkerWrapper: Worker result SUCCESS for Work [ id=39bcc7a5-60c7-4109-bb4b-ee49fd04e1f9, tags={ com.google.android.apps.messaging.shared.datamodel.workqueue.WorkQueueWorkerShim,data_upgrade- } ]
07-26 20:23:56.295  1239  1340 I SyncManagerImpl: Starting synclet: ConversationDedupingSynclet
07-26 20:23:56.297  1239  1340 I BugleBCM: ConversationDedupingSynclet skipping synclet run
07-26 20:23:56.298  1239  1340 I SyncManagerImpl: Starting synclet: CmsDailySynclet
07-26 20:23:56.301  1239  1345 I BugleCms: CmsDailySynclet retrieving linked account.
07-26 20:23:56.302  1239  1335 I SyncManagerImpl: Starting synclet: PenpalConversationAutoGenerateSynclet
07-26 20:23:56.305  1239  1340 I SyncManagerImpl: Starting synclet: PenpalConversationAutoGenerateSynclet
07-26 20:23:56.305  1239  1348 I SyncManagerImpl: Starting synclet: PenpalConversationAutoCleanupSynclet
07-26 20:23:56.307  1239  1348 I SyncManagerImpl: Starting synclet: RecurringAccountMetricsUploadSynclet
07-26 20:23:56.309  1239  1348 I SyncManagerImpl: Starting synclet: RecurringAccountMetricsUploadSynclet
07-26 20:23:56.314  1239  1348 I SyncManagerImpl: Starting synclet: DisableGaiaDevicePairingOnNonPrimarySynclet
07-26 20:23:56.315  1239  1340 I SyncManagerImpl: Starting synclet: DisableGaiaDevicePairingOnNonPrimarySynclet
07-26 20:23:56.316  1239  1348 I SyncManagerImpl: Starting synclet: RemoveStalePairingsSynclet
07-26 20:23:56.318  1239  1348 I SyncManagerImpl: Starting synclet: SuggestionCleanupSynclet
07-26 20:23:56.320  1239  1264 I baos    : RemoveStalePairingsSynclet starting.
07-26 20:23:56.327  1239  1346 I balg    : balg: Found pseudonymous account. Skip disabling Gaia pairing for non-primary device.
07-26 20:23:56.328  1239  1346 I balg    : balg: No new primary device found. No action taken.
07-26 20:23:56.328   750   750 I lowmemorykiller: 8 memory pressure events were skipped after a kill!
07-26 20:23:56.329  1239  1263 I aeqb    : Penpal availability check results: NOT_GAIA_SIGNED_IN
07-26 20:23:56.378  1239  1264 I baos    : RemoveStalePairingsSynclet removing 0 stale desktops.
07-26 20:23:56.378   907 12672 E lsc_nvram: [do_mkdir] fail to mkdir [/sdcard/shading_otp]: 13[Permission denied] (do_mkdir){#65:vendor/mediatek/proprietary/hardware/mtkcam/aaa/source/isp_40/lsc_mgr/LscUtil.h}
07-26 20:23:56.374   907   907 W HwBinder:907_3: type=1400 audit(0.0:274279): avc: denied { search } for name="0" dev="mmcblk0p45" ino=85 scontext=u:r:mtk_hal_camera:s0 tcontext=u:object_r:media_rw_data_file:s0 tclass=dir permissive=0
07-26 20:23:56.374   907   907 W HwBinder:907_3: type=1400 audit(0.0:274280): avc: denied { search } for name="0" dev="mmcblk0p45" ino=85 scontext=u:r:mtk_hal_camera:s0 tcontext=u:object_r:media_rw_data_file:s0 tclass=dir permissive=0
07-26 20:23:56.379  1239  1264 I baos    : RemoveStalePairingsSynclet complete.
07-26 20:23:56.385  1239  1345 I balg    : balg: Gaia device pairing is on for the current Gaia account
07-26 20:23:56.385  1239  1287 W BugleCms: LinkedAccountManager: No valid stored accountId, throwing NoLinkedAccountException.
07-26 20:23:56.386  1239  1345 I balg    : balg: Checking if a new device has enabled Gaia device pairing for the same Gaia account
07-26 20:23:56.388  1239  1264 I BugleCms: CmsDailySynclet retrieving linked account failed. Aborting.
07-26 20:23:56.414  1239  1264 I aeqb    : Penpal availability check results: NON_G1_MEMBER,UNDER_AGE
07-26 20:23:56.421  1239  1306 W Phlogger: Shared storage file not found for com.google.android.libraries.consentverifier#com.google.android.apps.messaging
07-26 20:23:56.438   750   750 I lowmemorykiller: 8 memory pressure events were skipped after a kill!
07-26 20:23:56.484 26174 28969 W ColorExSystemServiceHelper: checkColorExSystemService intent getComponent is null
07-26 20:23:56.486 26174 26174 D BoundBrokerSvc: onBind: Intent { act=com.google.android.gms.constellation.service.START pkg=com.google.android.gms }
07-26 20:23:56.486 26174 26174 D BoundBrokerSvc: Loading bound service for intent: Intent { act=com.google.android.gms.constellation.service.START pkg=com.google.android.gms }
07-26 20:23:56.520  1239  1287 I FirebaseApp: Device unlocked: initializing all Firebase APIs for app [DEFAULT]
07-26 20:23:56.571  1239  1351 D StrictMode: StrictMode policy violation: android.os.strictmode.CustomViolation: gcore.dynamite
07-26 20:23:56.571  1239  1351 D StrictMode: 	at android.os.StrictMode$AndroidBlockGuardPolicy.onCustomSlowCall(StrictMode.java:1523)
07-26 20:23:56.571  1239  1351 D StrictMode: 	at android.os.StrictMode.noteSlowCall(StrictMode.java:2481)
07-26 20:23:56.571  1239  1351 D StrictMode: 	at asxt.a(:com.google.android.gms@250335013@25.03.35 (100400-720971461):3)
07-26 20:23:56.571  1239  1351 D StrictMode: 	at com.google.android.gms.chimera.container.GmsModuleChimeraProvider.query(:com.google.android.gms@250335013@25.03.35 (100400-720971461):150)
07-26 20:23:56.571  1239  1351 D StrictMode: 	at aopf.query(:com.google.android.gms@250335013@25.03.35 (100400-720971461):3)
07-26 20:23:56.571  1239  1351 D StrictMode: 	at android.content.ContentProvider.query(ContentProvider.java:1224)
07-26 20:23:56.571  1239  1351 D StrictMode: 	at rgy.superQuery(:com.google.android.gms@250335013@25.03.35 (100400-720971461):2)
07-26 20:23:56.571  1239  1351 D StrictMode: 	at com.google.android.chimera.ContentProvider.query(:com.google.android.gms@250335013@25.03.35 (100400-720971461):2)
07-26 20:23:56.571  1239  1351 D StrictMode: 	at aopf.query(:com.google.android.gms@250335013@25.03.35 (100400-720971461):13)
07-26 20:23:56.571  1239  1351 D StrictMode: 	at android.content.ContentProvider.query(ContentProvider.java:1317)
07-26 20:23:56.571  1239  1351 D StrictMode: 	at rgy.superQuery(:com.google.android.gms@250335013@25.03.35 (100400-720971461):1)
07-26 20:23:56.571  1239  1351 D StrictMode: 	at com.google.android.chimera.ContentProvider.query(:com.google.android.gms@250335013@25.03.35 (100400-720971461):1)
07-26 20:23:56.571  1239  1351 D StrictMode: 	at rgy.query(:com.google.android.gms@250335013@25.03.35 (100400-720971461):2)
07-26 20:23:56.571  1239  1351 D StrictMode: 	at android.content.ContentProvider$Transport.query(ContentProvider.java:271)
07-26 20:23:56.571  1239  1351 D StrictMode: 	at android.content.ContentProviderNative.onTransact(ContentProviderNative.java:104)
07-26 20:23:56.571  1239  1351 D StrictMode: 	at android.os.Binder.execTransactInternal(Binder.java:1021)
07-26 20:23:56.571  1239  1351 D StrictMode: 	at android.os.Binder.execTransact(Binder.java:994)
07-26 20:23:56.571  1239  1351 D StrictMode: # via Binder call with stack:
07-26 20:23:56.571  1239  1351 D StrictMode: 	at android.os.StrictMode.readAndHandleBinderCallViolations(StrictMode.java:2274)
07-26 20:23:56.571  1239  1351 D StrictMode: 	at android.os.Parcel.readExceptionCode(Parcel.java:2033)
07-26 20:23:56.571  1239  1351 D StrictMode: 	at android.database.DatabaseUtils.readExceptionFromParcel(DatabaseUtils.java:137)
07-26 20:23:56.571  1239  1351 D StrictMode: 	at android.content.ContentProviderProxy.query(ContentProviderNative.java:423)
07-26 20:23:56.571  1239  1351 D StrictMode: 	at android.content.ContentResolver.query(ContentResolver.java:961)
07-26 20:23:56.571  1239  1351 D StrictMode: 	at android.content.ContentResolver.query(ContentResolver.java:897)
07-26 20:23:56.571  1239  1351 D StrictMode: 	at android.content.ContentResolver.query(ContentResolver.java:853)
07-26 20:23:56.571  1239  1351 D StrictMode: 	at com.google.android.gms.dynamite.DynamiteModule.e(PG:69)
07-26 20:23:56.571  1239  1351 D StrictMode: 	at com.google.android.gms.dynamite.DynamiteModule.b(PG:87)
07-26 20:23:56.571  1239  1351 D StrictMode: 	at cekb.b(PG:1)
07-26 20:23:56.571  1239  1351 D StrictMode: 	at cekc.a(PG:7)
07-26 20:23:56.571  1239  1351 D StrictMode: 	at com.google.android.gms.dynamite.DynamiteModule.d(PG:58)
07-26 20:23:56.571  1239  1351 D StrictMode: 	at cfji.b(PG:45)
07-26 20:23:56.571  1239  1351 D StrictMode: 	at com.google.android.gms.net.PlayServicesCronetProvider.tryToInstallCronetProvider(PG:6)
07-26 20:23:56.571  1239  1351 D StrictMode: 	at com.google.android.gms.net.PlayServicesCronetProvider.isEnabled(PG:1)
07-26 20:23:56.571  1239  1351 D StrictMode: 	at org.chromium.net.CronetEngine$Builder.getEnabledCronetProviders(PG:23)
07-26 20:23:56.571  1239  1351 D StrictMode: 	at org.chromium.net.CronetEngine$Builder.createBuilderDelegate(PG:10)
07-26 20:23:56.571  1239  1351 D StrictMode: 	at org.chromium.net.CronetEngine$Builder.<init>(PG:1)
07-26 20:23:56.571  1239  1351 D StrictMode: 	at org.chromium.net.ExperimentalCronetEngine$Builder.<init>(PG:1)
07-26 20:23:56.571  1239  1351 D StrictMode: 	at afnu.e(PG:1379)
07-26 20:23:56.571  1239  1351 D StrictMode: 	at afnu.b(PG:1949)
07-26 20:23:56.571  1239  1351 D StrictMode: 	at dybq.b(PG:14)
07-26 20:23:56.571  1239  1351 D StrictMode: 	at afpd.v(PG:1)
07-26 20:23:56.571  1239  1351 D StrictMode: 	at afpd.b(PG:132)
07-26 20:23:56.571  1239  1351 D StrictMode: 	at dybq.b(PG:14)
07-26 20:23:56.571  1239  1351 D StrictMode: 	at aegj.b(PG:1)
07-26 20:23:56.571  1239  1351 D StrictMode: 	at aegi.get(PG:3)
07-26 20:23:56.571  1239  1351 D StrictMode: 	at dkng.get(PG:14)
07-26 20:23:56.571  1239  1351 D StrictMode: 	at aegj.a(PG:3)
07-26 20:23:56.571  1239  1351 D StrictMode: 	at btbk.a(PG:3)
07-26 20:23:56.571  1239  1351 D StrictMode: 	at bilz.a(PG:100)
07-26 20:23:56.571  1239  1351 D StrictMode: 	at bilx.b(PG:19)
07-26 20:23:56.571  1239  1351 D StrictMode: 	at eckk.w(PG:12)
07-26 20:23:56.571  1239  1351 D StrictMode: 	at ecvo.run(PG:109)
07-26 20:23:56.571  1239  1351 D StrictMode: 	at dhhl.run(PG:3)
07-26 20:23:56.571  1239  1351 D StrictMode: 	at cqcf.run(PG:3)
07-26 20:23:56.571  1239  1351 D StrictMode: 	at dlqr.run(PG:50)
07-26 20:23:56.571  1239  1351 D StrictMode: 	at cqfc.run(PG:18)
07-26 20:23:56.571  1239  1351 D StrictMode: 	at cqbm.run(PG:8)
07-26 20:23:56.571  1239  1351 D StrictMode: 	at java.lang.Thread.run(Thread.java:919)
07-26 20:23:56.571  1239  1351 D StrictMode: 	at cqdp.run(PG:64)
07-26 20:23:56.590  1239  1351 D StrictMode: StrictMode policy violation: android.os.strictmode.DiskReadViolation
07-26 20:23:56.590  1239  1351 D StrictMode: 	at android.os.StrictMode$AndroidBlockGuardPolicy.onReadFromDisk(StrictMode.java:1556)
07-26 20:23:56.590  1239  1351 D StrictMode: 	at java.io.UnixFileSystem.getBooleanAttributes(UnixFileSystem.java:250)
07-26 20:23:56.590  1239  1351 D StrictMode: 	at java.io.File.isDirectory(File.java:845)
07-26 20:23:56.590  1239  1351 D StrictMode: 	at dalvik.system.DexPathList.makeDexElements(DexPathList.java:382)
07-26 20:23:56.590  1239  1351 D StrictMode: 	at dalvik.system.DexPathList.<init>(DexPathList.java:164)
07-26 20:23:56.590  1239  1351 D StrictMode: 	at dalvik.system.BaseDexClassLoader.<init>(BaseDexClassLoader.java:126)
07-26 20:23:56.590  1239  1351 D StrictMode: 	at dalvik.system.BaseDexClassLoader.<init>(BaseDexClassLoader.java:84)
07-26 20:23:56.590  1239  1351 D StrictMode: 	at dalvik.system.PathClassLoader.<init>(PathClassLoader.java:64)
07-26 20:23:56.590  1239  1351 D StrictMode: 	at dalvik.system.DelegateLastClassLoader.<init>(DelegateLastClassLoader.java:102)
07-26 20:23:56.590  1239  1351 D StrictMode: 	at dalvik.system.DelegateLastClassLoader.<init>(DelegateLastClassLoader.java:52)
07-26 20:23:56.590  1239  1351 D StrictMode: 	at com.google.android.gms.dynamite.DynamiteModule.b(PG:126)
07-26 20:23:56.590  1239  1351 D StrictMode: 	at cekb.b(PG:1)
07-26 20:23:56.590  1239  1351 D StrictMode: 	at cekc.a(PG:7)
07-26 20:23:56.590  1239  1351 D StrictMode: 	at com.google.android.gms.dynamite.DynamiteModule.d(PG:58)
07-26 20:23:56.590  1239  1351 D StrictMode: 	at cfji.b(PG:45)
07-26 20:23:56.590  1239  1351 D StrictMode: 	at com.google.android.gms.net.PlayServicesCronetProvider.tryToInstallCronetProvider(PG:6)
07-26 20:23:56.590  1239  1351 D StrictMode: 	at com.google.android.gms.net.PlayServicesCronetProvider.isEnabled(PG:1)
07-26 20:23:56.590  1239  1351 D StrictMode: 	at org.chromium.net.CronetEngine$Builder.getEnabledCronetProviders(PG:23)
07-26 20:23:56.590  1239  1351 D StrictMode: 	at org.chromium.net.CronetEngine$Builder.createBuilderDelegate(PG:10)
07-26 20:23:56.590  1239  1351 D StrictMode: 	at org.chromium.net.CronetEngine$Builder.<init>(PG:1)
07-26 20:23:56.590  1239  1351 D StrictMode: 	at org.chromium.net.ExperimentalCronetEngine$Builder.<init>(PG:1)
07-26 20:23:56.590  1239  1351 D StrictMode: 	at afnu.e(PG:1379)
07-26 20:23:56.590  1239  1351 D StrictMode: 	at afnu.b(PG:1949)
07-26 20:23:56.590  1239  1351 D StrictMode: 	at dybq.b(PG:14)
07-26 20:23:56.590  1239  1351 D StrictMode: 	at afpd.v(PG:1)
07-26 20:23:56.590  1239  1351 D StrictMode: 	at afpd.b(PG:132)
07-26 20:23:56.590  1239  1351 D StrictMode: 	at dybq.b(PG:14)
07-26 20:23:56.590  1239  1351 D StrictMode: 	at aegj.b(PG:1)
07-26 20:23:56.590  1239  1351 D StrictMode: 	at aegi.get(PG:3)
07-26 20:23:56.590  1239  1351 D StrictMode: 	at dkng.get(PG:14)
07-26 20:23:56.590  1239  1351 D StrictMode: 	at aegj.a(PG:3)
07-26 20:23:56.590  1239  1351 D StrictMode: 	at btbk.a(PG:3)
07-26 20:23:56.590  1239  1351 D StrictMode: 	at bilz.a(PG:100)
07-26 20:23:56.590  1239  1351 D StrictMode: 	at bilx.b(PG:19)
07-26 20:23:56.590  1239  1351 D StrictMode: 	at eckk.w(PG:12)
07-26 20:23:56.590  1239  1351 D StrictMode: 	at ecvo.run(PG:109)
07-26 20:23:56.590  1239  1351 D StrictMode: 	at dhhl.run(PG:3)
07-26 20:23:56.590  1239  1351 D StrictMode: 	at cqcf.run(PG:3)
07-26 20:23:56.590  1239  1351 D StrictMode: 	at dlqr.run(PG:50)
07-26 20:23:56.590  1239  1351 D StrictMode: 	at cqfc.run(PG:18)
07-26 20:23:56.590  1239  1351 D StrictMode: 	at cqbm.run(PG:8)
07-26 20:23:56.590  1239  1351 D StrictMode: 	at java.lang.Thread.run(Thread.java:919)
07-26 20:23:56.590  1239  1351 D StrictMode: 	at cqdp.run(PG:64)
07-26 20:23:56.592  1239  1351 D StrictMode: StrictMode policy violation: android.os.strictmode.DiskReadViolation
07-26 20:23:56.592  1239  1351 D StrictMode: 	at android.os.StrictMode$AndroidBlockGuardPolicy.onReadFromDisk(StrictMode.java:1556)
07-26 20:23:56.592  1239  1351 D StrictMode: 	at java.io.UnixFileSystem.getBooleanAttributes(UnixFileSystem.java:250)
07-26 20:23:56.592  1239  1351 D StrictMode: 	at java.io.File.isFile(File.java:878)
07-26 20:23:56.592  1239  1351 D StrictMode: 	at dalvik.system.DexPathList.makeDexElements(DexPathList.java:386)
07-26 20:23:56.592  1239  1351 D StrictMode: 	at dalvik.system.DexPathList.<init>(DexPathList.java:164)
07-26 20:23:56.592  1239  1351 D StrictMode: 	at dalvik.system.BaseDexClassLoader.<init>(BaseDexClassLoader.java:126)
07-26 20:23:56.592  1239  1351 D StrictMode: 	at dalvik.system.BaseDexClassLoader.<init>(BaseDexClassLoader.java:84)
07-26 20:23:56.592  1239  1351 D StrictMode: 	at dalvik.system.PathClassLoader.<init>(PathClassLoader.java:64)
07-26 20:23:56.592  1239  1351 D StrictMode: 	at dalvik.system.DelegateLastClassLoader.<init>(DelegateLastClassLoader.java:102)
07-26 20:23:56.592  1239  1351 D StrictMode: 	at dalvik.system.DelegateLastClassLoader.<init>(DelegateLastClassLoader.java:52)
07-26 20:23:56.592  1239  1351 D StrictMode: 	at com.google.android.gms.dynamite.DynamiteModule.b(PG:126)
07-26 20:23:56.592  1239  1351 D StrictMode: 	at cekb.b(PG:1)
07-26 20:23:56.592  1239  1351 D StrictMode: 	at cekc.a(PG:7)
07-26 20:23:56.592  1239  1351 D StrictMode: 	at com.google.android.gms.dynamite.DynamiteModule.d(PG:58)
07-26 20:23:56.592  1239  1351 D StrictMode: 	at cfji.b(PG:45)
07-26 20:23:56.592  1239  1351 D StrictMode: 	at com.google.android.gms.net.PlayServicesCronetProvider.tryToInstallCronetProvider(PG:6)
07-26 20:23:56.592  1239  1351 D StrictMode: 	at com.google.android.gms.net.PlayServicesCronetProvider.isEnabled(PG:1)
07-26 20:23:56.592  1239  1351 D StrictMode: 	at org.chromium.net.CronetEngine$Builder.getEnabledCronetProviders(PG:23)
07-26 20:23:56.592  1239  1351 D StrictMode: 	at org.chromium.net.CronetEngine$Builder.createBuilderDelegate(PG:10)
07-26 20:23:56.592  1239  1351 D StrictMode: 	at org.chromium.net.CronetEngine$Builder.<init>(PG:1)
07-26 20:23:56.592  1239  1351 D StrictMode: 	at org.chromium.net.ExperimentalCronetEngine$Builder.<init>(PG:1)
07-26 20:23:56.592  1239  1351 D StrictMode: 	at afnu.e(PG:1379)
07-26 20:23:56.592  1239  1351 D StrictMode: 	at afnu.b(PG:1949)
07-26 20:23:56.592  1239  1351 D StrictMode: 	at dybq.b(PG:14)
07-26 20:23:56.592  1239  1351 D StrictMode: 	at afpd.v(PG:1)
07-26 20:23:56.592  1239  1351 D StrictMode: 	at afpd.b(PG:132)
07-26 20:23:56.592  1239  1351 D StrictMode: 	at dybq.b(PG:14)
07-26 20:23:56.592  1239  1351 D StrictMode: 	at aegj.b(PG:1)
07-26 20:23:56.592  1239  1351 D StrictMode: 	at aegi.get(PG:3)
07-26 20:23:56.592  1239  1351 D StrictMode: 	at dkng.get(PG:14)
07-26 20:23:56.592  1239  1351 D StrictMode: 	at aegj.a(PG:3)
07-26 20:23:56.592  1239  1351 D StrictMode: 	at btbk.a(PG:3)
07-26 20:23:56.592  1239  1351 D StrictMode: 	at bilz.a(PG:100)
07-26 20:23:56.592  1239  1351 D StrictMode: 	at bilx.b(PG:19)
07-26 20:23:56.592  1239  1351 D StrictMode: 	at eckk.w(PG:12)
07-26 20:23:56.592  1239  1351 D StrictMode: 	at ecvo.run(PG:109)
07-26 20:23:56.592  1239  1351 D StrictMode: 	at dhhl.run(PG:3)
07-26 20:23:56.592  1239  1351 D StrictMode: 	at cqcf.run(PG:3)
07-26 20:23:56.592  1239  1351 D StrictMode: 	at dlqr.run(PG:50)
07-26 20:23:56.592  1239  1351 D StrictMode: 	at cqfc.run(PG:18)
07-26 20:23:56.592  1239  1351 D StrictMode: 	at cqbm.run(PG:8)
07-26 20:23:56.592  1239  1351 D StrictMode: 	at java.lang.Thread.run(Thread.java:919)
07-26 20:23:56.592  1239  1351 D StrictMode: 	at cqdp.run(PG:64)
07-26 20:23:56.598  1239  1351 D StrictMode: StrictMode policy violation: android.os.strictmode.DiskReadViolation
07-26 20:23:56.598  1239  1351 D StrictMode: 	at android.os.StrictMode$AndroidBlockGuardPolicy.onReadFromDisk(StrictMode.java:1556)
07-26 20:23:56.598  1239  1351 D StrictMode: 	at java.io.UnixFileSystem.getBooleanAttributes(UnixFileSystem.java:250)
07-26 20:23:56.598  1239  1351 D StrictMode: 	at java.io.File.isDirectory(File.java:845)
07-26 20:23:56.598  1239  1351 D StrictMode: 	at dalvik.system.DexPathList$Element.<init>(DexPathList.java:687)
07-26 20:23:56.598  1239  1351 D StrictMode: 	at dalvik.system.DexPathList.makeDexElements(DexPathList.java:418)
07-26 20:23:56.598  1239  1351 D StrictMode: 	at dalvik.system.DexPathList.<init>(DexPathList.java:164)
07-26 20:23:56.598  1239  1351 D StrictMode: 	at dalvik.system.BaseDexClassLoader.<init>(BaseDexClassLoader.java:126)
07-26 20:23:56.598  1239  1351 D StrictMode: 	at dalvik.system.BaseDexClassLoader.<init>(BaseDexClassLoader.java:84)
07-26 20:23:56.598  1239  1351 D StrictMode: 	at dalvik.system.PathClassLoader.<init>(PathClassLoader.java:64)
07-26 20:23:56.598  1239  1351 D StrictMode: 	at dalvik.system.DelegateLastClassLoader.<init>(DelegateLastClassLoader.java:102)
07-26 20:23:56.598  1239  1351 D StrictMode: 	at dalvik.system.DelegateLastClassLoader.<init>(DelegateLastClassLoader.java:52)
07-26 20:23:56.598  1239  1351 D StrictMode: 	at com.google.android.gms.dynamite.DynamiteModule.b(PG:126)
07-26 20:23:56.598  1239  1351 D StrictMode: 	at cekb.b(PG:1)
07-26 20:23:56.598  1239  1351 D StrictMode: 	at cekc.a(PG:7)
07-26 20:23:56.598  1239  1351 D StrictMode: 	at com.google.android.gms.dynamite.DynamiteModule.d(PG:58)
07-26 20:23:56.598  1239  1351 D StrictMode: 	at cfji.b(PG:45)
07-26 20:23:56.598  1239  1351 D StrictMode: 	at com.google.android.gms.net.PlayServicesCronetProvider.tryToInstallCronetProvider(PG:6)
07-26 20:23:56.598  1239  1351 D StrictMode: 	at com.google.android.gms.net.PlayServicesCronetProvider.isEnabled(PG:1)
07-26 20:23:56.598  1239  1351 D StrictMode: 	at org.chromium.net.CronetEngine$Builder.getEnabledCronetProviders(PG:23)
07-26 20:23:56.598  1239  1351 D StrictMode: 	at org.chromium.net.CronetEngine$Builder.createBuilderDelegate(PG:10)
07-26 20:23:56.598  1239  1351 D StrictMode: 	at org.chromium.net.CronetEngine$Builder.<init>(PG:1)
07-26 20:23:56.598  1239  1351 D StrictMode: 	at org.chromium.net.ExperimentalCronetEngine$Builder.<init>(PG:1)
07-26 20:23:56.598  1239  1351 D StrictMode: 	at afnu.e(PG:1379)
07-26 20:23:56.598  1239  1351 D StrictMode: 	at afnu.b(PG:1949)
07-26 20:23:56.598  1239  1351 D StrictMode: 	at dybq.b(PG:14)
07-26 20:23:56.598  1239  1351 D StrictMode: 	at afpd.v(PG:1)
07-26 20:23:56.598  1239  1351 D StrictMode: 	at afpd.b(PG:132)
07-26 20:23:56.598  1239  1351 D StrictMode: 	at dybq.b(PG:14)
07-26 20:23:56.598  1239  1351 D StrictMode: 	at aegj.b(PG:1)
07-26 20:23:56.598  1239  1351 D StrictMode: 	at aegi.get(PG:3)
07-26 20:23:56.598  1239  1351 D StrictMode: 	at dkng.get(PG:14)
07-26 20:23:56.598  1239  1351 D StrictMode: 	at aegj.a(PG:3)
07-26 20:23:56.598  1239  1351 D StrictMode: 	at btbk.a(PG:3)
07-26 20:23:56.598  1239  1351 D StrictMode: 	at bilz.a(PG:100)
07-26 20:23:56.598  1239  1351 D StrictMode: 	at bilx.b(PG:19)
07-26 20:23:56.598  1239  1351 D StrictMode: 	at eckk.w(PG:12)
07-26 20:23:56.598  1239  1351 D StrictMode: 	at ecvo.run(PG:109)
07-26 20:23:56.598  1239  1351 D StrictMode: 	at dhhl.run(PG:3)
07-26 20:23:56.598  1239  1351 D StrictMode: 	at cqcf.run(PG:3)
07-26 20:23:56.598  1239  1351 D StrictMode: 	at dlqr.run(PG:50)
07-26 20:23:56.598  1239  1351 D StrictMode: 	at cqfc.run(PG:18)
07-26 20:23:56.598  1239  1351 D StrictMode: 	at cqbm.run(PG:8)
07-26 20:23:56.598  1239  1351 D StrictMode: 	at java.lang.Thread.run(Thread.java:919)
07-26 20:23:56.598  1239  1351 D StrictMode: 	at cqdp.run(PG:64)
07-26 20:23:56.601  1239  1351 D StrictMode: StrictMode policy violation: android.os.strictmode.DiskReadViolation
07-26 20:23:56.601  1239  1351 D StrictMode: 	at android.os.StrictMode$AndroidBlockGuardPolicy.onReadFromDisk(StrictMode.java:1556)
07-26 20:23:56.601  1239  1351 D StrictMode: 	at libcore.io.BlockGuardOs.stat(BlockGuardOs.java:387)
07-26 20:23:56.601  1239  1351 D StrictMode: 	at libcore.io.ForwardingOs.stat(ForwardingOs.java:222)
07-26 20:23:56.601  1239  1351 D StrictMode: 	at android.app.ActivityThread$AndroidOs.stat(ActivityThread.java:7727)
07-26 20:23:56.601  1239  1351 D StrictMode: 	at dalvik.system.DexPathList.splitPaths(DexPathList.java:325)
07-26 20:23:56.601  1239  1351 D StrictMode: 	at dalvik.system.DexPathList.<init>(DexPathList.java:179)
07-26 20:23:56.601  1239  1351 D StrictMode: 	at dalvik.system.BaseDexClassLoader.<init>(BaseDexClassLoader.java:126)
07-26 20:23:56.601  1239  1351 D StrictMode: 	at dalvik.system.BaseDexClassLoader.<init>(BaseDexClassLoader.java:84)
07-26 20:23:56.601  1239  1351 D StrictMode: 	at dalvik.system.PathClassLoader.<init>(PathClassLoader.java:64)
07-26 20:23:56.601  1239  1351 D StrictMode: 	at dalvik.system.DelegateLastClassLoader.<init>(DelegateLastClassLoader.java:102)
07-26 20:23:56.601  1239  1351 D StrictMode: 	at dalvik.system.DelegateLastClassLoader.<init>(DelegateLastClassLoader.java:52)
07-26 20:23:56.601  1239  1351 D StrictMode: 	at com.google.android.gms.dynamite.DynamiteModule.b(PG:126)
07-26 20:23:56.601  1239  1351 D StrictMode: 	at cekb.b(PG:1)
07-26 20:23:56.601  1239  1351 D StrictMode: 	at cekc.a(PG:7)
07-26 20:23:56.601  1239  1351 D StrictMode: 	at com.google.android.gms.dynamite.DynamiteModule.d(PG:58)
07-26 20:23:56.601  1239  1351 D StrictMode: 	at cfji.b(PG:45)
07-26 20:23:56.601  1239  1351 D StrictMode: 	at com.google.android.gms.net.PlayServicesCronetProvider.tryToInstallCronetProvider(PG:6)
07-26 20:23:56.601  1239  1351 D StrictMode: 	at com.google.android.gms.net.PlayServicesCronetProvider.isEnabled(PG:1)
07-26 20:23:56.601  1239  1351 D StrictMode: 	at org.chromium.net.CronetEngine$Builder.getEnabledCronetProviders(PG:23)
07-26 20:23:56.601  1239  1351 D StrictMode: 	at org.chromium.net.CronetEngine$Builder.createBuilderDelegate(PG:10)
07-26 20:23:56.601  1239  1351 D StrictMode: 	at org.chromium.net.CronetEngine$Builder.<init>(PG:1)
07-26 20:23:56.601  1239  1351 D StrictMode: 	at org.chromium.net.ExperimentalCronetEngine$Builder.<init>(PG:1)
07-26 20:23:56.601  1239  1351 D StrictMode: 	at afnu.e(PG:1379)
07-26 20:23:56.601  1239  1351 D StrictMode: 	at afnu.b(PG:1949)
07-26 20:23:56.601  1239  1351 D StrictMode: 	at dybq.b(PG:14)
07-26 20:23:56.601  1239  1351 D StrictMode: 	at afpd.v(PG:1)
07-26 20:23:56.601  1239  1351 D StrictMode: 	at afpd.b(PG:132)
07-26 20:23:56.601  1239  1351 D StrictMode: 	at dybq.b(PG:14)
07-26 20:23:56.601  1239  1351 D StrictMode: 	at aegj.b(PG:1)
07-26 20:23:56.601  1239  1351 D StrictMode: 	at aegi.get(PG:3)
07-26 20:23:56.601  1239  1351 D StrictMode: 	at dkng.get(PG:14)
07-26 20:23:56.601  1239  1351 D StrictMode: 	at aegj.a(PG:3)
07-26 20:23:56.601  1239  1351 D StrictMode: 	at btbk.a(PG:3)
07-26 20:23:56.601  1239  1351 D StrictMode: 	at bilz.a(PG:100)
07-26 20:23:56.601  1239  1351 D StrictMode: 	at bilx.b(PG:19)
07-26 20:23:56.601  1239  1351 D StrictMode: 	at eckk.w(PG:12)
07-26 20:23:56.601  1239  1351 D StrictMode: 	at ecvo.run(PG:109)
07-26 20:23:56.601  1239  1351 D StrictMode: 	at dhhl.run(PG:3)
07-26 20:23:56.601  1239  1351 D StrictMode: 	at cqcf.run(PG:3)
07-26 20:23:56.601  1239  1351 D StrictMode: 	at dlqr.run(PG:50)
07-26 20:23:56.601  1239  1351 D StrictMode: 	at cqfc.run(PG:18)
07-26 20:23:56.601  1239  1351 D StrictMode: 	at cqbm.run(PG:8)
07-26 20:23:56.601  1239  1351 D StrictMode: 	at java.lang.Thread.run(Thread.java:919)
07-26 20:23:56.601  1239  1351 D StrictMode: 	at cqdp.run(PG:64)
07-26 20:23:56.602  1239  1351 D StrictMode: StrictMode policy violation: android.os.strictmode.DiskReadViolation
07-26 20:23:56.602  1239  1351 D StrictMode: 	at android.os.StrictMode$AndroidBlockGuardPolicy.onReadFromDisk(StrictMode.java:1556)
07-26 20:23:56.602  1239  1351 D StrictMode: 	at libcore.io.BlockGuardOs.stat(BlockGuardOs.java:387)
07-26 20:23:56.602  1239  1351 D StrictMode: 	at libcore.io.ForwardingOs.stat(ForwardingOs.java:222)
07-26 20:23:56.602  1239  1351 D StrictMode: 	at android.app.ActivityThread$AndroidOs.stat(ActivityThread.java:7727)
07-26 20:23:56.602  1239  1351 D StrictMode: 	at dalvik.system.DexPathList.splitPaths(DexPathList.java:325)
07-26 20:23:56.602  1239  1351 D StrictMode: 	at dalvik.system.DexPathList.<init>(DexPathList.java:179)
07-26 20:23:56.602  1239  1351 D StrictMode: 	at dalvik.system.BaseDexClassLoader.<init>(BaseDexClassLoader.java:126)
07-26 20:23:56.602  1239  1351 D StrictMode: 	at dalvik.system.BaseDexClassLoader.<init>(BaseDexClassLoader.java:84)
07-26 20:23:56.602  1239  1351 D StrictMode: 	at dalvik.system.PathClassLoader.<init>(PathClassLoader.java:64)
07-26 20:23:56.602  1239  1351 D StrictMode: 	at dalvik.system.DelegateLastClassLoader.<init>(DelegateLastClassLoader.java:102)
07-26 20:23:56.602  1239  1351 D StrictMode: 	at dalvik.system.DelegateLastClassLoader.<init>(DelegateLastClassLoader.java:52)
07-26 20:23:56.602  1239  1351 D StrictMode: 	at com.google.android.gms.dynamite.DynamiteModule.b(PG:126)
07-26 20:23:56.602  1239  1351 D StrictMode: 	at cekb.b(PG:1)
07-26 20:23:56.602  1239  1351 D StrictMode: 	at cekc.a(PG:7)
07-26 20:23:56.602  1239  1351 D StrictMode: 	at com.google.android.gms.dynamite.DynamiteModule.d(PG:58)
07-26 20:23:56.602  1239  1351 D StrictMode: 	at cfji.b(PG:45)
07-26 20:23:56.602  1239  1351 D StrictMode: 	at com.google.android.gms.net.PlayServicesCronetProvider.tryToInstallCronetProvider(PG:6)
07-26 20:23:56.602  1239  1351 D StrictMode: 	at com.google.android.gms.net.PlayServicesCronetProvider.isEnabled(PG:1)
07-26 20:23:56.602  1239  1351 D StrictMode: 	at org.chromium.net.CronetEngine$Builder.getEnabledCronetProviders(PG:23)
07-26 20:23:56.602  1239  1351 D StrictMode: 	at org.chromium.net.CronetEngine$Builder.createBuilderDelegate(PG:10)
07-26 20:23:56.602  1239  1351 D StrictMode: 	at org.chromium.net.CronetEngine$Builder.<init>(PG:1)
07-26 20:23:56.602  1239  1351 D StrictMode: 	at org.chromium.net.ExperimentalCronetEngine$Builder.<init>(PG:1)
07-26 20:23:56.602  1239  1351 D StrictMode: 	at afnu.e(PG:1379)
07-26 20:23:56.602  1239  1351 D StrictMode: 	at afnu.b(PG:1949)
07-26 20:23:56.602  1239  1351 D StrictMode: 	at dybq.b(PG:14)
07-26 20:23:56.602  1239  1351 D StrictMode: 	at afpd.v(PG:1)
07-26 20:23:56.602  1239  1351 D StrictMode: 	at afpd.b(PG:132)
07-26 20:23:56.602  1239  1351 D StrictMode: 	at dybq.b(PG:14)
07-26 20:23:56.602  1239  1351 D StrictMode: 	at aegj.b(PG:1)
07-26 20:23:56.602  1239  1351 D StrictMode: 	at aegi.get(PG:3)
07-26 20:23:56.602  1239  1351 D StrictMode: 	at dkng.get(PG:14)
07-26 20:23:56.602  1239  1351 D StrictMode: 	at aegj.a(PG:3)
07-26 20:23:56.602  1239  1351 D StrictMode: 	at btbk.a(PG:3)
07-26 20:23:56.602  1239  1351 D StrictMode: 	at bilz.a(PG:100)
07-26 20:23:56.602  1239  1351 D StrictMode: 	at bilx.b(PG:19)
07-26 20:23:56.602  1239  1351 D StrictMode: 	at eckk.w(PG:12)
07-26 20:23:56.602  1239  1351 D StrictMode: 	at ecvo.run(PG:109)
07-26 20:23:56.602  1239  1351 D StrictMode: 	at dhhl.run(PG:3)
07-26 20:23:56.602  1239  1351 D StrictMode: 	at cqcf.run(PG:3)
07-26 20:23:56.602  1239  1351 D StrictMode: 	at dlqr.run(PG:50)
07-26 20:23:56.602  1239  1351 D StrictMode: 	at cqfc.run(PG:18)
07-26 20:23:56.602  1239  1351 D StrictMode: 	at cqbm.run(PG:8)
07-26 20:23:56.602  1239  1351 D StrictMode: 	at java.lang.Thread.run(Thread.java:919)
07-26 20:23:56.602  1239  1351 D StrictMode: 	at cqdp.run(PG:64)
07-26 20:23:56.603  1239  1351 D StrictMode: StrictMode policy violation: android.os.strictmode.DiskReadViolation
07-26 20:23:56.603  1239  1351 D StrictMode: 	at android.os.StrictMode$AndroidBlockGuardPolicy.onReadFromDisk(StrictMode.java:1556)
07-26 20:23:56.603  1239  1351 D StrictMode: 	at java.io.UnixFileSystem.getBooleanAttributes(UnixFileSystem.java:250)
07-26 20:23:56.603  1239  1351 D StrictMode: 	at java.io.File.isDirectory(File.java:845)
07-26 20:23:56.603  1239  1351 D StrictMode: 	at dalvik.system.DexPathList.makePathElements(DexPathList.java:513)
07-26 20:23:56.603  1239  1351 D StrictMode: 	at dalvik.system.DexPathList.<init>(DexPathList.java:180)
07-26 20:23:56.603  1239  1351 D StrictMode: 	at dalvik.system.BaseDexClassLoader.<init>(BaseDexClassLoader.java:126)
07-26 20:23:56.603  1239  1351 D StrictMode: 	at dalvik.system.BaseDexClassLoader.<init>(BaseDexClassLoader.java:84)
07-26 20:23:56.603  1239  1351 D StrictMode: 	at dalvik.system.PathClassLoader.<init>(Pa