07-26 19:45:53.910   907   907 W HwBinder:907_3: type=1400 audit(0.0:269181): avc: denied { search } for name="0" dev="mmcblk0p45" ino=85 scontext=u:r:mtk_hal_camera:s0 tcontext=u:object_r:media_rw_data_file:s0 tclass=dir permissive=0
07-26 19:45:54.748   919   919 D AALLightSensor: newLux = 56, [55, 53] -> 56
07-26 19:45:53.634  1537  1576 I chatty  : uid=1000(system) ActivityManager identical 3 lines
07-26 19:45:54.635  1537  1576 W ActivityManager: Scheduling restart of crashed service com.heytap.habit.analysis/com.heytap.mcssdk.AppPushService in 1000ms
07-26 19:45:54.914  1537  1537 D TorchManagerService: temperature: 300, bTorchMode: false, switchOn: true, threshold: 460, showing: false, mbIsSafetyTemperatureScene: false
07-26 19:45:54.915   907 12672 E lsc_nvram: [do_mkdir] fail to mkdir [/sdcard/shading_otp]: 13[Permission denied] (do_mkdir){#65:vendor/mediatek/proprietary/hardware/mtkcam/aaa/source/isp_40/lsc_mgr/LscUtil.h}
07-26 19:45:54.910   907   907 W HwBinder:907_3: type=1400 audit(0.0:269182): avc: denied { search } for name="0" dev="mmcblk0p45" ino=85 scontext=u:r:mtk_hal_camera:s0 tcontext=u:object_r:media_rw_data_file:s0 tclass=dir permissive=0
07-26 19:45:55.249  1537  2153 I ActivityManager: Killing 25829:com.google.android.apps.messaging/u0a177 (adj 985): empty #9
07-26 19:45:54.910   907   907 W HwBinder:907_3: type=1400 audit(0.0:269183): avc: denied { search } for name="0" dev="mmcblk0p45" ino=85 scontext=u:r:mtk_hal_camera:s0 tcontext=u:object_r:media_rw_data_file:s0 tclass=dir permissive=0
07-26 19:45:55.252  1537  1578 I libprocessgroup: Successfully killed process cgroup uid 10177 pid 25829 in 0ms
07-26 19:45:55.254   745  8574 D AudioPolicyService: UidPolicy::onUidStateChanged() UID=10177 procState=20
07-26 19:45:55.323  1537  4594 V ActivityManager: Death received in com.android.server.am.ActivityManagerService$AppDeathRecipient@1915e90 for thread android.os.BinderProxy@9155389, mPid:25829,mApp:ProcessRecord{373e347 25829:com.google.android.apps.messaging/u0a177}
07-26 19:45:55.324   695   695 I Zygote  : Process 25829 exited due to signal 9 (Killed)
07-26 19:45:55.328  8544  8613 I DCS-BackgroundAppData: sendAppBgEvent: has no pkgName=com.google.android.apps.messaging
07-26 19:45:55.636  1537  1576 W ActivityManager: Scheduling restart of crashed service com.heytap.habit.analysis/com.heytap.mcssdk.AppPushService in 1000ms
07-26 19:45:55.741  1537  1699 E WifiVendorHal: getWifiLinkLayerStats_1_3_Internal(l.936) failed {.code = ERROR_NOT_SUPPORTED, .description = }
07-26 19:45:55.815 22636 22636 I ndroid.systemu: Explicit concurrent copying GC freed 3205(186KB) AllocSpace objects, 2(40KB) LOS objects, 66% free, 16MB/50MB, paused 192us total 286.661ms
07-26 19:45:55.815 22636 22636 I wangcan : 123#GC after keyguard gone
07-26 19:45:55.915   907 12672 E lsc_nvram: [do_mkdir] fail to mkdir [/sdcard/shading_otp]: 13[Permission denied] (do_mkdir){#65:vendor/mediatek/proprietary/hardware/mtkcam/aaa/source/isp_40/lsc_mgr/LscUtil.h}
07-26 19:45:55.910   907   907 W HwBinder:907_3: type=1400 audit(0.0:269184): avc: denied { search } for name="0" dev="mmcblk0p45" ino=85 scontext=u:r:mtk_hal_camera:s0 tcontext=u:object_r:media_rw_data_file:s0 tclass=dir permissive=0
07-26 19:45:55.910   907   907 W HwBinder:907_3: type=1400 audit(0.0:269185): avc: denied { search } for name="0" dev="mmcblk0p45" ino=85 scontext=u:r:mtk_hal_camera:s0 tcontext=u:object_r:media_rw_data_file:s0 tclass=dir permissive=0
07-26 19:45:56.130 26174 26174 D BoundBrokerSvc: onUnbind: Intent { act=com.google.android.gms.chromesync.service.firstparty.START dat=chimera-action: cmp=com.google.android.gms/.chimera.GmsApiService }
07-26 19:45:56.916   907 12672 E lsc_nvram: [do_mkdir] fail to mkdir [/sdcard/shading_otp]: 13[Permission denied] (do_mkdir){#65:vendor/mediatek/proprietary/hardware/mtkcam/aaa/source/isp_40/lsc_mgr/LscUtil.h}
07-26 19:45:56.910   907   907 W HwBinder:907_3: type=1400 audit(0.0:269186): avc: denied { search } for name="0" dev="mmcblk0p45" ino=85 scontext=u:r:mtk_hal_camera:s0 tcontext=u:object_r:media_rw_data_file:s0 tclass=dir permissive=0
07-26 19:45:56.910   907   907 W HwBinder:907_3: type=1400 audit(0.0:269187): avc: denied { search } for name="0" dev="mmcblk0p45" ino=85 scontext=u:r:mtk_hal_camera:s0 tcontext=u:object_r:media_rw_data_file:s0 tclass=dir permissive=0
07-26 19:45:57.512  1110  1206 I VoLTE IMCB-CM: receive the nessage from IMC #72
07-26 19:45:57.513  1110  1206 I VoLTE IMCB-CM: receive the nessage from IMC #72
07-26 19:45:57.513  1110  1110 I VoLTE IMCB: {{{{[process_msg] msg_id=100034(0x000186C2), dst=IMCB[2], IMCB_IMC_HEADER_FILE_VERNO=74, MSG_ID_IMC_IN_BEGIN=100000, IMC_FEATURE_BITMAP=0x3 @0#187
07-26 19:45:57.513  1110  1110 I VoLTE IMCB: ENTER imcb_imc_rat_change_ind_handler()@0#5292
07-26 19:45:57.513  1110  1110 I VoLTE IMCB: from rat type = 3, to ua rat = 12 imcb_rat_conv_to_ua()@0#140
07-26 19:45:57.513  1110  1110 I VoLTE IMCB: from rat type = 3, to ua rat = 12 @0#140
07-26 19:45:57.513  1110  1110 I VoLTE IMCB: Pure Mesage Send dest=UA[3], msg_id=10013(0x0000271D), len=192, IMCB_IMC_HEADER_FILE_VERNO=74, MSG_ID_IMC_IN_BEGIN=100000, IMC_FEATURE_BITMAP=0x3 imcb_send_to_COMM()@0#248
07-26 19:45:57.513  1110  1110 I VoLTE IMCB: EndofMessage process_msg()@0#236}}}}
07-26 19:45:57.513  1110  1110 I VoLTE IMCB: {{{{[process_msg] msg_id=100034(0x000186C2), dst=IMCB[2], IMCB_IMC_HEADER_FILE_VERNO=74, MSG_ID_IMC_IN_BEGIN=100000, IMC_FEATURE_BITMAP=0x3 @0#187
07-26 19:45:57.513  1110  1110 I VoLTE IMCB: ENTER imcb_imc_rat_change_ind_handler()@0#5292
07-26 19:45:57.513  1110  1110 I VoLTE IMCB: from rat type = 3, to ua rat = 12 imcb_rat_conv_to_ua()@0#140
07-26 19:45:57.513  1110  1110 I VoLTE IMCB: from rat type = 3, to ua rat = 12 @0#140
07-26 19:45:57.513  1110  1110 I VoLTE IMCB: Pure Mesage Send dest=UA[3], msg_id=10013(0x0000271D), len=192, IMCB_IMC_HEADER_FILE_VERNO=74, MSG_ID_IMC_IN_BEGIN=100000, IMC_FEATURE_BITMAP=0x3 imcb_send_to_COMM()@0#248
07-26 19:45:57.513  1110  1110 I VoLTE IMCB: EndofMessage process_msg()@0#236}}}}
07-26 19:45:57.619  2061  2061 D OppoSubscriptionController: innerCTCCard vimsi-->
07-26 19:45:57.620  2061  2061 D OppoSubscriptionController: innerCTCCard iccid-1-->null
07-26 19:45:57.621  2061  2061 D OppoSubscriptionController: isCTCCard iccid-2-->null
07-26 19:45:57.621  2061  2061 D OppoSubscriptionController: innerCTCCard vimsi-->404950976044744
07-26 19:45:57.622  2061  2061 D OppoSubscriptionController: innerCTCCard iccid-1-->null
07-26 19:45:57.622  2061  2061 D OppoSubscriptionController: isCTCCard-->return->false
07-26 19:45:57.650  2061  2061 E m.android.phon: Invalid ID 0x00000000.
07-26 19:45:57.682  2061  2061 D Entitlement-Op15ImsManagerExt: feature:2, phoneId:0
07-26 19:45:57.682  2061  2061 D Entitlement-Op15ImsManagerExt: in Op15fwkplugin, isEntitlementEnabled:true
07-26 19:45:57.683  2061  2061 D Entitlement-Op15ImsManagerExt: getSubIdUsingPhoneId:5, phoneId:0
07-26 19:45:57.684  2061  2061 D Entitlement-Op15ImsManagerExt: getSubIdUsingPhoneId:5, phoneId:0
07-26 19:45:57.685  2061  2061 D Entitlement-Op15ImsManagerExt: This operator is no need to check provision.
07-26 19:45:57.722 22636 22920 E SubscriptionManagerWrapper: java.lang.NoSuchMethodException: android.telephony.SubscriptionManager.getActiveDataSubscriptionId []
07-26 19:45:57.737  2061  2061 D ServiceStateProvider: subId=5
07-26 19:45:57.738 22636 22920 E SubscriptionManagerWrapper: java.lang.NoSuchMethodException: android.telephony.SubscriptionManager.getActiveDataSubscriptionId []
07-26 19:45:57.753 26632 26632 D CBReceiver: onReceive Intent { act=android.intent.action.SERVICE_STATE flg=0x1000010 cmp=com.android.cellbroadcastreceiver/.CellBroadcastReceiver (has extras) }
07-26 19:45:57.754 26632 26632 I CBReceiverApp: isHasCellBroadcast: true
07-26 19:45:57.755 26632 26632 D CBReceiver: onReceiveWithPrivilege(), action: android.intent.action.SERVICE_STATE
07-26 19:45:57.756   745  8574 D AudioPolicyService: UidPolicy::onUidStateChanged() UID=10056 procState=12
07-26 19:45:57.757 26632 26632 D CBReceiver: onReceiveWithPrivilege: ACTION_SERVICE_STATE_CHANGED--> onReceive  newState = 0
07-26 19:45:57.757 26632 26632 D CBReceiver: onReceiveWithPrivilege, same state, return.
07-26 19:45:57.759 22636 22920 E SubscriptionManagerWrapper: java.lang.NoSuchMethodException: android.telephony.SubscriptionManager.getActiveDataSubscriptionId []
07-26 19:45:57.760 22636 26112 E SubscriptionManagerWrapper: java.lang.NoSuchMethodException: android.telephony.SubscriptionManager.getActiveDataSubscriptionId []
07-26 19:45:57.784 22636 22920 E SubscriptionManagerWrapper: java.lang.NoSuchMethodException: android.telephony.SubscriptionManager.getActiveDataSubscriptionId []
07-26 19:45:57.786 22636 26112 E SubscriptionManagerWrapper: java.lang.NoSuchMethodException: android.telephony.SubscriptionManager.getActiveDataSubscriptionId []
07-26 19:45:57.794 22636 22920 E SubscriptionManagerWrapper: java.lang.NoSuchMethodException: android.telephony.SubscriptionManager.getActiveDataSubscriptionId []
07-26 19:45:57.795 22636 26112 E SubscriptionManagerWrapper: java.lang.NoSuchMethodException: android.telephony.SubscriptionManager.getActiveDataSubscriptionId []
07-26 19:45:57.798 22636 22920 E SubscriptionManagerWrapper: java.lang.NoSuchMethodException: android.telephony.SubscriptionManager.getActiveDataSubscriptionId []
07-26 19:45:57.799 22636 26112 E SubscriptionManagerWrapper: java.lang.NoSuchMethodException: android.telephony.SubscriptionManager.getActiveDataSubscriptionId []
07-26 19:45:57.805 22636 22920 E SubscriptionManagerWrapper: java.lang.NoSuchMethodException: android.telephony.SubscriptionManager.getActiveDataSubscriptionId []
07-26 19:45:57.805 22636 26112 E SubscriptionManagerWrapper: java.lang.NoSuchMethodException: android.telephony.SubscriptionManager.getActiveDataSubscriptionId []
07-26 19:45:57.820 22636 22920 E SubscriptionManagerWrapper: java.lang.NoSuchMethodException: android.telephony.SubscriptionManager.getActiveDataSubscriptionId []
07-26 19:45:57.827 22636 22920 E SubscriptionManagerWrapper: java.lang.NoSuchMethodException: android.telephony.SubscriptionManager.getActiveDataSubscriptionId []
07-26 19:45:57.917   907 12672 E lsc_nvram: [do_mkdir] fail to mkdir [/sdcard/shading_otp]: 13[Permission denied] (do_mkdir){#65:vendor/mediatek/proprietary/hardware/mtkcam/aaa/source/isp_40/lsc_mgr/LscUtil.h}
07-26 19:45:57.914   907   907 W HwBinder:907_3: type=1400 audit(0.0:269188): avc: denied { search } for name="0" dev="mmcblk0p45" ino=85 scontext=u:r:mtk_hal_camera:s0 tcontext=u:object_r:media_rw_data_file:s0 tclass=dir permissive=0
07-26 19:45:57.914   907   907 W HwBinder:907_3: type=1400 audit(0.0:269189): avc: denied { search } for name="0" dev="mmcblk0p45" ino=85 scontext=u:r:mtk_hal_camera:s0 tcontext=u:object_r:media_rw_data_file:s0 tclass=dir permissive=0
07-26 19:45:58.695   721   721 W         : thermal_hal: mtk_get_temperatures: failed to open directory /proc/mtktz/mtktsbattery: Unknown error -2
07-26 19:45:58.702   721   721 I chatty  : uid=1000(system) thermal@1.0-ser identical 4 lines
07-26 19:45:58.703   721   721 W         : thermal_hal: mtk_get_temperatures: failed to open directory /proc/mtktz/mtktsbattery: Unknown error -2
07-26 19:45:58.749  1537  1699 E WifiVendorHal: getWifiLinkLayerStats_1_3_Internal(l.936) failed {.code = ERROR_NOT_SUPPORTED, .description = }
07-26 19:45:58.917   907 12672 E lsc_nvram: [do_mkdir] fail to mkdir [/sdcard/shading_otp]: 13[Permission denied] (do_mkdir){#65:vendor/mediatek/proprietary/hardware/mtkcam/aaa/source/isp_40/lsc_mgr/LscUtil.h}
07-26 19:45:58.914   907   907 W HwBinder:907_3: type=1400 audit(0.0:269190): avc: denied { search } for name="0" dev="mmcblk0p45" ino=85 scontext=u:r:mtk_hal_camera:s0 tcontext=u:object_r:media_rw_data_file:s0 tclass=dir permissive=0
07-26 19:45:58.914   907   907 W HwBinder:907_3: type=1400 audit(0.0:269191): avc: denied { search } for name="0" dev="mmcblk0p45" ino=85 scontext=u:r:mtk_hal_camera:s0 tcontext=u:object_r:media_rw_data_file:s0 tclass=dir permissive=0
07-26 19:45:59.248 21740 21810 I CarrierServices: [18770] fau.handleMessage:39 RcsEngineImpl[DUAL_REG]:[98a46d09-e122]>Handler: handleMessage processing message:[NOTIFY_UPTIME_IGNORE_STATE_CHANGED] with [non-null]:RcsEngineImpl reference
07-26 19:45:59.249 21740 21811 I CarrierServices: [18771] eqy.c:51 Connected state: [1], networkType: [WIFI]
07-26 19:45:57.638  1537  1576 I chatty  : uid=1000(system) ActivityManager identical 2 lines
07-26 19:45:58.639  1537  1576 W ActivityManager: Scheduling restart of crashed service com.heytap.habit.analysis/com.heytap.mcssdk.AppPushService in 1000ms
07-26 19:45:59.261  1537  4594 D AppOps  : checkOperation: uid reject #1 for code 87 uid 10177 package com.google.android.apps.messaging
07-26 19:45:59.290   695   695 D Zygote  : Forked child process 26708
07-26 19:45:59.294  1537  1577 I ActivityManager: Start proc 26708:com.google.android.apps.messaging/u0a177 for content provider {com.google.android.apps.messaging/com.google.android.apps.messaging.shared.datamodel.provider.sharedstorage.SharedStorageProvider}
07-26 19:45:59.300 26708 26708 E .apps.messagin: Unknown bits set in runtime_flags: 0x8000
07-26 19:45:59.303 26708 26708 E .apps.messagin: Not starting debugger since process cannot load the jdwp agent.
07-26 19:45:59.308 26708 26708 E RefClass: java.lang.reflect.InvocationTargetException
07-26 19:45:59.310  1537  4601 V ActivityManager: New death recipient com.android.server.am.ActivityManagerService$AppDeathRecipient@cfe592d for thread android.os.BinderProxy@d45de62, pid:26708,mApp:null
07-26 19:45:59.313  1537  4601 D DEBUG_VISIBILITY: mOccluded:false lastOccluded:false
07-26 19:45:59.320   745  8574 D AudioPolicyService: UidPolicy::onUidStateChanged() UID=10177 procState=11
07-26 19:45:59.320   745  8574 D AudioPolicyService: UidPolicy::onUidStateChanged() UID=10056 procState=20
07-26 19:45:59.331 26708 26708 I .apps.messagin: The ClassLoaderContext is a special shared library.
07-26 19:45:59.432 26708 26708 W .apps.messagin: JIT profile information will not be recorded: profile file does not exits.
07-26 19:45:59.432 26708 26708 I chatty  : uid=10177(com.google.android.apps.messaging) identical 1 line
07-26 19:45:59.433 26708 26708 W .apps.messagin: JIT profile information will not be recorded: profile file does not exits.
07-26 19:45:59.467 26708 26708 I MultiDex: Installing application
07-26 19:45:59.472 26708 26708 I MultiDex: VM with version 2.1.0 has multidex support
07-26 19:45:59.472 26708 26708 I MultiDex: VM has multidex support, MultiDex support library is disabled.
07-26 19:45:59.640  1537  1576 W ActivityManager: Scheduling restart of crashed service com.heytap.habit.analysis/com.heytap.mcssdk.AppPushService in 1000ms
07-26 19:45:59.669 26708 26708 W .apps.messagin: Accessing hidden method Landroid/content/ContentProvider;->onCallingPackageChanged()V (blacklist, linking, denied)
07-26 19:45:59.725 26708 26708 I ddpk    : SslGuard completed installation.
07-26 19:45:59.738 26708 26708 I Bugle   : BugleApplicationBase: Bugle version: messages.android_20240416_00_rc03.phone_dynamic , Bugle version code: 229783063
07-26 19:45:59.743 26708 26708 I Bugle   : DarkModeManager: setDarkMode: -1
07-26 19:45:59.748   919   919 D AALLightSensor: newLux = 56, [52, 52] -> 56
07-26 19:45:59.757 22636 22636 I ndroid.systemu: Explicit concurrent copying GC freed 16584(753KB) AllocSpace objects, 0(0B) LOS objects, 66% free, 16MB/50MB, paused 198us total 231.783ms
07-26 19:45:59.758 22636 22636 I wangcan : 123#GC after keyguard gone
07-26 19:45:59.774   870   870 W bspCriticalLog: type=1400 audit(0.0:269192): avc: denied { search } for name="power_supply" dev="sysfs" ino=34704 scontext=u:r:bspCriticalLog:s0 tcontext=u:object_r:sysfs_battery_supply:s0 tclass=dir permissive=0
07-26 19:45:59.774   870   870 I chatty  : uid=1000(system) /system/bin/bspCriticalLog identical 1 line
07-26 19:45:59.774   870   870 W bspCriticalLog: type=1400 audit(0.0:269194): avc: denied { search } for name="power_supply" dev="sysfs" ino=34704 scontext=u:r:bspCriticalLog:s0 tcontext=u:object_r:sysfs_battery_supply:s0 tclass=dir permissive=0
07-26 19:45:59.795  1537  4594 I Process : ydh getFreeMemory tag = MemFree:
07-26 19:45:59.795  1537  4594 I Process : ydh getFreeMemory tag = Cached:
07-26 19:45:59.795  1537  4594 I Process : ydh getFreeMemory tag = Buffers:
07-26 19:45:59.795  1537  4594 I Process : ydh getFreeMemory tag = IonTotalCache:
07-26 19:45:59.795  1537  4594 I Process : ydh getFreeMemory val = 98232
07-26 19:45:59.795  1537  4594 I Process : ydh getFreeMemory val = 1015496
07-26 19:45:59.795  1537  4594 I Process : ydh getFreeMemory val = 18304
07-26 19:45:59.795  1537  4594 I Process : ydh getFreeMemory val = 1816
07-26 19:45:59.795  1537  4594 I Process : ydh getRealmeFreeMemory tag = MemFree:
07-26 19:45:59.795  1537  4594 I Process : ydh getRealmeFreeMemory tag = Buffers:
07-26 19:45:59.795  1537  4594 I Process : ydh getRealmeFreeMemory tag = Cached:
07-26 19:45:59.795  1537  4594 I Process : ydh getRealmeFreeMemory tag = SReclaimable:
07-26 19:45:59.795  1537  4594 I Process : ydh getRealmeFreeMemory tag = IonTotalCache:
07-26 19:45:59.795  1537  4594 I Process : ydh getRealmeFreeMemory val = 98232
07-26 19:45:59.795  1537  4594 I Process : ydh getRealmeFreeMemory val = 18304
07-26 19:45:59.795  1537  4594 I Process : ydh getRealmeFreeMemory val = 1015496
07-26 19:45:59.795  1537  4594 I Process : ydh getRealmeFreeMemory val = 59476
07-26 19:45:59.795  1537  4594 I Process : ydh getRealmeFreeMemory val = 1816
07-26 19:45:59.795  1537  4594 E Process : get_ion_cache_memory: Unable to open /d/ion/system_stats
07-26 19:45:59.797 21740 21810 I CarrierServices: [18770] ezm.f:78 ProvisioningEngineDataRetriever: Rcs is enabled from user settings: true
07-26 19:45:59.831 26708 26735 I Bugle   : Initializing EmojiCompat
07-26 19:45:59.839 26708 26735 I CarrierServices: Initializing Carrier Services Library. [CONTEXT thread_id=19096 ]
07-26 19:45:59.843 21495 21511 I FontLog : (REDACTED) Received query %s, URI %s
07-26 19:45:59.844 21495 21511 I FontLog : (REDACTED) Query [%s] resolved to %s
07-26 19:45:59.844 21495 21523 I FontLog : (REDACTED) Received query %s, URI %s
07-26 19:45:59.844 21495 21523 I FontLog : (REDACTED) Query [%s] resolved to %s
07-26 19:45:59.850 21495 21523 I FontLog : (REDACTED) Fetch %s end status %s
07-26 19:45:59.850 21495 21511 I FontLog : (REDACTED) Fetch %s end status %s
07-26 19:45:59.854 21495 21548 I FontLog : (REDACTED) Pulling font file for id = %d, cache size = %d
07-26 19:45:59.857 26708 26739 I Bugle   : DatabaseHelperBasic: sqlite version is 3.22.0
07-26 19:45:59.857 21495 21548 I FontLog : (REDACTED) Pulling font file for id = %d, cache size = %d
07-26 19:45:59.869 21495 21548 I chatty  : uid=10155(com.google.android.gms) Binder:21495_4 identical 1 line
07-26 19:45:59.872 21495 21548 I FontLog : (REDACTED) Pulling font file for id = %d, cache size = %d
07-26 19:45:59.880 26708 26735 I CarrierServices: Initializing Carrier Services Logging. [CONTEXT thread_id=19096 ]
07-26 19:45:59.895 26708 26736 I Bugle   : DatabaseHelperBasic: sqlite version is 3.22.0
07-26 19:45:59.918   907 12672 E lsc_nvram: [do_mkdir] fail to mkdir [/sdcard/shading_otp]: 13[Permission denied] (do_mkdir){#65:vendor/mediatek/proprietary/hardware/mtkcam/aaa/source/isp_40/lsc_mgr/LscUtil.h}
07-26 19:45:59.914   907   907 W HwBinder:907_3: type=1400 audit(0.0:269195): avc: denied { search } for name="0" dev="mmcblk0p45" ino=85 scontext=u:r:mtk_hal_camera:s0 tcontext=u:object_r:media_rw_data_file:s0 tclass=dir permissive=0
07-26 19:45:59.914   907   907 W HwBinder:907_3: type=1400 audit(0.0:269196): avc: denied { search } for name="0" dev="mmcblk0p45" ino=85 scontext=u:r:mtk_hal_camera:s0 tcontext=u:object_r:media_rw_data_file:s0 tclass=dir permissive=0
07-26 19:45:59.920 26708 26736 I BugleDataModel: HeavyWorkQueueEmptyObserver: Starting observation of WorkQueueWorkManagerTable
07-26 19:45:59.931 26708 26735 I LogSaver: LogSaver new instance with filename: carrier_services
07-26 19:45:59.963 26708 26735 I BugleBackup: Registering preference change listener for "bugle".
07-26 19:46:00.000  1537  1664 V AlarmManager: set(null) : type=3 when=147635234whenElapsed147640233maxWhen =147640233 win=0 interval=0 flags=0x1 pkg = android
07-26 19:46:00.010 26708 26736 I Bugle   : TelephonyManagerFactory: Returning per-subscription TelephonyManager (>= N) subscription{id:5}
07-26 19:46:00.114 26708 26736 I BugleRcsProvisioning: BugleSystemBindingManager: onBuglePhenotypeFlagChanged
07-26 19:46:00.117 26708 26734 I BugleRcsEngine: SystemBinding enabled: false [CONTEXT log_prefix="SystemBindingManager" thread_id=19095 ]
07-26 19:46:00.118 26708 26734 I BugleRcsEngine: System Binding updated [CONTEXT thread_id=19095 ]
07-26 19:46:00.140 26708 26736 I bqjp    : Not kicking off update transport registration because RCS provisioning change has not been received.
07-26 19:46:00.143 26708 26735 I BugleRcsEngine: Using config server URL from cgmz [CONTEXT log_prefix="ProvisioningServerUtil" thread_id=19096 ]
07-26 19:46:00.147  1537  4603 W ActivityManager: Background start not allowed: service Intent { cmp=com.google.android.apps.messaging/com.google.apps.tiktok.concurrent.AndroidFuturesService (has extras) } to com.google.android.apps.messaging/com.google.apps.tiktok.concurrent.AndroidFuturesService from pid=26708 uid=10177 pkg=com.google.android.apps.messaging startFg?=false
07-26 19:46:00.149 26708 26734 I BugleWorkQueue: WorkQueueLocalExecutor: unable to attach service -- probably in background already
07-26 19:46:00.159 26708 26734 D WM-PackageManagerHelper: Skipping component enablement for androidx.work.impl.background.systemjob.SystemJobService
07-26 19:46:00.159 26708 26734 D WM-Schedulers: Created SystemJobScheduler and enabled SystemJobService
07-26 19:46:00.209 26708 26741 W System  : ClassLoader referenced unknown path: /system/framework/mediatek-cta.jar
07-26 19:46:00.210 26708 26741 W CtaManagerFactory: CtaManagerFactoryImpl not found
07-26 19:46:00.641  1537  1576 W ActivityManager: Scheduling restart of crashed service com.heytap.habit.analysis/com.heytap.mcssdk.AppPushService in 1000ms
07-26 19:46:00.804   745  7364 D AudioPolicyService: UidPolicy::onUidStateChanged() UID=10177 procState=16
07-26 19:46:00.918   907 12672 E lsc_nvram: [do_mkdir] fail to mkdir [/sdcard/shading_otp]: 13[Permission denied] (do_mkdir){#65:vendor/mediatek/proprietary/hardware/mtkcam/aaa/source/isp_40/lsc_mgr/LscUtil.h}
07-26 19:46:00.914   907   907 W HwBinder:907_3: type=1400 audit(0.0:269197): avc: denied { search } for name="0" dev="mmcblk0p45" ino=85 scontext=u:r:mtk_hal_camera:s0 tcontext=u:object_r:media_rw_data_file:s0 tclass=dir permissive=0
07-26 19:46:00.914   907   907 W HwBinder:907_3: type=1400 audit(0.0:269198): avc: denied { search } for name="0" dev="mmcblk0p45" ino=85 scontext=u:r:mtk_hal_camera:s0 tcontext=u:object_r:media_rw_data_file:s0 tclass=dir permissive=0
07-26 19:46:01.050   745  7364 D AudioPolicyService: UidPolicy::onUidStateChanged() UID=10177 procState=9
07-26 19:46:01.060  1537  1537 D TorchManagerService: temperature: 300, bTorchMode: false, switchOn: true, threshold: 460, showing: false, mbIsSafetyTemperatureScene: false
07-26 19:46:01.090 26708 26752 D MddListenableWorkerFactory: createWorker for class: com.google.android.apps.messaging.shared.datamodel.workqueue.WorkQueueWorkerShim
07-26 19:46:01.104 26708 26750 I WM-WorkerWrapper: Worker result SUCCESS for Work [ id=491d1023-37cb-449a-b210-037d08cb6b93, tags={ com.google.android.apps.messaging.shared.datamodel.workqueue.WorkQueueWorkerShim,data_upgrade- } ]
07-26 19:46:01.113   745  7364 D AudioPolicyService: UidPolicy::onUidStateChanged() UID=10177 procState=11
07-26 19:46:01.221   745  7364 D AudioPolicyService: UidPolicy::onUidStateChanged() UID=10177 procState=16
07-26 19:46:01.068  1537  1537 I chatty  : uid=1000 system_server identical 1 line
07-26 19:46:01.386  1537  1537 D TorchManagerService: temperature: 300, bTorchMode: false, switchOn: true, threshold: 460, showing: false, mbIsSafetyTemperatureScene: false
07-26 19:46:01.643  1537  1576 W ActivityManager: Scheduling restart of crashed service com.heytap.habit.analysis/com.heytap.mcssdk.AppPushService in 1000ms
07-26 19:46:01.759  1537  1699 E WifiVendorHal: getWifiLinkLayerStats_1_3_Internal(l.936) failed {.code = ERROR_NOT_SUPPORTED, .description = }
07-26 19:46:01.919   907 12672 E lsc_nvram: [do_mkdir] fail to mkdir [/sdcard/shading_otp]: 13[Permission denied] (do_mkdir){#65:vendor/mediatek/proprietary/hardware/mtkcam/aaa/source/isp_40/lsc_mgr/LscUtil.h}
07-26 19:46:01.918   907   907 W HwBinder:907_3: type=1400 audit(0.0:269199): avc: denied { search } for name="0" dev="mmcblk0p45" ino=85 scontext=u:r:mtk_hal_camera:s0 tcontext=u:object_r:media_rw_data_file:s0 tclass=dir permissive=0
07-26 19:46:01.918   907   907 W HwBinder:907_3: type=1400 audit(0.0:269200): avc: denied { search } for name="0" dev="mmcblk0p45" ino=85 scontext=u:r:mtk_hal_camera:s0 tcontext=u:object_r:media_rw_data_file:s0 tclass=dir permissive=0
07-26 19:46:02.874 22636 22920 E SubscriptionManagerWrapper: java.lang.NoSuchMethodException: android.telephony.SubscriptionManager.getActiveDataSubscriptionId []
07-26 19:46:02.884 22636 22920 E SubscriptionManagerWrapper: java.lang.NoSuchMethodException: android.telephony.SubscriptionManager.getActiveDataSubscriptionId []
07-26 19:46:02.920   907 12672 E lsc_nvram: [do_mkdir] fail to mkdir [/sdcard/shading_otp]: 13[Permission denied] (do_mkdir){#65:vendor/mediatek/proprietary/hardware/mtkcam/aaa/source/isp_40/lsc_mgr/LscUtil.h}
07-26 19:46:02.914   907   907 W HwBinder:907_3: type=1400 audit(0.0:269201): avc: denied { search } for name="0" dev="mmcblk0p45" ino=85 scontext=u:r:mtk_hal_camera:s0 tcontext=u:object_r:media_rw_data_file:s0 tclass=dir permissive=0
07-26 19:46:02.914   907   907 W HwBinder:907_3: type=1400 audit(0.0:269202): avc: denied { search } for name="0" dev="mmcblk0p45" ino=85 scontext=u:r:mtk_hal_camera:s0 tcontext=u:object_r:media_rw_data_file:s0 tclass=dir permissive=0
07-26 19:46:03.811 22636 22636 I ndroid.systemu: Explicit concurrent copying GC freed 11579(565KB) AllocSpace objects, 6(120KB) LOS objects, 66% free, 16MB/50MB, paused 164us total 282.747ms
07-26 19:46:03.811 22636 22636 I wangcan : 123#GC after keyguard gone
07-26 19:46:03.914   907   907 W HwBinder:907_3: type=1400 audit(0.0:269203): avc: denied { search } for name="0" dev="mmcblk0p45" ino=85 scontext=u:r:mtk_hal_camera:s0 tcontext=u:object_r:media_rw_data_file:s0 tclass=dir permissive=0
07-26 19:46:03.921   907 12672 E lsc_nvram: [do_mkdir] fail to mkdir [/sdcard/shading_otp]: 13[Permission denied] (do_mkdir){#65:vendor/mediatek/proprietary/hardware/mtkcam/aaa/source/isp_40/lsc_mgr/LscUtil.h}
07-26 19:46:03.918   907   907 W HwBinder:907_3: type=1400 audit(0.0:269204): avc: denied { search } for name="0" dev="mmcblk0p45" ino=85 scontext=u:r:mtk_hal_camera:s0 tcontext=u:object_r:media_rw_data_file:s0 tclass=dir permissive=0
07-26 19:46:04.748   919   919 D AALLightSensor: newLux = 56, [52, 52] -> 56
07-26 19:46:04.768  1537  1699 E WifiVendorHal: getWifiLinkLayerStats_1_3_Internal(l.936) failed {.code = ERROR_NOT_SUPPORTED, .description = }
07-26 19:46:04.921   907 12672 E lsc_nvram: [do_mkdir] fail to mkdir [/sdcard/shading_otp]: 13[Permission denied] (do_mkdir){#65:vendor/mediatek/proprietary/hardware/mtkcam/aaa/source/isp_40/lsc_mgr/LscUtil.h}
07-26 19:46:04.918   907   907 W HwBinder:907_3: type=1400 audit(0.0:269205): avc: denied { search } for name="0" dev="mmcblk0p45" ino=85 scontext=u:r:mtk_hal_camera:s0 tcontext=u:object_r:media_rw_data_file:s0 tclass=dir permissive=0
07-26 19:46:03.646  1537  1576 I chatty  : uid=1000(system) ActivityManager identical 2 lines
07-26 19:46:04.647  1537  1576 W ActivityManager: Scheduling restart of crashed service com.heytap.habit.analysis/com.heytap.mcssdk.AppPushService in 1000ms
07-26 19:46:05.000  1537  1664 V AlarmManager: set(null) : type=3 when=147695233whenElapsed147695233maxWhen =147695233 win=0 interval=0 flags=0x1 pkg = android
07-26 19:46:05.648  1537  1576 W ActivityManager: Scheduling restart of crashed service com.heytap.habit.analysis/com.heytap.mcssdk.AppPushService in 1000ms
07-26 19:46:04.918   907   907 W HwBinder:907_3: type=1400 audit(0.0:269206): avc: denied { search } for name="0" dev="mmcblk0p45" ino=85 scontext=u:r:mtk_hal_camera:s0 tcontext=u:object_r:media_rw_data_file:s0 tclass=dir permissive=0
07-26 19:46:05.849   750   750 I lowmemorykiller: 3 memory pressure events were skipped after a kill!
07-26 19:46:05.918   907   907 W HwBinder:907_3: type=1400 audit(0.0:269207): avc: denied { search } for name="0" dev="mmcblk0p45" ino=85 scontext=u:r:mtk_hal_camera:s0 tcontext=u:object_r:media_rw_data_file:s0 tclass=dir permissive=0
07-26 19:46:05.922   907 12672 E lsc_nvram: [do_mkdir] fail to mkdir [/sdcard/shading_otp]: 13[Permission denied] (do_mkdir){#65:vendor/mediatek/proprietary/hardware/mtkcam/aaa/source/isp_40/lsc_mgr/LscUtil.h}
07-26 19:46:05.918   907   907 W HwBinder:907_3: type=1400 audit(0.0:269208): avc: denied { search } for name="0" dev="mmcblk0p45" ino=85 scontext=u:r:mtk_hal_camera:s0 tcontext=u:object_r:media_rw_data_file:s0 tclass=dir permissive=0
07-26 19:46:05.957   750   750 I lowmemorykiller: 8 memory pressure events were skipped after a kill!
07-26 19:46:06.066   750   750 I chatty  : uid=1069(lmkd) /system/bin/lmkd identical 1 line
07-26 19:46:06.172   750   750 I lowmemorykiller: 8 memory pressure events were skipped after a kill!
07-26 19:46:06.261  1537  1565 D AES     : AEEIOCTL_GET/SET_SF_STATE IOCTL,cmd= 1074294797, lParam=0. 
07-26 19:46:06.261  1537  1565 W Watchdog: **Get SF Time **0
07-26 19:46:06.261  1537  1565 D AES     : AEEIOCTL_RT_MON_Kick IOCTL,cmd= 2147774474, lParam=300. 
07-26 19:46:06.281   750   750 I lowmemorykiller: 8 memory pressure events were skipped after a kill!
07-26 19:46:06.336 26225 26270 W chromium: [WARNING:ev_root_ca_metadata.cc(119)] Not implemented
07-26 19:46:06.389   750   750 I lowmemorykiller: 8 memory pressure events were skipped after a kill!
07-26 19:46:06.649  1537  1576 W ActivityManager: Scheduling restart of crashed service com.heytap.habit.analysis/com.heytap.mcssdk.AppPushService in 1000ms
07-26 19:46:06.605   750   750 I chatty  : uid=1069(lmkd) /system/bin/lmkd identical 2 lines
07-26 19:46:06.713   750   750 I lowmemorykiller: 8 memory pressure events were skipped after a kill!
07-26 19:46:06.761 26708 26726 V ClearcutMetricXmitter: Transmission is done.
07-26 19:46:06.820   750   750 I lowmemorykiller: 8 memory pressure events were skipped after a kill!
07-26 19:46:06.923   907 12672 E lsc_nvram: [do_mkdir] fail to mkdir [/sdcard/shading_otp]: 13[Permission denied] (do_mkdir){#65:vendor/mediatek/proprietary/hardware/mtkcam/aaa/source/isp_40/lsc_mgr/LscUtil.h}
07-26 19:46:06.918   907   907 W HwBinder:907_3: type=1400 audit(0.0:269209): avc: denied { search } for name="0" dev="mmcblk0p45" ino=85 scontext=u:r:mtk_hal_camera:s0 tcontext=u:object_r:media_rw_data_file:s0 tclass=dir permissive=0
07-26 19:46:06.945  1537  1537 D TorchManagerService: temperature: 300, bTorchMode: false, switchOn: true, threshold: 460, showing: false, mbIsSafetyTemperatureScene: false
07-26 19:46:06.957  1537  1537 D TorchManagerService: temperature: 300, bTorchMode: false, switchOn: true, threshold: 460, showing: false, mbIsSafetyTemperatureScene: false
07-26 19:46:07.650  1537  1576 W ActivityManager: Scheduling restart of crashed service com.heytap.habit.analysis/com.heytap.mcssdk.AppPushService in 1000ms
07-26 19:46:06.918   907   907 W HwBinder:907_3: type=1400 audit(0.0:269210): avc: denied { search } for name="0" dev="mmcblk0p45" ino=85 scontext=u:r:mtk_hal_camera:s0 tcontext=u:object_r:media_rw_data_file:s0 tclass=dir permissive=0
07-26 19:46:07.777  1537  1699 E WifiVendorHal: getWifiLinkLayerStats_1_3_Internal(l.936) failed {.code = ERROR_NOT_SUPPORTED, .description = }
07-26 19:46:07.923   907 12672 E lsc_nvram: [do_mkdir] fail to mkdir [/sdcard/shading_otp]: 13[Permission denied] (do_mkdir){#65:vendor/mediatek/proprietary/hardware/mtkcam/aaa/source/isp_40/lsc_mgr/LscUtil.h}
07-26 19:46:07.918   907   907 W HwBinder:907_3: type=1400 audit(0.0:269211): avc: denied { search } for name="0" dev="mmcblk0p45" ino=85 scontext=u:r:mtk_hal_camera:s0 tcontext=u:object_r:media_rw_data_file:s0 tclass=dir permissive=0
07-26 19:46:07.918   907   907 W HwBinder:907_3: type=1400 audit(0.0:269212): avc: denied { search } for name="0" dev="mmcblk0p45" ino=85 scontext=u:r:mtk_hal_camera:s0 tcontext=u:object_r:media_rw_data_file:s0 tclass=dir permissive=0
07-26 19:46:07.968   745  7364 D AudioPolicyService: UidPolicy::onUidStateChanged() UID=10058 procState=11
07-26 19:46:08.287 22636 22636 I ndroid.systemu: Explicit concurrent copying GC freed 10001(458KB) AllocSpace objects, 4(80KB) LOS objects, 66% free, 16MB/50MB, paused 204us total 260.098ms
07-26 19:46:08.287 22636 22636 I wangcan : 123#GC after keyguard gone
07-26 19:46:08.695   721   721 W         : thermal_hal: mtk_get_temperatures: failed to open directory /proc/mtktz/mtktsbattery: Unknown error -2
07-26 19:46:08.702   721   721 I chatty  : uid=1000(system) thermal@1.0-ser identical 4 lines
07-26 19:46:08.703   721   721 W         : thermal_hal: mtk_get_temperatures: failed to open directory /proc/mtktz/mtktsbattery: Unknown error -2
07-26 19:46:08.924   907 12672 E lsc_nvram: [do_mkdir] fail to mkdir [/sdcard/shading_otp]: 13[Permission denied] (do_mkdir){#65:vendor/mediatek/proprietary/hardware/mtkcam/aaa/source/isp_40/lsc_mgr/LscUtil.h}
07-26 19:46:08.918   907   907 W HwBinder:907_3: type=1400 audit(0.0:269213): avc: denied { search } for name="0" dev="mmcblk0p45" ino=85 scontext=u:r:mtk_hal_camera:s0 tcontext=u:object_r:media_rw_data_file:s0 tclass=dir permissive=0
07-26 19:46:08.918   907   907 W HwBinder:907_3: type=1400 audit(0.0:269214): avc: denied { search } for name="0" dev="mmcblk0p45" ino=85 scontext=u:r:mtk_hal_camera:s0 tcontext=u:object_r:media_rw_data_file:s0 tclass=dir permissive=0
07-26 19:46:09.748   919   919 D AALLightSensor: newLux = 56, [53, 52] -> 56
07-26 19:46:09.925   907 12672 E lsc_nvram: [do_mkdir] fail to mkdir [/sdcard/shading_otp]: 13[Permission denied] (do_mkdir){#65:vendor/mediatek/proprietary/hardware/mtkcam/aaa/source/isp_40/lsc_mgr/LscUtil.h}
07-26 19:46:09.922   907   907 W HwBinder:907_3: type=1400 audit(0.0:269215): avc: denied { search } for name="0" dev="mmcblk0p45" ino=85 scontext=u:r:mtk_hal_camera:s0 tcontext=u:object_r:media_rw_data_file:s0 tclass=dir permissive=0
07-26 19:46:09.922   907   907 W HwBinder:907_3: type=1400 audit(0.0:269216): avc: denied { search } for name="0" dev="mmcblk0p45" ino=85 scontext=u:r:mtk_hal_camera:s0 tcontext=u:object_r:media_rw_data_file:s0 tclass=dir permissive=0
07-26 19:46:10.785  1537  1699 E WifiVendorHal: getWifiLinkLayerStats_1_3_Internal(l.936) failed {.code = ERROR_NOT_SUPPORTED, .description = }
07-26 19:46:10.925   907 12672 E lsc_nvram: [do_mkdir] fail to mkdir [/sdcard/shading_otp]: 13[Permission denied] (do_mkdir){#65:vendor/mediatek/proprietary/hardware/mtkcam/aaa/source/isp_40/lsc_mgr/LscUtil.h}
07-26 19:46:10.922   907   907 W HwBinder:907_3: type=1400 audit(0.0:269217): avc: denied { search } for name="0" dev="mmcblk0p45" ino=85 scontext=u:r:mtk_hal_camera:s0 tcontext=u:object_r:media_rw_data_file:s0 tclass=dir permissive=0
07-26 19:46:10.922   907   907 W HwBinder:907_3: type=1400 audit(0.0:269218): avc: denied { search } for name="0" dev="mmcblk0p45" ino=85 scontext=u:r:mtk_hal_camera:s0 tcontext=u:object_r:media_rw_data_file:s0 tclass=dir permissive=0
07-26 19:46:11.819 22636 22636 I ndroid.systemu: Explicit concurrent copying GC freed 1979(96KB) AllocSpace objects, 0(0B) LOS objects, 66% free, 16MB/50MB, paused 199us total 286.383ms
07-26 19:46:11.820 22636 22636 I wangcan : 123#GC after keyguard gone
07-26 19:46:11.926   907 12672 E lsc_nvram: [do_mkdir] fail to mkdir [/sdcard/shading_otp]: 13[Permission denied] (do_mkdir){#65:vendor/mediatek/proprietary/hardware/mtkcam/aaa/source/isp_40/lsc_mgr/LscUtil.h}
07-26 19:46:11.922   907   907 W HwBinder:907_3: type=1400 audit(0.0:269219): avc: denied { search } for name="0" dev="mmcblk0p45" ino=85 scontext=u:r:mtk_hal_camera:s0 tcontext=u:object_r:media_rw_data_file:s0 tclass=dir permissive=0
07-26 19:46:11.922   907   907 W HwBinder:907_3: type=1400 audit(0.0:269220): avc: denied { search } for name="0" dev="mmcblk0p45" ino=85 scontext=u:r:mtk_hal_camera:s0 tcontext=u:object_r:media_rw_data_file:s0 tclass=dir permissive=0
07-26 19:46:12.272 22636 22920 E SubscriptionManagerWrapper: java.lang.NoSuchMethodException: android.telephony.SubscriptionManager.getActiveDataSubscriptionId []
07-26 19:46:11.654  1537  1576 I chatty  : uid=1000(system) ActivityManager identical 4 lines
07-26 19:46:12.655  1537  1576 W ActivityManager: Scheduling restart of crashed service com.heytap.habit.analysis/com.heytap.mcssdk.AppPushService in 1000ms
07-26 19:46:12.833  1537  1537 D TorchManagerService: temperature: 300, bTorchMode: false, switchOn: true, threshold: 460, showing: false, mbIsSafetyTemperatureScene: false
07-26 19:46:12.282 22636 22920 E SubscriptionManagerWrapper: java.lang.NoSuchMethodException: android.telephony.SubscriptionManager.getActiveDataSubscriptionId []
07-26 19:46:12.926   907 12672 E lsc_nvram: [do_mkdir] fail to mkdir [/sdcard/shading_otp]: 13[Permission denied] (do_mkdir){#65:vendor/mediatek/proprietary/hardware/mtkcam/aaa/source/isp_40/lsc_mgr/LscUtil.h}
07-26 19:46:12.922   907   907 W HwBinder:907_3: type=1400 audit(0.0:269221): avc: denied { search } for name="0" dev="mmcblk0p45" ino=85 scontext=u:r:mtk_hal_camera:s0 tcontext=u:object_r:media_rw_data_file:s0 tclass=dir permissive=0
07-26 19:46:13.657  1537  1576 W ActivityManager: Scheduling restart of crashed service com.heytap.habit.analysis/com.heytap.mcssdk.AppPushService in 1000ms
07-26 19:46:12.922   907   907 W HwBinder:907_3: type=1400 audit(0.0:269222): avc: denied { search } for name="0" dev="mmcblk0p45" ino=85 scontext=u:r:mtk_hal_camera:s0 tcontext=u:object_r:media_rw_data_file:s0 tclass=dir permissive=0
07-26 19:46:13.794  1537  1699 E WifiVendorHal: getWifiLinkLayerStats_1_3_Internal(l.936) failed {.code = ERROR_NOT_SUPPORTED, .description = }
07-26 19:46:13.927   907 12672 E lsc_nvram: [do_mkdir] fail to mkdir [/sdcard/shading_otp]: 13[Permission denied] (do_mkdir){#65:vendor/mediatek/proprietary/hardware/mtkcam/aaa/source/isp_40/lsc_mgr/LscUtil.h}
07-26 19:46:13.922   907   907 W HwBinder:907_3: type=1400 audit(0.0:269223): avc: denied { search } for name="0" dev="mmcblk0p45" ino=85 scontext=u:r:mtk_hal_camera:s0 tcontext=u:object_r:media_rw_data_file:s0 tclass=dir permissive=0
07-26 19:46:13.922   907   907 W HwBinder:907_3: type=1400 audit(0.0:269224): avc: denied { search } for name="0" dev="mmcblk0p45" ino=85 scontext=u:r:mtk_hal_camera:s0 tcontext=u:object_r:media_rw_data_file:s0 tclass=dir permissive=0
07-26 19:46:14.748   919   919 D AALLightSensor: newLux = 56, [54, 52] -> 56
07-26 19:46:14.763 26708 26750 I Bugle   : BugleStartup: Registering SIM change receiver...
07-26 19:46:14.765 26708 26750 I Bugle   : BugleStartup: Updating app config...
07-26 19:46:14.778 26708 26750 I Bugle   : BugleStartup: Done with SIM change receiver & app config.
07-26 19:46:14.779 26708 26750 I Bugle   : BugleStartup: Handling shared prefs upgrade & Load MMS Configuration...
07-26 19:46:14.814 26708 26708 I bmux    : Carrier config changed. Reloading MMS config.
07-26 19:46:14.822 26708 26767 I BugleRcsEngine: do not delay first event [CONTEXT thread_id=19118 ]
07-26 19:46:14.827 26708 26736 I Bugle   : BugleStartup: Initializing RCS availability...
07-26 19:46:14.827 26708 26708 I BugleSimStateTracker: Handling SIM intents from AsyncTelephonySimStateReceiver.
07-26 19:46:14.828 26708 26708 I BugleSimStateTracker: Handling SIM intents from AsyncTelephonySimStateReceiver.
07-26 19:46:14.834 26708 26767 I BugleRcsEngine: Processing an intent [CONTEXT log_prefix="(Sim)" thread_id=19118 ]
07-26 19:46:14.841 26708 26737 W BugleRcsEngine: EXTRA_SLOT_KEY is not available. use PHONE_KEY:1 [CONTEXT log_prefix="(Sim)" thread_id=19098 ]
07-26 19:46:14.846 26708 26736 I Bugle   : BugleStartup: Done with RCS availability.
07-26 19:46:14.847 26708 26736 I Bugle   : BugleStartup: Done initializing with enabled individual init failures.
07-26 19:46:14.849 26708 26750 W Phlogger: Shared storage file not found for com.google.android.libraries.consentverifier#com.google.android.apps.messaging
07-26 19:46:14.850 26708 26749 W Bugle   : BuglePhoneNumberUtils: canonicalizeMccMnc: invalid mccmnc. mcc: null, mnc: null
07-26 19:46:14.854 26708 26767 I BugleRcsEngine: SIM state LOADED [CONTEXT log_prefix="(Sim)" thread_id=19118 ]
07-26 19:46:14.859 26708 26737 I BugleRcsEngine: SIM state event delay enabled: attempts 0, maxAttempts 3, delaySeconds 90 MSIM delayseconds 90, effective delay seconds 90 [CONTEXT thread_id=19098 ]
07-26 19:46:14.860 26708 26737 I BugleRcsEngine: posted simEventProcessTask to handler with delay 90 [CONTEXT thread_id=19098 ]
07-26 19:46:14.862 26708 26737 I BugleRcsEngine: delay SIM event: android.intent.action.SIM_STATE_CHANGED, ABSENT [CONTEXT log_prefix="(Sim)" thread_id=19098 ]
07-26 19:46:14.873 26708 26767 I BugleRcsEngine: SIM changed: false. current id: redacted-pii:sim_id[chars:20,last3:62F]; stored id: redacted-pii:sim_id[chars:20,last3:62F]; isFiDevice: false; subId: 5; slotIndex: 0 [CONTEXT log_prefix="(Sim)" thread_id=19118 ]
07-26 19:46:14.881 26708 26752 W Bugle   : BuglePhoneNumberUtils: canonicalizeMccMnc: invalid mccmnc. mcc: null, mnc: null
07-26 19:46:14.886 26708 26767 I BugleRcsEngine: Skipping writing subId because this is main bugle process. [CONTEXT log_prefix="(Sim)" thread_id=19118 ]
07-26 19:46:14.898 26708 26767 I BugleRcsEngine: Updated SIM info: currentSimId: redacted-pii:sim_id[chars:20,last3:62F]; imsi: redacted-pii:imsi[chars:15]; rawMsisdn: redacted-pii:phone_number[chars:0,last2:]; formattedMsisdn: redacted-pii:phone_number[chars:0,last2:]; mccmnc: redacted-pii:sim_operator[chars:5]; gid1: redacted-pii:sim_gid[chars:20]; isFiDevice: false; subId: 5; slotIndex: 0 [CONTEXT log_prefix="(Sim)" thread_id=19118 ]
07-26 19:46:14.900 26708 26750 W Phlogger: Shared storage file not found for com.google.android.libraries.internal.growth.growthkit#com.google.android.apps.messaging
07-26 19:46:14.906 26708 26767 I BugleRcsEngine: Handling SIM_LOADED in PhoneSimsStateUpdater. [CONTEXT log_prefix="(Sim)" thread_id=19118 ]
07-26 19:46:14.916 26708 26737 I BugleRcsEngine: SIM state event delay enabled: attempts 1, maxAttempts 3, delaySeconds 90 MSIM delayseconds 90, effective delay seconds 90 [CONTEXT thread_id=19098 ]
07-26 19:46:14.917 26708 26735 I BugleJobs: Starts to observe table change.
07-26 19:46:14.917 26708 26737 I BugleRcsEngine: posted simEventProcessTask to handler with delay 90 [CONTEXT thread_id=19098 ]
07-26 19:46:14.918 26708 26737 I BugleRcsEngine: delay SIM event: android.intent.action.ACTION_DEFAULT_DATA_SUBSCRIPTION_CHANGED, null [CONTEXT log_prefix="(Sim)" thread_id=19098 ]
07-26 19:46:14.925 26708 26734 I BugleSimStateTracker: allNewlyBuiltSimSubscriptionInfos (simId, loggableGuid): [(redacted-pii:sim_id[chars:20,last3:62F], 5feeaa23-8642-430e-956d-7bb763d8729c)]
07-26 19:46:14.926 26708 26734 I BugleSimStateTracker: Storing updatedSimSubscriptionInfos: [(redacted-pii:sim_id[chars:20,last3:62F], 5feeaa23-8642-430e-956d-7bb763d8729c)]
07-26 19:46:14.922   907   907 W HwBinder:907_3: type=1400 audit(0.0:269225): avc: denied { search } for name="0" dev="mmcblk0p45" ino=85 scontext=u:r:mtk_hal_camera:s0 tcontext=u:object_r:media_rw_data_file:s0 tclass=dir permissive=0
07-26 19:46:14.922   907   907 W HwBinder:907_3: type=1400 audit(0.0:269226): avc: denied { search } for name="0" dev="mmcblk0p45" ino=85 scontext=u:r:mtk_hal_camera:s0 tcontext=u:object_r:media_rw_data_file:s0 tclass=dir permissive=0
07-26 19:46:14.928   907 12672 E lsc_nvram: [do_mkdir] fail to mkdir [/sdcard/shading_otp]: 13[Permission denied] (do_mkdir){#65:vendor/mediatek/proprietary/hardware/mtkcam/aaa/source/isp_40/lsc_mgr/LscUtil.h}
07-26 19:46:14.930 26708 26734 I BugleSimStateTracker: Handling SIM loaded event for all SIMs on first update: [(redacted-pii[20-chars], 5feeaa23-8642-430e-956d-7bb763d8729c)]
07-26 19:46:14.932 26708 26730 I BugleJobs: Icing index repair service is not scheduled. [CONTEXT class_name="IcingMonitoringUtils" ]
07-26 19:46:14.940 26708 26737 I BugleRcsEngine: SIM state event delay enabled: attempts 2, maxAttempts 3, delaySeconds 90 MSIM delayseconds 90, effective delay seconds 90 [CONTEXT thread_id=19098 ]
07-26 19:46:14.942 26708 26737 I BugleRcsEngine: posted simEventProcessTask to handler with delay 90 [CONTEXT thread_id=19098 ]
07-26 19:46:14.943 26708 26737 I BugleRcsEngine: delay SIM event: android.intent.action.ACTION_DEFAULT_VOICE_SUBSCRIPTION_CHANGED, null [CONTEXT log_prefix="(Sim)" thread_id=19098 ]
07-26 19:46:14.948 26708 26769 I GnpSdk  : set is [].
07-26 19:46:14.948 26708 26747 I Forking : Starting analysis.
07-26 19:46:14.952 26708 26747 I Misthreading: Starting analysis.
07-26 19:46:14.967 26708 26735 I Bugle   : RcsAvailabilityUtilForProvisioningEngineV2: updateAvailabilityForAllSimsAsync, hint: NO_HINT
07-26 19:46:14.969 26708 26735 I RcsAvailabilityUpdaterL: updateAvailabilityForAllSimsAsync: scheduling updateAvailabilityForRcsProvisioningId call. Hint: NO_HINT, enableWelcomePopupWithoutGoogleTos: false, reshowSuccessPopup: false
07-26 19:46:14.972 26708 26736 I RcsAvailabilityUpdaterL: updateRcsAvailabilityForDefaultCallSim: hint: NO_HINT, canReshowWelcomeMessage: false
07-26 19:46:14.988 26708 26749 I MobileConfigurationApi: registerParameters successfully stored 4 parameters
07-26 19:46:14.992 26708 26749 I SyncScheduler: scheduling sync for 0 seconds later, policy = KEEP
07-26 19:46:15.009 26708 26737 I FirebaseApp: Device unlocked: initializing all Firebase APIs for app [DEFAULT]
07-26 19:46:15.014 26708 26736 W BugleRcsEngine: [SR]: Single Registration is disabled. Skipping Single Registration capability check for subId: 5, OS.isAtLeastS:[false], enableSingleRegistrationProvisioning:[false] [CONTEXT thread_id=19097 ]
07-26 19:46:15.029 26708 26735 I BugleNetwork: FirebaseRegistrationStartupTask: Enabling Firebase component
07-26 19:46:15.054 26708 26736 I RcsAvailabilityUpdaterL: RcsAvailability configuration availability and enabled status: simId: redacted-pii:sim_id[chars:20,last3:62F], SipConnectionType: DUAL_REG, isConfigurationAvailableAndEnabled: true
07-26 19:46:15.055 26708 26736 I BugleRcsEngine: Using config server URL from bhkx [CONTEXT log_prefix="ProvisioningServerUtil" thread_id=19097 ]
07-26 19:46:15.056 26708 26769 I Bugle   : RcsAvailabilityUtilForProvisioningEngineV2: onCsLibPhenotypeUpdated
07-26 19:46:15.059 26708 26730 I BugleRcsEngine: SystemBinding enabled: false [CONTEXT log_prefix="SystemBindingManager" thread_id=19091 ]
07-26 19:46:15.060 26708 26730 I BugleRcsEngine: System Binding updated [CONTEXT thread_id=19091 ]
07-26 19:46:15.061 26708 26750 I BugleRcsProvisioning: BugleSystemBindingManager: onBuglePhenotypeFlagChanged
07-26 19:46:15.065 26708 26773 I BugleRcsEngine: SystemBinding enabled: false [CONTEXT log_prefix="SystemBindingManager" thread_id=19123 ]
07-26 19:46:15.066 26708 26773 I BugleRcsEngine: System Binding updated [CONTEXT thread_id=19123 ]
07-26 19:46:15.070 26708 26736 I RcsAvailabilityUpdaterL: RcsAvailability: Subscription Id: 5, simId: redacted-pii:sim_id[chars:20,last3:62F], sipConnectionType: DUAL_REG, isRcsAvailable: true
07-26 19:46:15.071 26708 26736 I RcsAvailabilityUpdaterL: updateAvailabilityForRcsProvisioningId. SimId: redacted-pii:sim_id[chars:20,last3:62F], currentAvailability: 1, newAvailability: 7, hint: NO_HINT
07-26 19:46:15.071 26708 26749 I BugleRcsEngine: Using config server URL from cgmz [CONTEXT log_prefix="ProvisioningServerUtil" thread_id=19110 ]
07-26 19:46:15.073 26708 26735 I Bugle   : CountryCodeDetector: updateSmsNetworkCountry from default subscription network country. detected country: in
07-26 19:46:15.075 26708 26736 I BugleRcsEngine: Receive onRcsAvailabilityUpdate, SIM = redacted-pii:sim_id[chars:20,last3:62F], availability = RcsAvailability{mAvailability=AVAILABLE (RCS is setup)} [CONTEXT log_prefix="RcsProvisioningManager" thread_id=19097 ]
07-26 19:46:15.082 26708 26750 I bqjp    : Not kicking off update transport registration because RCS provisioning change has not been received.
07-26 19:46:15.087 26708 26752 I BugleRcsEngine: Using config server URL from cgmz [CONTEXT log_prefix="ProvisioningServerUtil" thread_id=19113 ]
07-26 19:46:15.090 26708 26730 I BugleBackup: Registering preference change listener for "buglesub_5".
07-26 19:46:15.112 26708 26736 W BugleRcsEngine: Configuration is empty: false for simId: redacted-pii:sim_id[chars:35,last3:2F)] [CONTEXT log_prefix="RcsProvisioningManager" thread_id=19097 ]
07-26 19:46:15.121 26708 26749 I RcsClientLib: Connecting ChatSessionService
07-26 19:46:15.122 26708 26751 I BugleRcsEngine: AvailabilityObserver.onUpdate : Notify RcsAvailabilityListener bqkn@7750bc4 onRcsAvailabilityUpdate, SIM = redacted-pii:sim_id[chars:20,last3:62F], availability = 7 [CONTEXT log_prefix="RcsProvisioningManager" thread_id=19112 ]
07-26 19:46:15.126 26708 26735 I BugleEtouffee: EtouffeeStateMachine: Ensuring state machine consistency
07-26 19:46:15.128 26708 26749 I RcsClientLib: shouldUseCarrierServicesJibeService: true, CarrierServices rcs service found: true
