07-26 19:32:18.978  1537  1562 I DisplayManagerService: Display device changed state: "Built-in Screen", OFF
07-26 19:32:18.985  1537  1592 D ActivityTaskManager: Top Process State changed to PROCESS_STATE_TOP_SLEEPING
07-26 19:32:18.993  1537  1592 D DEBUG_VISIBILITY: mOccluded:false lastOccluded:false
07-26 19:32:18.994  1537  1592 I chatty  : uid=1000(system) PowerManagerSer identical 4 lines
07-26 19:32:18.995  1537  1592 D DEBUG_VISIBILITY: mOccluded:false lastOccluded:false
07-26 19:32:18.997  1537  3657 D DEBUG_VISIBILITY: mOccluded:false lastOccluded:false
07-26 19:32:19.002  1537  3657 I chatty  : uid=1000(system) Binder:1537_14 identical 9 lines
07-26 19:32:19.002  1537  3657 D DEBUG_VISIBILITY: mOccluded:false lastOccluded:false
07-26 19:32:19.003  1537  3659 D DEBUG_VISIBILITY: mOccluded:false lastOccluded:false
07-26 19:32:19.003  1537  3659 I chatty  : uid=1000(system) Binder:1537_16 identical 5 lines
07-26 19:32:19.004  1537  3659 D DEBUG_VISIBILITY: mOccluded:false lastOccluded:false
07-26 19:32:19.011  2189  2189 D OppoDragWindowPolicy: ----DisplayChanged----
07-26 19:32:19.016  1537  1560 D ColorZoomWindowManagerService: current size = 720 x 1600
07-26 19:32:19.037  1537  1592 V DisplayPowerController: Brightness [0] reason changing to: 'screen_off', previous reason: 'manual'.
07-26 19:32:19.088  1537 25032 W ContextImpl: Calling a method in the system process without a qualified user: android.app.ContextImpl.sendBroadcast:1088 com.android.server.policy.OppoPhoneWindowManager$13.run:1946 java.lang.Thread.run:919 <bottom of call stack> <bottom of call stack> 
07-26 19:32:19.170  2189  2189 D ColorViewRootUtil: initSwipState, isDisplayCompatApp false
07-26 19:32:19.171  2189  2189 D ColorViewRootUtil: updateScreenSize, mScreenHeight 1600,mScreenWidth:720,height:1600,width:720
07-26 19:32:19.216  1537  2503 D DEBUG_VISIBILITY: mOccluded:false lastOccluded:false
07-26 19:32:19.221  1537  1562 D DEBUG_VISIBILITY: mOccluded:false lastOccluded:false
07-26 19:32:19.266  1537  1562 I chatty  : uid=1000(system) android.display identical 2 lines
07-26 19:32:19.267  1537  1562 D DEBUG_VISIBILITY: mOccluded:false lastOccluded:false
07-26 19:32:19.268  1537  1537 D OppoPowerMonitor: resetWakeupEventRecords
07-26 19:32:19.309  1537  2115 V AlarmManager: set(null) : type=3 when=146819542whenElapsed146819542maxWhen =146819542 win=0 interval=0 flags=0x9 pkg = android
07-26 19:32:19.320  2189  2189 D ColorViewRootUtil: initSwipState, isDisplayCompatApp false
07-26 19:32:19.320  2189  2189 D ColorViewRootUtil: updateScreenSize, mScreenHeight 1600,mScreenWidth:720,height:1600,width:720
07-26 19:32:19.383  1537  3657 D DEBUG_VISIBILITY: mOccluded:false lastOccluded:false
07-26 19:32:19.384  1537  3657 I chatty  : uid=1000(system) Binder:1537_14 identical 5 lines
07-26 19:32:19.384  1537  3657 D DEBUG_VISIBILITY: mOccluded:false lastOccluded:false
07-26 19:32:19.416  1537  3659 D DEBUG_VISIBILITY: mOccluded:false lastOccluded:false
07-26 19:32:19.417  1537  3659 I chatty  : uid=1000(system) Binder:1537_16 identical 6 lines
07-26 19:32:19.417  1537  3659 D DEBUG_VISIBILITY: mOccluded:false lastOccluded:false
07-26 19:32:19.471  1537  1537 V AlarmManager: set(null) : type=2 when=151074704whenElapsed151074704maxWhen =151374704 win=300000 interval=0 flags=0x8 pkg = android
07-26 19:32:19.485  1537  1537 V AlarmManager: set(PendingIntent{1aaec5c: PendingIntentRecord{4f2db65 android broadcastIntent}}) : type=2 when=147114718whenElapsed147114718maxWhen =147114718 win=0 interval=0 flags=0x9 pkg = android
07-26 19:32:19.488  1537  1537 D LMServiceThreadHandler: onScreenStatusChange:false
07-26 19:32:19.491  1537  1770 D ChattyManagerService: update screen state, current=false
07-26 19:32:19.495  1537  1537 D OppoPowerMonitor: Receive broadcast android.intent.action.SCREEN_OFF
07-26 19:32:19.495  1537  1772 D OppoPowerMonitor: mScreenOffCurrentTime = 1753538539495, mScreenOffElapsedRealTime = 146814729, mScreenOffUpTime = 118189495
07-26 19:32:19.496  1537  1772 V AlarmManager: set(null) : type=2 when=147714729whenElapsed147714729maxWhen =148389729 win=675000 interval=0 flags=0x8 pkg = com.coloros.exsystemservice
07-26 19:32:19.523  1537  1537 D AIBrightnessHelper: onReceive, mUpgradeReceiver action:android.intent.action.SCREEN_OFF
07-26 19:32:19.523  1537  1537 I AIBrightnessHelper: onReceive, ACTION_SCREEN_OFF do onScreenEvent.
07-26 19:32:19.628  1537  4601 V AlarmManager: set(PendingIntent{aadc040: PendingIntentRecord{f594c24 com.coloros.athena startService}}) : type=0 when=1753538719627whenElapsed146994861maxWhen =147129860 win=134999 interval=0 flags=0x8 pkg = com.coloros.athena
07-26 19:32:19.633  2189 25037 W ContextImpl: Calling a method in the system process without a qualified user: android.app.ContextImpl.startService:1609 android.content.ContextWrapper.startService:680 com.coloros.safecenter.ColorAppServicesManagerClient.b:243 com.coloros.safecenter.ColorAppServicesManagerClient.b:54 com.coloros.safecenter.ColorAppServicesManagerClient$4$1.run:228 
07-26 19:32:19.646  2189 25037 W ContextImpl: Calling a method in the system process without a qualified user: android.app.ContextImpl.startService:1609 android.content.ContextWrapper.startService:680 com.coloros.safecenter.ColorAppServicesManagerClient$4$1.run:232 java.lang.Thread.run:919 <bottom of call stack> 
07-26 19:32:19.788  1537  2503 V AlarmManager: set(PendingIntent{5ba9104: PendingIntentRecord{5b726ed com.coloros.oppoguardelf startService}}) : type=2 when=147115020whenElapsed147115020maxWhen =147115020 win=0 interval=0 flags=0x9 pkg = com.coloros.oppoguardelf
07-26 19:32:19.915  1537  1801 V AlarmManager: set(PendingIntent{af0fc9c: PendingIntentRecord{326c2f3 com.google.android.gms broadcastIntent}}) : type=3 when=147715148whenElapsed147715148maxWhen =148390147 win=674999 interval=0 flags=0x0 pkg = com.google.android.gms
07-26 19:32:19.993  8544  8616 W ContextImpl: Calling a method in the system process without a qualified user: android.app.ContextImpl.startService:1609 android.content.ContextWrapper.startService:680 com.oppo.statistics.record.RecordHandler.startDcsService:210 com.oppo.statistics.record.RecordHandler.addTask:137 com.oppo.statistics.agent.CommonAgent.recordCommon:23 
07-26 19:32:20.063  1537  1537 D OppoBaseBatteryService: send broadcast : oppo.intent.action.BATTERY_DATA_UPDATE
07-26 19:32:20.064  1537  1537 W ContextImpl: Calling a method in the system process without a qualified user: android.app.ContextImpl.sendBroadcast:1088 com.android.server.OppoBaseBatteryService$2.run:254 android.os.Handler.handleCallback:883 android.os.Handler.dispatchMessage:100 android.os.Looper.loop:237 
07-26 19:32:20.068  1537  1537 D TorchManagerService: temperature: 340, bTorchMode: false, switchOn: true, threshold: 460, showing: false, mbIsSafetyTemperatureScene: false
07-26 19:32:23.759  1537  1562 W UsageStatsService: Event reported without a package name, eventType:17
07-26 19:32:23.760  1537  3657 V WindowManager: Changing focus from Window{1730cd0 u0 com.android.settings/com.android.settings.SubSettings} to null
07-26 19:32:23.770  1537  3657 V ColorZoomWindowManagerService: onAnimationFinished:  r=ActivityRecord{e0c55e5 u0 com.android.settings/.SubSettings t4243}
07-26 19:32:23.773  1537  3657 D DEBUG_VISIBILITY: mOccluded:false lastOccluded:false
07-26 19:32:23.782  1537  1562 V UsbDeviceManager: onKeyguardStateChanged: isShowing:true secure:true user:0
07-26 19:32:24.146  1537  1801 I StatusBarManagerService: disableLocked, what:1200000, pkg:com.android.systemui userId: 0 token:android.os.BinderProxy@ea950c1 net1:1200000 net2:0
07-26 19:32:24.158 22636 22636 V KeyguardStatusView: refresh statusview showing:true
07-26 19:32:24.268  1537  2490 V WindowManager: Changing focus from null to Window{fec9297 u0 StatusBar}
07-26 19:32:24.309  1537  1664 D AlarmManager: NumDelayedAlarms:1912   NextNonWakeupDeliveryTime:146999542/146819542
07-26 19:32:24.324  1537  2115 V AlarmManager: set(null) : type=3 when=146879557whenElapsed146879557maxWhen =146879557 win=0 interval=0 flags=0x9 pkg = android
07-26 19:32:24.529 22636 22636 D ColorViewRootUtil: initSwipState, isDisplayCompatApp false
07-26 19:32:24.530 22636 22636 D ColorViewRootUtil: updateScreenSize, mScreenHeight 1600,mScreenWidth:720,height:1600,width:720
07-26 19:32:25.111  1537  1537 D OppoNwPowerStateManager: Received broadcast:oppo.intent.action.INTENT_NW_POWER_BOOT_MONITOR
07-26 19:32:25.111  1537  1794 E OppoNwPowerStateManager: SendToKernel failed, mNlSock=null.
07-26 19:32:25.950  1537  1537 D OppoBaseBatteryService: send broadcast : oppo.intent.action.BATTERY_DATA_UPDATE
07-26 19:32:25.950  1537  1537 W ContextImpl: Calling a method in the system process without a qualified user: android.app.ContextImpl.sendBroadcast:1088 com.android.server.OppoBaseBatteryService$2.run:254 android.os.Handler.handleCallback:883 android.os.Handler.dispatchMessage:100 android.os.Looper.loop:237 
07-26 19:32:25.955  1537  1537 D TorchManagerService: temperature: 330, bTorchMode: false, switchOn: true, threshold: 460, showing: false, mbIsSafetyTemperatureScene: false
07-26 19:32:28.569  1537  1592 D OppoPowerManagerHelper: handleMessage:10
07-26 19:32:31.841  1537  1537 D TorchManagerService: temperature: 330, bTorchMode: false, switchOn: true, threshold: 460, showing: false, mbIsSafetyTemperatureScene: false
07-26 19:32:36.213  1537  1565 W Watchdog: **Get SF Time **0
07-26 19:32:37.985  1537  1537 D TorchManagerService: temperature: 330, bTorchMode: false, switchOn: true, threshold: 460, showing: false, mbIsSafetyTemperatureScene: false
07-26 19:32:55.902  1537  1537 I chatty  : uid=1000 system_server identical 3 lines
07-26 19:32:55.908  1537  1537 D TorchManagerService: temperature: 330, bTorchMode: false, switchOn: true, threshold: 460, showing: false, mbIsSafetyTemperatureScene: false
07-26 19:32:59.999  1537  1664 D AlarmManager: NumDelayedAlarms:1913   NextNonWakeupDeliveryTime:146999542/146855233
07-26 19:33:00.251  1537  1817 W ContextImpl: Calling a method in the system process without a qualified user: android.app.ContextImpl.startService:1609 oppo.util.OppoStatistics.startDcsService:429 oppo.util.OppoStatistics.access$100:40 oppo.util.OppoStatistics$1.run:186 java.util.concurrent.ThreadPoolExecutor.runWorker:1167 
07-26 19:33:00.260  1537  3657 D timedetector.SimpleTimeDetectorStrategy: adjustAndSetDeviceSystemClock: Not setting system clock. New time and system clock are close enough. elapsedRealtimeMillis=146855493 newTime=TimestampedValue{mReferenceTimeMillis=146855448, mValue=1753538580000} reason=New time signal systemClockUpdateThreshold=2000 absTimeDifference=215
07-26 19:33:06.215  1537  1565 W Watchdog: **Get SF Time **0
07-26 19:33:07.936  1537  1537 D TorchManagerService: temperature: 330, bTorchMode: false, switchOn: true, threshold: 460, showing: false, mbIsSafetyTemperatureScene: false
07-26 19:33:13.824  1537  1537 I chatty  : uid=1000 system_server identical 1 line
07-26 19:33:13.835  1537  1537 D TorchManagerService: temperature: 330, bTorchMode: false, switchOn: true, threshold: 460, showing: false, mbIsSafetyTemperatureScene: false
07-26 19:33:14.915  1537  2490 W ActivityManager: Background start not allowed: service Intent { cmp=com.google.android.apps.messaging/.shared.datamodel.action.execution.ActionExecutorImpl$EmptyService } to com.google.android.apps.messaging/.shared.datamodel.action.execution.ActionExecutorImpl$EmptyService from pid=24890 uid=10177 pkg=com.google.android.apps.messaging startFg?=false
07-26 19:33:14.924  1537  2490 W ActivityManager: Background start not allowed: service Intent { cmp=com.google.android.apps.messaging/.shared.datamodel.action.execution.ActionExecutorImpl$EmptyService } to com.google.android.apps.messaging/.shared.datamodel.action.execution.ActionExecutorImpl$EmptyService from pid=24890 uid=10177 pkg=com.google.android.apps.messaging startFg?=false
07-26 19:33:15.101  1537  1801 D AppOps  : checkOperation: uid reject #1 for code 87 uid 10052 package com.android.providers.contacts
07-26 19:33:15.131  1537  1577 I ActivityManager: Start proc 25065:android.process.acore/u0a52 for content provider {com.android.providers.contacts/com.android.providers.contacts.ContactsProvider2}
07-26 19:33:15.152  1537  4601 V ActivityManager: New death recipient com.android.server.am.ActivityManagerService$AppDeathRecipient@d2371c7 for thread android.os.BinderProxy@bac43f4, pid:25065,mApp:null
07-26 19:33:15.155  1537  4601 D DEBUG_VISIBILITY: mOccluded:false lastOccluded:false
07-26 19:33:15.225 24823 24823 D OppoLFEHelper.Service: kill Self
07-26 19:33:15.254  1537  1537 V OppoLogService: OFEService, onServiceDisconnected
07-26 19:33:15.253  1537  4601 V ActivityManager: Death received in com.android.server.am.ActivityManagerService$AppDeathRecipient@ebc9801 for thread android.os.BinderProxy@e6336a6, mPid:24823,mApp:ProcessRecord{6ccbd92 24823:com.oppo.lfeh/1000}
07-26 19:33:15.254  1537  4601 I ActivityManager: Process com.oppo.lfeh (pid 24823) has died: vis IMPF
07-26 19:33:15.255  1537  4601 W ContextImpl: Calling a method in the system process without a qualified user: android.app.ContextImpl.sendBroadcast:1073 com.android.server.am.OppoExtraActivityManagerService.setKeyLockModeNormal:53 com.android.server.am.ActivityManagerService.appDiedLocked:4245 com.android.server.am.ActivityManagerService$AppDeathRecipient.binderDied:1682 android.os.BinderProxy.sendDeathNotice:633 
07-26 19:33:15.257  1537  4601 W ActivityManager: Scheduling restart of crashed service com.oppo.lfeh/.service.OppoEncodeHelperService in 1000ms
07-26 19:33:15.380 25065 25065 D ActivityThread: Loading provider contacts;com.android.contacts: com.android.providers.contacts.ContactsProvider2
07-26 19:33:19.969  1537  1537 D TorchManagerService: temperature: 330, bTorchMode: false, switchOn: true, threshold: 460, showing: false, mbIsSafetyTemperatureScene: false
07-26 19:33:24.324  1537  1664 D AlarmManager: NumDelayedAlarms:1914   NextNonWakeupDeliveryTime:146999542/146879557
07-26 19:33:24.387  1537  2115 V AlarmManager: set(null) : type=3 when=146939620whenElapsed146939620maxWhen =146939620 win=0 interval=0 flags=0x9 pkg = android
07-26 19:33:25.855  1537  1537 D TorchManagerService: temperature: 330, bTorchMode: false, switchOn: true, threshold: 460, showing: false, mbIsSafetyTemperatureScene: false
07-26 19:33:27.266  1537  1664 V AlarmManager: set(null) : type=3 when=146915233whenElapsed146915233maxWhen =146915233 win=0 interval=0 flags=0x1 pkg = android
07-26 19:33:27.275  1537  2115 V AlarmManager: set(null) : type=3 when=146942499whenElapsed146942499maxWhen =146942499 win=0 interval=0 flags=0x9 pkg = android
07-26 19:33:27.277  1537  2115 V AlarmManager: set(null) : type=3 when=146942510whenElapsed146942510maxWhen =146942510 win=0 interval=0 flags=0x9 pkg = android
07-26 19:33:27.301  1537  3277 V AlarmManager: set(PendingIntent{2578097: PendingIntentRecord{538d6b9 com.heytap.mcs startService}}) : type=2 when=147167531whenElapsed147167531maxWhen =147177531 win=10000 interval=0 flags=0x8 pkg = com.heytap.mcs
07-26 19:33:27.889 23542  5200 D TextClassifierService: No configured system TextClassifierService
07-26 19:33:27.958 23542  5200 D TextClassifierService: No configured system TextClassifierService
07-26 19:33:28.098  1537  4601 D AppOps  : checkOperation: uid reject #1 for code 87 uid 10083 package com.android.systemui
07-26 19:33:28.434  2189  1861 W ContextImpl: Calling a method in the system process without a qualified user: android.app.ContextImpl.startService:1609 android.content.ContextWrapper.startService:680 a.a.a.a.c.a.b:13 a.a.a.a.c.a.a:234 a.a.a.a.a.c.a:16 
07-26 19:33:28.868  3026  7642 W ContextImpl: Calling a method in the system process without a qualified user: android.app.ContextImpl.startService:1609 android.content.ContextWrapper.startService:680 oppo.util.OppoStatistics.startDcsService:429 oppo.util.OppoStatistics.access$100:40 oppo.util.OppoStatistics$1.run:186 
07-26 19:33:32.001  1537  1537 D TorchManagerService: temperature: 330, bTorchMode: false, switchOn: true, threshold: 460, showing: false, mbIsSafetyTemperatureScene: false
07-26 19:33:36.217  1537  1565 W Watchdog: **Get SF Time **0
07-26 19:33:37.888  1537  1537 D TorchManagerService: temperature: 330, bTorchMode: false, switchOn: true, threshold: 460, showing: false, mbIsSafetyTemperatureScene: false
07-26 19:33:44.033  1537  1537 I chatty  : uid=1000 system_server identical 1 line
07-26 19:33:49.920  1537  1537 D TorchManagerService: temperature: 330, bTorchMode: false, switchOn: true, threshold: 460, showing: false, mbIsSafetyTemperatureScene: false
07-26 19:33:57.414  1537  1576 D OppoThermalStats: reset mHaveCaptured:false
07-26 19:33:59.999  1537  1664 D AlarmManager: NumDelayedAlarms:1915   NextNonWakeupDeliveryTime:147095233/146915233
07-26 19:34:01.953  1537  1537 D TorchManagerService: temperature: 330, bTorchMode: false, switchOn: true, threshold: 460, showing: false, mbIsSafetyTemperatureScene: false
07-26 19:34:06.218  1537  1565 W Watchdog: **Get SF Time **0
07-26 19:34:07.840  1537  1537 D TorchManagerService: temperature: 330, bTorchMode: false, switchOn: true, threshold: 460, showing: false, mbIsSafetyTemperatureScene: false
07-26 19:34:13.988  1537  1537 I chatty  : uid=1000 system_server identical 1 line
07-26 19:34:19.874  1537  1537 D TorchManagerService: temperature: 330, bTorchMode: false, switchOn: true, threshold: 460, showing: false, mbIsSafetyTemperatureScene: false
07-26 19:34:24.387  1537  1664 D AlarmManager: NumDelayedAlarms:1916   NextNonWakeupDeliveryTime:147095233/146939620
07-26 19:34:24.436  1537  2115 V AlarmManager: set(null) : type=3 when=146999669whenElapsed146999669maxWhen =146999669 win=0 interval=0 flags=0x9 pkg = android
07-26 19:34:27.266  1537  1664 D AlarmManager: NumDelayedAlarms:1917   NextNonWakeupDeliveryTime:147095233/146942499
07-26 19:34:31.901  1537  1537 D TorchManagerService: temperature: 330, bTorchMode: false, switchOn: true, threshold: 460, showing: false, mbIsSafetyTemperatureScene: false
07-26 19:34:36.220  1537  1565 W Watchdog: **Get SF Time **0
07-26 19:34:38.048  1537  1537 D TorchManagerService: temperature: 330, bTorchMode: false, switchOn: true, threshold: 460, showing: false, mbIsSafetyTemperatureScene: false
07-26 19:34:43.937  1537  1537 I chatty  : uid=1000 system_server identical 1 line
07-26 19:34:49.824  1537  1537 D TorchManagerService: temperature: 330, bTorchMode: false, switchOn: true, threshold: 460, showing: false, mbIsSafetyTemperatureScene: false
07-26 19:35:01.854  1537  1537 D OppoBaseBatteryService: send broadcast : oppo.intent.action.BATTERY_DATA_UPDATE
07-26 19:35:01.854  1537  1537 W ContextImpl: Calling a method in the system process without a qualified user: android.app.ContextImpl.sendBroadcast:1088 com.android.server.OppoBaseBatteryService$2.run:254 android.os.Handler.handleCallback:883 android.os.Handler.dispatchMessage:100 android.os.Looper.loop:237 
07-26 19:35:01.859  1537  1537 D TorchManagerService: temperature: 320, bTorchMode: false, switchOn: true, threshold: 460, showing: false, mbIsSafetyTemperatureScene: false
07-26 19:35:06.222  1537  1565 W Watchdog: **Get SF Time **0
07-26 19:35:08.000  1537  1537 D TorchManagerService: temperature: 320, bTorchMode: false, switchOn: true, threshold: 460, showing: false, mbIsSafetyTemperatureScene: false
07-26 19:35:13.887  1537  1537 D OppoBaseBatteryService: send broadcast : oppo.intent.action.BATTERY_DATA_UPDATE
07-26 19:35:13.887  1537  1537 W ContextImpl: Calling a method in the system process without a qualified user: android.app.ContextImpl.sendBroadcast:1088 com.android.server.OppoBaseBatteryService$2.run:254 android.os.Handler.handleCallback:883 android.os.Handler.dispatchMessage:100 android.os.Looper.loop:237 
07-26 19:35:13.902  1537  1537 D TorchManagerService: temperature: 330, bTorchMode: false, switchOn: true, threshold: 460, showing: false, mbIsSafetyTemperatureScene: false
07-26 19:35:13.904  1537  1537 D TorchManagerService: temperature: 330, bTorchMode: false, switchOn: true, threshold: 460, showing: false, mbIsSafetyTemperatureScene: false
07-26 19:35:20.028  1537  1537 D OppoBaseBatteryService: send broadcast : oppo.intent.action.BATTERY_DATA_UPDATE
07-26 19:35:20.029  1537  1537 W ContextImpl: Calling a method in the system process without a qualified user: android.app.ContextImpl.sendBroadcast:1088 com.android.server.OppoBaseBatteryService$2.run:254 android.os.Handler.handleCallback:883 android.os.Handler.dispatchMessage:100 android.os.Looper.loop:237 
07-26 19:35:20.033  1537  1537 D TorchManagerService: temperature: 320, bTorchMode: false, switchOn: true, threshold: 460, showing: false, mbIsSafetyTemperatureScene: false
07-26 19:35:24.435  1537  1664 D AlarmManager: NumDelayedAlarms:1918   NextNonWakeupDeliveryTime:147095233/146999669
07-26 19:35:24.490  1537  2115 V AlarmManager: set(null) : type=3 when=147059723whenElapsed147059723maxWhen =147059723 win=0 interval=0 flags=0x9 pkg = android
07-26 19:35:24.952  1537  1664 V AlarmManager: set(null) : type=3 when=147035234whenElapsed147035234maxWhen =147035234 win=0 interval=0 flags=0x1 pkg = android
07-26 19:35:24.983  1537  2115 V AlarmManager: set(null) : type=3 when=147060192whenElapsed147060192maxWhen =147060192 win=0 interval=0 flags=0x9 pkg = android
07-26 19:35:24.986  1537  3277 V AlarmManager: set(PendingIntent{6fcb1d6: PendingIntentRecord{1cd4405 com.facebook.services broadcastIntent}}) : type=2 when=147300218whenElapsed147300218maxWhen =147525217 win=224999 interval=0 flags=0x4 pkg = com.facebook.services
07-26 19:35:24.999  1537  2115 V AlarmManager: set(null) : type=3 when=147060232whenElapsed147060232maxWhen =147060232 win=0 interval=0 flags=0x9 pkg = android
07-26 19:35:25.009  1537  2115 V AlarmManager: set(null) : type=3 when=147060242whenElapsed147060242maxWhen =147060242 win=0 interval=0 flags=0x9 pkg = android
07-26 19:35:25.045  1537  3277 V AlarmManager: set(PendingIntent{43fcfb0: PendingIntentRecord{2933e29 com.google.android.gms broadcastIntent}}) : type=3 when=147600221whenElapsed147600221maxWhen =147600221 win=0 interval=0 flags=0x0 pkg = com.google.android.gms
07-26 19:35:25.920  1537  1537 D TorchManagerService: temperature: 320, bTorchMode: false, switchOn: true, threshold: 460, showing: false, mbIsSafetyTemperatureScene: false
07-26 19:35:32.064  1537  1537 D TorchManagerService: temperature: 320, bTorchMode: false, switchOn: true, threshold: 460, showing: false, mbIsSafetyTemperatureScene: false
07-26 19:35:36.223  1537  1565 W Watchdog: **Get SF Time **0
07-26 19:35:37.948  1537  1537 D TorchManagerService: temperature: 320, bTorchMode: false, switchOn: true, threshold: 460, showing: false, mbIsSafetyTemperatureScene: false
07-26 19:35:49.984  1537  1537 I chatty  : uid=1000 system_server identical 3 lines
07-26 19:35:55.872  1537  1537 D TorchManagerService: temperature: 320, bTorchMode: false, switchOn: true, threshold: 460, showing: false, mbIsSafetyTemperatureScene: false
07-26 19:36:00.001  1537  1664 D AlarmManager: NumDelayedAlarms:1919   NextNonWakeupDeliveryTime:147215234/147035234
07-26 19:36:02.015  1537  1537 D TorchManagerService: temperature: 320, bTorchMode: false, switchOn: true, threshold: 460, showing: false, mbIsSafetyTemperatureScene: false
07-26 19:36:06.225  1537  1565 W Watchdog: **Get SF Time **0
07-26 19:36:14.049  1537  1537 D TorchManagerService: temperature: 320, bTorchMode: false, switchOn: true, threshold: 460, showing: false, mbIsSafetyTemperatureScene: false
07-26 19:36:19.936  1537  1537 D TorchManagerService: temperature: 320, bTorchMode: false, switchOn: true, threshold: 460, showing: false, mbIsSafetyTemperatureScene: false
07-26 19:36:24.490  1537  1664 D AlarmManager: NumDelayedAlarms:1920   NextNonWakeupDeliveryTime:147215234/147059723
07-26 19:36:24.509  1537  2115 V AlarmManager: set(null) : type=3 when=147119742whenElapsed147119742maxWhen =147119742 win=0 interval=0 flags=0x9 pkg = android
07-26 19:36:25.823  1537  1537 D TorchManagerService: temperature: 320, bTorchMode: false, switchOn: true, threshold: 460, showing: false, mbIsSafetyTemperatureScene: false
07-26 19:36:31.968  1537  1537 I chatty  : uid=1000 system_server identical 1 line
07-26 19:36:31.978  1537  1537 D TorchManagerService: temperature: 320, bTorchMode: false, switchOn: true, threshold: 460, showing: false, mbIsSafetyTemperatureScene: false
07-26 19:36:36.226  1537  1565 W Watchdog: **Get SF Time **0
07-26 19:36:37.855  1537  1537 D TorchManagerService: temperature: 320, bTorchMode: false, switchOn: true, threshold: 460, showing: false, mbIsSafetyTemperatureScene: false
07-26 19:36:56.031  1537  1537 I chatty  : uid=1000 system_server identical 3 lines
07-26 19:37:01.920  1537  1537 D TorchManagerService: temperature: 320, bTorchMode: false, switchOn: true, threshold: 460, showing: false, mbIsSafetyTemperatureScene: false
07-26 19:37:06.228  1537  1565 W Watchdog: **Get SF Time **0
07-26 19:37:08.064  1537  1537 D TorchManagerService: temperature: 320, bTorchMode: false, switchOn: true, threshold: 460, showing: false, mbIsSafetyTemperatureScene: false
07-26 19:37:13.953  1537  1537 D TorchManagerService: temperature: 320, bTorchMode: false, switchOn: true, threshold: 460, showing: false, mbIsSafetyTemperatureScene: false
07-26 19:37:19.485  1537  1664 V AlarmManager: set(null) : type=3 when=147155233whenElapsed147155233maxWhen =147155233 win=0 interval=0 flags=0x1 pkg = android
07-26 19:37:19.492  1537  2115 V AlarmManager: set(null) : type=3 when=147174723whenElapsed147174723maxWhen =147174723 win=0 interval=0 flags=0x9 pkg = android
07-26 19:37:19.561  1537  1577 I ActivityManager: Start proc 25181:com.coloros.proton/1000 for service {com.coloros.deepthinker/com.coloros.proton.learn.schedule.TrainJobService}
07-26 19:37:19.578  1537  1577 W ContextImpl: Calling a method in the system process without a qualified user: android.app.ContextImpl.sendBroadcast:1073 com.android.server.am.ColorAbnormalAppManager.sendAbnormalNotify:511 com.android.server.am.ColorAbnormalAppManager.notifyAbnormalInfo:260 com.android.server.am.ColorAbnormalAppManager.handleStartAppInfo:338 com.android.server.am.ColorAbnormalAppManager.handleStartAppInfo:310 
07-26 19:37:19.587  1537  3277 V ActivityManager: New death recipient com.android.server.am.ActivityManagerService$AppDeathRecipient@68eea58 for thread android.os.BinderProxy@e50c7b1, pid:25181,mApp:null
07-26 19:37:19.590  1537  3277 D DEBUG_VISIBILITY: mOccluded:false lastOccluded:false
07-26 19:37:19.829  2189 25211 W ContextImpl: Calling a method in the system process without a qualified user: android.app.ContextImpl.sendBroadcast:1088 android.content.ContextWrapper.sendBroadcast:464 com.coloros.oppoguardelf.CheckSensorService$CheckSensorRunable.run:126 java.lang.Thread.run:919 <bottom of call stack> 
07-26 19:37:19.831 25181 25215 W ContextImpl: Calling a method in the system process without a qualified user: android.app.ContextImpl.startService:1609 android.content.ContextWrapper.startService:680 com.oppo.statistics.c.a.a:213 com.oppo.statistics.c.a.a:140 com.oppo.statistics.a.c.a:38 
07-26 19:37:19.842  1537  1537 D TorchManagerService: temperature: 320, bTorchMode: false, switchOn: true, threshold: 460, showing: false, mbIsSafetyTemperatureScene: false
07-26 19:37:20.083 25181 25215 W ContextImpl: Calling a method in the system process without a qualified user: android.app.ContextImpl.startService:1609 android.content.ContextWrapper.startService:680 com.oppo.statistics.c.a.a:213 com.oppo.statistics.c.a.a:140 com.oppo.statistics.a.c.a:38 
07-26 19:37:20.108  1537  3277 V AlarmManager: set(null) : type=2 when=147140789whenElapsed147140789maxWhen =147159874 win=19085 interval=0 flags=0x0 pkg = android
07-26 19:37:20.192  1537  3277 V AlarmManager: set(null) : type=3 when=147029544whenElapsed147120426maxWhen =147120426 win=0 interval=0 flags=0x8 pkg = android
07-26 19:37:21.270 25181 25215 W ContextImpl: Calling a method in the system process without a qualified user: android.app.ContextImpl.startService:1609 android.content.ContextWrapper.startService:680 com.oppo.statistics.c.a.a:213 com.oppo.statistics.c.a.a:140 com.oppo.statistics.a.c.a:38 
07-26 19:37:21.307 25181 25215 I chatty  : uid=1000(system) identical 2 lines
07-26 19:37:21.316 25181 25215 W ContextImpl: Calling a method in the system process without a qualified user: android.app.ContextImpl.startService:1609 android.content.ContextWrapper.startService:680 com.oppo.statistics.c.a.a:213 com.oppo.statistics.c.a.a:140 com.oppo.statistics.a.c.a:38 
07-26 19:37:22.559  1537  4601 V AlarmManager: set(PendingIntent{1799c3a: PendingIntentRecord{d3d60eb com.android.providers.contacts startService}}) : type=3 when=233517790whenElapsed233517790maxWhen =298317789 win=64799999 interval=0 flags=0x8 pkg = com.android.providers.contacts
07-26 19:37:22.559  1537  1664 D AlarmManager: NumDelayedAlarms:1921   NextNonWakeupDeliveryTime:148467792/147117792
07-26 19:37:22.560  1537  1664 D AlarmManager: NumDelayedAlarms:1921   NextNonWakeupDeliveryTime:148467792/147117793
07-26 19:37:22.567  1537  4602 V AlarmManager: set(null) : type=3 when=147029544whenElapsed147122800maxWhen =147122800 win=0 interval=0 flags=0x8 pkg = android
07-26 19:37:24.499  1537  1585 D KernelCpuUidUserSysTimeReader: Removing uids 90000-90000
07-26 19:37:24.511  1537  1664 D AlarmManager: NumDelayedAlarms:1923   NextNonWakeupDeliveryTime:148467792/147119742
07-26 19:37:24.511  1537  2115 V AlarmManager: set(null) : type=3 when=147179744whenElapsed147179744maxWhen =147179744 win=0 interval=0 flags=0x9 pkg = android
07-26 19:37:24.512  1537  1664 D AlarmManager: NumDelayedAlarms:1923   NextNonWakeupDeliveryTime:148467792/147119745
07-26 19:37:25.983  1537  1537 D TorchManagerService: temperature: 320, bTorchMode: false, switchOn: true, threshold: 460, showing: false, mbIsSafetyTemperatureScene: false
07-26 19:37:31.872  1537  1537 D TorchManagerService: temperature: 320, bTorchMode: false, switchOn: true, threshold: 460, showing: false, mbIsSafetyTemperatureScene: false
07-26 19:37:34.338 25181 25206 W ContextImpl: Calling a method in the system process without a qualified user: android.app.ContextImpl.sendBroadcast:1073 android.content.ContextWrapper.sendBroadcast:459 com.coloros.proton.e.b.a:36 com.coloros.proton.learn.schedule.PlatformEventObserver.handleJobFinished:40 java.lang.reflect.Method.invoke:-2 
07-26 19:37:34.348 25181 25215 W ContextImpl: Calling a method in the system process without a qualified user: android.app.ContextImpl.startService:1609 android.content.ContextWrapper.startService:680 com.oppo.statistics.c.a.a:213 com.oppo.statistics.c.a.a:140 com.oppo.statistics.a.c.a:38 
07-26 19:37:34.419  1537  3277 I ActivityManager: Killing 24512:com.facebook.appmanager/u0a142 (adj 985): empty #9
07-26 19:37:34.456  1537  4602 V ActivityManager: Death received in com.android.server.am.ActivityManagerService$AppDeathRecipient@65a6051 for thread android.os.BinderProxy@d79e0b6, mPid:24512,mApp:ProcessRecord{9b63e1d 24512:com.facebook.appmanager/u0a142}
07-26 19:37:36.230  1537  1565 W Watchdog: **Get SF Time **0
07-26 19:37:38.016  1537  1537 D TorchManagerService: temperature: 320, bTorchMode: false, switchOn: true, threshold: 460, showing: false, mbIsSafetyTemperatureScene: false
07-26 19:37:43.905  1537  1537 D TorchManagerService: temperature: 320, bTorchMode: false, switchOn: true, threshold: 460, showing: false, mbIsSafetyTemperatureScene: false
07-26 19:37:45.560  1537  2115 V AlarmManager: set(null) : type=3 when=147200793whenElapsed147200793maxWhen =147200793 win=0 interval=0 flags=0x9 pkg = android
07-26 19:37:45.563  1537  1537 V AlarmManager: set(null) : type=3 when=147903730whenElapsed147903730maxWhen =148475929 win=572199 interval=0 flags=0x8 pkg = android
07-26 19:37:45.597  1537  1537 V AlarmManager: set(null) : type=2 when=147326689whenElapsed147326689maxWhen =147466083 win=139394 interval=0 flags=0x0 pkg = android
07-26 19:37:50.048  1537  1537 D TorchManagerService: temperature: 320, bTorchMode: false, switchOn: true, threshold: 460, showing: false, mbIsSafetyTemperatureScene: false
07-26 19:37:55.935  1537  1537 D TorchManagerService: temperature: 320, bTorchMode: false, switchOn: true, threshold: 460, showing: false, mbIsSafetyTemperatureScene: false
07-26 19:37:59.999  1537  1664 D AlarmManager: NumDelayedAlarms:1924   NextNonWakeupDeliveryTime:148505233/147155233
07-26 19:38:01.822  1537  1537 D TorchManagerService: temperature: 320, bTorchMode: false, switchOn: true, threshold: 460, showing: false, mbIsSafetyTemperatureScene: false
07-26 19:38:06.231  1537  1565 W Watchdog: **Get SF Time **0
07-26 19:38:07.969  1537  1537 D TorchManagerService: temperature: 320, bTorchMode: false, switchOn: true, threshold: 460, showing: false, mbIsSafetyTemperatureScene: false
07-26 19:38:12.298  1537  1664 V AlarmManager: set(null) : type=3 when=147215233whenElapsed147215233maxWhen =147215233 win=0 interval=0 flags=0x1 pkg = android
07-26 19:38:12.321  1537  2490 V AlarmManager: set(PendingIntent{69b666c: PendingIntentRecord{538d6b9 com.heytap.mcs startService}}) : type=2 when=147452552whenElapsed147452552maxWhen =147462552 win=10000 interval=0 flags=0x8 pkg = com.heytap.mcs
07-26 19:38:13.854  1537  1537 D OppoBaseBatteryService: send broadcast : oppo.intent.action.BATTERY_DATA_UPDATE
07-26 19:38:13.855  1537  1537 W ContextImpl: Calling a method in the system process without a qualified user: android.app.ContextImpl.sendBroadcast:1088 com.android.server.OppoBaseBatteryService$2.run:254 android.os.Handler.handleCallback:883 android.os.Handler.dispatchMessage:100 android.os.Looper.loop:237 
07-26 19:38:13.859  1537  1537 D TorchManagerService: temperature: 310, bTorchMode: false, switchOn: true, threshold: 460, showing: false, mbIsSafetyTemperatureScene: false
07-26 19:38:20.001  1537  1537 D TorchManagerService: temperature: 310, bTorchMode: false, switchOn: true, threshold: 460, showing: false, mbIsSafetyTemperatureScene: false
07-26 19:38:24.511  1537  1664 D AlarmManager: NumDelayedAlarms:1925   NextNonWakeupDeliveryTime:148529744/147179744
07-26 19:38:24.556  1537  2115 V AlarmManager: set(null) : type=3 when=147239789whenElapsed147239789maxWhen =147239789 win=0 interval=0 flags=0x9 pkg = android
07-26 19:38:25.887  1537  1537 D TorchManagerService: temperature: 310, bTorchMode: false, switchOn: true, threshold: 460, showing: false, mbIsSafetyTemperatureScene: false
07-26 19:38:32.031  1537  1537 D TorchManagerService: temperature: 310, bTorchMode: false, switchOn: true, threshold: 460, showing: false, mbIsSafetyTemperatureScene: false
07-26 19:38:36.233  1537  1565 W Watchdog: **Get SF Time **0
07-26 19:38:37.920  1537  1537 D TorchManagerService: temperature: 310, bTorchMode: false, switchOn: true, threshold: 460, showing: false, mbIsSafetyTemperatureScene: false
07-26 19:38:49.952  1537  1537 I chatty  : uid=1000 system_server identical 2 lines
07-26 19:38:55.840  1537  1537 D TorchManagerService: temperature: 310, bTorchMode: false, switchOn: true, threshold: 460, showing: false, mbIsSafetyTemperatureScene: false
07-26 19:38:57.593  1537  1576 D OppoThermalStats: reset mHaveCaptured:false
07-26 19:39:00.000  1537  1664 D AlarmManager: NumDelayedAlarms:1926   NextNonWakeupDeliveryTime:148529744/147215233
07-26 19:39:01.984  1537  1537 D TorchManagerService: temperature: 310, bTorchMode: false, switchOn: true, threshold: 460, showing: false, mbIsSafetyTemperatureScene: false
07-26 19:39:06.235  1537  1565 W Watchdog: **Get SF Time **0
07-26 19:39:14.016  1537  1537 D TorchManagerService: temperature: 310, bTorchMode: false, switchOn: true, threshold: 460, showing: false, mbIsSafetyTemperatureScene: false
07-26 19:39:19.904  1537  1537 D TorchManagerService: temperature: 310, bTorchMode: false, switchOn: true, threshold: 460, showing: false, mbIsSafetyTemperatureScene: false
07-26 19:39:24.556  1537  1664 D AlarmManager: NumDelayedAlarms:1927   NextNonWakeupDeliveryTime:148529744/147239789
07-26 19:39:24.610  1537  2115 V AlarmManager: set(null) : type=3 when=147299843whenElapsed147299843maxWhen =147299843 win=0 interval=0 flags=0x9 pkg = android
07-26 19:39:26.048  1537  1537 D TorchManagerService: temperature: 310, bTorchMode: false, switchOn: true, threshold: 460, showing: false, mbIsSafetyTemperatureScene: false
07-26 19:39:31.936  1537  1537 D TorchManagerService: temperature: 310, bTorchMode: false, switchOn: true, threshold: 460, showing: false, mbIsSafetyTemperatureScene: false
07-26 19:39:36.236  1537  1565 W Watchdog: **Get SF Time **0
07-26 19:39:37.828  1537  1537 D TorchManagerService: temperature: 310, bTorchMode: false, switchOn: true, threshold: 460, showing: false, mbIsSafetyTemperatureScene: false
07-26 19:39:49.856  1537  1537 D TorchManagerService: temperature: 310, bTorchMode: false, switchOn: true, threshold: 460, showing: false, mbIsSafetyTemperatureScene: false
07-26 19:39:55.995  1537  1537 D OppoBaseBatteryService: send broadcast : oppo.intent.action.BATTERY_DATA_UPDATE
07-26 19:39:55.995  1537  1537 W ContextImpl: Calling a method in the system process without a qualified user: android.app.ContextImpl.sendBroadcast:1088 com.android.server.OppoBaseBatteryService$2.run:254 android.os.Handler.handleCallback:883 android.os.Handler.dispatchMessage:100 android.os.Looper.loop:237 
07-26 19:39:55.998  1537  1592 D BatterySaverStateMachine: doAutoBatterySaverLocked: ignore
07-26 19:39:56.000  1537  1537 D TorchManagerService: temperature: 310, bTorchMode: false, switchOn: true, threshold: 460, showing: false, mbIsSafetyTemperatureScene: false
07-26 19:40:01.889  1537  1537 D TorchManagerService: temperature: 310, bTorchMode: false, switchOn: true, threshold: 460, showing: false, mbIsSafetyTemperatureScene: false
07-26 19:40:06.238  1537  1565 W Watchdog: **Get SF Time **0
07-26 19:40:08.032  1537  1537 D TorchManagerService: temperature: 310, bTorchMode: false, switchOn: true, threshold: 460, showing: false, mbIsSafetyTemperatureScene: false
07-26 19:40:20.064  1537  1537 D TorchManagerService: temperature: 310, bTorchMode: false, switchOn: true, threshold: 460, showing: false, mbIsSafetyTemperatureScene: false
07-26 19:40:24.609  1537  1664 D AlarmManager: NumDelayedAlarms:1928   NextNonWakeupDeliveryTime:148529744/147299843
07-26 19:40:24.643  1537  2115 V AlarmManager: set(null) : type=3 when=147359876whenElapsed147359876maxWhen =147359876 win=0 interval=0 flags=0x9 pkg = android
07-26 19:40:25.952  1537  1537 D TorchManagerService: temperature: 310, bTorchMode: false, switchOn: true, threshold: 460, showing: false, mbIsSafetyTemperatureScene: false
07-26 19:40:31.842  1537  1537 D TorchManagerService: temperature: 310, bTorchMode: false, switchOn: true, threshold: 460, showing: false, mbIsSafetyTemperatureScene: false
07-26 19:40:36.239  1537  1565 W Watchdog: **Get SF Time **0
07-26 19:40:37.984  1537  1537 D TorchManagerService: temperature: 310, bTorchMode: false, switchOn: true, threshold: 460, showing: false, mbIsSafetyTemperatureScene: false
07-26 19:41:02.049  1537  1537 I chatty  : uid=1000 system_server identical 5 lines
07-26 19:41:02.060  1537  1537 D TorchManagerService: temperature: 310, bTorchMode: false, switchOn: true, threshold: 460, showing: false, mbIsSafetyTemperatureScene: false
07-26 19:41:06.241  1537  1565 W Watchdog: **Get SF Time **0
07-26 19:41:07.935  1537  1537 D TorchManagerService: temperature: 310, bTorchMode: false, switchOn: true, threshold: 460, showing: false, mbIsSafetyTemperatureScene: false
07-26 19:41:12.012  1537 23342 D AdbDebuggingManager: Received public key: QAAAAG3bb6ebmWpSQfg1VKXByVFH2kY3p0EzWDrB/uH9lNI42NSPevLhenpXnG204CxpfPEB48buJPJ8/LEOZhSp20tyjJp/JGcx04sMjUHsGterx6G2G32eaGGydGQYnz6ZvQJTMZboHenYH+cqiFqcCX/ykMP5a1ZPOtUozpdOfKgXY85FcI/sRTYeW5lttcvDWns0NjaB/8Mo0sXW5VTm0qDDZweZr+R7CdcItmXiUYWvm84yiaANsjRsewlT4+htOqTM7iFk/A7R2T2Kb1UHR2kx6RZcSP4xiskm8oSyVjEcZFiNG6A/uPjeKYtUcnlKvIqujNlJmADJHcC5+04AxRwSrT/Br8vZk3+Lz/3CwctqGX5Dc/aCF0pSnBUH7l0Lg+ormm2kkPUz685hrueu7z9jWnWeMiDnS5GLItHsfkIrWMyvcyO1WndSTSqUkJ39kREAq434aEhhsd1p1lTBfjO9qqGCWtjD2RYOHn8+GPjAl2lnbzNViwrNJWAPvcgMPaV/k8C6aFvPdTXDIwKV5UWzZEbM7cIt0oodxDTA674iYL1rKRsIA37BJ0/duLWkwY2w8YoQtZCMwa3Ir0LuHR12BjexCi2JHfkwsV+tyF6hUMciA+89V90ZuO8mS6DBI17fJE3y3NY4nkjCqIruClxlBBL3+3YbAiy75y+rqPjV57HxwAEAAQA= computer@DESKTOP-LTPIEO8
07-26 19:41:12.017  1537  1559 D AdbDebuggingManager: Logging key QAAAAG3bb6ebmWpSQfg1VKXByVFH2kY3p0EzWDrB/uH9lNI42NSPevLhenpXnG204CxpfPEB48buJPJ8/LEOZhSp20tyjJp/JGcx04sMjUHsGterx6G2G32eaGGydGQYnz6ZvQJTMZboHenYH+cqiFqcCX/ykMP5a1ZPOtUozpdOfKgXY85FcI/sRTYeW5lttcvDWns0NjaB/8Mo0sXW5VTm0qDDZweZr+R7CdcItmXiUYWvm84yiaANsjRsewlT4+htOqTM7iFk/A7R2T2Kb1UHR2kx6RZcSP4xiskm8oSyVjEcZFiNG6A/uPjeKYtUcnlKvIqujNlJmADJHcC5+04AxRwSrT/Br8vZk3+Lz/3CwctqGX5Dc/aCF0pSnBUH7l0Lg+ormm2kkPUz685hrueu7z9jWnWeMiDnS5GLItHsfkIrWMyvcyO1WndSTSqUkJ39kREAq434aEhhsd1p1lTBfjO9qqGCWtjD2RYOHn8+GPjAl2lnbzNViwrNJWAPvcgMPaV/k8C6aFvPdTXDIwKV5UWzZEbM7cIt0oodxDTA674iYL1rKRsIA37BJ0/duLWkwY2w8YoQtZCMwa3Ir0LuHR12BjexCi2JHfkwsV+tyF6hUMciA+89V90ZuO8mS6DBI17fJE3y3NY4nkjCqIruClxlBBL3+3YbAiy75y+rqPjV57HxwAEAAQA= computer@DESKTOP-LTPIEO8, state = 1, alwaysAllow = false, lastConnectionTime = 0, authWindow = 604800000
07-26 19:41:12.033  1537  1559 I ActivityTaskManager: START u0 {flg=0x10000000 cmp=com.android.systemui/.usb.UsbDebuggingActivity (has extras) mCallingUid=1000} from uid 1000 and from pid 1537
07-26 19:41:12.051  1537  1559 I OppoActivityStack: create OppoActivityStack
07-26 19:41:12.056  1537  1559 D DEBUG_VISIBILITY: mOccluded:false lastOccluded:false
07-26 19:41:12.057  1537  1559 D DEBUG_VISIBILITY: mOccluded:false lastOccluded:false
07-26 19:41:12.074  1537  1559 V ColorZoomWindowManagerService: onAnimationFinished:  r=ActivityRecord{bd5c4a0 u0 com.android.systemui/.usb.UsbDebuggingActivity t4244}
07-26 19:41:12.074  1537  1559 I ColorAppSwitchManagerService:  handleAppVisible , r = ActivityRecord{bd5c4a0 u0 com.android.systemui/.usb.UsbDebuggingActivity t4244}
07-26 19:41:12.075  1537  1559 V ColorZoomWindowManagerService: onAnimationFinished:  r=ActivityRecord{bd5c4a0 u0 com.android.systemui/.usb.UsbDebuggingActivity t4244}
07-26 19:41:12.076  1537  1559 D DEBUG_VISIBILITY: mOccluded:false lastOccluded:false
07-26 19:41:12.116  1537  1584 D KernelCpuUidUserSysTimeReader: Removing uids 90000-90000
07-26 19:41:12.124  1537  2490 V AlarmManager: set(PendingIntent{a5da682: PendingIntentRecord{d27b193 com.coloros.athena startService}}) : type=0 when=1753539372123whenElapsed147647356maxWhen =147872355 win=224999 interval=0 flags=0x8 pkg = com.coloros.athena
07-26 19:41:12.130  1537  1560 D ColorZoomWindowManagerService: current size = 720 x 1600
07-26 19:41:12.145  2189  2189 D OppoDragWindowPolicy: ----DisplayChanged----
07-26 19:41:12.158  1537  1562 D DEBUG_VISIBILITY: mOccluded:false lastOccluded:false
07-26 19:41:12.163  1537  1562 I chatty  : uid=1000(system) android.display identical 1 line
07-26 19:41:12.164  1537  1562 D DEBUG_VISIBILITY: mOccluded:false lastOccluded:false
07-26 19:41:12.208  1537 25277 D OppoThermalStats: reset mHaveCaptured:false
07-26 19:41:12.363 22636 22636 D ColorViewRootUtil: initSwipState, isDisplayCompatApp false
07-26 19:41:12.363 22636 22636 D ColorViewRootUtil: updateScreenSize, mScreenHeight 1600,mScreenWidth:720,height:1600,width:720
07-26 19:41:12.399  1537  1801 D DEBUG_VISIBILITY: mOccluded:false lastOccluded:false
07-26 19:41:12.402  1537  1562 D DEBUG_VISIBILITY: mOccluded:false lastOccluded:false
07-26 19:41:12.405  1537  1562 D DEBUG_VISIBILITY: mOccluded:false lastOccluded:false
07-26 19:41:12.432  1537  1801 D DEBUG_VISIBILITY: mOccluded:false lastOccluded:false
07-26 19:41:12.463  1537  1801 I chatty  : uid=1000(system) Binder:1537_4 identical 8 lines
07-26 19:41:12.463  1537  1801 D DEBUG_VISIBILITY: mOccluded:false lastOccluded:false
07-26 19:41:12.514  1537  3657 D DEBUG_VISIBILITY: mOccluded:false lastOccluded:false
07-26 19:41:13.826  1537  1537 D TorchManagerService: temperature: 310, bTorchMode: false, switchOn: true, threshold: 460, showing: false, mbIsSafetyTemperatureScene: false
07-26 19:41:22.168  1537  1562 D DEBUG_VISIBILITY: mOccluded:false lastOccluded:false
07-26 19:41:24.643  1537  1664 D AlarmManager: NumDelayedAlarms:1929   NextNonWakeupDeliveryTime:148529744/147359876
07-26 19:41:24.651  1537  2115 V AlarmManager: set(null) : type=3 when=147419884whenElapsed147419884maxWhen =147419884 win=0 interval=0 flags=0x9 pkg = android
07-26 19:41:25.866  1537  1537 D TorchManagerService: temperature: 310, bTorchMode: false, switchOn: true, threshold: 460, showing: false, mbIsSafetyTemperatureScene: false
07-26 19:41:25.870  1537  1537 I chatty  : uid=1000 system_server identical 1 line
07-26 19:41:32.003  1537  1537 D TorchManagerService: temperature: 310, bTorchMode: false, switchOn: true, threshold: 460, showing: false, mbIsSafetyTemperatureScene: false
07-26 19:41:36.242  1537  1565 W Watchdog: **Get SF Time **0
07-26 19:41:37.891  1537  1537 D TorchManagerService: temperature: 310, bTorchMode: false, switchOn: true, threshold: 460, showing: false, mbIsSafetyTemperatureScene: false
07-26 19:41:44.037  1537  1537 D TorchManagerService: temperature: 310, bTorchMode: false, switchOn: true, threshold: 460, showing: false, mbIsSafetyTemperatureScene: false
07-26 19:41:49.918  1537  1537 D OppoBaseBatteryService: send broadcast : oppo.intent.action.BATTERY_DATA_UPDATE
07-26 19:41:49.918  1537  1537 W ContextImpl: Calling a method in the system process without a qualified user: android.app.ContextImpl.sendBroadcast:1088 com.android.server.OppoBaseBatteryService$2.run:254 android.os.Handler.handleCallback:883 android.os.Handler.dispatchMessage:100 android.os.Looper.loop:237 
07-26 19:41:49.924  1537  1537 D TorchManagerService: temperature: 300, bTorchMode: false, switchOn: true, threshold: 460, showing: false, mbIsSafetyTemperatureScene: false
07-26 19:41:56.066  1537  1537 D TorchManagerService: temperature: 300, bTorchMode: false, switchOn: true, threshold: 460, showing: false, mbIsSafetyTemperatureScene: false
07-26 19:42:01.950  1537  1537 D OppoBaseBatteryService: send broadcast : oppo.intent.action.BATTERY_DATA_UPDATE
07-26 19:42:01.950  1537  1537 W ContextImpl: Calling a method in the system process without a qualified user: android.app.ContextImpl.sendBroadcast:1088 com.android.server.OppoBaseBatteryService$2.run:254 android.os.Handler.handleCallback:883 android.os.Handler.dispatchMessage:100 android.os.Looper.loop:237 
07-26 19:42:01.956  1537  1537 D TorchManagerService: temperature: 310, bTorchMode: false, switchOn: true, threshold: 460, showing: false, mbIsSafetyTemperatureScene: false
07-26 19:42:06.244  1537  1565 W Watchdog: **Get SF Time **0
07-26 19:42:07.833  1537  1537 D OppoBaseBatteryService: send broadcast : oppo.intent.action.BATTERY_DATA_UPDATE
07-26 19:42:07.833  1537  1537 W ContextImpl: Calling a method in the system process without a qualified user: android.app.ContextImpl.sendBroadcast:1088 com.android.server.OppoBaseBatteryService$2.run:254 android.os.Handler.handleCallback:883 android.os.Handler.dispatchMessage:100 android.os.Looper.loop:237 
07-26 19:42:07.837  1537  1537 D TorchManagerService: temperature: 300, bTorchMode: false, switchOn: true, threshold: 460, showing: false, mbIsSafetyTemperatureScene: false
07-26 19:42:13.989  1537  1537 D TorchManagerService: temperature: 300, bTorchMode: false, switchOn: true, threshold: 460, showing: false, mbIsSafetyTemperatureScene: false
07-26 19:42:19.869  1537  1537 D OppoBaseBatteryService: send broadcast : oppo.intent.action.BATTERY_DATA_UPDATE
07-26 19:42:19.870  1537  1537 W ContextImpl: Calling a method in the system process without a qualified user: android.app.ContextImpl.sendBroadcast:1088 com.android.server.OppoBaseBatteryService$2.run:254 android.os.Handler.handleCallback:883 android.os.Handler.dispatchMessage:100 android.os.Looper.loop:237 
07-26 19:42:19.876  1537  1537 D TorchManagerService: temperature: 310, bTorchMode: false, switchOn: true, threshold: 460, showing: false, mbIsSafetyTemperatureScene: false
07-26 19:42:24.651  1537  1664 D AlarmManager: NumDelayedAlarms:1930   NextNonWakeupDeliveryTime:148529744/147419884
07-26 19:42:24.705  1537  2115 V AlarmManager: set(null) : type=3 when=147479938whenElapsed147479938maxWhen =147479938 win=0 interval=0 flags=0x9 pkg = android
07-26 19:42:26.012  1537  1537 D OppoBaseBatteryService: send broadcast : oppo.intent.action.BATTERY_DATA_UPDATE
07-26 19:42:26.013  1537  1537 W ContextImpl: Calling a method in the system process without a qualified user: android.app.ContextImpl.sendBroadcast:1088 com.android.server.OppoBaseBatteryService$2.run:254 android.os.Handler.handleCallback:883 android.os.Handler.dispatchMessage:100 android.os.Looper.loop:237 
07-26 19:42:26.019  1537  1537 D TorchManagerService: temperature: 300, bTorchMode: false, switchOn: true, threshold: 460, showing: false, mbIsSafetyTemperatureScene: false
07-26 19:42:31.906  1537  1537 D TorchManagerService: temperature: 300, bTorchMode: false, switchOn: true, threshold: 460, showing: false, mbIsSafetyTemperatureScene: false
07-26 19:42:33.251  1537  1588 D OppoThermalStats: reset mHaveCaptured:false
07-26 19:42:33.252  1537  1588 D OppoThermalStats: reset mHaveCaptured:false
07-26 19:42:33.263  1537  1585 E OppoBatteryExternalStatsWorker: no controller energy info supplied for bluetooth
07-26 19:42:33.263  1537  1584 E BatteryExternalStatsWorker: no controller energy info supplied for bluetooth
07-26 19:42:36.246  1537  1565 W Watchdog: **Get SF Time **0
07-26 19:42:38.051  1537  1537 D TorchManagerService: temperature: 300, bTorchMode: false, switchOn: true, threshold: 460, showing: false, mbIsSafetyTemperatureScene: false
