07-26 19:42:38.534  1537  1801 V AlarmManager: set(null) : type=2 when=147526500whenElapsed147526500maxWhen =147596049 win=69549 interval=0 flags=0x0 pkg = android
07-26 19:42:38.542  1537  1801 V AlarmManager: set(null) : type=2 when=148101962whenElapsed148101962maxWhen =148603102 win=501140 interval=0 flags=0x0 pkg = android
07-26 19:42:38.599  1537  1577 I ActivityManager: Start proc 25298:com.google.android.calendar/u0a166 for service {com.google.android.calendar/androidx.work.impl.background.systemjob.SystemJobService}
07-26 19:42:38.617  1537  1801 V ActivityManager: New death recipient com.android.server.am.ActivityManagerService$AppDeathRecipient@89d9608 for thread android.os.BinderProxy@ff81a1, pid:25298,mApp:null
07-26 19:42:38.621  1537  1801 D DEBUG_VISIBILITY: mOccluded:false lastOccluded:false
07-26 19:42:38.628  1537  1577 I ActivityManager: Start proc 25316:com.google.android.setupwizard/u0a159 for service {com.google.android.setupwizard/com.google.android.setupwizard.deferred.DeferredSetupScheduler}
07-26 19:42:38.632  1537  1588 D OppoThermalStats: reset mHaveCaptured:false
07-26 19:42:38.654  1537  3277 V ActivityManager: New death recipient com.android.server.am.ActivityManagerService$AppDeathRecipient@6f5c3d9 for thread android.os.BinderProxy@b26b19e, pid:25316,mApp:null
07-26 19:42:38.658  1537  3277 D DEBUG_VISIBILITY: mOccluded:false lastOccluded:false
07-26 19:42:39.113  1537  2503 D AppOps  : checkOperation: uid reject #1 for code 87 uid 10054 package com.android.providers.calendar
07-26 19:42:39.116  1537  1801 D MtkConnectivityService: requestNetwork for uid/pid:10166/25298 NetworkRequest [ TRACK_DEFAULT id=4448, [ Capabilities: INTERNET&NOT_RESTRICTED&TRUSTED Uid: 10166] ]
07-26 19:42:39.141  1537  1577 I ActivityManager: Start proc 25370:com.android.providers.calendar/u0a54 for content provider {com.android.providers.calendar/com.android.providers.calendar.CalendarProvider2}
07-26 19:42:39.167  1537  3657 I ActivityManager: Killing 24745:com.android.chrome:privileged_process0/u0a168 (adj 975): empty #9
07-26 19:42:39.181  1537  3657 V ActivityManager: New death recipient com.android.server.am.ActivityManagerService$AppDeathRecipient@32b995b for thread android.os.BinderProxy@9ac35f8, pid:25370,mApp:null
07-26 19:42:39.184  1537  3657 D DEBUG_VISIBILITY: mOccluded:false lastOccluded:false
07-26 19:42:39.210  1537  3657 V ActivityManager: Death received in com.android.server.am.ActivityManagerService$AppDeathRecipient@58dbd03 for thread android.os.BinderProxy@429480, mPid:24745,mApp:ProcessRecord{e6bcc10 24745:com.android.chrome:privileged_process0/u0a168}
07-26 19:42:39.212  1537  3657 W ActivityManager: Scheduling restart of crashed service com.android.chrome/org.chromium.content.app.PrivilegedProcessService0 in 1000ms
07-26 19:42:39.325  1537  4602 V AlarmManager: set(PendingIntent{a0d866e: PendingIntentRecord{7aec607 com.google.android.calendar broadcastIntent}}) : type=1 when=1753554936629whenElapsed163211862maxWhen =175044840 win=11832978 interval=0 flags=0x0 pkg = com.google.android.calendar
07-26 19:42:39.474  1537  2503 I ActivityManager: Killing 24662:com.google.android.permissioncontroller/u0a65 (adj 965): empty #9
07-26 19:42:39.475  1537  2503 I ActivityManager: Killing 24224:com.android.chrome/u0a168 (adj 975): empty #10
07-26 19:42:39.513  1537  3659 V ActivityManager: Death received in com.android.server.am.ActivityManagerService$AppDeathRecipient@fdffdd0 for thread android.os.BinderProxy@94a1c9, mPid:24662,mApp:ProcessRecord{f76c22c 24662:com.google.android.permissioncontroller/u0a65}
07-26 19:42:39.541  1537  1801 D MtkConnectivityService: ConnectivityService NetworkRequestInfo binderDied(NetworkRequest [ LISTEN id=4441, [ Capabilities: INTERNET&NOT_RESTRICTED&TRUSTED&FOREGROUND Uid: 10168] ], android.os.BinderProxy@ca3d518)
07-26 19:42:39.541  1537  2503 D MtkConnectivityService: ConnectivityService NetworkRequestInfo binderDied(NetworkRequest [ TRACK_DEFAULT id=4440, [ Capabilities: INTERNET&NOT_RESTRICTED&TRUSTED Uid: 10168] ], android.os.BinderProxy@c0fc0fb)
07-26 19:42:39.542  1537  1801 D MtkConnectivityService: ConnectivityService NetworkRequestInfo binderDied(NetworkRequest [ LISTEN id=4434, [ Capabilities: INTERNET&NOT_RESTRICTED&TRUSTED&FOREGROUND Uid: 10168] ], android.os.BinderProxy@53f3b71)
07-26 19:42:39.542  1537  1717 D MtkConnectivityService: releasing NetworkRequest [ TRACK_DEFAULT id=4440, [ Capabilities: INTERNET&NOT_RESTRICTED&TRUSTED Uid: 10168] ] (release request)
07-26 19:42:39.544  1537  3658 D MtkConnectivityService: ConnectivityService NetworkRequestInfo binderDied(NetworkRequest [ TRACK_DEFAULT id=4433, [ Capabilities: INTERNET&NOT_RESTRICTED&TRUSTED Uid: 10168] ], android.os.BinderProxy@a6eed56)
07-26 19:42:39.544  1537  4594 V ActivityManager: Death received in com.android.server.am.ActivityManagerService$AppDeathRecipient@5082391 for thread android.os.BinderProxy@27382f6, mPid:24224,mApp:ProcessRecord{ebbfb93 24224:com.android.chrome/u0a168}
07-26 19:42:39.544  1537  1717 D MtkConnectivityService: releasing NetworkRequest [ TRACK_DEFAULT id=4433, [ Capabilities: INTERNET&NOT_RESTRICTED&TRUSTED Uid: 10168] ] (release request)
07-26 19:42:43.940  1537  1537 D TorchManagerService: temperature: 300, bTorchMode: false, switchOn: true, threshold: 460, showing: false, mbIsSafetyTemperatureScene: false
07-26 19:42:44.002  1537  1588 D OppoThermalStats: reset mHaveCaptured:false
07-26 19:42:47.441 23542  5200 D TextClassifierService: No configured system TextClassifierService
07-26 19:42:47.578  1537  4602 D AppOps  : checkOperation: uid reject #1 for code 87 uid 10083 package com.android.systemui
07-26 19:42:47.599 23542  5200 D TextClassifierService: No configured system TextClassifierService
07-26 19:42:48.140  3026  7642 W ContextImpl: Calling a method in the system process without a qualified user: android.app.ContextImpl.startService:1609 android.content.ContextWrapper.startService:680 oppo.util.OppoStatistics.startDcsService:429 oppo.util.OppoStatistics.access$100:40 oppo.util.OppoStatistics$1.run:186 
07-26 19:42:48.193  2189  1861 W ContextImpl: Calling a method in the system process without a qualified user: android.app.ContextImpl.startService:1609 android.content.ContextWrapper.startService:680 a.a.a.a.c.a.b:13 a.a.a.a.c.a.a:234 a.a.a.a.a.c.a:16 
07-26 19:42:49.269  1537  1588 D OppoThermalStats: reset mHaveCaptured:false
07-26 19:42:49.827  1537  1537 D TorchManagerService: temperature: 300, bTorchMode: false, switchOn: true, threshold: 460, showing: false, mbIsSafetyTemperatureScene: false
07-26 19:42:52.018  1537  1561 I EntropyMixer: Added HW RNG output to entropy pool
07-26 19:42:52.019  1537  1561 I EntropyMixer: Writing entropy...
07-26 19:42:54.263  1537  1588 D OppoThermalStats: reset mHaveCaptured:false
07-26 19:42:55.970  1537  1537 D TorchManagerService: temperature: 300, bTorchMode: false, switchOn: true, threshold: 460, showing: false, mbIsSafetyTemperatureScene: false
07-26 19:42:57.326  1537  1664 V AlarmManager: set(null) : type=3 when=147455234whenElapsed147457559maxWhen =147457559 win=0 interval=0 flags=0x1 pkg = android
07-26 19:42:57.351  1537  2115 V AlarmManager: set(null) : type=3 when=147512557whenElapsed147512557maxWhen =147512557 win=0 interval=0 flags=0x9 pkg = android
07-26 19:42:57.353  1537  4602 V AlarmManager: set(PendingIntent{3d341fe: PendingIntentRecord{1cd4405 com.facebook.services broadcastIntent}}) : type=2 when=147752586whenElapsed147752586maxWhen =147977586 win=225000 interval=0 flags=0x4 pkg = com.facebook.services
07-26 19:42:57.354  1537  2115 V AlarmManager: set(null) : type=3 when=147512586whenElapsed147512586maxWhen =147512586 win=0 interval=0 flags=0x9 pkg = android
07-26 19:42:57.356  1537  4594 V AlarmManager: set(PendingIntent{8de5875: PendingIntentRecord{538d6b9 com.heytap.mcs startService}}) : type=2 when=147737586whenElapsed147737586maxWhen =147747586 win=10000 interval=0 flags=0x8 pkg = com.heytap.mcs
07-26 19:42:57.364  1537  2264 V AlarmManager: set(PendingIntent{64f9e98: PendingIntentRecord{7fb16c9 com.heytap.mcs startService}}) : type=0 when=1753540032353whenElapsed148307586maxWhen =148317586 win=10000 interval=0 flags=0x8 pkg = com.heytap.mcs
07-26 19:42:57.381  1537  2115 V AlarmManager: set(null) : type=3 when=147512614whenElapsed147512614maxWhen =147512614 win=0 interval=0 flags=0x9 pkg = android
07-26 19:42:57.387 22351 22401 W ContextImpl: Calling a method in the system process without a qualified user: android.app.ContextImpl.bindService:1708 android.content.ContextWrapper.bindService:716 com.heytap.mcs.biz.statistics.agent.OBUSAgent.bindStatisticsApiService:8 com.heytap.mcs.biz.statistics.agent.OBUSAgent.upload:7 com.heytap.mcs.biz.statistics.agent.AgentManager.upload:3 
07-26 19:42:57.393  1537  2115 V AlarmManager: set(null) : type=3 when=147512624whenElapsed147512624maxWhen =147512624 win=0 interval=0 flags=0x9 pkg = android
07-26 19:42:57.404  1537  2115 V AlarmManager: set(null) : type=3 when=147512637whenElapsed147512637maxWhen =147512637 win=0 interval=0 flags=0x9 pkg = android
07-26 19:42:57.404 22351 22401 W ContextImpl: Calling a method in the system process without a qualified user: android.app.ContextImpl.bindService:1708 android.content.ContextWrapper.bindService:716 com.heytap.mcs.biz.message.g.b:8 com.heytap.mcs.biz.message.g.a:94 com.heytap.mcs.biz.message.g.j:1 
07-26 19:42:57.424  1537  1577 I ActivityManager: Start proc 25459:com.heytap.mcs.statistics/1000 for service {com.heytap.mcs/com.heytap.mcs.biz.statistics.service.StatisticsApiService}
07-26 19:42:57.448  1537  1577 I ActivityManager: Start proc 25475:com.heytap.mcs.biz.message/1000 for service {com.heytap.mcs/com.heytap.mcs.biz.message.MessageDealService}
07-26 19:42:57.454  1537  2264 V ActivityManager: New death recipient com.android.server.am.ActivityManagerService$AppDeathRecipient@4ee9fdc for thread android.os.BinderProxy@e7748e5, pid:25459,mApp:null
07-26 19:42:57.457  1537  2264 D DEBUG_VISIBILITY: mOccluded:false lastOccluded:false
07-26 19:42:57.469  1537  2264 V AlarmManager: set(PendingIntent{2b3ddc8: PendingIntentRecord{34a416e com.google.android.gms broadcastIntent}}) : type=3 when=148109853whenElapsed148109853maxWhen =148602716 win=492863 interval=0 flags=0x0 pkg = com.google.android.gms
07-26 19:42:57.474  1537  3658 V ActivityManager: New death recipient com.android.server.am.ActivityManagerService$AppDeathRecipient@baeaf9d for thread android.os.BinderProxy@350cc12, pid:25475,mApp:null
07-26 19:42:57.477  1537  3658 D DEBUG_VISIBILITY: mOccluded:false lastOccluded:false
07-26 19:42:57.609  1537  4602 V AlarmManager: set(PendingIntent{5d5cb6a: PendingIntentRecord{34a416e com.google.android.gms broadcastIntent}}) : type=3 when=148109853whenElapsed148109853maxWhen =148602611 win=492758 interval=0 flags=0x0 pkg = com.google.android.gms
07-26 19:42:57.707  1537  4602 V AlarmManager: set(PendingIntent{9fd3436: PendingIntentRecord{34a416e com.google.android.gms broadcastIntent}}) : type=3 when=148109853whenElapsed148109853maxWhen =148602537 win=492684 interval=0 flags=0x0 pkg = com.google.android.gms
07-26 19:42:57.773  1537  4602 V AlarmManager: set(PendingIntent{44afca4: PendingIntentRecord{34a416e com.google.android.gms broadcastIntent}}) : type=3 when=148109853whenElapsed148109853maxWhen =148602488 win=492635 interval=0 flags=0x0 pkg = com.google.android.gms
07-26 19:42:57.815 25475 25505 W ContextImpl: Calling a method in the system process without a qualified user: android.app.ContextImpl.startService:1609 android.content.ContextWrapper.startService:680 com.heytap.mcs.biz.message.h.a:18 com.heytap.mcs.biz.message.h.a:6 com.heytap.mcs.base.task.a.b:6 
07-26 19:42:57.835  1537  3658 D MtkConnectivityService: requestNetwork for uid/pid:1000/25459 NetworkRequest [ TRACK_DEFAULT id=4449, [ Capabilities: INTERNET&NOT_RESTRICTED&TRUSTED Uid: 1000] ]
07-26 19:42:57.842  1537  4602 V ActivityManager: Death received in com.android.server.am.ActivityManagerService$AppDeathRecipient@baeaf9d for thread android.os.BinderProxy@350cc12, mPid:25475,mApp:ProcessRecord{7bfba0d 25475:com.heytap.mcs.biz.message/1000}
07-26 19:42:57.843  1537  4602 I ActivityManager: Process com.heytap.mcs.biz.message (pid 25475) has died: fore SVC 
07-26 19:42:57.843  1537  4602 W ContextImpl: Calling a method in the system process without a qualified user: android.app.ContextImpl.sendBroadcast:1073 com.android.server.am.OppoExtraActivityManagerService.setKeyLockModeNormal:53 com.android.server.am.ActivityManagerService.appDiedLocked:4245 com.android.server.am.ActivityManagerService$AppDeathRecipient.binderDied:1682 android.os.BinderProxy.sendDeathNotice:633 
07-26 19:42:58.060  1537  3657 I DropBoxManagerService: add tag=keymaster isTagEnabled=true flags=0x0
07-26 19:42:58.070  1537  3657 W DropBoxManagerService: Dropping: keymaster (368 > 0 bytes)
07-26 19:42:58.074  1537  3657 D DropBoxManagerService: file :: /data/system/dropbox/keymaster@1753539178071.lost
07-26 19:42:58.691  1537  1572 D OppoThermalStats: reset mHaveCaptured:false
07-26 19:43:00.001  1537  1664 D AlarmManager: NumDelayedAlarms:1931   NextNonWakeupDeliveryTime:148805234/147455234
07-26 19:43:00.075  1537  1581 W BroadcastQueue: Background execution not allowed: receiving Intent { act=android.intent.action.DROPBOX_ENTRY_ADDED flg=0x10 (has extras) } to com.google.android.gms/.stats.service.DropBoxEntryAddedReceiver
07-26 19:43:01.864  1537  1537 D TorchManagerService: temperature: 300, bTorchMode: false, switchOn: true, threshold: 460, showing: false, mbIsSafetyTemperatureScene: false
07-26 19:43:02.870 25459 25459 W ContextImpl: Calling a method in the system process without a qualified user: android.app.ContextImpl.startService:1609 android.content.ContextWrapper.startService:680 com.heytap.mcs.biz.statistics.StaticProcessTrackStatusManager.exitCurrentProcess:11 com.heytap.mcs.biz.statistics.StaticProcessTrackStatusManager$1.handleMessage:3 android.os.Handler.dispatchMessage:103 
07-26 19:43:02.926  1537  4602 D MtkConnectivityService: ConnectivityService NetworkRequestInfo binderDied(NetworkRequest [ TRACK_DEFAULT id=4449, [ Capabilities: INTERNET&NOT_RESTRICTED&TRUSTED Uid: 1000] ], android.os.BinderProxy@b756779)
07-26 19:43:02.926  1537  3658 V ActivityManager: Death received in com.android.server.am.ActivityManagerService$AppDeathRecipient@4ee9fdc for thread android.os.BinderProxy@e7748e5, mPid:25459,mApp:ProcessRecord{c368c40 25459:com.heytap.mcs.statistics/1000}
07-26 19:43:02.927  1537  1717 D MtkConnectivityService: releasing NetworkRequest [ TRACK_DEFAULT id=4449, [ Capabilities: INTERNET&NOT_RESTRICTED&TRUSTED Uid: 1000] ] (release request)
07-26 19:43:02.927  1537  3658 I ActivityManager: Process com.heytap.mcs.statistics (pid 25459) has died: fore SVC 
07-26 19:43:02.927  1537  3658 W ContextImpl: Calling a method in the system process without a qualified user: android.app.ContextImpl.sendBroadcast:1073 com.android.server.am.OppoExtraActivityManagerService.setKeyLockModeNormal:53 com.android.server.am.ActivityManagerService.appDiedLocked:4245 com.android.server.am.ActivityManagerService$AppDeathRecipient.binderDied:1682 android.os.BinderProxy.sendDeathNotice:633 
07-26 19:43:03.018  1537  3658 V AlarmManager: set(PendingIntent{3d4511f: PendingIntentRecord{34a416e com.google.android.gms broadcastIntent}}) : type=3 when=148109853whenElapsed148109853maxWhen =148598554 win=488701 interval=0 flags=0x0 pkg = com.google.android.gms
07-26 19:43:03.078  1537  4594 V AlarmManager: set(PendingIntent{791a358: PendingIntentRecord{34a416e com.google.android.gms broadcastIntent}}) : type=3 when=148109853whenElapsed148109853maxWhen =148598509 win=488656 interval=0 flags=0x0 pkg = com.google.android.gms
07-26 19:43:06.248  1537  1565 W Watchdog: **Get SF Time **0
07-26 19:43:08.008  1537  1537 D TorchManagerService: temperature: 300, bTorchMode: false, switchOn: true, threshold: 460, showing: false, mbIsSafetyTemperatureScene: false
07-26 19:43:08.206  1537  1592 D OppoPowerManagerHelper: handleMessage:203
07-26 19:43:08.206  1537  1592 D OppoPowerManagerHelper: wakelock list dump: mLocks.size=1:
07-26 19:43:08.206  1537  1592 D OppoPowerManagerHelper: No.0: SCREEN_BRIGHT_WAKE_LOCK        'WindowManager'activated(flags=536870922, uid=1000, pid=1537) total=648858ms)
07-26 19:43:13.891  1537  1537 D TorchManagerService: temperature: 300, bTorchMode: false, switchOn: true, threshold: 460, showing: false, mbIsSafetyTemperatureScene: false
07-26 19:43:20.034  1537  1537 D TorchManagerService: temperature: 300, bTorchMode: false, switchOn: true, threshold: 460, showing: false, mbIsSafetyTemperatureScene: false
07-26 19:43:24.705  1537  1664 D AlarmManager: NumDelayedAlarms:1932   NextNonWakeupDeliveryTime:148805234/147479938
07-26 19:43:24.743  1537  2115 V AlarmManager: set(null) : type=3 when=147539976whenElapsed147539976maxWhen =147539976 win=0 interval=0 flags=0x9 pkg = android
07-26 19:43:25.926  1537  1537 D TorchManagerService: temperature: 300, bTorchMode: false, switchOn: true, threshold: 460, showing: false, mbIsSafetyTemperatureScene: false
07-26 19:43:33.975  1537 23342 D AdbDebuggingManager: Received disconnected message: QAAAAG3bb6ebmWpSQfg1VKXByVFH2kY3p0EzWDrB/uH9lNI42NSPevLhenpXnG204CxpfPEB48buJPJ8/LEOZhSp20tyjJp/JGcx04sMjUHsGterx6G2G32eaGGydGQYnz6ZvQJTMZboHenYH+cqiFqcCX/ykMP5a1ZPOtUozpdOfKgXY85FcI/sRTYeW5lttcvDWns0NjaB/8Mo0sXW5VTm0qDDZweZr+R7CdcItmXiUYWvm84yiaANsjRsewlT4+htOqTM7iFk/A7R2T2Kb1UHR2kx6RZcSP4xiskm8oSyVjEcZFiNG6A/uPjeKYtUcnlKvIqujNlJmADJHcC5+04AxRwSrT/Br8vZk3+Lz/3CwctqGX5Dc/aCF0pSnBUH7l0Lg+ormm2kkPUz685hrueu7z9jWnWeMiDnS5GLItHsfkIrWMyvcyO1WndSTSqUkJ39kREAq434aEhhsd1p1lTBfjO9qqGCWtjD2RYOHn8+GPjAl2lnbzNViwrNJWAPvcgMPaV/k8C6aFvPdTXDIwKV5UWzZEbM7cIt0oodxDTA674iYL1rKRsIA37BJ0/duLWkwY2w8YoQtZCMwa3Ir0LuHR12BjexCi2JHfkwsV+tyF6hUMciA+89V90ZuO8mS6DBI17fJE3y3NY4nkjCqIruClxlBBL3+3YbAiy75y+rqPjV57HxwAEAAQA= computer@DESKTOP-LTPIEO8
07-26 19:43:33.976  1537  1559 D AdbDebuggingManager: Logging key QAAAAG3bb6ebmWpSQfg1VKXByVFH2kY3p0EzWDrB/uH9lNI42NSPevLhenpXnG204CxpfPEB48buJPJ8/LEOZhSp20tyjJp/JGcx04sMjUHsGterx6G2G32eaGGydGQYnz6ZvQJTMZboHenYH+cqiFqcCX/ykMP5a1ZPOtUozpdOfKgXY85FcI/sRTYeW5lttcvDWns0NjaB/8Mo0sXW5VTm0qDDZweZr+R7CdcItmXiUYWvm84yiaANsjRsewlT4+htOqTM7iFk/A7R2T2Kb1UHR2kx6RZcSP4xiskm8oSyVjEcZFiNG6A/uPjeKYtUcnlKvIqujNlJmADJHcC5+04AxRwSrT/Br8vZk3+Lz/3CwctqGX5Dc/aCF0pSnBUH7l0Lg+ormm2kkPUz685hrueu7z9jWnWeMiDnS5GLItHsfkIrWMyvcyO1WndSTSqUkJ39kREAq434aEhhsd1p1lTBfjO9qqGCWtjD2RYOHn8+GPjAl2lnbzNViwrNJWAPvcgMPaV/k8C6aFvPdTXDIwKV5UWzZEbM7cIt0oodxDTA674iYL1rKRsIA37BJ0/duLWkwY2w8YoQtZCMwa3Ir0LuHR12BjexCi2JHfkwsV+tyF6hUMciA+89V90ZuO8mS6DBI17fJE3y3NY4nkjCqIruClxlBBL3+3YbAiy75y+rqPjV57HxwAEAAQA= computer@DESKTOP-LTPIEO8, state = 7, alwaysAllow = false, lastConnectionTime = 0, authWindow = 604800000
07-26 19:43:33.977  1537  1552 V UsbDeviceManager: USB UEVENT: {SUBSYSTEM=android_usb, SEQNUM=141238, ACTION=change, USB_STATE=DISCONNECTED, DEVPATH=/devices/virtual/android_usb/android0}
07-26 19:43:33.987  1537  1585 E OppoBatteryExternalStatsWorker: no controller energy info supplied for bluetooth
07-26 19:43:33.987  1537  1584 E BatteryExternalStatsWorker: no controller energy info supplied for bluetooth
07-26 19:43:33.992  1537  1802 I UsbPortManager: ClientCallback V1_1: dual-role-type_c_port0
07-26 19:43:33.992  1537  1559 I UsbPortManager: USB port changed: port=UsbPort{id=dual-role-type_c_port0, supportedModes=dualsupportedContaminantProtectionModes=0supportsEnableContaminantPresenceProtection=falsesupportsEnableContaminantPresenceDetection=false, status=UsbPortStatus{connected=false, currentMode=none, currentPowerRole=no-power, currentDataRole=no-data, supportedRoleCombinations=[no-power:no-data], contaminantDetectionStatus=0, contaminantProtectionStatus=0}, canChangeMode=false, canChangePowerRole=false, canChangeDataRole=false, connectedAtMillis=0, lastConnectDurationMillis=980014
07-26 19:43:33.997  1537  1537 I OppoBatteryStatsImpl: appStats = listType 0 uid 10174 com.google.android.youtube usage 15.512919 cpu 0.0025540798 wake 0.0 radio 0.0 wifi 0.0 bt 0.0 gps 0.0 sensor 0.0 camera 0.0 flash 0.0 screen 0.0 cpuFgTimeMs 0 cpuTimeMs 0
07-26 19:43:33.997  1537  1537 I OppoBatteryStatsImpl: appStats = listType 0 uid 0 root usage 0.49836534 cpu 0.043285895 wake 0.45507944 radio 0.0 wifi 0.0 bt 0.0 gps 0.0 sensor 0.0 camera 0.0 flash 0.0 screen 0.0 cpuFgTimeMs 0 cpuTimeMs 74740
07-26 19:43:33.997  1537  1537 I OppoBatteryStatsImpl: appStats = listType 0 uid 10228 com.instagram.android usage 0.26940408 cpu 0.2668272 wake 0.002576889 radio 0.0 wifi 0.0 bt 0.0 gps 0.0 sensor 0.0 camera 0.0 flash 0.0 screen 0.0 cpuFgTimeMs 0 cpuTimeMs 167540
07-26 19:43:33.998  1537  1537 I OppoBatteryStatsImpl: appStats = listType 0 uid 1000 android usage 0.1804226 cpu 0.1639243 wake 0.016495556 radio 0.0 wifi 0.0 bt 0.0 gps 0.0 sensor 2.7419446E-6 camera 0.0 flash 0.0 screen 0.0 cpuFgTimeMs 0 cpuTimeMs 149000
07-26 19:43:33.998  1537  1537 I OppoBatteryStatsImpl: appStats = listType 0 uid 10083 com.android.systemui usage 0.08274713 cpu 0.058548354 wake 0.0025537778 radio 0.0 wifi 0.0 bt 0.0 gps 0.0 sensor 0.0 camera 0.0 flash 0.0 screen 0.0 cpuFgTimeMs 0 cpuTimeMs 42210
07-26 19:43:33.998  1537  1537 I OppoBatteryStatsImpl: uid0Stats = listType 1 uid 0 name kswapd0 cpuTime 20650 foregroundTime 0
07-26 19:43:33.998  1537  1537 I OppoBatteryStatsImpl: uid0Stats = listType 1 uid 0 name mmc-cmdqd/0 cpuTime 6440 foregroundTime 0
07-26 19:43:33.998  1537  1537 I OppoBatteryStatsImpl: uid0Stats = listType 1 uid 0 name usbtemp_kthread cpuTime 4260 foregroundTime 0
07-26 19:43:33.998  1537  1537 I OppoBatteryStatsImpl: uid0Stats = listType 1 uid 0 name hif_thread cpuTime 2270 foregroundTime 0
07-26 19:43:33.998  1537  1537 I OppoBatteryStatsImpl: uid0Stats = listType 1 uid 0 name ipi_cpu_dvfs_rt cpuTime 2250 foregroundTime 0
07-26 19:43:33.998  1537  1537 I OppoBatteryStatsImpl: uid1000Stats = listType 2 uid 1000 name system cpuTime 61360 foregroundTime 0
07-26 19:43:33.998  1537  1537 I OppoBatteryStatsImpl: uid1000Stats = listType 2 uid 1000 name surfaceflinger cpuTime 45080 foregroundTime 0
07-26 19:43:33.998  1537  1537 I OppoBatteryStatsImpl: uid1000Stats = listType 2 uid 1000 name com.android.settings cpuTime 14230 foregroundTime 0
07-26 19:43:33.998  1537  1537 I OppoBatteryStatsImpl: uid1000Stats = listType 2 uid 1000 name com.coloros.persist.system cpuTime 6350 foregroundTime 0
07-26 19:43:33.998  1537  1537 I OppoBatteryStatsImpl: uid1000Stats = listType 2 uid 1000 name android.hardware.graphics.composer@2.1-service cpuTime 6310 foregroundTime 0
07-26 19:43:33.999  1537  1537 D OppoBaseBatteryService: get battery stats 111
07-26 19:43:33.999  1537  1537 D OppoBaseBatteryService: send broadcast : oppo.intent.action.BATTERY_PLUGGED_CHANGED : plugType = 0
07-26 19:43:33.999  1537  1537 W ContextImpl: Calling a method in the system process without a qualified user: android.app.ContextImpl.sendBroadcast:1088 com.android.server.OppoBaseBatteryService$1.run:227 android.os.Handler.handleCallback:883 android.os.Handler.dispatchMessage:100 android.os.Looper.loop:237 
07-26 19:43:34.005  1537  1581 W BroadcastQueue: Background execution not allowed: receiving Intent { act=android.intent.action.ACTION_POWER_DISCONNECTED flg=0x4100010 (has extras) } to com.android.systemui/com.coloros.systemui.notification.usb.UsbstartReceiver
07-26 19:43:34.008  1537  1592 D OppoPhoneWindowManager: onWakeUp for:wakeUpByOther
07-26 19:43:34.009  1537  1592 I PowerManagerService: Waking up from Asleep (uid=1000, reason=WAKE_REASON_PLUGGED_IN, details=android.server.power:PLUGGED:false)...
07-26 19:43:34.010  1537  1592 D BatterySaverStateMachine: doAutoBatterySaverLocked: ignore
07-26 19:43:34.011  1537  1581 W BroadcastQueue: Background execution not allowed: receiving Intent { act=android.intent.action.ACTION_POWER_DISCONNECTED flg=0x4100010 (has extras) } to com.google.android.gms/.chimera.GmsIntentOperationService$PersistentTrustedReceiver
07-26 19:43:34.011  1537  1581 W BroadcastQueue: Background execution not allowed: receiving Intent { act=android.intent.action.ACTION_POWER_DISCONNECTED flg=0x4100010 (has extras) } to com.google.android.projection.gearhead/com.google.android.apps.auto.components.connectivity.impl.ConnectivityEventHandlerImpl$ConnectivityEventBroadcastReceiver
07-26 19:43:34.011  1537  1581 W BroadcastQueue: Background execution not allowed: receiving Intent { act=android.intent.action.ACTION_POWER_DISCONNECTED flg=0x4100010 (has extras) } to com.heytap.mcs/com.nearme.instant.upgrade.PowerConnectionReceiver
07-26 19:43:34.011  1537  2264 V AlarmManager: set(PendingIntent{a36f67a: PendingIntentRecord{e5a591d com.coloros.oppoguardelf broadcastIntent}}) : type=3 when=147729244whenElapsed147729244maxWhen =147729244 win=0 interval=0 flags=0x9 pkg = com.coloros.oppoguardelf
07-26 19:43:34.012  1537  1592 D OppoDisplayPowerControlBrightnessHelper: setLightSensorAlwaysOn = true
07-26 19:43:34.017  1537  1562 I DisplayManagerService: Display device changed state: "Built-in Screen", ON
07-26 19:43:34.018  1537  1560 D ColorZoomWindowManagerService: current size = 720 x 1600
07-26 19:43:34.022  1537  1592 I DisplayPowerController: Blocking screen on until initial contents have been drawn.
07-26 19:43:34.023  1537  1592 D OppoDisplayPowerControlBrightnessHelper: setLightSensorAlwaysOn = false
07-26 19:43:34.028  1537  1592 V DisplayPowerController: Brightness [1594] reason changing to: 'manual', previous reason: 'screen_off'.
07-26 19:43:34.029  1537  1592 D OppoDisplayPowerControlBrightnessHelper: Atlas report manual data:EventID,608,mManualBacklightTotalTime,313,mManualMaxBacklightTotalTime,0,mManualTotalTimeLargeLux_10000,0,mManualTotalTimeLargeLux_20000,0,mManualTotalTimeLargeLux_30000,0,mManualTotalTimeLargeLux_40000,0,mManualTotalTimeLargeLux_60000,0
07-26 19:43:34.031  3026  7642 W ContextImpl: Calling a method in the system process without a qualified user: android.app.ContextImpl.startService:1609 android.content.ContextWrapper.startService:680 oppo.util.OppoStatistics.startDcsService:429 oppo.util.OppoStatistics.access$100:40 oppo.util.OppoStatistics$1.run:186 
07-26 19:43:34.036  8544  8616 W ContextImpl: Calling a method in the system process without a qualified user: android.app.ContextImpl.startService:1609 android.content.ContextWrapper.startService:680 com.oppo.statistics.record.RecordHandler.startDcsService:210 com.oppo.statistics.record.RecordHandler.addTask:137 com.oppo.statistics.agent.CommonAgent.recordCommon:23 
07-26 19:43:34.039  1537  1537 I UsbDeviceManager: updateHostState UsbPort{id=dual-role-type_c_port0, supportedModes=dualsupportedContaminantProtectionModes=0supportsEnableContaminantPresenceProtection=falsesupportsEnableContaminantPresenceDetection=false status=UsbPortStatus{connected=false, currentMode=none, currentPowerRole=no-power, currentDataRole=no-data, supportedRoleCombinations=[no-power:no-data], contaminantDetectionStatus=0, contaminantProtectionStatus=0}
07-26 19:43:34.039  1537  1537 D OppoPowerMonitor: Receive broadcast android.intent.action.ACTION_POWER_DISCONNECTED
07-26 19:43:34.040  1537  1537 D TorchManagerService: temperature: 300, bTorchMode: false, switchOn: true, threshold: 460, showing: false, mbIsSafetyTemperatureScene: false
07-26 19:43:34.041  1537  1537 V AlarmManager: set(null) : type=2 when=148304274whenElapsed148304274maxWhen =148915524 win=611250 interval=0 flags=0x8 pkg = android
07-26 19:43:34.041  1537  1537 V AlarmManager: set(null) : type=2 when=147779274whenElapsed147779274maxWhen =147996773 win=217499 interval=0 flags=0x8 pkg = android
07-26 19:43:34.043  1537  4487 V AlarmManager: set(PendingIntent{5ba57a3: PendingIntentRecord{21d2aa0 com.google.android.gms startService}}) : type=3 when=315507489276whenElapsed315507489276maxWhen =552027489276 win=236520000000 interval=0 flags=0x8 pkg = com.google.android.gms
07-26 19:43:34.059  1537  1592 D OppoDisplayPowerControlBrightnessHelper: handleMessage:103
07-26 19:43:34.071  1537  1537 W UsageStatsService: Event reported without a package name, eventType:15
07-26 19:43:34.074  2189  2189 D OppoDragWindowPolicy: ----DisplayChanged----
07-26 19:43:34.098  1537  1537 W ContextImpl: Calling a method in the system process without a qualified user: android.app.ContextImpl.sendBroadcast:1073 com.android.server.am.ColorAbnormalAppManager.handleCountRestrictedList:635 com.android.server.am.ColorAbnormalAppManager.updateScreenStatus:593 com.android.server.coloros.OppoSysStateManager$LocalService.onWakefulnessChanged:321 com.android.server.power.Notifier$1.run:468 
07-26 19:43:34.113 22636 22636 D ColorViewRootUtil: initSwipState, isDisplayCompatApp false
07-26 19:43:34.114 22636 22636 D ColorViewRootUtil: updateScreenSize, mScreenHeight 1600,mScreenWidth:720,height:1600,width:720
07-26 19:43:34.156  1537  1676 D WindowOrientationListener: WindowOrientationListener enabled clearCurrentRotation=true
07-26 19:43:34.159  1537  1537 D OppoNwPowerStateManager: Received broadcast:oppo.intent.action.INTENT_NW_POWER_STOP_MONITOR
07-26 19:43:34.159  1537  1794 E OppoNwPowerStateManager: SendToKernel failed, mNlSock=null.
07-26 19:43:34.162  1537  1537 D TorchManagerService: temperature: 300, bTorchMode: false, switchOn: true, threshold: 460, showing: false, mbIsSafetyTemperatureScene: false
07-26 19:43:34.163  1537  1676 D DisplayPowerController: ScreenOnUnblocker, onScreenOn blockedByFace=false state=1
07-26 19:43:34.177  1537  4599 D OppoUidCpuTimeReader:  totalTimeMs =979781ms
07-26 19:43:34.177  1537  4599 D OppoUidCpuTimeReader:  mCoreNum = 8 ut.name=com.spotify.music tt.t = 1154638
07-26 19:43:34.177  1537  4599 D OppoUidCpuTimeReader:  mCoreNum = 8 ut.name=com.coloros.gallery3d tt.t = 857895
07-26 19:43:34.177  1537  4599 D OppoUidCpuTimeReader:  mCoreNum = 8 ut.name=noName tt.t = 549341
07-26 19:43:34.177  1537  4599 D OppoUidCpuTimeReader:  mCoreNum = 8 ut.name=com.instagram.android tt.t = 134695
07-26 19:43:34.177  1537  4599 D OppoUidCpuTimeReader:  mCoreNum = 8 ut.name=android.uid.system:1000 tt.t = 73524
07-26 19:43:34.179  2189  4258 D CalChargeHotReason: mPhoneTemp 388mBatteryTemp 350
07-26 19:43:34.180  2189  4258 D CalChargeHotReason: current 440
07-26 19:43:34.180  2189  4258 D CalChargeHotReason: precent 31
07-26 19:43:34.180  2189  4258 D CalChargeHotReason: isFg false type 0 uid 10174 name com.google.android.youtube cpuTime 0 powerMah 15.512919
07-26 19:43:34.180  2189  4258 D CalChargeHotReason: reason_type 17
07-26 19:43:34.188  2189  3075 W ContextImpl: Calling a method in the system process without a qualified user: android.app.ContextImpl.startService:1609 android.content.ContextWrapper.startService:680 com.oppo.statistics.record.RecordHandler.startDcsService:210 com.oppo.statistics.record.RecordHandler.addTask:137 com.oppo.statistics.agent.CommonAgent.recordCommon:23 
07-26 19:43:34.212  1537  1584 D OppoBatteryStatsService: setThermalStateInternal, now setThermalState process sync external state.
07-26 19:43:34.214  1537  1572 I OppoThermalStats: mChargeUploadMap startTemp:350
07-26 19:43:34.214  1537  1572 I OppoThermalStats: mChargeUploadMap screenOnTime:5
07-26 19:43:34.214  1537  1572 I OppoThermalStats: mChargeUploadMap chargePlug:usb
07-26 19:43:34.214  1537  1572 I OppoThermalStats: mChargeUploadMap chargeTime:16
07-26 19:43:34.214  1537  1572 I OppoThermalStats: mChargeUploadMap maxTemp:350
07-26 19:43:34.214  1537  1572 I OppoThermalStats: mChargeUploadMap startLevel:61
07-26 19:43:34.214  1537  1572 I OppoThermalStats: mChargeUploadMap endBatrm:0
07-26 19:43:34.214  1537  1572 I OppoThermalStats: mChargeUploadMap endLevel:63
07-26 19:43:34.217  1537  1572 I OppoThermalStats: mChargeUploadMap minTemp:300
07-26 19:43:34.217  1537  1572 I OppoThermalStats: mChargeUploadMap startBatrm:0
07-26 19:43:34.217  1537  1572 I OppoThermalStats: mChargeUploadMap startHour:19
07-26 19:43:34.217  1537  1572 I OppoThermalStats: mChargeUploadMap chargeId:0
07-26 19:43:34.217  1537  1572 I OppoThermalStats: mChargeUploadMap startTime:2025-07-26-19-27-14
07-26 19:43:34.217  1537  1572 I OppoThermalStats: mChargeUploadMap endTime:2025-07-26-19-43-34
07-26 19:43:34.218  1537  1572 I OppoThermalStats: mChargeUploadMap endTemp:300
07-26 19:43:34.218  1537  1572 I common_test: context is startservice
07-26 19:43:34.219  1537  1584 E BatteryExternalStatsWorker: no controller energy info supplied for bluetooth
07-26 19:43:34.235  1537  1592 I DisplayPowerController: Unblocked screen on after 213 ms
07-26 19:43:34.241  1537  1793 I OppoLightsService: SurfaceFlinger transaction exception 
07-26 19:43:34.241  1537  1592 W PowerManagerService: Screen on took 234 ms
07-26 19:43:34.257  1537  1537 V AlarmManager: set(null) : type=3 when=147515234whenElapsed147515234maxWhen =147515234 win=0 interval=0 flags=0x1 pkg = android
07-26 19:43:34.259  1537  2115 V AlarmManager: set(null) : type=3 when=147549492whenElapsed147549492maxWhen =147549492 win=0 interval=0 flags=0x9 pkg = android
07-26 19:43:34.326  1537  1716 V AlarmManager: set(null) : type=2 when=147519558whenElapsed147519558maxWhen =147542056 win=22498 interval=0 flags=0x8 pkg = android
07-26 19:43:34.330  1537  1716 V AlarmManager: set(null) : type=2 when=147504560whenElapsed147504560maxWhen =147515810 win=11250 interval=0 flags=0x8 pkg = android
07-26 19:43:34.343  1537  1537 D LMServiceThreadHandler: onScreenStatusChange:true
07-26 19:43:34.345  1537  1770 D ChattyManagerService: update screen state, current=true
07-26 19:43:34.347  1537  1537 D OppoPowerMonitor: Receive broadcast android.intent.action.SCREEN_ON
07-26 19:43:34.397  1537  4599 V AlarmManager: set(null) : type=3 when=190690000whenElapsed190690000maxWhen =190690000 win=0 interval=0 flags=0x9 pkg = android
07-26 19:43:34.398  1537  4599 V AlarmManager: set(null) : type=3 when=190567000whenElapsed190567000maxWhen =190567000 win=0 interval=0 flags=0x9 pkg = android
07-26 19:43:34.407  1537  1584 D OppoBatteryStatsService: setThermalStateInternal, now setThermalState process sync external state.
07-26 19:43:34.412  1537  1584 E BatteryExternalStatsWorker: no controller energy info supplied for bluetooth
07-26 19:43:34.461  2189  3075 W ContextImpl: Calling a method in the system process without a qualified user: android.app.ContextImpl.startService:1609 android.content.ContextWrapper.startService:680 com.oppo.statistics.record.RecordHandler.startDcsService:210 com.oppo.statistics.record.RecordHandler.addTask:137 com.oppo.statistics.agent.CommonAgent.recordCommon:23 
07-26 19:43:34.473  1537  1584 D OppoBatteryStatsService: setThermalStateInternal, now setThermalState process sync external state.
07-26 19:43:34.508  1537  1572 D OppoThermalStats: reset mHaveCaptured:false
07-26 19:43:34.549  8544  8616 W ContextImpl: Calling a method in the system process without a qualified user: android.app.ContextImpl.startService:1609 android.content.ContextWrapper.startService:680 com.oppo.statistics.record.RecordHandler.startDcsService:210 com.oppo.statistics.record.RecordHandler.addTask:137 com.oppo.statistics.agent.CommonAgent.recordCommon:23 
07-26 19:43:35.533  1537  1560 V WindowOrientationListener: Proposed rotation changed!  mDesiredRotation=3, newRotation=3
07-26 19:43:36.249  1537  1565 W Watchdog: **Get SF Time **0
07-26 19:43:36.355  1537  1560 V WindowOrientationListener: Proposed rotation changed!  mDesiredRotation=0, newRotation=0
07-26 19:43:36.397 22636 22636 D ColorViewRootUtil: nav gesture mode swipeFromBottom ignore false downX 474 downY 1378 mScreenHeight 1600 mScreenWidth 720 mStatusBarHeight 36 globalScale 1.125 nav mode 3 event MotionEvent { action=ACTION_DOWN, actionButton=0, id[0]=0, x[0]=474.0, y[0]=1378.0, toolType[0]=TOOL_TYPE_FINGER, buttonState=0, classification=NONE, metaState=0, flags=0x0, edgeFlags=0x0, pointerCount=1, historySize=0, eventTime=118866382, downTime=118866382, deviceId=2, source=0x1002, displayId=0 } rotation 0
07-26 19:43:36.681  1537  1750 V FaceService.Main: starting client AuthenticationClientImpl(com.android.systemui) cookie: 0/0
07-26 19:43:36.684  1537  1750 W FaceService.Main: client com.android.systemui is authenticating...
07-26 19:43:36.706  1537  1802 D CommonDcsUploader: notifyMsgToCommonDcs, logTag: 2012002ConnectCamera
07-26 19:43:36.706  1537  1817 W ContextImpl: Calling a method in the system process without a qualified user: android.app.ContextImpl.startService:1609 oppo.util.OppoStatistics.startDcsService:429 oppo.util.OppoStatistics.access$100:40 oppo.util.OppoStatistics$1.run:186 java.util.concurrent.ThreadPoolExecutor.runWorker:1167 
07-26 19:43:36.714  1537  4599 D CameraService_proxy: notifyHypnus camera status open
07-26 19:43:36.780  1537  1817 W ContextImpl: Calling a method in the system process without a qualified user: android.app.ContextImpl.startService:1609 android.content.ContextWrapper.startService:680 oppo.util.OppoStatistics.startDcsService:429 oppo.util.OppoStatistics.access$100:40 oppo.util.OppoStatistics$1.run:186 
07-26 19:43:36.977  1537  1559 D OppoUsbDeviceFeature: setUsbPlugFlag
07-26 19:43:36.985  1537  1559 D UsbDeviceManager: broadcasting Intent { act=android.hardware.usb.action.USB_STATE flg=0x31100000 (has extras) } extras: Bundle[{host_connected=false, connected=false, unlocked=true, adb=true, mtp=true, configured=false}]
07-26 19:43:36.988  1537  1559 I UsbDeviceManager: usb plug out
07-26 19:43:36.988  1537  1559 D OppoUsbDeviceFeature: initUsbAccessoryStartFlag
07-26 19:43:36.998  1537  1559 D OppoUsbDeviceFeature: usbFunctionsShuoldUseDefault
07-26 19:43:36.998  1537  1559 I OppoUsbDeviceFeature: usb plug out, current functions=mtp
07-26 19:43:37.010  1537  1559 D UsbDeviceManager: setEnabledFunctions functions=0, forceRestart=false,usbDataUnlocked=false,mUsbDataUnlocked=true
07-26 19:43:37.010  1537  1559 D OppoUsbDeviceFeature: printBootModeForDebug, bootMode:normal
07-26 19:43:37.010  1537  1559 I UsbDeviceManager: trySetEnabledFunctions functions = adb
07-26 19:43:37.010  1537  1559 D OppoUsbDeviceFeature: isTelecomRequirement
07-26 19:43:37.010  1537  1559 D OppoUsbDeviceFeature: IgnoreCTARequirement
07-26 19:43:37.010  1537  1559 I OppoUsbDeviceFeature: ingore disable adb
07-26 19:43:37.010  1537  1559 D OppoUsbDeviceFeature: usbFunctionsNotForceRestart
07-26 19:43:37.010  1537  1559 I OppoUsbDeviceFeature: usb has plug out
07-26 19:43:37.021  1537  1559 D OppoUsbDeviceFeature: isNormalBoot
07-26 19:43:37.021  1537  1559 I OppoUsbDeviceFeature: bootMode = normal
07-26 19:43:37.022  1537  1559 D OppoUsbDeviceFeature: printBootModeForDebug, bootMode:normal
07-26 19:43:37.024  1537  1559 D OppoUsbDeviceFeature: printFunctionsForDebug
07-26 19:43:37.024  1537  1559 D OppoUsbDeviceFeature: functionInfo:UsbFunc[fun:adb, oemFun:adb, curFun:mtp,adb, curFunApplied:true, forceRestart:true, curOemFun:mtp,adb
07-26 19:43:37.024  1537  1559 I UsbDeviceManager: Setting USB config to adb
07-26 19:43:37.026  1537  1577 I ActivityManager: Start proc 25663:com.coloros.securepay/1000 for broadcast {com.coloros.securepay/com.coloros.securepay.SecurePayReceiver}
07-26 19:43:37.027  1537  1559 D UsbDeviceManager: setUsbConfig(none)
07-26 19:43:37.047  1537 23342 W AdbDebuggingManager: Read failed with count -1
07-26 19:43:37.052  1537 23342 E AdbDebuggingManager: Caught an exception opening the socket: java.io.IOException: No such file or directory
07-26 19:43:37.065  1537  3658 V ActivityManager: New death recipient com.android.server.am.ActivityManagerService$AppDeathRecipient@e3acb43 for thread android.os.BinderProxy@1c925c0, pid:25663,mApp:null
07-26 19:43:37.067  1537  3658 D DEBUG_VISIBILITY: mOccluded:false lastOccluded:false
07-26 19:43:37.078  1537  1559 D UsbDeviceManager: setUsbConfig(adb)
07-26 19:43:37.179  1537  1559 W Looper  : Slow dispatch took 202ms android.fg h=com.android.server.usb.UsbDeviceManager$UsbHandlerLegacy c=null m=0
07-26 19:43:37.325  1537  1802 D OppoPhoneWindowManager: onWakeUp for:setOpaqueWhileFailToUnlock
07-26 19:43:37.386 22636 22636 D ColorViewRootUtil: nav gesture mode swipeFromBottom ignore false downX 175 downY 983 mScreenHeight 1600 mScreenWidth 720 mStatusBarHeight 36 globalScale 1.125 nav mode 3 event MotionEvent { action=ACTION_DOWN, actionButton=0, id[0]=0, x[0]=175.0, y[0]=983.0, toolType[0]=TOOL_TYPE_FINGER, buttonState=0, classification=NONE, metaState=0, flags=0x0, edgeFlags=0x0, pointerCount=1, historySize=0, eventTime=118867382, downTime=118867382, deviceId=2, source=0x1002, displayId=0 } rotation 0
07-26 19:43:37.403  1537  4599 I ActivityManager: Killing 25181:com.coloros.proton/1000 (adj 985): empty #9
07-26 19:43:37.434  1537  3658 V ActivityManager: Death received in com.android.server.am.ActivityManagerService$AppDeathRecipient@68eea58 for thread android.os.BinderProxy@e50c7b1, mPid:25181,mApp:ProcessRecord{f633c97 25181:com.coloros.proton/1000}
07-26 19:43:37.536 22636 22636 D ColorViewRootUtil: nav gesture mode swipeFromBottom ignore false downX 361 downY 1132 mScreenHeight 1600 mScreenWidth 720 mStatusBarHeight 36 globalScale 1.125 nav mode 3 event MotionEvent { action=ACTION_DOWN, actionButton=0, id[0]=0, x[0]=361.0, y[0]=1132.0, toolType[0]=TOOL_TYPE_FINGER, buttonState=0, classification=NONE, metaState=0, flags=0x0, edgeFlags=0x0, pointerCount=1, historySize=0, eventTime=118867532, downTime=118867532, deviceId=2, source=0x1002, displayId=0 } rotation 0
07-26 19:43:37.568  1537  1751 W FaceService.Main: client com.android.systemui is no longer authenticating
07-26 19:43:37.569  1537  1751 D OppoPhoneWindowManager: onWakeUp for:setOpaqueWhileFailToUnlock
07-26 19:43:37.573  1537  1751 V BiometricStats: Error! Modality: 4, User: 0, IsCrypto: false, Action: 2, Client: 1, Error: 5, VendorCode: 0
07-26 19:43:37.574  1537  1750 V FaceService.Main: Done with client: com.android.systemui
07-26 19:43:37.610  1537  4602 D CameraService_proxy: notifyHypnus camera status close
07-26 19:43:37.727  1537  7677 D CommonDcsUploader: notifyMsgToCommonDcs, logTag: 2012002ConnectCamera
07-26 19:43:37.728  1537  1817 W ContextImpl: Calling a method in the system process without a qualified user: android.app.ContextImpl.startService:1609 oppo.util.OppoStatistics.startDcsService:429 oppo.util.OppoStatistics.access$100:40 oppo.util.OppoStatistics$1.run:186 java.util.concurrent.ThreadPoolExecutor.runWorker:1167 
07-26 19:43:37.733  1537  1817 W ContextImpl: Calling a method in the system process without a qualified user: android.app.ContextImpl.startService:1609 android.content.ContextWrapper.startService:680 oppo.util.OppoStatistics.startDcsService:429 oppo.util.OppoStatistics.access$100:40 oppo.util.OppoStatistics$1.run:186 
07-26 19:43:37.768 22636 22636 D ColorViewRootUtil: nav gesture mode swipeFromBottom ignore false downX 570 downY 1270 mScreenHeight 1600 mScreenWidth 720 mStatusBarHeight 36 globalScale 1.125 nav mode 3 event MotionEvent { action=ACTION_DOWN, actionButton=0, id[0]=0, x[0]=570.0, y[0]=1270.0, toolType[0]=TOOL_TYPE_FINGER, buttonState=0, classification=NONE, metaState=0, flags=0x0, edgeFlags=0x0, pointerCount=1, historySize=0, eventTime=118867765, downTime=118867765, deviceId=2, source=0x1002, displayId=0 } rotation 0
07-26 19:43:37.934 22636 22636 D ColorViewRootUtil: nav gesture mode swipeFromBottom ignore false downX 138 downY 1271 mScreenHeight 1600 mScreenWidth 720 mStatusBarHeight 36 globalScale 1.125 nav mode 3 event MotionEvent { action=ACTION_DOWN, actionButton=0, id[0]=0, x[0]=138.0, y[0]=1271.0, toolType[0]=TOOL_TYPE_FINGER, buttonState=0, classification=NONE, metaState=0, flags=0x0, edgeFlags=0x0, pointerCount=1, historySize=0, eventTime=118867932, downTime=118867932, deviceId=2, source=0x1002, displayId=0 } rotation 0
07-26 19:43:38.150 22636 22636 D ColorViewRootUtil: nav gesture mode swipeFromBottom ignore false downX 583 downY 976 mScreenHeight 1600 mScreenWidth 720 mStatusBarHeight 36 globalScale 1.125 nav mode 3 event MotionEvent { action=ACTION_DOWN, actionButton=0, id[0]=0, x[0]=583.0, y[0]=976.0, toolType[0]=TOOL_TYPE_FINGER, buttonState=0, classification=NONE, metaState=0, flags=0x0, edgeFlags=0x0, pointerCount=1, historySize=0, eventTime=118868148, downTime=118868148, deviceId=2, source=0x1002, displayId=0 } rotation 0
07-26 19:43:39.987 22636 22636 D ColorViewRootUtil: nav gesture mode swipeFromBottom ignore false downX 630 downY 1521 mScreenHeight 1600 mScreenWidth 720 mStatusBarHeight 36 globalScale 1.125 nav mode 3 event MotionEvent { action=ACTION_DOWN, actionButton=0, id[0]=0, x[0]=630.0, y[0]=1521.0, toolType[0]=TOOL_TYPE_FINGER, buttonState=0, classification=NONE, metaState=0, flags=0x0, edgeFlags=0x0, pointerCount=1, historySize=0, eventTime=118869982, downTime=118869982, deviceId=2, source=0x1002, displayId=0 } rotation 0
07-26 19:43:39.997  1537  1537 D TorchManagerService: temperature: 300, bTorchMode: false, switchOn: true, threshold: 460, showing: false, mbIsSafetyTemperatureScene: false
07-26 19:43:40.153 22636 22636 D ColorViewRootUtil: nav gesture mode swipeFromBottom ignore false downX 625 downY 1516 mScreenHeight 1600 mScreenWidth 720 mStatusBarHeight 36 globalScale 1.125 nav mode 3 event MotionEvent { action=ACTION_DOWN, actionButton=0, id[0]=0, x[0]=625.0, y[0]=1516.0, toolType[0]=TOOL_TYPE_FINGER, buttonState=0, classification=NONE, metaState=0, flags=0x0, edgeFlags=0x0, pointerCount=1, historySize=0, eventTime=118870149, downTime=118870149, deviceId=2, source=0x1002, displayId=0 } rotation 0
07-26 19:43:40.286 22636 22636 D ColorViewRootUtil: nav gesture mode swipeFromBottom ignore false downX 620 downY 1510 mScreenHeight 1600 mScreenWidth 720 mStatusBarHeight 36 globalScale 1.125 nav mode 3 event MotionEvent { action=ACTION_DOWN, actionButton=0, id[0]=0, x[0]=620.0, y[0]=1510.0, toolType[0]=TOOL_TYPE_FINGER, buttonState=0, classification=NONE, metaState=0, flags=0x0, edgeFlags=0x0, pointerCount=1, historySize=0, eventTime=118870282, downTime=118870282, deviceId=2, source=0x1002, displayId=0 } rotation 0
07-26 19:43:40.420 22636 22636 D ColorViewRootUtil: nav gesture mode swipeFromBottom ignore false downX 622 downY 1509 mScreenHeight 1600 mScreenWidth 720 mStatusBarHeight 36 globalScale 1.125 nav mode 3 event MotionEvent { action=ACTION_DOWN, actionButton=0, id[0]=0, x[0]=622.0, y[0]=1509.0, toolType[0]=TOOL_TYPE_FINGER, buttonState=0, classification=NONE, metaState=0, flags=0x0, edgeFlags=0x0, pointerCount=1, historySize=0, eventTime=118870416, downTime=118870416, deviceId=2, source=0x1002, displayId=0 } rotation 0
07-26 19:43:40.570 22636 22636 D ColorViewRootUtil: nav gesture mode swipeFromBottom ignore false downX 617 downY 1506 mScreenHeight 1600 mScreenWidth 720 mStatusBarHeight 36 globalScale 1.125 nav mode 3 event MotionEvent { action=ACTION_DOWN, actionButton=0, id[0]=0, x[0]=617.0, y[0]=1506.0, toolType[0]=TOOL_TYPE_FINGER, buttonState=0, classification=NONE, metaState=0, flags=0x0, edgeFlags=0x0, pointerCount=1, historySize=0, eventTime=118870565, downTime=118870565, deviceId=2, source=0x1002, displayId=0 } rotation 0
07-26 19:43:41.019 22636 22636 D ColorViewRootUtil: nav gesture mode swipeFromBottom ignore false downX 109 downY 975 mScreenHeight 1600 mScreenWidth 720 mStatusBarHeight 36 globalScale 1.125 nav mode 3 event MotionEvent { action=ACTION_DOWN, actionButton=0, id[0]=0, x[0]=109.0, y[0]=975.0, toolType[0]=TOOL_TYPE_FINGER, buttonState=0, classification=NONE, metaState=0, flags=0x0, edgeFlags=0x0, pointerCount=1, historySize=0, eventTime=118871016, downTime=118871016, deviceId=2, source=0x1002, displayId=0 } rotation 0
07-26 19:43:41.022  1537  1817 W ContextImpl: Calling a method in the system process without a qualified user: android.app.ContextImpl.startService:1609 android.content.ContextWrapper.startService:680 oppo.util.OppoStatistics.startDcsService:429 oppo.util.OppoStatistics.access$100:40 oppo.util.OppoStatistics$1.run:186 
07-26 19:43:41.170 22636 22636 D ColorViewRootUtil: nav gesture mode swipeFromBottom ignore false downX 354 downY 1137 mScreenHeight 1600 mScreenWidth 720 mStatusBarHeight 36 globalScale 1.125 nav mode 3 event MotionEvent { action=ACTION_DOWN, actionButton=0, id[0]=0, x[0]=354.0, y[0]=1137.0, toolType[0]=TOOL_TYPE_FINGER, buttonState=0, classification=NONE, metaState=0, flags=0x0, edgeFlags=0x0, pointerCount=1, historySize=0, eventTime=118871166, downTime=118871166, deviceId=2, source=0x1002, displayId=0 } rotation 0
07-26 19:43:41.388 22636 22636 D ColorViewRootUtil: nav gesture mode swipeFromBottom ignore false downX 549 downY 1289 mScreenHeight 1600 mScreenWidth 720 mStatusBarHeight 36 globalScale 1.125 nav mode 3 event MotionEvent { action=ACTION_DOWN, actionButton=0, id[0]=0, x[0]=549.0, y[0]=1289.0, toolType[0]=TOOL_TYPE_FINGER, buttonState=0, classification=NONE, metaState=0, flags=0x0, edgeFlags=0x0, pointerCount=1, historySize=0, eventTime=118871384, downTime=118871384, deviceId=2, source=0x1002, displayId=0 } rotation 0
07-26 19:43:41.605 22636 22636 D ColorViewRootUtil: nav gesture mode swipeFromBottom ignore false downX 554 downY 972 mScreenHeight 1600 mScreenWidth 720 mStatusBarHeight 36 globalScale 1.125 nav mode 3 event MotionEvent { action=ACTION_DOWN, actionButton=0, id[0]=0, x[0]=554.0, y[0]=972.0, toolType[0]=TOOL_TYPE_FINGER, buttonState=0, classification=NONE, metaState=0, flags=0x0, edgeFlags=0x0, pointerCount=1, historySize=0, eventTime=118871600, downTime=118871600, deviceId=2, source=0x1002, displayId=0 } rotation 0
