07-26 19:46:15.129 26708 26750 I BugleRcsEngine: CommonRcsProvisioningChangeListenerHandler.notifyListener : Notify RcsProvisioningChangeListener bhsm@403eaad onRcsProvisioningChange, SIM = redacted-pii:sim_id[chars:35,last3:2F)], available rcs provisioning ids  = [SimId(idValue=8991000922588310562F)] [CONTEXT log_prefix="RcsProvisioningManager" thread_id=19111 ]
07-26 19:46:15.129 26708 26751 I bqkw    : Retrieved RCS available simIds: [redacted-pii[20-chars]]
07-26 19:46:15.134 26708 26749 I RcsClientLib: Connecting EventService
07-26 19:46:15.138 26708 26739 I RcsClientLib: com.google.android.rcs.client.chatsession.ChatSessionService connected
07-26 19:46:15.138 26708 26751 I bqkv    : Enabled chat transport for SIM = redacted-pii[20-chars] is TACHYGRAM
07-26 19:46:15.139 26708 26739 I BugleRcs: com.google.android.rcs.client.chatsession.ChatSessionService RCS service connected
07-26 19:46:15.140 26708 26736 I BugleEtouffee: EtouffeeStateMachine: onRegistrationUpdate from Tachyon, previousState: REGISTERED_WITH_PREKEYS, newState: REGISTERED_WITH_PREKEYS, reason: STARTUP_ENSURE_CONSISTENCY
07-26 19:46:15.145 26708 26749 I RcsClientLib: shouldUseCarrierServicesJibeService: true, CarrierServices rcs service found: true
07-26 19:46:15.151 26174 26571 W ColorExSystemServiceHelper: checkColorExSystemService intent getComponent is null
07-26 19:46:15.152 26174 26174 D BoundBrokerSvc: onBind: Intent { act=com.google.android.mobstore.service.START pkg=com.google.android.gms }
07-26 19:46:15.152 26174 26174 D BoundBrokerSvc: Loading bound service for intent: Intent { act=com.google.android.mobstore.service.START pkg=com.google.android.gms }
07-26 19:46:15.156 26708 26749 I RcsClientLib: Connecting ContactsService
07-26 19:46:15.157 26708 26735 I RcsClientLib: com.google.android.rcs.client.events.EventService connected
07-26 19:46:15.160 26708 26735 I BugleRcs: com.google.android.rcs.client.events.EventService RCS service connected
07-26 19:46:15.165 26708 26749 I RcsClientLib: shouldUseCarrierServicesJibeService: true, CarrierServices rcs service found: true
07-26 19:46:15.166 26708 26736 I bqjp    : Deregister all SIMs except for SIMs with subIds: [] from chat transport: SINGLE_REGISTRATION.
07-26 19:46:15.167 26708 26784 I bqjp    : Deregister all SIMs except for SIMs with subIds: [5] from chat transport: TACHYGRAM.
07-26 19:46:15.173 26708 26739 I BugleEtouffee: EtouffeeStateMachine: E2EE provisioning state update, Previous Etouffee status: PROVISIONED, New Etouffee status: PROVISIONED
07-26 19:46:15.174 26708 26751 I RcsClientLib: Connecting RcsEngineLifecycleServiceV2
07-26 19:46:15.175 26708 26752 I bqjp    : Deregister all SIMs except for SIMs with subIds: [] from chat transport: DUAL_REGISTRATION.
07-26 19:46:15.180 26708 26749 I RcsClientLib: Connecting FileTransferService
07-26 19:46:15.180 26708 26752 I RcsClientLib: com.google.android.rcs.client.contacts.ContactsService connected
07-26 19:46:15.181 26708 26752 I BugleRcs: com.google.android.rcs.client.contacts.ContactsService RCS service connected
07-26 19:46:15.182 26708 26751 I RcsClientLib: shouldUseCarrierServicesJibeService: true, CarrierServices rcs service found: true
07-26 19:46:15.182 26708 26736 I RcsClientLib: Connecting RcsEngineLifecycleServiceV2
07-26 19:46:15.187 26708 26749 I RcsClientLib: shouldUseCarrierServicesJibeService: true, CarrierServices rcs service found: true
07-26 19:46:15.188 26708 26752 I RcsClientLib: com.google.android.rcs.client.lifecycle.RcsEngineLifecycleServiceV2 connected
07-26 19:46:15.188 26708 26736 I RcsClientLib: shouldUseCarrierServicesJibeService: true, CarrierServices rcs service found: true
07-26 19:46:15.192 21740 21756 I CarrierServices: [18755] RcsEngineProxyImpl.stopAllRcsTransportsExcept:88 RcsEngineProxyImpl:[b28cee64-118b]: stopAllRcsTransportsExcept: ignoring stopping the RcsEngine. RcsEngine is still running
07-26 19:46:15.194 26708 26747 I RcsClientLib: Disconnecting RcsEngineLifecycleServiceV2
07-26 19:46:15.201 26708 26749 I RcsClientLib: Connecting LocationSharingService
07-26 19:46:15.206 26708 26784 I RcsClientLib: com.google.android.rcs.client.lifecycle.RcsEngineLifecycleServiceV2 connected
07-26 19:46:15.208 26708 26749 I RcsClientLib: shouldUseCarrierServicesJibeService: true, CarrierServices rcs service found: true
07-26 19:46:15.208 26708 26784 I RcsClientLib: com.google.android.rcs.client.filetransfer.FileTransferService connected
07-26 19:46:15.209 26708 26784 I BugleRcs: com.google.android.rcs.client.filetransfer.FileTransferService RCS service connected
07-26 19:46:15.209 21740 21756 I CarrierServices: [18755] RcsEngineProxyImpl.stopAllRcsTransportsExcept:88 RcsEngineProxyImpl:[b28cee64-118b]: stopAllRcsTransportsExcept: ignoring stopping the RcsEngine. RcsEngine is still running
07-26 19:46:15.210 26708 26775 I RcsClientLib: Disconnecting RcsEngineLifecycleServiceV2
07-26 19:46:15.213 26708 26750 I BugleMDD: MddBackgroundStartupTask: Scheduled MDD periodic tasks.
07-26 19:46:15.215 26708 26749 I RcsClientLib: Connecting ImsConnectionTrackerService
07-26 19:46:15.218 26708 26751 I bqjp    : Register SIM with subId: 5 on chat transport: TACHYGRAM.
07-26 19:46:15.224 26708 26749 I RcsClientLib: shouldUseCarrierServicesJibeService: true, CarrierServices rcs service found: true
07-26 19:46:15.226 21495 21495 D WearableService: Creating wearable service asynchronously.
07-26 19:46:15.227 21495 21511 W ColorExSystemServiceHelper: checkColorExSystemService intent getComponent is null
07-26 19:46:15.231 26708 26784 I RcsClientLib: com.google.android.rcs.client.locationsharing.LocationSharingService connected
07-26 19:46:15.232 26708 26749 I RcsClientLib: Connecting RcsProfileService
07-26 19:46:15.232 26708 26784 I BugleRcs: com.google.android.rcs.client.locationsharing.LocationSharingService RCS service connected
07-26 19:46:15.237 26708 26784 I RcsClientLib: com.google.android.rcs.client.ims.ImsConnectionTrackerService connected
07-26 19:46:15.238 26708 26784 I BugleRcs: com.google.android.rcs.client.ims.ImsConnectionTrackerService RCS service connected
07-26 19:46:15.238 21495 21511 D WearableService: onGetService: waiting for onCreate to be completed.
07-26 19:46:15.241 26708 26749 I RcsClientLib: shouldUseCarrierServicesJibeService: true, CarrierServices rcs service found: true
07-26 19:46:15.245 26708 26749 I RcsClientLib: Connecting RcsMessagingService
07-26 19:46:15.252 26708 26749 I RcsClientLib: shouldUseCarrierServicesJibeService: true, CarrierServices rcs service found: true
07-26 19:46:15.255 26708 26735 I native  : I0000 00:00:1753539375.254886   26735 db_store.cc:106] Loading an existing database with version 16
07-26 19:46:15.255 26708 26735 I native  : I0000 00:00:1753539375.255094   26735 db_store.cc:518] Checking presence of tables, run_sqlite_master_schema_validation=true, run_per_table_schema_validation=true
07-26 19:46:15.260 26708 26749 I BugleRcs: connecting to 8 Rcs Services
07-26 19:46:15.267 21495 21534 I Wear_Controller: Wearable module requires a companion app to be installed.
07-26 19:46:15.267 21495 21534 I WearableService: onCreate: Wearable Services not starting. Wear is not available on this device.
07-26 19:46:15.267 26708 26752 I BugleEtouffee: EtouffeeStateMachine: Deleting old data if any.
07-26 19:46:15.268 26708 26739 D ProfileInstaller: Skipping profile installation for com.google.android.apps.messaging
07-26 19:46:15.268 21495 21511 W WearableService: onGetService: Wear is not available on this device.
07-26 19:46:15.271 26708 26735 I native  : I0000 00:00:1753539375.271072   26735 db_store.cc:429] Database schema, prefix=scytale_05952f30943189b47015aa9fd615dc56e9b201fad1828b8ba0e81a34548407b05e_
07-26 19:46:15.273 26708 26735 I native  : I0000 00:00:1753539375.273191   26735 db_store.cc:450] Database schema=CREATE TABLE scytale_05952f30943189b47015aa9fd615dc56e9b201fad1828b8ba0e81a34548407b05e_db_configuration(single_row INTEGER NOT NULL DEFAULT 1,schema_version INTEGER NOT NULL,PRIMARY KEY(single_row) CHECK(single_row = 1))
07-26 19:46:15.273 26708 26735 I native  : I0000 00:00:1753539375.273473   26735 db_store.cc:450] Database schema=CREATE TABLE scytale_05952f30943189b47015aa9fd615dc56e9b201fad1828b8ba0e81a34548407b05e_identity_keys(device_id TEXT NOT NULL,identity_key BLOB NOT NULL,revision_timestamp_millis LONG NOT NULL DEFAULT(0),PRIMARY KEY(device_id) )
07-26 19:46:15.273 26708 26735 I native  : I0000 00:00:1753539375.273666   26735 db_store.cc:450] Database schema=CREATE TABLE scytale_05952f30943189b47015aa9fd615dc56e9b201fad1828b8ba0e81a34548407b05e_message_otks(message_id TEXT NOT NULL,device_id TEXT NOT NULL,otk BLOB NOT NULL,insert_timestamp_millis LONG NOT NULL DEFAULT(0),PRIMARY KEY(message_id, device_id) )
07-26 19:46:15.273 26708 26735 I native  : I0000 00:00:1753539375.273867   26735 db_store.cc:450] Database schema=CREATE TABLE scytale_05952f30943189b47015aa9fd615dc56e9b201fad1828b8ba0e81a34548407b05e_prekeys(key_id INTEGER NOT NULL,key_type INTEGER NOT NULL DEFAULT(0),prekey BLOB ,timestamp_millis LONG ,PRIMARY KEY(key_id) )
07-26 19:46:15.274 26708 26735 I native  : I0000 00:00:1753539375.274034   26735 db_store.cc:450] Database schema=CREATE TABLE scytale_05952f30943189b47015aa9fd615dc56e9b201fad1828b8ba0e81a34548407b05e_received_message_state(message_id TEXT NOT NULL,message_state INTEGER NOT NULL DEFAULT(0),insert_timestamp_millis LONG NOT NULL DEFAULT(0),PRIMARY KEY(message_id) )
07-26 19:46:15.274 26708 26735 I native  : I0000 00:00:1753539375.274208   26735 db_store.cc:450] Database schema=CREATE TABLE scytale_05952f30943189b47015aa9fd615dc56e9b201fad1828b8ba0e81a34548407b05e_sent_message_digests(message_id TEXT NOT NULL,device_id TEXT NOT NULL,message_digest BLOB NOT NULL,insert_timestamp_millis LONG NOT NULL DEFAULT(0),PRIMARY KEY(message_id, device_id) )
07-26 19:46:15.274 26708 26735 I native  : I0000 00:00:1753539375.274371   26735 db_store.cc:450] Database schema=CREATE TABLE scytale_05952f30943189b47015aa9fd615dc56e9b201fad1828b8ba0e81a34548407b05e_sessions(device_id TEXT NOT NULL DEFAULT(0),session BLOB ,PRIMARY KEY(device_id) )
07-26 19:46:15.277 22636 22920 E SubscriptionManagerWrapper: java.lang.NoSuchMethodException: android.telephony.SubscriptionManager.getActiveDataSubscriptionId []
07-26 19:46:15.279 26708 26735 I BugleEtouffee: CryptoV2Provider: Base crypto created
07-26 19:46:15.282 22636 22920 E SubscriptionManagerWrapper: java.lang.NoSuchMethodException: android.telephony.SubscriptionManager.getActiveDataSubscriptionId []
07-26 19:46:15.284 26708 26752 I BugleEtouffee: PendingFtdMessageProcessor: Removed old pending messages. count: 0
07-26 19:46:15.288 22636 22920 E SubscriptionManagerWrapper: java.lang.NoSuchMethodException: android.telephony.SubscriptionManager.getActiveDataSubscriptionId []
07-26 19:46:15.293 22636 22920 E SubscriptionManagerWrapper: java.lang.NoSuchMethodException: android.telephony.SubscriptionManager.getActiveDataSubscriptionId []
07-26 19:46:15.295 26708 26752 I BugleRcsProvisioning: RcsProvisioningTrigger: Schedule provisioning on app startup
07-26 19:46:15.296 26708 26752 I BugleRcsProvisioning: RcsProvisioningTrigger: updateAvailabilityForAllSimsAsync : hint = NO_HINT logTriggerEvent = false
07-26 19:46:15.296 26708 26752 I Bugle   : RcsAvailabilityUtilForProvisioningEngineV2: updateAvailabilityForAllSimsAsync, hint: NO_HINT
07-26 19:46:15.299 26708 26784 I BugleRcs: subscribing to global rcs listener
07-26 19:46:15.300 26708 26752 I RcsAvailabilityUpdaterL: updateAvailabilityForAllSimsAsync: scheduling updateAvailabilityForRcsProvisioningId call. Hint: NO_HINT, enableWelcomePopupWithoutGoogleTos: false, reshowSuccessPopup: false
07-26 19:46:15.301 26708 26750 I RcsAvailabilityUpdaterL: updateRcsAvailabilityForDefaultCallSim: hint: NO_HINT, canReshowWelcomeMessage: false
07-26 19:46:15.302 26708 26735 I BugleNetwork: Startup: registering tachyon.
07-26 19:46:15.302 21740 22935 I CarrierServices: [18779] EventHubProxy.subscribe:72 Adding event listener com.google.android.ims.rcsservice.events.IEventObserver$Stub$Proxy@bde581f for category 3 with key 199120927 for hub UI
07-26 19:46:15.305 26708 26739 I ChatReadinessManagerImp: processRcsReadinessReason: Current ChatTransportType is: 2, ready: true
07-26 19:46:15.305 21740 22935 I CarrierServices: [18779] EventHubProxy.subscribe:72 Adding event listener com.google.android.ims.rcsservice.events.IEventObserver$Stub$Proxy@37f276c for category 5 with key 58664812 for hub UI
07-26 19:46:15.306 21740 21756 I CarrierServices: [18755] EventHubProxy.subscribe:72 Adding event listener com.google.android.ims.rcsservice.events.IEventObserver$Stub$Proxy@4aee135 for category 2 with key 78569781 for hub UI
07-26 19:46:15.309 26708 26739 I ChatReadinessManagerImp: kickOffPendingIfNowConnected: RCS is ready and it was off. Trigger scheduling: [scheduleProcessPendingMessagesActionForStartup, scheduleOnlyForCurrentProcess, maybeScheduleImmediately]
07-26 19:46:15.311 26708 26750 W BugleRcsEngine: [SR]: Single Registration is disabled. Skipping Single Registration capability check for subId: 5, OS.isAtLeastS:[false], enableSingleRegistrationProvisioning:[false] [CONTEXT thread_id=19111 ]
07-26 19:46:15.316 26708 26784 I ChatReadinessManagerImp: processRcsReadinessReason: Current ChatTransportType is: 2, ready: true
07-26 19:46:15.317 26708 26784 I ChatReadinessManagerImp: kickOffPendingIfNowConnected: RCS is ready and it was off. Trigger scheduling: [scheduleProcessPendingMessagesActionForStartup, scheduleOnlyForCurrentProcess, maybeScheduleImmediately]
07-26 19:46:15.318 26708 26750 I RcsAvailabilityUpdaterL: RcsAvailability configuration availability and enabled status: simId: redacted-pii:sim_id[chars:20,last3:62F], SipConnectionType: DUAL_REG, isConfigurationAvailableAndEnabled: true
07-26 19:46:15.321 26708 26750 I BugleRcsEngine: Using config server URL from bhkx [CONTEXT log_prefix="ProvisioningServerUtil" thread_id=19111 ]
07-26 19:46:15.323 26708 26735 I BugleNetwork: Startup: registering tachyon for phone.
07-26 19:46:15.326 26708 26735 I BugleNetwork: Profile service is not connected at startup task.
07-26 19:46:15.328 26708 26750 I RcsAvailabilityUpdaterL: RcsAvailability: Subscription Id: 5, simId: redacted-pii:sim_id[chars:20,last3:62F], sipConnectionType: DUAL_REG, isRcsAvailable: true
07-26 19:46:15.329 26708 26735 I Bugle   : VerifiedSmsEnabledCheckerImpl: VSMS is disabled via Phenotype flag.
07-26 19:46:15.330 26708 26750 I RcsAvailabilityUpdaterL: updateAvailabilityForRcsProvisioningId. SimId: redacted-pii:sim_id[chars:20,last3:62F], currentAvailability: 7, newAvailability: 7, hint: NO_HINT
07-26 19:46:15.332 26708 26749 I BugleRcsProvisioning: RcsProvisioningTrigger: onRcsAvailabilityUpdate : availability is updated to RCS is setup, lastAvailabilityLocal is null, simId hash = -2087512323781696386, simId = redacted-pii:sim_id[chars:20,last3:62F], isPev3Enabled = true
07-26 19:46:15.333 26708 26787 I BugleRcsProvisioning: scheduleProvisioningForEligibleSims
07-26 19:46:15.336 26708 26751 I afhc    : scheduleProvisioningForEligibleSims: operationTrigger: 5 bugle trigger event: 4
07-26 19:46:15.337 26708 26749 I BugleRcsEngine: Receive onRcsAvailabilityUpdate, SIM = redacted-pii:sim_id[chars:20,last3:62F], availability = RcsAvailability{mAvailability=AVAILABLE (RCS is setup)} [CONTEXT log_prefix="RcsProvisioningManager" thread_id=19110 ]
07-26 19:46:15.340 26708 26751 I afhc    : scheduleProvisioningForDefaultSimIfEligible: defaultSimType: DEFAULT_CALL_SIM operationTrigger: 5 bugle trigger event: 4
07-26 19:46:15.340 26708 26708 I BugleDataModel: ActionExecutorImpl: Starting ActionService
07-26 19:46:14.658  1537  1576 W ActivityManager: Scheduling restart of crashed service com.heytap.habit.analysis/com.heytap.mcssdk.AppPushService in 1000ms
07-26 19:46:15.341  1537  4594 W ActivityManager: Background start not allowed: service Intent { cmp=com.google.android.apps.messaging/.shared.datamodel.action.execution.ActionExecutorImpl$EmptyService } to com.google.android.apps.messaging/.shared.datamodel.action.execution.ActionExecutorImpl$EmptyService from pid=26708 uid=10177 pkg=com.google.android.apps.messaging startFg?=false
07-26 19:46:15.341 26708 26739 I BugleDataModel: ProcessPendingRevocationsActionScheduler: scheduled next action. back off seconds: 0
07-26 19:46:15.342 26708 26736 I RcsClientLib: Connecting RcsProfileService
07-26 19:46:15.343 26708 26751 W BugleRcsEngine: [SR]: Single Registration is disabled. Skipping Single Registration capability check for subId: 5, OS.isAtLeastS:[false], enableSingleRegistrationProvisioning:[false] [CONTEXT thread_id=19112 ]
07-26 19:46:15.343 26708 26739 I BugleGroupManagement: Skipping RCS group identifiers telephony batch migration. Disabled by phenotype.
07-26 19:46:15.343 26708 26751 I afhc    : RcsProvisioningTrigger: DR is active, initializing DR provisioning. DUAL_REG
07-26 19:46:15.344 26708 26749 W BugleRcsEngine: Configuration is empty: false for simId: redacted-pii:sim_id[chars:35,last3:2F)] [CONTEXT log_prefix="RcsProvisioningManager" thread_id=19110 ]
07-26 19:46:15.344 26708 26773 I Bugle   : VerifiedSmsStartupTask: Checking if Verified SMS tasks should be enqueued. feature supported: false, feature enabled: false, eligible / has registered key: false, C11N: false
07-26 19:46:15.346 26708 26784 I BugleDataModel: ProcessPendingRevocationsActionScheduler: scheduled next action. back off seconds: 0
07-26 19:46:15.346 26708 26736 I RcsClientLib: shouldUseCarrierServicesJibeService: true, CarrierServices rcs service found: true
07-26 19:46:15.346 26708 26784 I BugleGroupManagement: Skipping RCS group identifiers telephony batch migration. Disabled by phenotype.
07-26 19:46:15.349 26708 26773 I Bugle   : VerifiedSmsStartupTask: Not enqueuing VSMS periodic task, VSMS is disabled or not supported.
07-26 19:46:15.350 26708 26788 I Bugle   : VerifiedSmsStartupTask: Not calling C11N to get phone numbers.
07-26 19:46:15.350 26708 26784 I RcsClientLib: com.google.android.rcs.client.profile.RcsProfileService connected
07-26 19:46:15.350 26708 26784 I BugleRcs: com.google.android.rcs.client.profile.RcsProfileService RCS service connected
07-26 19:46:15.351 26708 26739 W BugleRcsEngine: [SR]: Single Registration is disabled. Skipping Single Registration capability check for subId: 5, OS.isAtLeastS:[false], enableSingleRegistrationProvisioning:[false] [CONTEXT thread_id=19100 ]
07-26 19:46:15.352 26708 26708 W BugleDataModel: ActionExecutorImpl: Action started execution, but we can't guarantee it will complete, the app may be killed. Action: class com.google.android.apps.messaging.shared.datamodel.action.SendReportAction-SendReportAction:147650022010
07-26 19:46:15.352 26708 26708 W BugleDataModel: java.lang.IllegalStateException: Not allowed to start service Intent { cmp=com.google.android.apps.messaging/.shared.datamodel.action.execution.ActionExecutorImpl$EmptyService }: app is in background uid UidRecord{a475737 u0a177 LAST idle change:cached procs:1 seq(0,0,0)}
07-26 19:46:15.352 26708 26708 W BugleDataModel: 	at android.app.ContextImpl.startServiceCommon(ContextImpl.java:1675)
07-26 19:46:15.352 26708 26708 W BugleDataModel: 	at android.app.ContextImpl.startService(ContextImpl.java:1610)
07-26 19:46:15.352 26708 26708 W BugleDataModel: 	at android.content.ContextWrapper.startService(ContextWrapper.java:680)
07-26 19:46:15.352 26708 26708 W BugleDataModel: 	at com.google.android.apps.messaging.shared.datamodel.action.execution.ActionExecutorImpl.j(PG:20)
07-26 19:46:15.352 26708 26708 W BugleDataModel: 	at com.google.android.apps.messaging.shared.datamodel.action.execution.ActionExecutorImpl.a(PG:6)
07-26 19:46:15.352 26708 26708 W BugleDataModel: 	at asnv.j(PG:24)
07-26 19:46:15.352 26708 26708 W BugleDataModel: 	at asnq.run(PG:5)
07-26 19:46:15.352 26708 26708 W BugleDataModel: 	at ditn.run(PG:21)
07-26 19:46:15.352 26708 26708 W BugleDataModel: 	at android.os.Handler.handleCallback(Handler.java:883)
07-26 19:46:15.352 26708 26708 W BugleDataModel: 	at android.os.Handler.dispatchMessage(Handler.java:100)
07-26 19:46:15.352 26708 26708 W BugleDataModel: 	at android.os.Looper.loop(Looper.java:237)
07-26 19:46:15.352 26708 26708 W BugleDataModel: 	at android.app.ActivityThread.main(ActivityThread.java:7816)
07-26 19:46:15.352 26708 26708 W BugleDataModel: 	at java.lang.reflect.Method.invoke(Native Method)
07-26 19:46:15.352 26708 26708 W BugleDataModel: 	at com.android.internal.os.RuntimeInit$MethodAndArgsCaller.run(RuntimeInit.java:492)
07-26 19:46:15.352 26708 26708 W BugleDataModel: 	at com.android.internal.os.ZygoteInit.main(ZygoteInit.java:1027)
07-26 19:46:15.353 26708 26736 I RcsClientLib: Connecting RcsMessagingService
07-26 19:46:15.354 26708 26708 I BugleDataModel: ActionExecutorImpl: ACTION_EXECUTE_QUEUED_SendReportAction
07-26 19:46:15.355 26708 26751 I BugleRcsEngine: AvailabilityObserver.onUpdate : Notify RcsAvailabilityListener bqkn@7750bc4 onRcsAvailabilityUpdate, SIM = redacted-pii:sim_id[chars:20,last3:62F], availability = 7 [CONTEXT log_prefix="RcsProvisioningManager" thread_id=19112 ]
07-26 19:46:15.355 26708 26752 I BugleDataModel: ExecuteActionRunnable: running action SendReportAction
07-26 19:46:15.355 26708 26708 I BugleDataModel: ActionExecutorImpl: Starting ActionService
07-26 19:46:15.357 26708 26735 I BugleRcsEngine: CommonRcsProvisioningChangeListenerHandler.notifyListener : Notify RcsProvisioningChangeListener bhsm@403eaad onRcsProvisioningChange, SIM = redacted-pii:sim_id[chars:35,last3:2F)], available rcs provisioning ids  = [SimId(idValue=8991000922588310562F)] [CONTEXT log_prefix="RcsProvisioningManager" thread_id=19096 ]
07-26 19:46:15.358 26708 26751 I bqkw    : Retrieved RCS available simIds: [redacted-pii[20-chars]]
07-26 19:46:15.358 26708 26708 W BugleDataModel: ActionExecutorImpl: Action started execution, but we can't guarantee it will complete, the app may be killed. Action: class com.google.android.apps.messaging.shared.datamodel.action.SendReportAction-SendReportAction:147650022011
07-26 19:46:15.358 26708 26708 W BugleDataModel: java.lang.IllegalStateException: Not allowed to start service Intent { cmp=com.google.android.apps.messaging/.shared.datamodel.action.execution.ActionExecutorImpl$EmptyService }: app is in background uid UidRecord{a475737 u0a177 LAST idle change:cached procs:1 seq(0,0,0)}
07-26 19:46:15.358 26708 26708 W BugleDataModel: 	at android.app.ContextImpl.startServiceCommon(ContextImpl.java:1675)
07-26 19:46:15.358 26708 26708 W BugleDataModel: 	at android.app.ContextImpl.startService(ContextImpl.java:1610)
07-26 19:46:15.358 26708 26708 W BugleDataModel: 	at android.content.ContextWrapper.startService(ContextWrapper.java:680)
07-26 19:46:15.358 26708 26708 W BugleDataModel: 	at com.google.android.apps.messaging.shared.datamodel.action.execution.ActionExecutorImpl.j(PG:20)
07-26 19:46:15.358 26708 26708 W BugleDataModel: 	at com.google.android.apps.messaging.shared.datamodel.action.execution.ActionExecutorImpl.a(PG:6)
07-26 19:46:15.358 26708 26708 W BugleDataModel: 	at asnv.j(PG:24)
07-26 19:46:15.358 26708 26708 W BugleDataModel: 	at asnq.run(PG:5)
07-26 19:46:15.358 26708 26708 W BugleDataModel: 	at ditn.run(PG:21)
07-26 19:46:15.358 26708 26708 W BugleDataModel: 	at android.os.Handler.handleCallback(Handler.java:883)
07-26 19:46:15.358 26708 26708 W BugleDataModel: 	at android.os.Handler.dispatchMessage(Handler.java:100)
07-26 19:46:15.358 26708 26708 W BugleDataModel: 	at android.os.Looper.loop(Looper.java:237)
07-26 19:46:15.358 26708 26708 W BugleDataModel: 	at android.app.ActivityThread.main(ActivityThread.java:7816)
07-26 19:46:15.358 26708 26708 W BugleDataModel: 	at java.lang.reflect.Method.invoke(Native Method)
07-26 19:46:15.358 26708 26708 W BugleDataModel: 	at com.android.internal.os.RuntimeInit$MethodAndArgsCaller.run(RuntimeInit.java:492)
07-26 19:46:15.358 26708 26708 W BugleDataModel: 	at com.android.internal.os.ZygoteInit.main(ZygoteInit.java:1027)
07-26 19:46:15.359 26708 26708 I BugleDataModel: ActionExecutorImpl: ACTION_EXECUTE_QUEUED_SendReportAction
07-26 19:46:15.360 26708 26739 I BugleRcsEngine: Skipping full provisioning scheduling since we already have valid and updated RCS configuration [CONTEXT log_prefix="provisioning" thread_id=19100 ]
07-26 19:46:15.360 26708 26751 I bqkv    : Enabled chat transport for SIM = redacted-pii[20-chars] is TACHYGRAM
07-26 19:46:15.360 26708 26752 I BugleDataModel: ActionExecutorImpl: ACTION_BACKGROUND_QUEUED_SendReportAction
07-26 19:46:15.361 26708 26708 I BugleDataModel: ActionExecutorImpl: Starting ActionService
07-26 19:46:15.356  1537  4594 W ActivityManager: Background start not allowed: service Intent { cmp=com.google.android.apps.messaging/.shared.datamodel.action.execution.ActionExecutorImpl$EmptyService } to com.google.android.apps.messaging/.shared.datamodel.action.execution.ActionExecutorImpl$EmptyService from pid=26708 uid=10177 pkg=com.google.android.apps.messaging startFg?=false
07-26 19:46:15.362  1537  2153 W ActivityManager: Background start not allowed: service Intent { cmp=com.google.android.apps.messaging/.shared.datamodel.action.execution.ActionExecutorImpl$EmptyService } to com.google.android.apps.messaging/.shared.datamodel.action.execution.ActionExecutorImpl$EmptyService from pid=26708 uid=10177 pkg=com.google.android.apps.messaging startFg?=false
07-26 19:46:15.363 26708 26787 I bqjp    : Deregister all SIMs except for SIMs with subIds: [] from chat transport: SINGLE_REGISTRATION.
07-26 19:46:15.363 26708 26796 I bqjp    : Deregister all SIMs except for SIMs with subIds: [] from chat transport: DUAL_REGISTRATION.
07-26 19:46:15.365 26708 26708 W BugleDataModel: ActionExecutorImpl: Action started execution, but we can't guarantee it will complete, the app may be killed. Action: class com.google.android.apps.messaging.shared.datamodel.action.ProcessPendingRevocationsAction-ProcessPendingRevocationsAction:147650022012
07-26 19:46:15.365 26708 26708 W BugleDataModel: java.lang.IllegalStateException: Not allowed to start service Intent { cmp=com.google.android.apps.messaging/.shared.datamodel.action.execution.ActionExecutorImpl$EmptyService }: app is in background uid UidRecord{a475737 u0a177 LAST idle change:cached procs:1 seq(0,0,0)}
07-26 19:46:15.365 26708 26708 W BugleDataModel: 	at android.app.ContextImpl.startServiceCommon(ContextImpl.java:1675)
07-26 19:46:15.365 26708 26708 W BugleDataModel: 	at android.app.ContextImpl.startService(ContextImpl.java:1610)
07-26 19:46:15.365 26708 26708 W BugleDataModel: 	at android.content.ContextWrapper.startService(ContextWrapper.java:680)
07-26 19:46:15.365 26708 26708 W BugleDataModel: 	at com.google.android.apps.messaging.shared.datamodel.action.execution.ActionExecutorImpl.j(PG:20)
07-26 19:46:15.365 26708 26708 W BugleDataModel: 	at com.google.android.apps.messaging.shared.datamodel.action.execution.ActionExecutorImpl.a(PG:6)
07-26 19:46:15.365 26708 26708 W BugleDataModel: 	at asnv.j(PG:24)
07-26 19:46:15.365 26708 26708 W BugleDataModel: 	at asnq.run(PG:5)
07-26 19:46:15.365 26708 26708 W BugleDataModel: 	at ditn.run(PG:21)
07-26 19:46:15.365 26708 26708 W BugleDataModel: 	at android.os.Handler.handleCallback(Handler.java:883)
07-26 19:46:15.365 26708 26708 W BugleDataModel: 	at android.os.Handler.dispatchMessage(Handler.java:100)
07-26 19:46:15.365 26708 26708 W BugleDataModel: 	at android.os.Looper.loop(Looper.java:237)
07-26 19:46:15.365 26708 26708 W BugleDataModel: 	at android.app.ActivityThread.main(ActivityThread.java:7816)
07-26 19:46:15.365 26708 26708 W BugleDataModel: 	at java.lang.reflect.Method.invoke(Native Method)
07-26 19:46:15.365 26708 26708 W BugleDataModel: 	at com.android.internal.os.RuntimeInit$MethodAndArgsCaller.run(RuntimeInit.java:492)
07-26 19:46:15.365 26708 26708 W BugleDataModel: 	at com.android.internal.os.ZygoteInit.main(ZygoteInit.java:1027)
07-26 19:46:15.365 26708 26739 I RcsClientLib: Connecting RcsEngineLifecycleServiceV2
07-26 19:46:15.365 26708 26708 I BugleDataModel: ActionExecutorImpl: ACTION_EXECUTE_QUEUED_ProcessPendingRevocationsAction
07-26 19:46:15.365 26708 26736 I RcsClientLib: shouldUseCarrierServicesJibeService: true, CarrierServices rcs service found: true
07-26 19:46:15.366 26708 26752 I BugleDataModel: ExecuteActionRunnable: running action SendReportAction
07-26 19:46:15.366 26708 26708 I BugleDataModel: ActionExecutorImpl: Starting ActionService
07-26 19:46:15.367 26708 26751 I RcsClientLib: Connecting RcsEngineLifecycleServiceV2
07-26 19:46:15.367 26708 26750 I bqjp    : Deregister all SIMs except for SIMs with subIds: [5] from chat transport: TACHYGRAM.
07-26 19:46:15.369  1537  4594 W ActivityManager: Background start not allowed: service Intent { cmp=com.google.android.apps.messaging/.shared.datamodel.action.execution.ActionExecutorImpl$EmptyService } to com.google.android.apps.messaging/.shared.datamodel.action.execution.ActionExecutorImpl$EmptyService from pid=26708 uid=10177 pkg=com.google.android.apps.messaging startFg?=false
07-26 19:46:15.369 26708 26736 I BugleRcs: connecting to 2 Rcs Services
07-26 19:46:15.370 26708 26739 I RcsClientLib: shouldUseCarrierServicesJibeService: true, CarrierServices rcs service found: true
07-26 19:46:15.372 26708 26708 W BugleDataModel: ActionExecutorImpl: Action started execution, but we can't guarantee it will complete, the app may be killed. Action: class com.google.android.apps.messaging.shared.datamodel.action.ProcessPendingRevocationsAction-ProcessPendingRevocationsAction:147650022013
07-26 19:46:15.372 26708 26708 W BugleDataModel: java.lang.IllegalStateException: Not allowed to start service Intent { cmp=com.google.android.apps.messaging/.shared.datamodel.action.execution.ActionExecutorImpl$EmptyService }: app is in background uid UidRecord{a475737 u0a177 LAST idle change:cached procs:1 seq(0,0,0)}
07-26 19:46:15.372 26708 26708 W BugleDataModel: 	at android.app.ContextImpl.startServiceCommon(ContextImpl.java:1675)
07-26 19:46:15.372 26708 26708 W BugleDataModel: 	at android.app.ContextImpl.startService(ContextImpl.java:1610)
07-26 19:46:15.372 26708 26708 W BugleDataModel: 	at android.content.ContextWrapper.startService(ContextWrapper.java:680)
07-26 19:46:15.372 26708 26708 W BugleDataModel: 	at com.google.android.apps.messaging.shared.datamodel.action.execution.ActionExecutorImpl.j(PG:20)
07-26 19:46:15.372 26708 26708 W BugleDataModel: 	at com.google.android.apps.messaging.shared.datamodel.action.execution.ActionExecutorImpl.a(PG:6)
07-26 19:46:15.372 26708 26708 W BugleDataModel: 	at asnv.j(PG:24)
07-26 19:46:15.372 26708 26708 W BugleDataModel: 	at asnq.run(PG:5)
07-26 19:46:15.372 26708 26708 W BugleDataModel: 	at ditn.run(PG:21)
07-26 19:46:15.372 26708 26708 W BugleDataModel: 	at android.os.Handler.handleCallback(Handler.java:883)
07-26 19:46:15.372 26708 26708 W BugleDataModel: 	at android.os.Handler.dispatchMessage(Handler.java:100)
07-26 19:46:15.372 26708 26708 W BugleDataModel: 	at android.os.Looper.loop(Looper.java:237)
07-26 19:46:15.372 26708 26708 W BugleDataModel: 	at android.app.ActivityThread.main(ActivityThread.java:7816)
07-26 19:46:15.372 26708 26708 W BugleDataModel: 	at java.lang.reflect.Method.invoke(Native Method)
07-26 19:46:15.372 26708 26708 W BugleDataModel: 	at com.android.internal.os.RuntimeInit$MethodAndArgsCaller.run(RuntimeInit.java:492)
07-26 19:46:15.372 26708 26708 W BugleDataModel: 	at com.android.internal.os.ZygoteInit.main(ZygoteInit.java:1027)
07-26 19:46:15.372 26708 26735 I ChatReadinessManagerImp: processRcsReadinessReason: Current ChatTransportType is: 2, ready: true
07-26 19:46:15.374 26708 26752 I BugleDataModel: ActionExecutorImpl: ACTION_BACKGROUND_QUEUED_SendReportAction
07-26 19:46:15.375 26708 26749 I BugleRcsProvisioning: RcsProvisioningTrigger: onRcsAvailabilityUpdate : isPreviousDisabled = true, isCurrentDisabled = false, config[simId:redacted-pii:sim_id[chars:20,last3:62F]] = [Type: 1, Version: 32, Validity: 365472, Last updated: 1753499155, Remaining validity: 325252, Reconfiguration requested: false, Messaging technology: CPM, rcsVolteSingleRegistration: false], hasToken: true, isValidAndUpdated: true
07-26 19:46:15.375 26708 26708 I BugleDataModel: ActionExecutorImpl: ACTION_EXECUTE_QUEUED_ProcessPendingRevocationsAction
07-26 19:46:15.375 26708 26784 I ChatReadinessManagerImp: processRcsReadinessReason: Current ChatTransportType is: 2, ready: true
07-26 19:46:15.375 26708 26752 I BugleDataModel: ExecuteActionRunnable: running action ProcessPendingRevocationsAction
07-26 19:46:15.376 26708 26784 I ChatReadinessManagerImp: shouldLaunchPostReadyWork is false. Returning from the method
07-26 19:46:15.376 26708 26751 I RcsClientLib: shouldUseCarrierServicesJibeService: true, CarrierServices rcs service found: true
07-26 19:46:15.377 26708 26752 I BugleDataModel: ActionExecutorImpl: ACTION_BACKGROUND_QUEUED_ProcessPendingRevocationsAction
07-26 19:46:15.377 26708 26749 I BugleRcsEngine: Receive onRcsConfigurationUpdate, SIM = redacted-pii:sim_id[chars:20,last3:62F], configuration = Type: 1, Version: 32, Validity: 365472, Last updated: 1753499155, Remaining validity: 325252, Reconfiguration requested: false, Messaging technology: CPM, rcsVolteSingleRegistration: false [CONTEXT log_prefix="RcsProvisioningManager" thread_id=19110 ]
07-26 19:46:15.378 26708 26749 W BugleRcsEngine: Configuration is empty: false for simId: redacted-pii:sim_id[chars:35,last3:2F)] [CONTEXT log_prefix="RcsProvisioningManager" thread_id=19110 ]
07-26 19:46:15.379 26708 26784 I BugleNetwork: TachyonPhoneRegistration: Ensuring Tachyon phone registration
07-26 19:46:15.382 26708 26752 I BugleDataModel: ExecuteActionRunnable: running action ProcessPendingRevocationsAction
07-26 19:46:15.383 26708 26752 I BugleDataModel: ActionExecutorImpl: ACTION_BACKGROUND_QUEUED_ProcessPendingRevocationsAction
07-26 19:46:15.384 26708 26749 W BugleRcsEngine: [SR]: Single Registration is disabled. Skipping Single Registration capability check for subId: 5, OS.isAtLeastS:[false], enableSingleRegistrationProvisioning:[false] [CONTEXT thread_id=19110 ]
07-26 19:46:15.384 26708 26750 I BugleRcsEngine: combineConfigurationWithAvailability, simId = redacted-pii:sim_id[chars:20,last3:62F], hasConfig = true [CONTEXT log_prefix="RcsProvisioningManager" thread_id=19111 ]
07-26 19:46:15.385 26708 26749 W BugleRcsEngine: [SR]: Single Registration is disabled. Skipping Single Registration capability check for subId: 5, OS.isAtLeastS:[false], enableSingleRegistrationProvisioning:[false] [CONTEXT thread_id=19110 ]
07-26 19:46:15.385 26708 26750 I BugleRcsEngine: Notify RcsConfigurationListener LruCache[maxSize=2,hits=4,misses=2,hitRate=66%] onRcsConfigurationUpdate, SIM = redacted-pii:sim_id[chars:20,last3:62F], hasConfiguration = true [CONTEXT log_prefix="RcsProvisioningManager" thread_id=19111 ]
07-26 19:46:15.386 26708 26749 I BugleRcsEngine: Scheduled config refresh with 288705 seconds delay, false appendIfExists [CONTEXT thread_id=19110 ]
07-26 19:46:15.386 26708 26736 I BugleRcsEngine: combineConfigurationWithAvailability, simId = redacted-pii:sim_id[chars:20,last3:62F], hasConfig = true [CONTEXT log_prefix="RcsProvisioningManager" thread_id=19097 ]
07-26 19:46:15.387 26708 26797 I BugleRcsEngine: combineConfigurationWithAvailability, simId = redacted-pii:sim_id[chars:20,last3:62F], hasConfig = true [CONTEXT log_prefix="RcsProvisioningManager" thread_id=19147 ]
07-26 19:46:15.388 26708 26749 I BugleRcsProvisioning: RcsProvisioningTrigger: Schedule refresh for valid configuration : refreshDelay = 288705
07-26 19:46:15.388 26708 26787 I BugleRcsEngine: combineConfigurationWithAvailability, simId = redacted-pii:sim_id[chars:20,last3:62F], hasConfig = true [CONTEXT log_prefix="RcsProvisioningManager" thread_id=19137 ]
07-26 19:46:15.388 26708 26797 I BugleRcsEngine: Notify RcsConfigurationListener bhsm@c435fb onRcsConfigurationUpdate, SIM = redacted-pii:sim_id[chars:20,last3:62F], hasConfiguration = true [CONTEXT log_prefix="RcsProvisioningManager" thread_id=19147 ]
07-26 19:46:15.389 26708 26736 I Bugle   : BusinessRcsConfigurationListener: Attempting to add vsmsToken, token available: false, imsi available: true, msisdn available: true
07-26 19:46:15.389 26708 26736 I Bugle   : BusinessRcsConfigurationListener: Skipping storage of Verified SMS token
07-26 19:46:15.389 26708 26750 W BugleRcsEngine: [SR]: Single Registration is disabled. Skipping Single Registration capability check for subId: 5, OS.isAtLeastS:[false], enableSingleRegistrationProvisioning:[false] [CONTEXT thread_id=19111 ]
07-26 19:46:15.389 26708 26787 I BugleRcsEngine: Notify RcsConfigurationListener bqkn@3d15b8a onRcsConfigurationUpdate, SIM = redacted-pii:sim_id[chars:20,last3:62F], hasConfiguration = true [CONTEXT log_prefix="RcsProvisioningManager" thread_id=19137 ]
07-26 19:46:15.389 26708 26736 I BugleRcsEngine: Notify RcsConfigurationListener aogp@fd271f5 onRcsConfigurationUpdate, SIM = redacted-pii:sim_id[chars:20,last3:62F], hasConfiguration = true [CONTEXT log_prefix="RcsProvisioningManager" thread_id=19097 ]
07-26 19:46:15.391 26708 26796 I BugleRcsEngine: CommonRcsProvisioningChangeListenerHandler.notifyListener : Notify RcsProvisioningChangeListener bhsm@403eaad onRcsProvisioningChange, SIM = redacted-pii:sim_id[chars:35,last3:2F)], available rcs provisioning ids  = [SimId(idValue=8991000922588310562F)] [CONTEXT log_prefix="RcsProvisioningManager" thread_id=19146 ]
07-26 19:46:15.392 26708 26784 I RcsClientLib: com.google.android.rcs.client.messaging.RcsMessagingService connected
07-26 19:46:15.393 26708 26784 I BugleRcs: com.google.android.rcs.client.messaging.RcsMessagingService RCS service connected
07-26 19:46:15.401 26708 26784 I ChatReadinessManagerImp: processRcsReadinessReason: Current ChatTransportType is: 2, ready: true
07-26 19:46:15.402 26708 26784 I ChatReadinessManagerImp: shouldLaunchPostReadyWork is false. Returning from the method
07-26 19:46:15.402 26708 26750 I BugleRcsEngine: Scheduled provisioning task with 288705 seconds delay, KEEP policy, trigger is UNDEFINED_TRIGGER_EVENT, workerId is f18e97b4-189d-4b29-87db-6cc94319e947, simId is redacted-pii:sim_id[chars:20,last3:62F] [CONTEXT log_prefix="provisioning" thread_id=19111 ]
07-26 19:46:15.402 26708 26784 I RcsClientLib: com.google.android.rcs.client.lifecycle.RcsEngineLifecycleServiceV2 connected
07-26 19:46:15.403 26708 26784 I RcsClientLib: com.google.android.rcs.client.lifecycle.RcsEngineLifecycleServiceV2 connected
07-26 19:46:15.404 21740 22935 I CarrierServices: [18779] RcsEngineProxyImpl.stopAllRcsTransportsExcept:88 RcsEngineProxyImpl:[b28cee64-118b]: stopAllRcsTransportsExcept: ignoring stopping the RcsEngine. RcsEngine is still running
07-26 19:46:15.404 21740 21756 I CarrierServices: [18755] RcsEngineProxyImpl.stopAllRcsTransportsExcept:88 RcsEngineProxyImpl:[b28cee64-118b]: stopAllRcsTransportsExcept: ignoring stopping the RcsEngine. RcsEngine is still running
07-26 19:46:15.405 26708 26788 I RcsClientLib: Disconnecting RcsEngineLifecycleServiceV2
07-26 19:46:15.405 26708 26746 I RcsClientLib: Disconnecting RcsEngineLifecycleServiceV2
07-26 19:46:15.409 26708 26784 I bqjp    : Register SIM with subId: 5 on chat transport: TACHYGRAM.
07-26 19:46:15.412 26708 26784 I bqkw    : Retrieved RCS available simIds: [redacted-pii[20-chars]]
07-26 19:46:15.414 26708 26784 I bqkv    : Enabled chat transport for SIM = redacted-pii[20-chars] is TACHYGRAM
07-26 19:46:15.415 26708 26750 I bqjp    : Deregister all SIMs except for SIMs with subIds: [5] from chat transport: TACHYGRAM.
07-26 19:46:15.416 26708 26736 I bqjp    : Deregister all SIMs except for SIMs with subIds: [] from chat transport: DUAL_REGISTRATION.
07-26 19:46:15.417 26708 26784 I RcsClientLib: Connecting RcsEngineLifecycleServiceV2
07-26 19:46:15.419 26708 26796 I bqjp    : Deregister all SIMs except for SIMs with subIds: [] from chat transport: SINGLE_REGISTRATION.
07-26 19:46:15.425 26708 26784 I RcsClientLib: shouldUseCarrierServicesJibeService: true, CarrierServices rcs service found: true
07-26 19:46:15.427 26708 26750 I RcsClientLib: Connecting RcsEngineLifecycleServiceV2
07-26 19:46:15.433 26708 26796 I RcsClientLib: com.google.android.rcs.client.lifecycle.RcsEngineLifecycleServiceV2 connected
07-26 19:46:15.434 21740 21756 I CarrierServices: [18755] RcsEngineProxyImpl.stopAllRcsTransportsExcept:88 RcsEngineProxyImpl:[b28cee64-118b]: stopAllRcsTransportsExcept: ignoring stopping the RcsEngine. RcsEngine is still running
07-26 19:46:15.435 26708 26775 I RcsClientLib: Disconnecting RcsEngineLifecycleServiceV2
07-26 19:46:15.461 26708 26750 I RcsClientLib: shouldUseCarrierServicesJibeService: true, CarrierServices rcs service found: true
07-26 19:46:15.473 26708 26750 I RcsClientLib: com.google.android.rcs.client.lifecycle.RcsEngineLifecycleServiceV2 connected
07-26 19:46:15.474 21740 21756 I CarrierServices: [18755] RcsEngineProxyImpl.stopAllRcsTransportsExcept:88 RcsEngineProxyImpl:[b28cee64-118b]: stopAllRcsTransportsExcept: ignoring stopping the RcsEngine. RcsEngine is still running
07-26 19:46:15.475 26708 26790 I RcsClientLib: Disconnecting RcsEngineLifecycleServiceV2
07-26 19:46:15.482 26708 26750 I bqjp    : Register SIM with subId: 5 on chat transport: TACHYGRAM.
07-26 19:46:15.520   745  7364 D AudioPolicyService: UidPolicy::onUidStateChanged() UID=10177 procState=9
07-26 19:46:15.520   745  7364 D AudioPolicyService: UidPolicy::onUidStateChanged() UID=10150 procState=9
07-26 19:46:15.563 26708 26714 I .apps.messagin: Compiler allocated 6959KB to compile dkvs awkh.fL(cqjz)
07-26 19:46:15.659  1537  1576 W ActivityManager: Scheduling restart of crashed service com.heytap.habit.analysis/com.heytap.mcssdk.AppPushService in 1000ms
07-26 19:46:15.662 22636 22920 E SubscriptionManagerWrapper: java.lang.NoSuchMethodException: android.telephony.SubscriptionManager.getActiveDataSubscriptionId []
07-26 19:46:15.668 22636 22920 E SubscriptionManagerWrapper: java.lang.NoSuchMethodException: android.telephony.SubscriptionManager.getActiveDataSubscriptionId []
07-26 19:46:15.668 26708 26735 I BugleDataModel: ActionExecutorImpl: ACTION_RESPONSE_QUEUED_SendReportAction
07-26 19:46:15.672 26708 26735 I ChatReadinessManagerImp: processRcsReadinessReason: Current ChatTransportType is: 2, ready: true
07-26 19:46:15.682 26708 26750 D MddListenableWorkerFactory: createWorker for class: com.google.android.apps.messaging.shared.datamodel.workqueue.WorkQueueWorkerShim
07-26 19:46:15.689 26708 26714 I .apps.messagin: Compiler allocated 6893KB to compile dkvs awkh.fL(cqjz)
07-26 19:46:15.689 26708 26796 D MddListenableWorkerFactory: createWorker for class: com.google.android.apps.messaging.shared.datamodel.workqueue.WorkQueueWorkerShim
07-26 19:46:15.698 26708 26785 I WM-WorkerWrapper: Worker result SUCCESS for Work [ id=7ac4cef9-43b7-4262-9fd8-93672f7ea82a, tags={ com.google.android.apps.messaging.shared.datamodel.workqueue.WorkQueueWorkerShim,data_upgrade- } ]
07-26 19:46:15.704 22636 22636 I ndroid.systemu: Explicit concurrent copying GC freed 4430(313KB) AllocSpace objects, 2(40KB) LOS objects, 66% free, 16MB/50MB, paused 134us total 171.725ms
07-26 19:46:15.704 22636 22636 I wangcan : 123#GC after keyguard gone
07-26 19:46:15.706 26708 26750 I WM-WorkerWrapper: Worker result SUCCESS for Work [ id=a0ea1eb0-d78e-41bc-a812-dbccbcc41559, tags={ com.google.android.apps.messaging.shared.datamodel.workqueue.WorkQueueWorkerShim,ftd_clean_up_work- } ]
07-26 19:46:15.721   745  7364 D AudioPolicyService: UidPolicy::onUidStateChanged() UID=10177 procState=11
07-26 19:46:15.721   745  7364 D AudioPolicyService: UidPolicy::onUidStateChanged() UID=10150 procState=11
07-26 19:46:15.849 26708 26735 I BugleDataModel: ActionExecutorImpl: ACTION_RESPONSE_QUEUED_SendReportAction
07-26 19:46:15.856 26708 26735 I BugleDataModel: ActionExecutorImpl: ACTION_RESPONSE_QUEUED_ProcessPendingRevocationsAction
07-26 19:46:15.861 26708 26735 I BugleDataModel: ActionExecutorImpl: ACTION_RESPONSE_QUEUED_ProcessPendingRevocationsAction
07-26 19:46:15.928   907 12672 E lsc_nvram: [do_mkdir] fail to mkdir [/sdcard/shading_otp]: 13[Permission denied] (do_mkdir){#65:vendor/mediatek/proprietary/hardware/mtkcam/aaa/source/isp_40/lsc_mgr/LscUtil.h}
07-26 19:46:15.922   907   907 W HwBinder:907_3: type=1400 audit(0.0:269227): avc: denied { search } for name="0" dev="mmcblk0p45" ino=85 scontext=u:r:mtk_hal_camera:s0 tcontext=u:object_r:media_rw_data_file:s0 tclass=dir permissive=0
07-26 19:46:15.922   907   907 W HwBinder:907_3: type=1400 audit(0.0:269228): avc: denied { search } for name="0" dev="mmcblk0p45" ino=85 scontext=u:r:mtk_hal_camera:s0 tcontext=u:object_r:media_rw_data_file:s0 tclass=dir permissive=0
07-26 19:46:16.174   745  1733 D AudioPolicyService: UidPolicy::onUidStateChanged() UID=10177 procState=16
07-26 19:46:16.304   745  1733 D AudioPolicyService: UidPolicy::onUidStateChanged() UID=10168 procState=20
07-26 19:46:16.737  1776  1819 D WifiHAL : Got a RSSI monitor event
07-26 19:46:16.738  1776  1819 I WifiHAL : data: version=1, cur_rssi=-76 BSSID=c4:48:fa:16:c1:70
07-26 19:46:16.769  1776  1776 I WifiHAL : Stopping RSSI monitoring 7551
07-26 19:46:16.770  1776  1776 D WifiHAL : WifiRequest::create vendor command to iface 33, vendor_id=0x1a11, subcmd=0x0007, res=0
07-26 19:46:16.770  1776  1776 I WifiHAL : set RSSI Monitor, mMax_rssi=127, mMin_rssi=-75, enable=0
07-26 19:46:16.770  1776  1776 D WifiHAL : create request
07-26 19:46:16.775  1776  1776 I WifiHAL : Start RSSI monitoring 7551
07-26 19:46:16.775  1776  1776 D WifiHAL : WifiRequest::create vendor command to iface 33, vendor_id=0x1a11, subcmd=0x0007, res=0
07-26 19:46:16.775  1776  1776 I WifiHAL : set RSSI Monitor, mMax_rssi=-75, mMin_rssi=-78, enable=1
07-26 19:46:16.775  1776  1776 D WifiHAL : create request
07-26 19:46:16.776  1776  1776 D WifiHAL : Successfully set RSSI monitoring
07-26 19:46:16.776  1776  1776 I WifiHAL : Done!
07-26 19:46:16.777  1537  1699 D WifiClientModeImpl: Re-program RSSI thresholds for CMD_RSSI_THRESHOLD_BREACHED: [-78, -75], curRssi=-76 ret=0
07-26 19:46:16.790 21740 21810 I CarrierServices: [18770] fau.handleMessage:39 RcsEngineImpl[DUAL_REG]:[98a46d09-e122]>Handler: handleMessage processing message:[NOTIFY_UPTIME_IGNORE_STATE_CHANGED] with [non-null]:RcsEngineImpl reference
07-26 19:46:16.790 21740 21811 I CarrierServices: [18771] eqy.c:51 Connected state: [1], networkType: [WIFI]
07-26 19:46:16.802  1537  1699 E WifiVendorHal: getWifiLinkLayerStats_1_3_Internal(l.936) failed {.code = ERROR_NOT_SUPPORTED, .description = }
07-26 19:46:16.814 21740 21810 I CarrierServices: [18770] ezm.f:78 ProvisioningEngineDataRetriever: Rcs is enabled from user settings: true
07-26 19:46:16.929   907 12672 E lsc_nvram: [do_mkdir] fail to mkdir [/sdcard/shading_otp]: 13[Permission denied] (do_mkdir){#65:vendor/mediatek/proprietary/hardware/mtkcam/aaa/source/isp_40/lsc_mgr/LscUtil.h}
07-26 19:46:16.926   907   907 W HwBinder:907_3: type=1400 audit(0.0:269229): avc: denied { search } for name="0" dev="mmcblk0p45" ino=85 scontext=u:r:mtk_hal_camera:s0 tcontext=u:object_r:media_rw_data_file:s0 tclass=dir permissive=0
07-26 19:46:16.926   907   907 W HwBinder:907_3: type=1400 audit(0.0:269230): avc: denied { search } for name="0" dev="mmcblk0p45" ino=85 scontext=u:r:mtk_hal_camera:s0 tcontext=u:object_r:media_rw_data_file:s0 tclass=dir permissive=0
07-26 19:46:17.130   745  1733 D AudioPolicyService: UidPolicy::onUidStateChanged() UID=10177 procState=11
07-26 19:46:17.830   745  1733 D AudioPolicyService: UidPolicy::onUidStateChanged() UID=10177 procState=16
07-26 19:46:17.930   907 12672 E lsc_nvram: [do_mkdir] fail to mkdir [/sdcard/shading_otp]: 13[Permission denied] (do_mkdir){#65:vendor/mediatek/proprietary/hardware/mtkcam/aaa/source/isp_40/lsc_mgr/LscUtil.h}
07-26 19:46:17.926   907   907 W HwBinder:907_3: type=1400 audit(0.0:269231): avc: denied { search } for name="0" dev="mmcblk0p45" ino=85 scontext=u:r:mtk_hal_camera:s0 tcontext=u:object_r:media_rw_data_file:s0 tclass=dir permissive=0
07-26 19:46:17.926   907   907 W HwBinder:907_3: type=1400 audit(0.0:269232): avc: denied { search } for name="0" dev="mmcblk0p45" ino=85 scontext=u:r:mtk_hal_camera:s0 tcontext=u:object_r:media_rw_data_file:s0 tclass=dir permissive=0
07-26 19:46:18.695   721   721 W         : thermal_hal: mtk_get_temperatures: failed to open directory /proc/mtktz/mtktsbattery: Unknown error -2
07-26 19:46:18.702   721   721 I chatty  : uid=1000(system) thermal@1.0-ser identical 4 lines
07-26 19:46:18.703   721   721 W         : thermal_hal: mtk_get_temperatures: failed to open directory /proc/mtktz/mtktsbattery: Unknown error -2
07-26 19:46:18.930   907 12672 E lsc_nvram: [do_mkdir] fail to mkdir [/sdcard/shading_otp]: 13[Permission denied] (do_mkdir){#65:vendor/mediatek/proprietary/hardware/mtkcam/aaa/source/isp_40/lsc_mgr/LscUtil.h}
07-26 19:46:18.926   907   907 W HwBinder:907_3: type=1400 audit(0.0:269233): avc: denied { search } for name="0" dev="mmcblk0p45" ino=85 scontext=u:r:mtk_hal_camera:s0 tcontext=u:object_r:media_rw_data_file:s0 tclass=dir permissive=0
07-26 19:46:18.926   907   907 W HwBinder:907_3: type=1400 audit(0.0:269234): avc: denied { search } for name="0" dev="mmcblk0p45" ino=85 scontext=u:r:mtk_hal_camera:s0 tcontext=u:object_r:media_rw_data_file:s0 tclass=dir permissive=0
07-26 19:46:19.748   919   919 D AALLightSensor: newLux = 56, [53, 52] -> 56
07-26 19:46:19.774   870   870 W bspCriticalLog: type=1400 audit(0.0:269235): avc: denied { search } for name="power_supply" dev="sysfs" ino=34704 scontext=u:r:bspCriticalLog:s0 tcontext=u:object_r:sysfs_battery_supply:s0 tclass=dir permissive=0
07-26 19:46:19.778   870   870 I chatty  : uid=1000(system) /system/bin/bspCriticalLog identical 1 line
